<?xml version="1.0" encoding="ISO-8859-1" ?>
<link_info>
   <banner>TI ARM Linker PC v20.2.7.LTS</banner>
   <copyright>Copyright (c) 1996-2018 Texas Instruments Incorporated</copyright>
   <link_time>0x683cf4e8</link_time>
   <link_errors>0x0</link_errors>
   <output_file>aws-rest-api-ssl-demo.out</output_file>
   <entry_point>
      <name>_c_int00_noargs</name>
      <address>0x20010589</address>
   </entry_point>
   <input_file_list>
      <input_file id="fl-2">
         <path>.\</path>
         <kind>object</kind>
         <file>Adafruit_GFX.obj</file>
         <name>Adafruit_GFX.obj</name>
      </input_file>
      <input_file id="fl-3">
         <path>.\</path>
         <kind>object</kind>
         <file>Adafruit_OLED.obj</file>
         <name>Adafruit_OLED.obj</name>
      </input_file>
      <input_file id="fl-4">
         <path>.\</path>
         <kind>object</kind>
         <file>gpio.obj</file>
         <name>gpio.obj</name>
      </input_file>
      <input_file id="fl-5">
         <path>.\</path>
         <kind>object</kind>
         <file>gpio_if.obj</file>
         <name>gpio_if.obj</name>
      </input_file>
      <input_file id="fl-6">
         <path>.\</path>
         <kind>object</kind>
         <file>i2c_if.obj</file>
         <name>i2c_if.obj</name>
      </input_file>
      <input_file id="fl-7">
         <path>.\</path>
         <kind>object</kind>
         <file>main.obj</file>
         <name>main.obj</name>
      </input_file>
      <input_file id="fl-8">
         <path>.\</path>
         <kind>object</kind>
         <file>network_common.obj</file>
         <name>network_common.obj</name>
      </input_file>
      <input_file id="fl-9">
         <path>.\</path>
         <kind>object</kind>
         <file>oled_test.obj</file>
         <name>oled_test.obj</name>
      </input_file>
      <input_file id="fl-a">
         <path>.\</path>
         <kind>object</kind>
         <file>pinmux.obj</file>
         <name>pinmux.obj</name>
      </input_file>
      <input_file id="fl-b">
         <path>.\</path>
         <kind>object</kind>
         <file>startup_ccs.obj</file>
         <name>startup_ccs.obj</name>
      </input_file>
      <input_file id="fl-c">
         <path>.\</path>
         <kind>object</kind>
         <file>systick_if.obj</file>
         <name>systick_if.obj</name>
      </input_file>
      <input_file id="fl-d">
         <path>.\</path>
         <kind>object</kind>
         <file>timer_if.obj</file>
         <name>timer_if.obj</name>
      </input_file>
      <input_file id="fl-e">
         <path>.\</path>
         <kind>object</kind>
         <file>uart_if.obj</file>
         <name>uart_if.obj</name>
      </input_file>
      <input_file id="fl-f">
         <path>.\utils\</path>
         <kind>object</kind>
         <file>network_utils.obj</file>
         <name>network_utils.obj</name>
      </input_file>
      <input_file id="fl-15">
         <kind>object</kind>
         <file>&lt;internal&gt;</file>
         <name>&lt;internal&gt;</name>
      </input_file>
      <input_file id="fl-cb">
         <path>C:\Users\standard\ti\ccs1250\ccs\tools\compiler\ti-cgt-arm_20.2.7.LTS\lib\</path>
         <kind>archive</kind>
         <file>rtsv7M4_T_le_eabi.lib</file>
         <name>sprintf.c.obj</name>
      </input_file>
      <input_file id="fl-cc">
         <path>C:\Users\standard\ti\ccs1250\ccs\tools\compiler\ti-cgt-arm_20.2.7.LTS\lib\</path>
         <kind>archive</kind>
         <file>rtsv7M4_T_le_eabi.lib</file>
         <name>vsnprintf.c.obj</name>
      </input_file>
      <input_file id="fl-cd">
         <path>C:\Users\standard\ti\ccs1250\ccs\tools\compiler\ti-cgt-arm_20.2.7.LTS\lib\</path>
         <kind>archive</kind>
         <file>rtsv7M4_T_le_eabi.lib</file>
         <name>memcpy_t2.asm.obj</name>
      </input_file>
      <input_file id="fl-ce">
         <path>C:\Users\standard\ti\ccs1250\ccs\tools\compiler\ti-cgt-arm_20.2.7.LTS\lib\</path>
         <kind>archive</kind>
         <file>rtsv7M4_T_le_eabi.lib</file>
         <name>memset_t2.asm.obj</name>
      </input_file>
      <input_file id="fl-cf">
         <path>C:\Users\standard\ti\ccs1250\ccs\tools\compiler\ti-cgt-arm_20.2.7.LTS\lib\</path>
         <kind>archive</kind>
         <file>rtsv7M4_T_le_eabi.lib</file>
         <name>copy_zero_init.c.obj</name>
      </input_file>
      <input_file id="fl-d0">
         <path>C:\Users\standard\ti\ccs1250\ccs\tools\compiler\ti-cgt-arm_20.2.7.LTS\lib\</path>
         <kind>archive</kind>
         <file>rtsv7M4_T_le_eabi.lib</file>
         <name>copy_decompress_none.c.obj</name>
      </input_file>
      <input_file id="fl-d1">
         <path>C:\Users\standard\ti\ccs1250\ccs\tools\compiler\ti-cgt-arm_20.2.7.LTS\lib\</path>
         <kind>archive</kind>
         <file>rtsv7M4_T_le_eabi.lib</file>
         <name>copy_decompress_lzss.c.obj</name>
      </input_file>
      <input_file id="fl-d2">
         <path>C:\Users\standard\ti\ccs1250\ccs\tools\compiler\ti-cgt-arm_20.2.7.LTS\lib\</path>
         <kind>archive</kind>
         <file>rtsv7M4_T_le_eabi.lib</file>
         <name>memmov.c.obj</name>
      </input_file>
      <input_file id="fl-d3">
         <path>C:\Users\standard\ti\ccs1250\ccs\tools\compiler\ti-cgt-arm_20.2.7.LTS\lib\</path>
         <kind>archive</kind>
         <file>rtsv7M4_T_le_eabi.lib</file>
         <name>memory.c.obj</name>
      </input_file>
      <input_file id="fl-d4">
         <path>C:\Users\standard\ti\ccs1250\ccs\tools\compiler\ti-cgt-arm_20.2.7.LTS\lib\</path>
         <kind>archive</kind>
         <file>rtsv7M4_T_le_eabi.lib</file>
         <name>rand.c.obj</name>
      </input_file>
      <input_file id="fl-d5">
         <path>C:\Users\standard\ti\ccs1250\ccs\tools\compiler\ti-cgt-arm_20.2.7.LTS\lib\</path>
         <kind>archive</kind>
         <file>rtsv7M4_T_le_eabi.lib</file>
         <name>strcat.c.obj</name>
      </input_file>
      <input_file id="fl-d6">
         <path>C:\Users\standard\ti\ccs1250\ccs\tools\compiler\ti-cgt-arm_20.2.7.LTS\lib\</path>
         <kind>archive</kind>
         <file>rtsv7M4_T_le_eabi.lib</file>
         <name>strcmp.c.obj</name>
      </input_file>
      <input_file id="fl-d7">
         <path>C:\Users\standard\ti\ccs1250\ccs\tools\compiler\ti-cgt-arm_20.2.7.LTS\lib\</path>
         <kind>archive</kind>
         <file>rtsv7M4_T_le_eabi.lib</file>
         <name>strcpy.c.obj</name>
      </input_file>
      <input_file id="fl-d8">
         <path>C:\Users\standard\ti\ccs1250\ccs\tools\compiler\ti-cgt-arm_20.2.7.LTS\lib\</path>
         <kind>archive</kind>
         <file>rtsv7M4_T_le_eabi.lib</file>
         <name>strlen.c.obj</name>
      </input_file>
      <input_file id="fl-d9">
         <path>C:\Users\standard\ti\ccs1250\ccs\tools\compiler\ti-cgt-arm_20.2.7.LTS\lib\</path>
         <kind>archive</kind>
         <file>rtsv7M4_T_le_eabi.lib</file>
         <name>strncat.c.obj</name>
      </input_file>
      <input_file id="fl-da">
         <path>C:\Users\standard\ti\ccs1250\ccs\tools\compiler\ti-cgt-arm_20.2.7.LTS\lib\</path>
         <kind>archive</kind>
         <file>rtsv7M4_T_le_eabi.lib</file>
         <name>strtok.c.obj</name>
      </input_file>
      <input_file id="fl-db">
         <path>C:\Users\standard\ti\ccs1250\ccs\tools\compiler\ti-cgt-arm_20.2.7.LTS\lib\</path>
         <kind>archive</kind>
         <file>rtsv7M4_T_le_eabi.lib</file>
         <name>strtol.c.obj</name>
      </input_file>
      <input_file id="fl-dc">
         <path>C:\Users\standard\ti\ccs1250\ccs\tools\compiler\ti-cgt-arm_20.2.7.LTS\lib\</path>
         <kind>archive</kind>
         <file>rtsv7M4_T_le_eabi.lib</file>
         <name>strtoul.c.obj</name>
      </input_file>
      <input_file id="fl-dd">
         <path>C:\Users\standard\ti\ccs1250\ccs\tools\compiler\ti-cgt-arm_20.2.7.LTS\lib\</path>
         <kind>archive</kind>
         <file>rtsv7M4_T_le_eabi.lib</file>
         <name>boot_cortex_m.c.obj</name>
      </input_file>
      <input_file id="fl-de">
         <path>C:\Users\standard\ti\ccs1250\ccs\tools\compiler\ti-cgt-arm_20.2.7.LTS\lib\</path>
         <kind>archive</kind>
         <file>rtsv7M4_T_le_eabi.lib</file>
         <name>errno.c.obj</name>
      </input_file>
      <input_file id="fl-df">
         <path>C:\Users\standard\ti\ccs1250\ccs\tools\compiler\ti-cgt-arm_20.2.7.LTS\lib\</path>
         <kind>archive</kind>
         <file>rtsv7M4_T_le_eabi.lib</file>
         <name>_printfi.c.obj</name>
      </input_file>
      <input_file id="fl-e0">
         <path>C:\Users\standard\ti\ccs1250\ccs\tools\compiler\ti-cgt-arm_20.2.7.LTS\lib\</path>
         <kind>archive</kind>
         <file>rtsv7M4_T_le_eabi.lib</file>
         <name>fd_add_t2.asm.obj</name>
      </input_file>
      <input_file id="fl-e1">
         <path>C:\Users\standard\ti\ccs1250\ccs\tools\compiler\ti-cgt-arm_20.2.7.LTS\lib\</path>
         <kind>archive</kind>
         <file>rtsv7M4_T_le_eabi.lib</file>
         <name>fd_cmp_t2.asm.obj</name>
      </input_file>
      <input_file id="fl-e2">
         <path>C:\Users\standard\ti\ccs1250\ccs\tools\compiler\ti-cgt-arm_20.2.7.LTS\lib\</path>
         <kind>archive</kind>
         <file>rtsv7M4_T_le_eabi.lib</file>
         <name>fd_div_t2.asm.obj</name>
      </input_file>
      <input_file id="fl-e3">
         <path>C:\Users\standard\ti\ccs1250\ccs\tools\compiler\ti-cgt-arm_20.2.7.LTS\lib\</path>
         <kind>archive</kind>
         <file>rtsv7M4_T_le_eabi.lib</file>
         <name>fd_mul_t2.asm.obj</name>
      </input_file>
      <input_file id="fl-e4">
         <path>C:\Users\standard\ti\ccs1250\ccs\tools\compiler\ti-cgt-arm_20.2.7.LTS\lib\</path>
         <kind>archive</kind>
         <file>rtsv7M4_T_le_eabi.lib</file>
         <name>fd_toi_t2.asm.obj</name>
      </input_file>
      <input_file id="fl-e5">
         <path>C:\Users\standard\ti\ccs1250\ccs\tools\compiler\ti-cgt-arm_20.2.7.LTS\lib\</path>
         <kind>archive</kind>
         <file>rtsv7M4_T_le_eabi.lib</file>
         <name>i_tofd_t2.asm.obj</name>
      </input_file>
      <input_file id="fl-e6">
         <path>C:\Users\standard\ti\ccs1250\ccs\tools\compiler\ti-cgt-arm_20.2.7.LTS\lib\</path>
         <kind>archive</kind>
         <file>rtsv7M4_T_le_eabi.lib</file>
         <name>ull_div_t2.asm.obj</name>
      </input_file>
      <input_file id="fl-e7">
         <path>C:\Users\standard\ti\ccs1250\ccs\tools\compiler\ti-cgt-arm_20.2.7.LTS\lib\</path>
         <kind>archive</kind>
         <file>rtsv7M4_T_le_eabi.lib</file>
         <name>autoinit.c.obj</name>
      </input_file>
      <input_file id="fl-e8">
         <path>C:\Users\standard\ti\ccs1250\ccs\tools\compiler\ti-cgt-arm_20.2.7.LTS\lib\</path>
         <kind>archive</kind>
         <file>rtsv7M4_T_le_eabi.lib</file>
         <name>pre_init.c.obj</name>
      </input_file>
      <input_file id="fl-e9">
         <path>C:\Users\standard\ti\ccs1250\ccs\tools\compiler\ti-cgt-arm_20.2.7.LTS\lib\</path>
         <kind>archive</kind>
         <file>rtsv7M4_T_le_eabi.lib</file>
         <name>cpy_tbl.c.obj</name>
      </input_file>
      <input_file id="fl-ea">
         <path>C:\Users\standard\ti\ccs1250\ccs\tools\compiler\ti-cgt-arm_20.2.7.LTS\lib\</path>
         <kind>archive</kind>
         <file>rtsv7M4_T_le_eabi.lib</file>
         <name>exit.c.obj</name>
      </input_file>
      <input_file id="fl-eb">
         <path>C:\Users\standard\ti\ccs1250\ccs\tools\compiler\ti-cgt-arm_20.2.7.LTS\lib\</path>
         <kind>archive</kind>
         <file>rtsv7M4_T_le_eabi.lib</file>
         <name>_lock.c.obj</name>
      </input_file>
      <input_file id="fl-ec">
         <path>C:\Users\standard\ti\ccs1250\ccs\tools\compiler\ti-cgt-arm_20.2.7.LTS\lib\</path>
         <kind>archive</kind>
         <file>rtsv7M4_T_le_eabi.lib</file>
         <name>_ltoa.c.obj</name>
      </input_file>
      <input_file id="fl-ed">
         <path>C:\Users\standard\ti\ccs1250\ccs\tools\compiler\ti-cgt-arm_20.2.7.LTS\lib\</path>
         <kind>archive</kind>
         <file>rtsv7M4_T_le_eabi.lib</file>
         <name>args_main.c.obj</name>
      </input_file>
      <input_file id="fl-ee">
         <path>C:\Users\standard\ti\ccs1250\ccs\tools\compiler\ti-cgt-arm_20.2.7.LTS\lib\</path>
         <kind>archive</kind>
         <file>rtsv7M4_T_le_eabi.lib</file>
         <name>atoi.c.obj</name>
      </input_file>
      <input_file id="fl-ef">
         <path>C:\Users\standard\ti\ccs1250\ccs\tools\compiler\ti-cgt-arm_20.2.7.LTS\lib\</path>
         <kind>archive</kind>
         <file>rtsv7M4_T_le_eabi.lib</file>
         <name>ctype.c.obj</name>
      </input_file>
      <input_file id="fl-f0">
         <path>C:\Users\standard\ti\ccs1250\ccs\tools\compiler\ti-cgt-arm_20.2.7.LTS\lib\</path>
         <kind>archive</kind>
         <file>rtsv7M4_T_le_eabi.lib</file>
         <name>memccpy.c.obj</name>
      </input_file>
      <input_file id="fl-f1">
         <path>C:\Users\standard\ti\ccs1250\ccs\tools\compiler\ti-cgt-arm_20.2.7.LTS\lib\</path>
         <kind>archive</kind>
         <file>rtsv7M4_T_le_eabi.lib</file>
         <name>strchr.c.obj</name>
      </input_file>
      <input_file id="fl-f2">
         <path>C:\Users\standard\ti\ccs1250\ccs\tools\compiler\ti-cgt-arm_20.2.7.LTS\lib\</path>
         <kind>archive</kind>
         <file>rtsv7M4_T_le_eabi.lib</file>
         <name>strcspn.c.obj</name>
      </input_file>
      <input_file id="fl-f3">
         <path>C:\Users\standard\ti\ccs1250\ccs\tools\compiler\ti-cgt-arm_20.2.7.LTS\lib\</path>
         <kind>archive</kind>
         <file>rtsv7M4_T_le_eabi.lib</file>
         <name>strspn.c.obj</name>
      </input_file>
      <input_file id="fl-f4">
         <path>C:\Users\standard\ti\ccs1250\ccs\tools\compiler\ti-cgt-arm_20.2.7.LTS\lib\</path>
         <kind>archive</kind>
         <file>rtsv7M4_T_le_eabi.lib</file>
         <name>wcslen.c.obj</name>
      </input_file>
      <input_file id="fl-f5">
         <path>C:\Users\standard\ti\ccs1250\ccs\tools\compiler\ti-cgt-arm_20.2.7.LTS\lib\</path>
         <kind>archive</kind>
         <file>rtsv7M4_T_le_eabi.lib</file>
         <name>s_frexp.c.obj</name>
      </input_file>
      <input_file id="fl-f6">
         <path>C:\Users\standard\ti\ccs1250\ccs\tools\compiler\ti-cgt-arm_20.2.7.LTS\lib\</path>
         <kind>archive</kind>
         <file>rtsv7M4_T_le_eabi.lib</file>
         <name>s_scalbn.c.obj</name>
      </input_file>
      <input_file id="fl-f7">
         <path>C:\Users\standard\ti\ccs1250\ccs\tools\compiler\ti-cgt-arm_20.2.7.LTS\lib\</path>
         <kind>archive</kind>
         <file>rtsv7M4_T_le_eabi.lib</file>
         <name>div0.asm.obj</name>
      </input_file>
      <input_file id="fl-f8">
         <path>C:\Users\standard\ti\ccs1250\ccs\tools\compiler\ti-cgt-arm_20.2.7.LTS\lib\</path>
         <kind>archive</kind>
         <file>rtsv7M4_T_le_eabi.lib</file>
         <name>s_copysign.c.obj</name>
      </input_file>
      <input_file id="fl-f9">
         <path>C:\Users\standard\ti\ccs1250\cc3200-sdk\driverlib\ccs\Release\</path>
         <kind>archive</kind>
         <file>driverlib.a</file>
         <name>i2c.obj</name>
      </input_file>
      <input_file id="fl-fa">
         <path>C:\Users\standard\ti\ccs1250\cc3200-sdk\driverlib\ccs\Release\</path>
         <kind>archive</kind>
         <file>driverlib.a</file>
         <name>interrupt.obj</name>
      </input_file>
      <input_file id="fl-fb">
         <path>C:\Users\standard\ti\ccs1250\cc3200-sdk\driverlib\ccs\Release\</path>
         <kind>archive</kind>
         <file>driverlib.a</file>
         <name>pin.obj</name>
      </input_file>
      <input_file id="fl-fc">
         <path>C:\Users\standard\ti\ccs1250\cc3200-sdk\driverlib\ccs\Release\</path>
         <kind>archive</kind>
         <file>driverlib.a</file>
         <name>prcm.obj</name>
      </input_file>
      <input_file id="fl-fd">
         <path>C:\Users\standard\ti\ccs1250\cc3200-sdk\driverlib\ccs\Release\</path>
         <kind>archive</kind>
         <file>driverlib.a</file>
         <name>spi.obj</name>
      </input_file>
      <input_file id="fl-fe">
         <path>C:\Users\standard\ti\ccs1250\cc3200-sdk\driverlib\ccs\Release\</path>
         <kind>archive</kind>
         <file>driverlib.a</file>
         <name>systick.obj</name>
      </input_file>
      <input_file id="fl-ff">
         <path>C:\Users\standard\ti\ccs1250\cc3200-sdk\driverlib\ccs\Release\</path>
         <kind>archive</kind>
         <file>driverlib.a</file>
         <name>timer.obj</name>
      </input_file>
      <input_file id="fl-100">
         <path>C:\Users\standard\ti\ccs1250\cc3200-sdk\driverlib\ccs\Release\</path>
         <kind>archive</kind>
         <file>driverlib.a</file>
         <name>uart.obj</name>
      </input_file>
      <input_file id="fl-101">
         <path>C:\Users\standard\ti\ccs1250\cc3200-sdk\driverlib\ccs\Release\</path>
         <kind>archive</kind>
         <file>driverlib.a</file>
         <name>utils.obj</name>
      </input_file>
      <input_file id="fl-102">
         <path>C:\Users\standard\ti\ccs1250\cc3200-sdk\driverlib\ccs\Release\</path>
         <kind>archive</kind>
         <file>driverlib.a</file>
         <name>cpu.obj</name>
      </input_file>
      <input_file id="fl-103">
         <path>C:\Users\standard\ti\ccs1250\cc3200-sdk\driverlib\ccs\Release\</path>
         <kind>archive</kind>
         <file>driverlib.a</file>
         <name>flash.obj</name>
      </input_file>
      <input_file id="fl-104">
         <path>C:\Users\standard\ti\ccs1250\cc3200-sdk\simplelink\ccs\NON_OS\</path>
         <kind>archive</kind>
         <file>simplelink.a</file>
         <name>device.obj</name>
      </input_file>
      <input_file id="fl-105">
         <path>C:\Users\standard\ti\ccs1250\cc3200-sdk\simplelink\ccs\NON_OS\</path>
         <kind>archive</kind>
         <file>simplelink.a</file>
         <name>driver.obj</name>
      </input_file>
      <input_file id="fl-106">
         <path>C:\Users\standard\ti\ccs1250\cc3200-sdk\simplelink\ccs\NON_OS\</path>
         <kind>archive</kind>
         <file>simplelink.a</file>
         <name>netapp.obj</name>
      </input_file>
      <input_file id="fl-107">
         <path>C:\Users\standard\ti\ccs1250\cc3200-sdk\simplelink\ccs\NON_OS\</path>
         <kind>archive</kind>
         <file>simplelink.a</file>
         <name>netcfg.obj</name>
      </input_file>
      <input_file id="fl-108">
         <path>C:\Users\standard\ti\ccs1250\cc3200-sdk\simplelink\ccs\NON_OS\</path>
         <kind>archive</kind>
         <file>simplelink.a</file>
         <name>nonos.obj</name>
      </input_file>
      <input_file id="fl-109">
         <path>C:\Users\standard\ti\ccs1250\cc3200-sdk\simplelink\ccs\NON_OS\</path>
         <kind>archive</kind>
         <file>simplelink.a</file>
         <name>socket.obj</name>
      </input_file>
      <input_file id="fl-10a">
         <path>C:\Users\standard\ti\ccs1250\cc3200-sdk\simplelink\ccs\NON_OS\</path>
         <kind>archive</kind>
         <file>simplelink.a</file>
         <name>wlan.obj</name>
      </input_file>
      <input_file id="fl-10b">
         <path>C:\Users\standard\ti\ccs1250\cc3200-sdk\simplelink\ccs\NON_OS\</path>
         <kind>archive</kind>
         <file>simplelink.a</file>
         <name>cc_pal.obj</name>
      </input_file>
      <input_file id="fl-10c">
         <path>C:\Users\standard\ti\ccs1250\cc3200-sdk\driverlib\ccs\Release\</path>
         <kind>archive</kind>
         <file>driverlib.a</file>
         <name>udma.obj</name>
      </input_file>
   </input_file_list>
   <object_component_list>
      <object_component id="oc-12">
         <name>.intvecs</name>
         <load_address>0x20004000</load_address>
         <run_address>0x20004000</run_address>
         <size>0x400</size>
         <input_file_ref idref="fl-b"/>
      </object_component>
      <object_component id="oc-97">
         <name>.text</name>
         <load_address>0x20004400</load_address>
         <run_address>0x20004400</run_address>
         <size>0x21e4</size>
         <input_file_ref idref="fl-7"/>
      </object_component>
      <object_component id="oc-204">
         <name>.text</name>
         <load_address>0x200065e4</load_address>
         <run_address>0x200065e4</run_address>
         <size>0xecc</size>
         <input_file_ref idref="fl-f"/>
      </object_component>
      <object_component id="oc-1bf">
         <name>.text</name>
         <load_address>0x200074b0</load_address>
         <run_address>0x200074b0</run_address>
         <size>0xb84</size>
         <input_file_ref idref="fl-2"/>
      </object_component>
      <object_component id="oc-477">
         <name>.text:__TI_printfi</name>
         <load_address>0x20008034</load_address>
         <run_address>0x20008034</run_address>
         <size>0xa4e</size>
         <input_file_ref idref="fl-df"/>
      </object_component>
      <object_component id="oc-623">
         <name>.text:IntDefaultHandler</name>
         <load_address>0x20008a82</load_address>
         <run_address>0x20008a82</run_address>
         <size>0x2</size>
         <input_file_ref idref="fl-fa"/>
      </object_component>
      <object_component id="oc-843">
         <name>.text:_SlDrvMsgRead</name>
         <load_address>0x20008a84</load_address>
         <run_address>0x20008a84</run_address>
         <size>0x590</size>
         <input_file_ref idref="fl-105"/>
      </object_component>
      <object_component id="oc-15e">
         <name>.text</name>
         <load_address>0x20009014</load_address>
         <run_address>0x20009014</run_address>
         <size>0x49e</size>
         <input_file_ref idref="fl-3"/>
      </object_component>
      <object_component id="oc-688">
         <name>.text:_nop</name>
         <load_address>0x200094b2</load_address>
         <run_address>0x200094b2</run_address>
         <size>0x2</size>
         <input_file_ref idref="fl-eb"/>
      </object_component>
      <object_component id="oc-4ef">
         <name>.text</name>
         <load_address>0x200094b4</load_address>
         <run_address>0x200094b4</run_address>
         <size>0x398</size>
         <input_file_ref idref="fl-5"/>
      </object_component>
      <object_component id="oc-137">
         <name>.text</name>
         <load_address>0x2000984c</load_address>
         <run_address>0x2000984c</run_address>
         <size>0x334</size>
         <input_file_ref idref="fl-4"/>
      </object_component>
      <object_component id="oc-d1">
         <name>.text</name>
         <load_address>0x20009b80</load_address>
         <run_address>0x20009b80</run_address>
         <size>0x2a0</size>
         <input_file_ref idref="fl-6"/>
      </object_component>
      <object_component id="oc-4e9">
         <name>.text:sl_WlanConnect</name>
         <load_address>0x20009e20</load_address>
         <run_address>0x20009e20</run_address>
         <size>0x280</size>
         <input_file_ref idref="fl-10a"/>
      </object_component>
      <object_component id="oc-d7">
         <name>.text</name>
         <load_address>0x2000a0a0</load_address>
         <run_address>0x2000a0a0</run_address>
         <size>0x27c</size>
         <input_file_ref idref="fl-e"/>
      </object_component>
      <object_component id="oc-107">
         <name>.text</name>
         <load_address>0x2000a31c</load_address>
         <run_address>0x2000a31c</run_address>
         <size>0x270</size>
         <input_file_ref idref="fl-c"/>
      </object_component>
      <object_component id="oc-6b7">
         <name>.text:_pconv_a</name>
         <load_address>0x2000a58c</load_address>
         <run_address>0x2000a58c</run_address>
         <size>0x268</size>
         <input_file_ref idref="fl-df"/>
      </object_component>
      <object_component id="oc-991">
         <name>.text:_SlDrvRxHdrRead</name>
         <load_address>0x2000a7f4</load_address>
         <run_address>0x2000a7f4</run_address>
         <size>0x248</size>
         <input_file_ref idref="fl-105"/>
      </object_component>
      <object_component id="oc-571">
         <name>.text:_SlDrvDataReadOp</name>
         <load_address>0x2000aa3c</load_address>
         <run_address>0x2000aa3c</run_address>
         <size>0x1e4</size>
         <input_file_ref idref="fl-105"/>
      </object_component>
      <object_component id="oc-52a">
         <name>.text:_SlDrvReleasePoolObj</name>
         <load_address>0x2000ac20</load_address>
         <run_address>0x2000ac20</run_address>
         <size>0x1d0</size>
         <input_file_ref idref="fl-105"/>
      </object_component>
      <object_component id="oc-6a5">
         <name>.text:_pconv_g</name>
         <load_address>0x2000adf0</load_address>
         <run_address>0x2000adf0</run_address>
         <size>0x1cc</size>
         <input_file_ref idref="fl-df"/>
      </object_component>
      <object_component id="oc-88d">
         <name>.text</name>
         <load_address>0x2000afbc</load_address>
         <run_address>0x2000afbc</run_address>
         <size>0x1b6</size>
         <input_file_ref idref="fl-e0"/>
      </object_component>
      <object_component id="oc-9b5">
         <name>.text</name>
         <load_address>0x2000b172</load_address>
         <run_address>0x2000b172</run_address>
         <size>0x2</size>
         <input_file_ref idref="fl-f7"/>
      </object_component>
      <object_component id="oc-6e1">
         <name>.text:_SlDrvDriverCBInit</name>
         <load_address>0x2000b174</load_address>
         <run_address>0x2000b174</run_address>
         <size>0x1b4</size>
         <input_file_ref idref="fl-105"/>
      </object_component>
      <object_component id="oc-64d">
         <name>.text:_SlDrvMsgWrite</name>
         <load_address>0x2000b328</load_address>
         <run_address>0x2000b328</run_address>
         <size>0x19c</size>
         <input_file_ref idref="fl-105"/>
      </object_component>
      <object_component id="oc-131">
         <name>.text</name>
         <load_address>0x2000b4c4</load_address>
         <run_address>0x2000b4c4</run_address>
         <size>0x198</size>
         <input_file_ref idref="fl-d"/>
      </object_component>
      <object_component id="oc-752">
         <name>.text:_SlDrvWaitForPoolObj</name>
         <load_address>0x2000b65c</load_address>
         <run_address>0x2000b65c</run_address>
         <size>0x190</size>
         <input_file_ref idref="fl-105"/>
      </object_component>
      <object_component id="oc-517">
         <name>.text:sl_Connect</name>
         <load_address>0x2000b7ec</load_address>
         <run_address>0x2000b7ec</run_address>
         <size>0x18c</size>
         <input_file_ref idref="fl-109"/>
      </object_component>
      <object_component id="oc-12b">
         <name>.text:PRCMCC3200MCUInit</name>
         <load_address>0x2000b978</load_address>
         <run_address>0x2000b978</run_address>
         <size>0x178</size>
         <input_file_ref idref="fl-fc"/>
      </object_component>
      <object_component id="oc-9a3">
         <name>.text:_SlFindAndSetActiveObj</name>
         <load_address>0x2000baf0</load_address>
         <run_address>0x2000baf0</run_address>
         <size>0x170</size>
         <input_file_ref idref="fl-105"/>
      </object_component>
      <object_component id="oc-55d">
         <name>.text:_SlDrvDataWriteOp</name>
         <load_address>0x2000bc60</load_address>
         <run_address>0x2000bc60</run_address>
         <size>0x150</size>
         <input_file_ref idref="fl-105"/>
      </object_component>
      <object_component id="oc-6e7">
         <name>.text:spi_Open</name>
         <load_address>0x2000bdb0</load_address>
         <run_address>0x2000bdb0</run_address>
         <size>0x148</size>
         <input_file_ref idref="fl-10b"/>
      </object_component>
      <object_component id="oc-653">
         <name>.text:_SlDrvMsgReadCmdCtx</name>
         <load_address>0x2000bef8</load_address>
         <run_address>0x2000bef8</run_address>
         <size>0x144</size>
         <input_file_ref idref="fl-105"/>
      </object_component>
      <object_component id="oc-4f9">
         <name>.text:sl_NetAppDnsGetHostByName</name>
         <load_address>0x2000c03c</load_address>
         <run_address>0x2000c03c</run_address>
         <size>0x144</size>
         <input_file_ref idref="fl-106"/>
      </object_component>
      <object_component id="oc-6b1">
         <name>.text:_pconv_e</name>
         <load_address>0x2000c180</load_address>
         <run_address>0x2000c180</run_address>
         <size>0x13c</size>
         <input_file_ref idref="fl-df"/>
      </object_component>
      <object_component id="oc-873">
         <name>.text</name>
         <load_address>0x2000c2bc</load_address>
         <run_address>0x2000c2bc</run_address>
         <size>0x136</size>
         <input_file_ref idref="fl-e2"/>
      </object_component>
      <object_component id="oc-212">
         <name>.text:sl_Send</name>
         <load_address>0x2000c3f4</load_address>
         <run_address>0x2000c3f4</run_address>
         <size>0x134</size>
         <input_file_ref idref="fl-109"/>
      </object_component>
      <object_component id="oc-548">
         <name>.text:_SlDrvDriverCBDeinit</name>
         <load_address>0x2000c528</load_address>
         <run_address>0x2000c528</run_address>
         <size>0x130</size>
         <input_file_ref idref="fl-105"/>
      </object_component>
      <object_component id="oc-13d">
         <name>.text:strtol</name>
         <load_address>0x2000c658</load_address>
         <run_address>0x2000c658</run_address>
         <size>0x130</size>
         <input_file_ref idref="fl-db"/>
      </object_component>
      <object_component id="oc-89f">
         <name>.text:fcvt</name>
         <load_address>0x2000c788</load_address>
         <run_address>0x2000c788</run_address>
         <size>0x120</size>
         <input_file_ref idref="fl-df"/>
      </object_component>
      <object_component id="oc-cb">
         <name>.text:strtoul</name>
         <load_address>0x2000c8a8</load_address>
         <run_address>0x2000c8a8</run_address>
         <size>0x110</size>
         <input_file_ref idref="fl-dc"/>
      </object_component>
      <object_component id="oc-1a1">
         <name>.text</name>
         <load_address>0x2000c9b8</load_address>
         <run_address>0x2000c9b8</run_address>
         <size>0x108</size>
         <input_file_ref idref="fl-a"/>
      </object_component>
      <object_component id="oc-a35">
         <name>.text:_SlDrvNetAppEventHandler</name>
         <load_address>0x2000cac0</load_address>
         <run_address>0x2000cac0</run_address>
         <size>0x104</size>
         <input_file_ref idref="fl-106"/>
      </object_component>
      <object_component id="oc-5df">
         <name>.text:aligned_alloc</name>
         <load_address>0x2000cbc4</load_address>
         <run_address>0x2000cbc4</run_address>
         <size>0x100</size>
         <input_file_ref idref="fl-d3"/>
      </object_component>
      <object_component id="oc-86e">
         <name>.text</name>
         <load_address>0x2000ccc4</load_address>
         <run_address>0x2000ccc4</run_address>
         <size>0xfc</size>
         <input_file_ref idref="fl-e3"/>
      </object_component>
      <object_component id="oc-20a">
         <name>.text:sl_Stop</name>
         <load_address>0x2000cdc0</load_address>
         <run_address>0x2000cdc0</run_address>
         <size>0xf0</size>
         <input_file_ref idref="fl-104"/>
      </object_component>
      <object_component id="oc-99d">
         <name>.text:spi_Read</name>
         <load_address>0x2000ceb0</load_address>
         <run_address>0x2000ceb0</run_address>
         <size>0xf0</size>
         <input_file_ref idref="fl-10b"/>
      </object_component>
      <object_component id="oc-a82">
         <name>.text:uDMAChannelTransferSet</name>
         <load_address>0x2000cfa0</load_address>
         <run_address>0x2000cfa0</run_address>
         <size>0xf0</size>
         <input_file_ref idref="fl-10c"/>
      </object_component>
      <object_component id="oc-4a0">
         <name>.text:sl_Start</name>
         <load_address>0x2000d090</load_address>
         <run_address>0x2000d090</run_address>
         <size>0xec</size>
         <input_file_ref idref="fl-104"/>
      </object_component>
      <object_component id="oc-849">
         <name>.text:_SlAsyncEventGenericHandler</name>
         <load_address>0x2000d17c</load_address>
         <run_address>0x2000d17c</run_address>
         <size>0xe8</size>
         <input_file_ref idref="fl-105"/>
      </object_component>
      <object_component id="oc-856">
         <name>.text:_SlDrvMsgReadSpawnCtx</name>
         <load_address>0x2000d264</load_address>
         <run_address>0x2000d264</run_address>
         <size>0xe8</size>
         <input_file_ref idref="fl-105"/>
      </object_component>
      <object_component id="oc-302">
         <name>.text:free</name>
         <load_address>0x2000d34c</load_address>
         <run_address>0x2000d34c</run_address>
         <size>0xe4</size>
         <input_file_ref idref="fl-d3"/>
      </object_component>
      <object_component id="oc-2fc">
         <name>.text:realloc</name>
         <load_address>0x2000d430</load_address>
         <run_address>0x2000d430</run_address>
         <size>0xe4</size>
         <input_file_ref idref="fl-d3"/>
      </object_component>
      <object_component id="oc-730">
         <name>.text:sl_NetAppMDNSRegisterUnregisterService</name>
         <load_address>0x2000d514</load_address>
         <run_address>0x2000d514</run_address>
         <size>0xe4</size>
         <input_file_ref idref="fl-106"/>
      </object_component>
      <object_component id="oc-997">
         <name>.text:_SlDrvClassifyRxMsg</name>
         <load_address>0x2000d5f8</load_address>
         <run_address>0x2000d5f8</run_address>
         <size>0xdc</size>
         <input_file_ref idref="fl-105"/>
      </object_component>
      <object_component id="oc-8b3">
         <name>.text:scalbn</name>
         <load_address>0x2000d6d4</load_address>
         <run_address>0x2000d6d4</run_address>
         <size>0xd0</size>
         <input_file_ref idref="fl-f6"/>
      </object_component>
      <object_component id="oc-aad">
         <name>.text:_sl_HandleAsync_DnsGetHostByService</name>
         <load_address>0x2000d7a4</load_address>
         <run_address>0x2000d7a4</run_address>
         <size>0xcc</size>
         <input_file_ref idref="fl-106"/>
      </object_component>
      <object_component id="oc-4b2">
         <name>.text:sl_DevGet</name>
         <load_address>0x2000d870</load_address>
         <run_address>0x2000d870</run_address>
         <size>0xcc</size>
         <input_file_ref idref="fl-104"/>
      </object_component>
      <object_component id="oc-795">
         <name>.text:_SlRemoveFromList</name>
         <load_address>0x2000d93c</load_address>
         <run_address>0x2000d93c</run_address>
         <size>0xc4</size>
         <input_file_ref idref="fl-105"/>
      </object_component>
      <object_component id="oc-40b">
         <name>.text:_SlDrvCmdOp</name>
         <load_address>0x2000da00</load_address>
         <run_address>0x2000da00</run_address>
         <size>0xc0</size>
         <input_file_ref idref="fl-105"/>
      </object_component>
      <object_component id="oc-69a">
         <name>.text:_ltostr</name>
         <load_address>0x2000dac0</load_address>
         <run_address>0x2000dac0</run_address>
         <size>0xb1</size>
         <input_file_ref idref="fl-df"/>
      </object_component>
      <object_component id="oc-788">
         <name>.text:_SlNonOsSemGet</name>
         <load_address>0x2000db74</load_address>
         <run_address>0x2000db74</run_address>
         <size>0xb0</size>
         <input_file_ref idref="fl-108"/>
      </object_component>
      <object_component id="oc-395">
         <name>.text:IntDisable</name>
         <load_address>0x2000dc24</load_address>
         <run_address>0x2000dc24</run_address>
         <size>0xa8</size>
         <input_file_ref idref="fl-fa"/>
      </object_component>
      <object_component id="oc-125">
         <name>.text:IntEnable</name>
         <load_address>0x2000dccc</load_address>
         <run_address>0x2000dccc</run_address>
         <size>0xa8</size>
         <input_file_ref idref="fl-fa"/>
      </object_component>
      <object_component id="oc-78e">
         <name>.text:_SlDriverHandleError</name>
         <load_address>0x2000dd74</load_address>
         <run_address>0x2000dd74</run_address>
         <size>0xa4</size>
         <input_file_ref idref="fl-105"/>
      </object_component>
      <object_component id="oc-1b3">
         <name>.text:SPIConfigSetExpClk</name>
         <load_address>0x2000de18</load_address>
         <run_address>0x2000de18</run_address>
         <size>0xa0</size>
         <input_file_ref idref="fl-fd"/>
      </object_component>
      <object_component id="oc-21e">
         <name>.text:sl_Recv</name>
         <load_address>0x2000deb8</load_address>
         <run_address>0x2000deb8</run_address>
         <size>0xa0</size>
         <input_file_ref idref="fl-109"/>
      </object_component>
      <object_component id="oc-3d">
         <name>.text</name>
         <load_address>0x2000df58</load_address>
         <run_address>0x2000df58</run_address>
         <size>0x9c</size>
         <input_file_ref idref="fl-cd"/>
      </object_component>
      <object_component id="oc-a93">
         <name>.text:_SlDrvDeviceEventHandler</name>
         <load_address>0x2000dff4</load_address>
         <run_address>0x2000dff4</run_address>
         <size>0x9a</size>
         <input_file_ref idref="fl-104"/>
      </object_component>
      <object_component id="oc-197">
         <name>.text:sl_DevSet</name>
         <load_address>0x2000e090</load_address>
         <run_address>0x2000e090</run_address>
         <size>0x98</size>
         <input_file_ref idref="fl-104"/>
      </object_component>
      <object_component id="oc-4ca">
         <name>.text:sl_NetCfgSet</name>
         <load_address>0x2000e128</load_address>
         <run_address>0x2000e128</run_address>
         <size>0x98</size>
         <input_file_ref idref="fl-107"/>
      </object_component>
      <object_component id="oc-511">
         <name>.text:sl_SetSockOpt</name>
         <load_address>0x2000e1c0</load_address>
         <run_address>0x2000e1c0</run_address>
         <size>0x98</size>
         <input_file_ref idref="fl-109"/>
      </object_component>
      <object_component id="oc-4d0">
         <name>.text:sl_WlanSet</name>
         <load_address>0x2000e258</load_address>
         <run_address>0x2000e258</run_address>
         <size>0x98</size>
         <input_file_ref idref="fl-10a"/>
      </object_component>
      <object_component id="oc-839">
         <name>.text:spi_Write</name>
         <load_address>0x2000e2f0</load_address>
         <run_address>0x2000e2f0</run_address>
         <size>0x98</size>
         <input_file_ref idref="fl-10b"/>
      </object_component>
      <object_component id="oc-867">
         <name>.text</name>
         <load_address>0x2000e388</load_address>
         <run_address>0x2000e388</run_address>
         <size>0x96</size>
         <input_file_ref idref="fl-e6"/>
      </object_component>
      <object_component id="oc-16d">
         <name>.text:PRCMPeripheralClockGet</name>
         <load_address>0x2000e420</load_address>
         <run_address>0x2000e420</run_address>
         <size>0x94</size>
         <input_file_ref idref="fl-fc"/>
      </object_component>
      <object_component id="oc-aa7">
         <name>.text:_sl_HandleAsync_DnsGetHostByName</name>
         <load_address>0x2000e4b4</load_address>
         <run_address>0x2000e4b4</run_address>
         <size>0x90</size>
         <input_file_ref idref="fl-106"/>
      </object_component>
      <object_component id="oc-a3b">
         <name>.text:_sl_HandleAsync_PingResponse</name>
         <load_address>0x2000e544</load_address>
         <run_address>0x2000e544</run_address>
         <size>0x90</size>
         <input_file_ref idref="fl-106"/>
      </object_component>
      <object_component id="oc-4b8">
         <name>.text:sl_WlanPolicySet</name>
         <load_address>0x2000e5d4</load_address>
         <run_address>0x2000e5d4</run_address>
         <size>0x90</size>
         <input_file_ref idref="fl-10a"/>
      </object_component>
      <object_component id="oc-a42">
         <name>.text:SetupDMAReceive</name>
         <load_address>0x2000e664</load_address>
         <run_address>0x2000e664</run_address>
         <size>0x8c</size>
         <input_file_ref idref="fl-10b"/>
      </object_component>
      <object_component id="oc-97c">
         <name>.text:SetupDMASend</name>
         <load_address>0x2000e6f0</load_address>
         <run_address>0x2000e6f0</run_address>
         <size>0x8c</size>
         <input_file_ref idref="fl-10b"/>
      </object_component>
      <object_component id="oc-943">
         <name>.text:_SlDrvIsTimeoutExpired</name>
         <load_address>0x2000e77c</load_address>
         <run_address>0x2000e77c</run_address>
         <size>0x8c</size>
         <input_file_ref idref="fl-105"/>
      </object_component>
      <object_component id="oc-aeb">
         <name>.text:_sl_HandleAsync_InitComplete</name>
         <load_address>0x2000e808</load_address>
         <run_address>0x2000e808</run_address>
         <size>0x8c</size>
         <input_file_ref idref="fl-104"/>
      </object_component>
      <object_component id="oc-50b">
         <name>.text:sl_Socket</name>
         <load_address>0x2000e894</load_address>
         <run_address>0x2000e894</run_address>
         <size>0x8c</size>
         <input_file_ref idref="fl-109"/>
      </object_component>
      <object_component id="oc-671">
         <name>.text:PinConfigSet</name>
         <load_address>0x2000e920</load_address>
         <run_address>0x2000e920</run_address>
         <size>0x88</size>
         <input_file_ref idref="fl-fb"/>
      </object_component>
      <object_component id="oc-6a0">
         <name>.text:__aeabi_cdcmple</name>
         <load_address>0x2000e9a8</load_address>
         <run_address>0x2000e9a8</run_address>
         <size>0x86</size>
         <input_file_ref idref="fl-e1"/>
      </object_component>
      <object_component id="oc-878">
         <name>.text:__aeabi_cdrcmple</name>
         <load_address>0x2000ea2e</load_address>
         <run_address>0x2000ea2e</run_address>
         <size>0x86</size>
         <input_file_ref idref="fl-e1"/>
      </object_component>
      <object_component id="oc-2d6">
         <name>.text:I2CMasterInitExpClk</name>
         <load_address>0x2000eab4</load_address>
         <run_address>0x2000eab4</run_address>
         <size>0x84</size>
         <input_file_ref idref="fl-f9"/>
      </object_component>
      <object_component id="oc-4df">
         <name>.text:sl_WlanRxFilterSet</name>
         <load_address>0x2000eb38</load_address>
         <run_address>0x2000eb38</run_address>
         <size>0x84</size>
         <input_file_ref idref="fl-10a"/>
      </object_component>
      <object_component id="oc-acf">
         <name>.text:_sl_HandleAsync_Connect</name>
         <load_address>0x2000ebbc</load_address>
         <run_address>0x2000ebbc</run_address>
         <size>0x80</size>
         <input_file_ref idref="fl-109"/>
      </object_component>
      <object_component id="oc-a48">
         <name>.text:spi_Read_CPU</name>
         <load_address>0x2000ec3c</load_address>
         <run_address>0x2000ec3c</run_address>
         <size>0x80</size>
         <input_file_ref idref="fl-10b"/>
      </object_component>
      <object_component id="oc-988">
         <name>.text:spi_Write_CPU</name>
         <load_address>0x2000ecbc</load_address>
         <run_address>0x2000ecbc</run_address>
         <size>0x80</size>
         <input_file_ref idref="fl-10b"/>
      </object_component>
      <object_component id="oc-8b">
         <name>.text</name>
         <load_address>0x2000ed3c</load_address>
         <run_address>0x2000ed3c</run_address>
         <size>0x7a</size>
         <input_file_ref idref="fl-ce"/>
      </object_component>
      <object_component id="oc-542">
         <name>.text:spi_Close</name>
         <load_address>0x2000edb8</load_address>
         <run_address>0x2000edb8</run_address>
         <size>0x78</size>
         <input_file_ref idref="fl-10b"/>
      </object_component>
      <object_component id="oc-173">
         <name>.text:UARTConfigSetExpClk</name>
         <load_address>0x2000ee30</load_address>
         <run_address>0x2000ee30</run_address>
         <size>0x76</size>
         <input_file_ref idref="fl-100"/>
      </object_component>
      <object_component id="oc-4a6">
         <name>.text:_SlNonOsMainLoopTask</name>
         <load_address>0x2000eea8</load_address>
         <run_address>0x2000eea8</run_address>
         <size>0x74</size>
         <input_file_ref idref="fl-108"/>
      </object_component>
      <object_component id="oc-375">
         <name>.text:TimerIntRegister</name>
         <load_address>0x2000ef1c</load_address>
         <run_address>0x2000ef1c</run_address>
         <size>0x70</size>
         <input_file_ref idref="fl-ff"/>
      </object_component>
      <object_component id="oc-5ec">
         <name>.text:split</name>
         <load_address>0x2000ef8c</load_address>
         <run_address>0x2000ef8c</run_address>
         <size>0x70</size>
         <input_file_ref idref="fl-d3"/>
      </object_component>
      <object_component id="oc-898">
         <name>.text:_mcpy</name>
         <load_address>0x2000effc</load_address>
         <run_address>0x2000effc</run_address>
         <size>0x6e</size>
         <input_file_ref idref="fl-df"/>
      </object_component>
      <object_component id="oc-b03">
         <name>.text:_SlDrvCmdSend</name>
         <load_address>0x2000f06c</load_address>
         <run_address>0x2000f06c</run_address>
         <size>0x6c</size>
         <input_file_ref idref="fl-105"/>
      </object_component>
      <object_component id="oc-ab9">
         <name>.text:_sl_NetAppSendTokenValue</name>
         <load_address>0x2000f0d8</load_address>
         <run_address>0x2000f0d8</run_address>
         <size>0x6c</size>
         <input_file_ref idref="fl-106"/>
      </object_component>
      <object_component id="oc-381">
         <name>.text:TimerIntUnregister</name>
         <load_address>0x2000f144</load_address>
         <run_address>0x2000f144</run_address>
         <size>0x68</size>
         <input_file_ref idref="fl-ff"/>
      </object_component>
      <object_component id="oc-15">
         <name>.text:decompress:lzss:__TI_decompress_lzss</name>
         <load_address>0x2000f1ac</load_address>
         <run_address>0x2000f1ac</run_address>
         <size>0x68</size>
         <input_file_ref idref="fl-d1"/>
      </object_component>
      <object_component id="oc-84f">
         <name>.text:_SlNonOsSpawn</name>
         <load_address>0x2000f214</load_address>
         <run_address>0x2000f214</run_address>
         <size>0x64</size>
         <input_file_ref idref="fl-108"/>
      </object_component>
      <object_component id="oc-ac9">
         <name>.text:_sl_HandleAsync_Accept</name>
         <load_address>0x2000f278</load_address>
         <run_address>0x2000f278</run_address>
         <size>0x64</size>
         <input_file_ref idref="fl-109"/>
      </object_component>
      <object_component id="oc-4d6">
         <name>.text:sl_NetAppMDNSUnRegisterService</name>
         <load_address>0x2000f2dc</load_address>
         <run_address>0x2000f2dc</run_address>
         <size>0x64</size>
         <input_file_ref idref="fl-106"/>
      </object_component>
      <object_component id="oc-9ef">
         <name>.text:uDMAChannelAttributeDisable</name>
         <load_address>0x2000f340</load_address>
         <run_address>0x2000f340</run_address>
         <size>0x64</size>
         <input_file_ref idref="fl-10c"/>
      </object_component>
      <object_component id="oc-a7c">
         <name>.text:uDMAChannelAttributeEnable</name>
         <load_address>0x2000f3a4</load_address>
         <run_address>0x2000f3a4</run_address>
         <size>0x64</size>
         <input_file_ref idref="fl-10c"/>
      </object_component>
      <object_component id="oc-218">
         <name>.text:sl_Close</name>
         <load_address>0x2000f408</load_address>
         <run_address>0x2000f408</run_address>
         <size>0x60</size>
         <input_file_ref idref="fl-109"/>
      </object_component>
      <object_component id="oc-4be">
         <name>.text:sl_WlanProfileDel</name>
         <load_address>0x2000f468</load_address>
         <run_address>0x2000f468</run_address>
         <size>0x60</size>
         <input_file_ref idref="fl-10a"/>
      </object_component>
      <object_component id="oc-4ac">
         <name>.text:sl_WlanSetMode</name>
         <load_address>0x2000f4c8</load_address>
         <run_address>0x2000f4c8</run_address>
         <size>0x60</size>
         <input_file_ref idref="fl-10a"/>
      </object_component>
      <object_component id="oc-8ad">
         <name>.text:frexp</name>
         <load_address>0x2000f528</load_address>
         <run_address>0x2000f528</run_address>
         <size>0x5c</size>
         <input_file_ref idref="fl-f5"/>
      </object_component>
      <object_component id="oc-7a2">
         <name>.text:IntPendClear</name>
         <load_address>0x2000f584</load_address>
         <run_address>0x2000f584</run_address>
         <size>0x58</size>
         <input_file_ref idref="fl-fa"/>
      </object_component>
      <object_component id="oc-2c4">
         <name>.text:PRCMPeripheralReset</name>
         <load_address>0x2000f5dc</load_address>
         <run_address>0x2000f5dc</run_address>
         <size>0x58</size>
         <input_file_ref idref="fl-fc"/>
      </object_component>
      <object_component id="oc-6ab">
         <name>.text:_pconv_f</name>
         <load_address>0x2000f634</load_address>
         <run_address>0x2000f634</run_address>
         <size>0x56</size>
         <input_file_ref idref="fl-df"/>
      </object_component>
      <object_component id="oc-e9">
         <name>.text:IntPrioritySet</name>
         <load_address>0x2000f68c</load_address>
         <run_address>0x2000f68c</run_address>
         <size>0x54</size>
         <input_file_ref idref="fl-fa"/>
      </object_component>
      <object_component id="oc-6f9">
         <name>.text:_SlDrvRxIrqHandler</name>
         <load_address>0x2000f6e0</load_address>
         <run_address>0x2000f6e0</run_address>
         <size>0x54</size>
         <input_file_ref idref="fl-105"/>
      </object_component>
      <object_component id="oc-882">
         <name>.text:__TI_ltoa</name>
         <load_address>0x2000f734</load_address>
         <run_address>0x2000f734</run_address>
         <size>0x54</size>
         <input_file_ref idref="fl-ec"/>
      </object_component>
      <object_component id="oc-ad5">
         <name>.text:_sl_HandleAsync_Select</name>
         <load_address>0x2000f788</load_address>
         <run_address>0x2000f788</run_address>
         <size>0x54</size>
         <input_file_ref idref="fl-109"/>
      </object_component>
      <object_component id="oc-892">
         <name>.text:_ecpy</name>
         <load_address>0x2000f7dc</load_address>
         <run_address>0x2000f7dc</run_address>
         <size>0x52</size>
         <input_file_ref idref="fl-df"/>
      </object_component>
      <object_component id="oc-adb">
         <name>.text:_sl_HandleAsync_Stop</name>
         <load_address>0x2000f830</load_address>
         <run_address>0x2000f830</run_address>
         <size>0x50</size>
         <input_file_ref idref="fl-104"/>
      </object_component>
      <object_component id="oc-8f1">
         <name>.text:SPIIntEnable</name>
         <load_address>0x2000f880</load_address>
         <run_address>0x2000f880</run_address>
         <size>0x4c</size>
         <input_file_ref idref="fl-fd"/>
      </object_component>
      <object_component id="oc-95c">
         <name>.text:SPIIntNumberGet</name>
         <load_address>0x2000f8cc</load_address>
         <run_address>0x2000f8cc</run_address>
         <size>0x4c</size>
         <input_file_ref idref="fl-fd"/>
      </object_component>
      <object_component id="oc-51e">
         <name>.text:_SlDrvProtectAsyncRespSetting</name>
         <load_address>0x2000f918</load_address>
         <run_address>0x2000f918</run_address>
         <size>0x4c</size>
         <input_file_ref idref="fl-105"/>
      </object_component>
      <object_component id="oc-77d">
         <name>.text:_sl_BuildAddress</name>
         <load_address>0x2000f964</load_address>
         <run_address>0x2000f964</run_address>
         <size>0x4c</size>
         <input_file_ref idref="fl-109"/>
      </object_component>
      <object_component id="oc-694">
         <name>.text:atoi</name>
         <load_address>0x2000f9b0</load_address>
         <run_address>0x2000f9b0</run_address>
         <size>0x4c</size>
         <input_file_ref idref="fl-ee"/>
      </object_component>
      <object_component id="oc-9e9">
         <name>.text:uDMAChannelAssign</name>
         <load_address>0x2000f9fc</load_address>
         <run_address>0x2000f9fc</run_address>
         <size>0x4c</size>
         <input_file_ref idref="fl-10c"/>
      </object_component>
      <object_component id="oc-9ff">
         <name>.text:SPIIntClear</name>
         <load_address>0x2000fa48</load_address>
         <run_address>0x2000fa48</run_address>
         <size>0x48</size>
         <input_file_ref idref="fl-fd"/>
      </object_component>
      <object_component id="oc-71b">
         <name>.text:_SlDrvBasicCmd</name>
         <load_address>0x2000fa90</load_address>
         <run_address>0x2000fa90</run_address>
         <size>0x48</size>
         <input_file_ref idref="fl-105"/>
      </object_component>
      <object_component id="oc-87d">
         <name>.text</name>
         <load_address>0x2000fad8</load_address>
         <run_address>0x2000fad8</run_address>
         <size>0x48</size>
         <input_file_ref idref="fl-e4"/>
      </object_component>
      <object_component id="oc-9f8">
         <name>.text:SPIDmaMaskGet</name>
         <load_address>0x2000fb20</load_address>
         <run_address>0x2000fb20</run_address>
         <size>0x44</size>
         <input_file_ref idref="fl-fd"/>
      </object_component>
      <object_component id="oc-369">
         <name>.text:TimerConfigure</name>
         <load_address>0x2000fb64</load_address>
         <run_address>0x2000fb64</run_address>
         <size>0x44</size>
         <input_file_ref idref="fl-ff"/>
      </object_component>
      <object_component id="oc-afc">
         <name>.text:_SlDrvHandleHttpServerEvents</name>
         <load_address>0x2000fba8</load_address>
         <run_address>0x2000fba8</run_address>
         <size>0x44</size>
         <input_file_ref idref="fl-105"/>
      </object_component>
      <object_component id="oc-524">
         <name>.text:_SlDrvSyncObjWaitTimeout</name>
         <load_address>0x2000fbec</load_address>
         <run_address>0x2000fbec</run_address>
         <size>0x44</size>
         <input_file_ref idref="fl-105"/>
      </object_component>
      <object_component id="oc-246">
         <name>.text:__TI_auto_init_nobinit_nopinit:__TI_auto_init_nobinit_nopinit</name>
         <load_address>0x2000fc30</load_address>
         <run_address>0x2000fc30</run_address>
         <size>0x44</size>
         <input_file_ref idref="fl-e7"/>
      </object_component>
      <object_component id="oc-a22">
         <name>.text:cc_SetupTransfer</name>
         <load_address>0x2000fc74</load_address>
         <run_address>0x2000fc74</run_address>
         <size>0x44</size>
         <input_file_ref idref="fl-10b"/>
      </object_component>
      <object_component id="oc-505">
         <name>.text:sl_Htonl</name>
         <load_address>0x2000fcb8</load_address>
         <run_address>0x2000fcb8</run_address>
         <size>0x42</size>
         <input_file_ref idref="fl-109"/>
      </object_component>
      <object_component id="oc-677">
         <name>.text:PinModeSet</name>
         <load_address>0x2000fcfc</load_address>
         <run_address>0x2000fcfc</run_address>
         <size>0x40</size>
         <input_file_ref idref="fl-fb"/>
      </object_component>
      <object_component id="oc-a9f">
         <name>.text:_SlDrvHandleNetAppEvents</name>
         <load_address>0x2000fd3c</load_address>
         <run_address>0x2000fd3c</run_address>
         <size>0x40</size>
         <input_file_ref idref="fl-105"/>
      </object_component>
      <object_component id="oc-a99">
         <name>.text:_SlDrvHandleWlanEvents</name>
         <load_address>0x2000fd7c</load_address>
         <run_address>0x2000fd7c</run_address>
         <size>0x40</size>
         <input_file_ref idref="fl-105"/>
      </object_component>
      <object_component id="oc-557">
         <name>.text:_sl_TruncatePayloadByProtocol</name>
         <load_address>0x2000fdbc</load_address>
         <run_address>0x2000fdbc</run_address>
         <size>0x40</size>
         <input_file_ref idref="fl-109"/>
      </object_component>
      <object_component id="oc-1dd">
         <name>.text:sprintf</name>
         <load_address>0x2000fdfc</load_address>
         <run_address>0x2000fdfc</run_address>
         <size>0x40</size>
         <input_file_ref idref="fl-cb"/>
      </object_component>
      <object_component id="oc-c5">
         <name>.text:strtok</name>
         <load_address>0x2000fe3c</load_address>
         <run_address>0x2000fe3c</run_address>
         <size>0x40</size>
         <input_file_ref idref="fl-da"/>
      </object_component>
      <object_component id="oc-2e4">
         <name>.text:vsnprintf</name>
         <load_address>0x2000fe7c</load_address>
         <run_address>0x2000fe7c</run_address>
         <size>0x40</size>
         <input_file_ref idref="fl-cc"/>
      </object_component>
      <object_component id="oc-530">
         <name>.text:NwpRegisterInterruptHandler</name>
         <load_address>0x2000febc</load_address>
         <run_address>0x2000febc</run_address>
         <size>0x3e</size>
         <input_file_ref idref="fl-10b"/>
      </object_component>
      <object_component id="oc-8a5">
         <name>.text:_fcpy</name>
         <load_address>0x2000fefa</load_address>
         <run_address>0x2000fefa</run_address>
         <size>0x3e</size>
         <input_file_ref idref="fl-df"/>
      </object_component>
      <object_component id="oc-ac0">
         <name>.text:CopyPingResultsToReport</name>
         <load_address>0x2000ff38</load_address>
         <run_address>0x2000ff38</run_address>
         <size>0x3c</size>
         <input_file_ref idref="fl-106"/>
      </object_component>
      <object_component id="oc-167">
         <name>.text:PRCMPeripheralClkEnable</name>
         <load_address>0x2000ff74</load_address>
         <run_address>0x2000ff74</run_address>
         <size>0x3c</size>
         <input_file_ref idref="fl-fc"/>
      </object_component>
      <object_component id="oc-a6d">
         <name>.text:simplelink_timerA2_start</name>
         <load_address>0x2000ffb0</load_address>
         <run_address>0x2000ffb0</run_address>
         <size>0x3c</size>
         <input_file_ref idref="fl-10b"/>
      </object_component>
      <object_component id="oc-4ff">
         <name>.text:sl_Htons</name>
         <load_address>0x2000ffec</load_address>
         <run_address>0x2000ffec</run_address>
         <size>0x3c</size>
         <input_file_ref idref="fl-109"/>
      </object_component>
      <object_component id="oc-a76">
         <name>.text:uDMAChannelControlSet</name>
         <load_address>0x20010028</load_address>
         <run_address>0x20010028</run_address>
         <size>0x3c</size>
         <input_file_ref idref="fl-10c"/>
      </object_component>
      <object_component id="oc-53c">
         <name>.text:NwpPowerOff</name>
         <load_address>0x20010064</load_address>
         <run_address>0x20010064</run_address>
         <size>0x38</size>
         <input_file_ref idref="fl-10b"/>
      </object_component>
      <object_component id="oc-4c4">
         <name>.text:sl_WlanDisconnect</name>
         <load_address>0x2001009c</load_address>
         <run_address>0x2001009c</run_address>
         <size>0x38</size>
         <input_file_ref idref="fl-10a"/>
      </object_component>
      <object_component id="oc-8d9">
         <name>.text:PRCMPeripheralStatusGet</name>
         <load_address>0x200100d4</load_address>
         <run_address>0x200100d4</run_address>
         <size>0x34</size>
         <input_file_ref idref="fl-fc"/>
      </object_component>
      <object_component id="oc-8eb">
         <name>.text:SPIFIFOLevelSet</name>
         <load_address>0x20010108</load_address>
         <run_address>0x20010108</run_address>
         <size>0x34</size>
         <input_file_ref idref="fl-fd"/>
      </object_component>
      <object_component id="oc-1d7">
         <name>.text:rand</name>
         <load_address>0x2001013c</load_address>
         <run_address>0x2001013c</run_address>
         <size>0x34</size>
         <input_file_ref idref="fl-d4"/>
      </object_component>
      <object_component id="oc-43c">
         <name>.text:PinTypeGPIO</name>
         <load_address>0x20010170</load_address>
         <run_address>0x20010170</run_address>
         <size>0x30</size>
         <input_file_ref idref="fl-fb"/>
      </object_component>
      <object_component id="oc-3f9">
         <name>.text:UARTDisable</name>
         <load_address>0x200101a0</load_address>
         <run_address>0x200101a0</run_address>
         <size>0x30</size>
         <input_file_ref idref="fl-100"/>
      </object_component>
      <object_component id="oc-5c4">
         <name>.text:_outs</name>
         <load_address>0x200101d0</load_address>
         <run_address>0x200101d0</run_address>
         <size>0x30</size>
         <input_file_ref idref="fl-cc"/>
      </object_component>
      <object_component id="oc-888">
         <name>.text</name>
         <load_address>0x20010200</load_address>
         <run_address>0x20010200</run_address>
         <size>0x2e</size>
         <input_file_ref idref="fl-e5"/>
      </object_component>
      <object_component id="oc-1f8">
         <name>.text:strncat</name>
         <load_address>0x2001022e</load_address>
         <run_address>0x2001022e</run_address>
         <size>0x2e</size>
         <input_file_ref idref="fl-d9"/>
      </object_component>
      <object_component id="oc-2ac">
         <name>.text:I2CMasterErr</name>
         <load_address>0x2001025c</load_address>
         <run_address>0x2001025c</run_address>
         <size>0x2c</size>
         <input_file_ref idref="fl-f9"/>
      </object_component>
      <object_component id="oc-6ed">
         <name>.text:NwpPowerOn</name>
         <load_address>0x20010288</load_address>
         <run_address>0x20010288</run_address>
         <size>0x2c</size>
         <input_file_ref idref="fl-10b"/>
      </object_component>
      <object_component id="oc-356">
         <name>.text:PRCMSysResetCauseGet</name>
         <load_address>0x200102b4</load_address>
         <run_address>0x200102b4</run_address>
         <size>0x2c</size>
         <input_file_ref idref="fl-fc"/>
      </object_component>
      <object_component id="oc-641">
         <name>.text:_SlDrvObjGlobalLockWaitForever</name>
         <load_address>0x200102e0</load_address>
         <run_address>0x200102e0</run_address>
         <size>0x2c</size>
         <input_file_ref idref="fl-105"/>
      </object_component>
      <object_component id="oc-758">
         <name>.text:_SlDrvProtectionObjLockWaitForever</name>
         <load_address>0x2001030c</load_address>
         <run_address>0x2001030c</run_address>
         <size>0x2c</size>
         <input_file_ref idref="fl-105"/>
      </object_component>
      <object_component id="oc-37b">
         <name>.text:TimerLoadSet</name>
         <load_address>0x20010338</load_address>
         <run_address>0x20010338</run_address>
         <size>0x2a</size>
         <input_file_ref idref="fl-ff"/>
      </object_component>
      <object_component id="oc-36f">
         <name>.text:TimerPrescaleSet</name>
         <load_address>0x20010362</load_address>
         <run_address>0x20010362</run_address>
         <size>0x2a</size>
         <input_file_ref idref="fl-ff"/>
      </object_component>
      <object_component id="oc-278">
         <name>.text:strspn</name>
         <load_address>0x2001038c</load_address>
         <run_address>0x2001038c</run_address>
         <size>0x2a</size>
         <input_file_ref idref="fl-f3"/>
      </object_component>
      <object_component id="oc-e3">
         <name>.text:IntPriorityGroupingSet</name>
         <load_address>0x200103b8</load_address>
         <run_address>0x200103b8</run_address>
         <size>0x28</size>
         <input_file_ref idref="fl-fa"/>
      </object_component>
      <object_component id="oc-2dc">
         <name>.text:PRCMPeripheralClkDisable</name>
         <load_address>0x200103e0</load_address>
         <run_address>0x200103e0</run_address>
         <size>0x28</size>
         <input_file_ref idref="fl-fc"/>
      </object_component>
      <object_component id="oc-647">
         <name>.text:_SlDrvGlobalObjUnLock</name>
         <load_address>0x20010408</load_address>
         <run_address>0x20010408</run_address>
         <size>0x28</size>
         <input_file_ref idref="fl-105"/>
      </object_component>
      <object_component id="oc-75e">
         <name>.text:_SlDrvProtectionObjUnLock</name>
         <load_address>0x20010430</load_address>
         <run_address>0x20010430</run_address>
         <size>0x28</size>
         <input_file_ref idref="fl-105"/>
      </object_component>
      <object_component id="oc-764">
         <name>.text:_SlDrvSyncObjWaitForever</name>
         <load_address>0x20010458</load_address>
         <run_address>0x20010458</run_address>
         <size>0x28</size>
         <input_file_ref idref="fl-105"/>
      </object_component>
      <object_component id="oc-5f3">
         <name>.text:free_list_insert</name>
         <load_address>0x20010480</load_address>
         <run_address>0x20010480</run_address>
         <size>0x28</size>
         <input_file_ref idref="fl-d3"/>
      </object_component>
      <object_component id="oc-2f0">
         <name>.text:memmove</name>
         <load_address>0x200104a8</load_address>
         <run_address>0x200104a8</run_address>
         <size>0x28</size>
         <input_file_ref idref="fl-d2"/>
      </object_component>
      <object_component id="oc-7dd">
         <name>.text:_SlDrvObjLockWaitForever</name>
         <load_address>0x200104d0</load_address>
         <run_address>0x200104d0</run_address>
         <size>0x26</size>
         <input_file_ref idref="fl-105"/>
      </object_component>
      <object_component id="oc-b1a">
         <name>.text</name>
         <load_address>0x200104f6</load_address>
         <run_address>0x200104f6</run_address>
         <size>0x26</size>
         <input_file_ref idref="fl-8"/>
      </object_component>
      <object_component id="oc-8f8">
         <name>.text:DmaSpiSwIntHandler</name>
         <load_address>0x2001051c</load_address>
         <run_address>0x2001051c</run_address>
         <size>0x24</size>
         <input_file_ref idref="fl-10b"/>
      </object_component>
      <object_component id="oc-39b">
         <name>.text:IntUnregister</name>
         <load_address>0x20010540</load_address>
         <run_address>0x20010540</run_address>
         <size>0x24</size>
         <input_file_ref idref="fl-fa"/>
      </object_component>
      <object_component id="oc-179">
         <name>.text:UARTEnable</name>
         <load_address>0x20010564</load_address>
         <run_address>0x20010564</run_address>
         <size>0x24</size>
         <input_file_ref idref="fl-100"/>
      </object_component>
      <object_component id="oc-5b">
         <name>.text:_c_int00_noargs:_c_int00_noargs</name>
         <load_address>0x20010588</load_address>
         <run_address>0x20010588</run_address>
         <size>0x24</size>
         <input_file_ref idref="fl-dd"/>
      </object_component>
      <object_component id="oc-27e">
         <name>.text:strcspn</name>
         <load_address>0x200105ac</load_address>
         <run_address>0x200105ac</run_address>
         <size>0x24</size>
         <input_file_ref idref="fl-f2"/>
      </object_component>
      <object_component id="oc-2b2">
         <name>.text:I2CMasterSlaveAddrSet</name>
         <load_address>0x200105d0</load_address>
         <run_address>0x200105d0</run_address>
         <size>0x22</size>
         <input_file_ref idref="fl-f9"/>
      </object_component>
      <object_component id="oc-1a7">
         <name>.text:SPIReset</name>
         <load_address>0x200105f2</load_address>
         <run_address>0x200105f2</run_address>
         <size>0x22</size>
         <input_file_ref idref="fl-fd"/>
      </object_component>
      <object_component id="oc-982">
         <name>.text:SPIWordCountSet</name>
         <load_address>0x20010614</load_address>
         <run_address>0x20010614</run_address>
         <size>0x22</size>
         <input_file_ref idref="fl-fd"/>
      </object_component>
      <object_component id="oc-38f">
         <name>.text:IntRegister</name>
         <load_address>0x20010638</load_address>
         <run_address>0x20010638</run_address>
         <size>0x20</size>
         <input_file_ref idref="fl-fa"/>
      </object_component>
      <object_component id="oc-536">
         <name>.text:NwpPrePowerOffTimout0</name>
         <load_address>0x20010658</load_address>
         <run_address>0x20010658</run_address>
         <size>0x20</size>
         <input_file_ref idref="fl-10b"/>
      </object_component>
      <object_component id="oc-3c1">
         <name>.text:SPIDataGet</name>
         <load_address>0x20010678</load_address>
         <run_address>0x20010678</run_address>
         <size>0x20</size>
         <input_file_ref idref="fl-fd"/>
      </object_component>
      <object_component id="oc-a0b">
         <name>.text:TimerGetCurrentTimestamp</name>
         <load_address>0x20010698</load_address>
         <run_address>0x20010698</run_address>
         <size>0x20</size>
         <input_file_ref idref="fl-10b"/>
      </object_component>
      <object_component id="oc-7e3">
         <name>.text:_SlDrvObjUnLock</name>
         <load_address>0x200106b8</load_address>
         <run_address>0x200106b8</run_address>
         <size>0x20</size>
         <input_file_ref idref="fl-105"/>
      </object_component>
      <object_component id="oc-79b">
         <name>.text:_SlDrvSyncObjSignal</name>
         <load_address>0x200106d8</load_address>
         <run_address>0x200106d8</run_address>
         <size>0x20</size>
         <input_file_ref idref="fl-105"/>
      </object_component>
      <object_component id="oc-2a6">
         <name>.text:I2CMasterIntStatusEx</name>
         <load_address>0x200106f8</load_address>
         <run_address>0x200106f8</run_address>
         <size>0x1e</size>
         <input_file_ref idref="fl-f9"/>
      </object_component>
      <object_component id="oc-3bb">
         <name>.text:SPIDataPut</name>
         <load_address>0x20010716</load_address>
         <run_address>0x20010716</run_address>
         <size>0x1e</size>
         <input_file_ref idref="fl-fd"/>
      </object_component>
      <object_component id="oc-10d">
         <name>.text:TimerDisable</name>
         <load_address>0x20010734</load_address>
         <run_address>0x20010734</run_address>
         <size>0x1e</size>
         <input_file_ref idref="fl-ff"/>
      </object_component>
      <object_component id="oc-101">
         <name>.text:TimerEnable</name>
         <load_address>0x20010752</load_address>
         <run_address>0x20010752</run_address>
         <size>0x1e</size>
         <input_file_ref idref="fl-ff"/>
      </object_component>
      <object_component id="oc-ef">
         <name>.text:TimerIntStatus</name>
         <load_address>0x20010770</load_address>
         <run_address>0x20010770</run_address>
         <size>0x1e</size>
         <input_file_ref idref="fl-ff"/>
      </object_component>
      <object_component id="oc-185">
         <name>.text:UARTCharPut</name>
         <load_address>0x2001078e</load_address>
         <run_address>0x2001078e</run_address>
         <size>0x1e</size>
         <input_file_ref idref="fl-100"/>
      </object_component>
      <object_component id="oc-8df">
         <name>.text:cc_UDMAChannelSelect</name>
         <load_address>0x200107ac</load_address>
         <run_address>0x200107ac</run_address>
         <size>0x1e</size>
         <input_file_ref idref="fl-10b"/>
      </object_component>
      <object_component id="oc-1fe">
         <name>.text:strcat</name>
         <load_address>0x200107ca</load_address>
         <run_address>0x200107ca</run_address>
         <size>0x1e</size>
         <input_file_ref idref="fl-d5"/>
      </object_component>
      <object_component id="oc-448">
         <name>.text:PinTypeI2C</name>
         <load_address>0x200107e8</load_address>
         <run_address>0x200107e8</run_address>
         <size>0x1c</size>
         <input_file_ref idref="fl-fb"/>
      </object_component>
      <object_component id="oc-387">
         <name>.text:TimerValueGet</name>
         <load_address>0x20010804</load_address>
         <run_address>0x20010804</run_address>
         <size>0x1c</size>
         <input_file_ref idref="fl-ff"/>
      </object_component>
      <object_component id="oc-2ea">
         <name>.text:UARTCharGetNonBlocking</name>
         <load_address>0x20010820</load_address>
         <run_address>0x20010820</run_address>
         <size>0x1c</size>
         <input_file_ref idref="fl-100"/>
      </object_component>
      <object_component id="oc-93d">
         <name>.text:_SlDrvStartMeasureTimeout</name>
         <load_address>0x2001083c</load_address>
         <run_address>0x2001083c</run_address>
         <size>0x1c</size>
         <input_file_ref idref="fl-105"/>
      </object_component>
      <object_component id="oc-5e6">
         <name>.text:free_list_remove</name>
         <load_address>0x20010858</load_address>
         <run_address>0x20010858</run_address>
         <size>0x1c</size>
         <input_file_ref idref="fl-d3"/>
      </object_component>
      <object_component id="oc-6bd">
         <name>.text:memccpy</name>
         <load_address>0x20010874</load_address>
         <run_address>0x20010874</run_address>
         <size>0x1c</size>
         <input_file_ref idref="fl-f0"/>
      </object_component>
      <object_component id="oc-a88">
         <name>.text:uDMAChannelEnable</name>
         <load_address>0x20010890</load_address>
         <run_address>0x20010890</run_address>
         <size>0x1c</size>
         <input_file_ref idref="fl-10c"/>
      </object_component>
      <object_component id="oc-442">
         <name>.text:PinTypeSPI</name>
         <load_address>0x200108ac</load_address>
         <run_address>0x200108ac</run_address>
         <size>0x1a</size>
         <input_file_ref idref="fl-fb"/>
      </object_component>
      <object_component id="oc-44e">
         <name>.text:PinTypeUART</name>
         <load_address>0x200108c6</load_address>
         <run_address>0x200108c6</run_address>
         <size>0x1a</size>
         <input_file_ref idref="fl-fb"/>
      </object_component>
      <object_component id="oc-7bf">
         <name>.text:SPIDmaDisable</name>
         <load_address>0x200108e0</load_address>
         <run_address>0x200108e0</run_address>
         <size>0x1a</size>
         <input_file_ref idref="fl-fd"/>
      </object_component>
      <object_component id="oc-8e5">
         <name>.text:SPIDmaEnable</name>
         <load_address>0x200108fa</load_address>
         <run_address>0x200108fa</run_address>
         <size>0x1a</size>
         <input_file_ref idref="fl-fd"/>
      </object_component>
      <object_component id="oc-7b9">
         <name>.text:SPIFIFODisable</name>
         <load_address>0x20010914</load_address>
         <run_address>0x20010914</run_address>
         <size>0x1a</size>
         <input_file_ref idref="fl-fd"/>
      </object_component>
      <object_component id="oc-1ad">
         <name>.text:SPIFIFOEnable</name>
         <load_address>0x2001092e</load_address>
         <run_address>0x2001092e</run_address>
         <size>0x1a</size>
         <input_file_ref idref="fl-fd"/>
      </object_component>
      <object_component id="oc-7b3">
         <name>.text:SPIIntUnregister</name>
         <load_address>0x20010948</load_address>
         <run_address>0x20010948</run_address>
         <size>0x1a</size>
         <input_file_ref idref="fl-fd"/>
      </object_component>
      <object_component id="oc-2d0">
         <name>.text:I2CMasterIntEnableEx</name>
         <load_address>0x20010962</load_address>
         <run_address>0x20010962</run_address>
         <size>0x18</size>
         <input_file_ref idref="fl-f9"/>
      </object_component>
      <object_component id="oc-3c7">
         <name>.text:SPICSDisable</name>
         <load_address>0x2001097a</load_address>
         <run_address>0x2001097a</run_address>
         <size>0x18</size>
         <input_file_ref idref="fl-fd"/>
      </object_component>
      <object_component id="oc-3b5">
         <name>.text:SPICSEnable</name>
         <load_address>0x20010992</load_address>
         <run_address>0x20010992</run_address>
[...]
         <value>0x20010363</value>
         <object_component_ref idref="oc-36f"/>
      </symbol>
      <symbol id="sm-fe6">
         <name>TimerIntEnable</name>
         <value>0x20010a0d</value>
         <object_component_ref idref="oc-fb"/>
      </symbol>
      <symbol id="sm-fe7">
         <name>TimerConfigure</name>
         <value>0x2000fb65</value>
         <object_component_ref idref="oc-369"/>
      </symbol>
      <symbol id="sm-fe8">
         <name>TimerIntClear</name>
         <value>0x20010c05</value>
         <object_component_ref idref="oc-f5"/>
      </symbol>
      <symbol id="sm-1037">
         <name>UARTConfigSetExpClk</name>
         <value>0x2000ee31</value>
         <object_component_ref idref="oc-173"/>
      </symbol>
      <symbol id="sm-1038">
         <name>UARTDisable</name>
         <value>0x200101a1</value>
         <object_component_ref idref="oc-3f9"/>
      </symbol>
      <symbol id="sm-1039">
         <name>UARTCharsAvail</name>
         <value>0x20010a25</value>
         <object_component_ref idref="oc-191"/>
      </symbol>
      <symbol id="sm-103a">
         <name>UARTCharGetNonBlocking</name>
         <value>0x20010821</value>
         <object_component_ref idref="oc-2ea"/>
      </symbol>
      <symbol id="sm-103b">
         <name>UARTCharPut</name>
         <value>0x2001078f</value>
         <object_component_ref idref="oc-185"/>
      </symbol>
      <symbol id="sm-103c">
         <name>UARTEnable</name>
         <value>0x20010565</value>
         <object_component_ref idref="oc-179"/>
      </symbol>
      <symbol id="sm-103d">
         <name>UARTSpaceAvail</name>
         <value>0x20010a3d</value>
         <object_component_ref idref="oc-17f"/>
      </symbol>
      <symbol id="sm-103e">
         <name>UARTCharGet</name>
         <value>0x20010b3b</value>
         <object_component_ref idref="oc-18b"/>
      </symbol>
      <symbol id="sm-1042">
         <name>UtilsDelay</name>
         <value>0x20010d03</value>
         <object_component_ref idref="oc-1f1"/>
      </symbol>
      <symbol id="sm-1054">
         <name>CPUcpsie</name>
         <value>0x20010b91</value>
         <object_component_ref idref="oc-34b"/>
      </symbol>
      <symbol id="sm-1055">
         <name>CPUcpsid</name>
         <value>0x20010b7d</value>
         <object_component_ref idref="oc-461"/>
      </symbol>
      <symbol id="sm-1111">
         <name>_sl_HandleAsync_InitComplete</name>
         <value>0x2000e809</value>
         <object_component_ref idref="oc-aeb"/>
      </symbol>
      <symbol id="sm-1112">
         <name>_SlDrvDeviceEventHandler</name>
         <value>0x2000dff5</value>
         <object_component_ref idref="oc-a93"/>
      </symbol>
      <symbol id="sm-1113">
         <name>_sl_HandleAsync_Stop</name>
         <value>0x2000f831</value>
         <object_component_ref idref="oc-adb"/>
      </symbol>
      <symbol id="sm-1114">
         <name>sl_DevSet</name>
         <value>0x2000e091</value>
         <object_component_ref idref="oc-197"/>
      </symbol>
      <symbol id="sm-1115">
         <name>sl_Stop</name>
         <value>0x2000cdc1</value>
         <object_component_ref idref="oc-20a"/>
      </symbol>
      <symbol id="sm-1116">
         <name>sl_Start</name>
         <value>0x2000d091</value>
         <object_component_ref idref="oc-4a0"/>
      </symbol>
      <symbol id="sm-1117">
         <name>sl_DevGet</name>
         <value>0x2000d871</value>
         <object_component_ref idref="oc-4b2"/>
      </symbol>
      <symbol id="sm-1405">
         <name>RxIrqCnt</name>
         <value>0x2001fe98</value>
      </symbol>
      <symbol id="sm-1406">
         <name>g_bDeviceRestartIsRequired</name>
         <value>0x2001fe99</value>
      </symbol>
      <symbol id="sm-1407">
         <name>_SlDrvProtectionObjUnLock</name>
         <value>0x20010431</value>
         <object_component_ref idref="oc-75e"/>
      </symbol>
      <symbol id="sm-1408">
         <name>_SlDrvBasicCmd</name>
         <value>0x2000fa91</value>
         <object_component_ref idref="oc-71b"/>
      </symbol>
      <symbol id="sm-1409">
         <name>_SlDrvObjUnLock</name>
         <value>0x200106b9</value>
         <object_component_ref idref="oc-7e3"/>
      </symbol>
      <symbol id="sm-140a">
         <name>_SlDrvObjLockWaitForever</name>
         <value>0x200104d1</value>
         <object_component_ref idref="oc-7dd"/>
      </symbol>
      <symbol id="sm-140b">
         <name>_SlDrvMsgReadSpawnCtx</name>
         <value>0x2000d265</value>
         <object_component_ref idref="oc-856"/>
      </symbol>
      <symbol id="sm-140c">
         <name>_SlDrvDispatchHttpServerEvents</name>
         <value>0x20010c49</value>
         <object_component_ref idref="oc-ab3"/>
      </symbol>
      <symbol id="sm-140d">
         <name>_SlDrvHandleNetAppEvents</name>
         <value>0x2000fd3d</value>
         <object_component_ref idref="oc-a9f"/>
      </symbol>
      <symbol id="sm-140e">
         <name>_SlDriverHandleError</name>
         <value>0x2000dd75</value>
         <object_component_ref idref="oc-78e"/>
      </symbol>
      <symbol id="sm-140f">
         <name>_SlDrvDriverCBDeinit</name>
         <value>0x2000c529</value>
         <object_component_ref idref="oc-548"/>
      </symbol>
      <symbol id="sm-1410">
         <name>_SlDrvStartMeasureTimeout</name>
         <value>0x2001083d</value>
         <object_component_ref idref="oc-93d"/>
      </symbol>
      <symbol id="sm-1411">
         <name>_SlDrvResetCmdExt</name>
         <value>0x20010c67</value>
         <object_component_ref idref="oc-405"/>
      </symbol>
      <symbol id="sm-1412">
         <name>_SlDrvIsTimeoutExpired</name>
         <value>0x2000e77d</value>
         <object_component_ref idref="oc-943"/>
      </symbol>
      <symbol id="sm-1413">
         <name>_SlDrvProtectAsyncRespSetting</name>
         <value>0x2000f919</value>
         <object_component_ref idref="oc-51e"/>
      </symbol>
      <symbol id="sm-1414">
         <name>_SlDrvReleasePoolObj</name>
         <value>0x2000ac21</value>
         <object_component_ref idref="oc-52a"/>
      </symbol>
      <symbol id="sm-1415">
         <name>_SlDrvHandleWlanEvents</name>
         <value>0x2000fd7d</value>
         <object_component_ref idref="oc-a99"/>
      </symbol>
      <symbol id="sm-1416">
         <name>OpcodeTranslateTable</name>
         <value>0x20011788</value>
         <object_component_ref idref="oc-9aa"/>
      </symbol>
      <symbol id="sm-1417">
         <name>pPingCallBackFunc</name>
         <value>0x2001ff94</value>
         <object_component_ref idref="oc-414"/>
      </symbol>
      <symbol id="sm-1418">
         <name>_SlDrvDriverCBInit</name>
         <value>0x2000b175</value>
         <object_component_ref idref="oc-6e1"/>
      </symbol>
      <symbol id="sm-1419">
         <name>g_pCB</name>
         <value>0x2001ff90</value>
         <object_component_ref idref="oc-414"/>
      </symbol>
      <symbol id="sm-141a">
         <name>_SlDrvProtectionObjLockWaitForever</name>
         <value>0x2001030d</value>
         <object_component_ref idref="oc-758"/>
      </symbol>
      <symbol id="sm-141b">
         <name>_SlDrvCmdOp</name>
         <value>0x2000da01</value>
         <object_component_ref idref="oc-40b"/>
      </symbol>
      <symbol id="sm-141c">
         <name>_SlDrvSyncObjWaitTimeout</name>
         <value>0x2000fbed</value>
         <object_component_ref idref="oc-524"/>
      </symbol>
      <symbol id="sm-141d">
         <name>_SlDrvGlobalObjUnLock</name>
         <value>0x20010409</value>
         <object_component_ref idref="oc-647"/>
      </symbol>
      <symbol id="sm-141e">
         <name>_SlDrvMemZero</name>
         <value>0x20010b51</value>
         <object_component_ref idref="oc-63a"/>
      </symbol>
      <symbol id="sm-141f">
         <name>_SlDrvWaitForPoolObj</name>
         <value>0x2000b65d</value>
         <object_component_ref idref="oc-752"/>
      </symbol>
      <symbol id="sm-1420">
         <name>_SlDrvSyncObjSignal</name>
         <value>0x200106d9</value>
         <object_component_ref idref="oc-79b"/>
      </symbol>
      <symbol id="sm-1421">
         <name>_SlDrvDataReadOp</name>
         <value>0x2000aa3d</value>
         <object_component_ref idref="oc-571"/>
      </symbol>
      <symbol id="sm-1422">
         <name>_SlDrvDataWriteOp</name>
         <value>0x2000bc61</value>
         <object_component_ref idref="oc-55d"/>
      </symbol>
      <symbol id="sm-1423">
         <name>_SlDrvRxIrqHandler</name>
         <value>0x2000f6e1</value>
         <object_component_ref idref="oc-6f9"/>
      </symbol>
      <symbol id="sm-1424">
         <name>_SlDrvHandleHttpServerEvents</name>
         <value>0x2000fba9</value>
         <object_component_ref idref="oc-afc"/>
      </symbol>
      <symbol id="sm-1425">
         <name>_SlDrvSyncObjWaitForever</name>
         <value>0x20010459</value>
         <object_component_ref idref="oc-764"/>
      </symbol>
      <symbol id="sm-1426">
         <name>g_SlDeviceStatus</name>
         <value>0x2001ff8c</value>
         <object_component_ref idref="oc-414"/>
      </symbol>
      <symbol id="sm-1427">
         <name>_SlDrvCmdSend</name>
         <value>0x2000f06d</value>
         <object_component_ref idref="oc-b03"/>
      </symbol>
      <symbol id="sm-1428">
         <name>_SlActionLookupTable</name>
         <value>0x200117c4</value>
         <object_component_ref idref="oc-a4f"/>
      </symbol>
      <symbol id="sm-14d0">
         <name>sl_NetAppMDNSUnRegisterService</name>
         <value>0x2000f2dd</value>
         <object_component_ref idref="oc-4d6"/>
      </symbol>
      <symbol id="sm-14d1">
         <name>_SlNetAppSendTokenValueCmdCtrl</name>
         <value>0x200119ba</value>
         <object_component_ref idref="oc-b09"/>
      </symbol>
      <symbol id="sm-14d2">
         <name>sl_NetAppDnsGetHostByName</name>
         <value>0x2000c03d</value>
         <object_component_ref idref="oc-4f9"/>
      </symbol>
      <symbol id="sm-14d3">
         <name>_sl_HandleAsync_DnsGetHostByName</name>
         <value>0x2000e4b5</value>
         <object_component_ref idref="oc-aa7"/>
      </symbol>
      <symbol id="sm-14d4">
         <name>_sl_HandleAsync_PingResponse</name>
         <value>0x2000e545</value>
         <object_component_ref idref="oc-a3b"/>
      </symbol>
      <symbol id="sm-14d5">
         <name>_SlDrvNetAppEventHandler</name>
         <value>0x2000cac1</value>
         <object_component_ref idref="oc-a35"/>
      </symbol>
      <symbol id="sm-14d6">
         <name>_sl_HandleAsync_DnsGetHostByService</name>
         <value>0x2000d7a5</value>
         <object_component_ref idref="oc-aad"/>
      </symbol>
      <symbol id="sm-14d7">
         <name>_sl_NetAppSendTokenValue</name>
         <value>0x2000f0d9</value>
         <object_component_ref idref="oc-ab9"/>
      </symbol>
      <symbol id="sm-14d8">
         <name>sl_NetAppMDNSRegisterUnregisterService</name>
         <value>0x2000d515</value>
         <object_component_ref idref="oc-730"/>
      </symbol>
      <symbol id="sm-14fa">
         <name>sl_NetCfgSet</name>
         <value>0x2000e129</value>
         <object_component_ref idref="oc-4ca"/>
      </symbol>
      <symbol id="sm-1542">
         <name>_SlNonOsSemSet</name>
         <value>0x20010a55</value>
         <object_component_ref idref="oc-7d0"/>
      </symbol>
      <symbol id="sm-1543">
         <name>_SlNonOsSpawn</name>
         <value>0x2000f215</value>
         <object_component_ref idref="oc-84f"/>
      </symbol>
      <symbol id="sm-1544">
         <name>_SlNonOsSemGet</name>
         <value>0x2000db75</value>
         <object_component_ref idref="oc-788"/>
      </symbol>
      <symbol id="sm-1545">
         <name>_SlNonOsMainLoopTask</name>
         <value>0x2000eea9</value>
         <object_component_ref idref="oc-4a6"/>
      </symbol>
      <symbol id="sm-1546">
         <name>g__SlNonOsCB</name>
         <value>0x2001fea0</value>
         <object_component_ref idref="oc-700"/>
      </symbol>
      <symbol id="sm-1647">
         <name>sl_Recv</name>
         <value>0x2000deb9</value>
         <object_component_ref idref="oc-21e"/>
      </symbol>
      <symbol id="sm-1648">
         <name>sl_Send</name>
         <value>0x2000c3f5</value>
         <object_component_ref idref="oc-212"/>
      </symbol>
      <symbol id="sm-1649">
         <name>_sl_HandleAsync_Connect</name>
         <value>0x2000ebbd</value>
         <object_component_ref idref="oc-acf"/>
      </symbol>
      <symbol id="sm-164a">
         <name>sl_Htonl</name>
         <value>0x2000fcb9</value>
         <object_component_ref idref="oc-505"/>
      </symbol>
      <symbol id="sm-164b">
         <name>sl_Htons</name>
         <value>0x2000ffed</value>
         <object_component_ref idref="oc-4ff"/>
      </symbol>
      <symbol id="sm-164c">
         <name>sl_Connect</name>
         <value>0x2000b7ed</value>
         <object_component_ref idref="oc-517"/>
      </symbol>
      <symbol id="sm-164d">
         <name>sl_Socket</name>
         <value>0x2000e895</value>
         <object_component_ref idref="oc-50b"/>
      </symbol>
      <symbol id="sm-164e">
         <name>_sl_HandleAsync_Select</name>
         <value>0x2000f789</value>
         <object_component_ref idref="oc-ad5"/>
      </symbol>
      <symbol id="sm-164f">
         <name>sl_Close</name>
         <value>0x2000f409</value>
         <object_component_ref idref="oc-218"/>
      </symbol>
      <symbol id="sm-1650">
         <name>_sl_HandleAsync_Accept</name>
         <value>0x2000f279</value>
         <object_component_ref idref="oc-ac9"/>
      </symbol>
      <symbol id="sm-1651">
         <name>sl_SetSockOpt</name>
         <value>0x2000e1c1</value>
         <object_component_ref idref="oc-511"/>
      </symbol>
      <symbol id="sm-170b">
         <name>sl_WlanDisconnect</name>
         <value>0x2001009d</value>
         <object_component_ref idref="oc-4c4"/>
      </symbol>
      <symbol id="sm-170c">
         <name>sl_WlanPolicySet</name>
         <value>0x2000e5d5</value>
         <object_component_ref idref="oc-4b8"/>
      </symbol>
      <symbol id="sm-170d">
         <name>sl_WlanProfileDel</name>
         <value>0x2000f469</value>
         <object_component_ref idref="oc-4be"/>
      </symbol>
      <symbol id="sm-170e">
         <name>sl_WlanRxFilterSet</name>
         <value>0x2000eb39</value>
         <object_component_ref idref="oc-4df"/>
      </symbol>
      <symbol id="sm-170f">
         <name>sl_WlanConnect</name>
         <value>0x20009e21</value>
         <object_component_ref idref="oc-4e9"/>
      </symbol>
      <symbol id="sm-1710">
         <name>sl_WlanSet</name>
         <value>0x2000e259</value>
         <object_component_ref idref="oc-4d0"/>
      </symbol>
      <symbol id="sm-1711">
         <name>sl_WlanSetMode</name>
         <value>0x2000f4c9</value>
         <object_component_ref idref="oc-4ac"/>
      </symbol>
      <symbol id="sm-1831">
         <name>g_ucDinDout</name>
         <value>0x2001fda8</value>
      </symbol>
      <symbol id="sm-1832">
         <name>g_cDummy</name>
         <value>0x2001fe9a</value>
      </symbol>
      <symbol id="sm-1833">
         <name>NwpMaskInterrupt</name>
         <value>0x20010c91</value>
         <object_component_ref idref="oc-7ac"/>
      </symbol>
      <symbol id="sm-1834">
         <name>NwpPrePowerOffTimout0</name>
         <value>0x20010659</value>
         <object_component_ref idref="oc-536"/>
      </symbol>
      <symbol id="sm-1835">
         <name>NwpRegisterInterruptHandler</name>
         <value>0x2000febd</value>
         <object_component_ref idref="oc-530"/>
      </symbol>
      <symbol id="sm-1836">
         <name>g_pHostIntHdl</name>
         <value>0x2001ffc4</value>
         <object_component_ref idref="oc-7cb"/>
      </symbol>
      <symbol id="sm-1837">
         <name>simplelink_timerA2_start</name>
         <value>0x2000ffb1</value>
         <object_component_ref idref="oc-a6d"/>
      </symbol>
      <symbol id="sm-1838">
         <name>NwpUnMaskInterrupt</name>
         <value>0x20010c9d</value>
         <object_component_ref idref="oc-8ff"/>
      </symbol>
      <symbol id="sm-1839">
         <name>NwpPowerOff</name>
         <value>0x20010065</value>
         <object_component_ref idref="oc-53c"/>
      </symbol>
      <symbol id="sm-183a">
         <name>TimerGetCurrentTimestamp</name>
         <value>0x20010699</value>
         <object_component_ref idref="oc-a0b"/>
      </symbol>
      <symbol id="sm-183b">
         <name>spi_Read</name>
         <value>0x2000ceb1</value>
         <object_component_ref idref="oc-99d"/>
      </symbol>
      <symbol id="sm-183c">
         <name>DmaSpiSwIntHandler</name>
         <value>0x2001051d</value>
         <object_component_ref idref="oc-8f8"/>
      </symbol>
      <symbol id="sm-183d">
         <name>NwpPowerOn</name>
         <value>0x20010289</value>
         <object_component_ref idref="oc-6ed"/>
      </symbol>
      <symbol id="sm-183e">
         <name>spi_Close</name>
         <value>0x2000edb9</value>
         <object_component_ref idref="oc-542"/>
      </symbol>
      <symbol id="sm-183f">
         <name>spi_Write</name>
         <value>0x2000e2f1</value>
         <object_component_ref idref="oc-839"/>
      </symbol>
      <symbol id="sm-1840">
         <name>spi_Open</name>
         <value>0x2000bdb1</value>
         <object_component_ref idref="oc-6e7"/>
      </symbol>
      <symbol id="sm-1841">
         <name>g_ucDMAEnabled</name>
         <value>0x2001ffc8</value>
         <object_component_ref idref="oc-7cb"/>
      </symbol>
      <symbol id="sm-1842">
         <name>g_SpiFd</name>
         <value>0x2001ffc0</value>
         <object_component_ref idref="oc-7cb"/>
      </symbol>
      <symbol id="sm-1899">
         <name>uDMAChannelControlSet</name>
         <value>0x20010029</value>
         <object_component_ref idref="oc-a76"/>
      </symbol>
      <symbol id="sm-189a">
         <name>uDMAChannelAttributeEnable</name>
         <value>0x2000f3a5</value>
         <object_component_ref idref="oc-a7c"/>
      </symbol>
      <symbol id="sm-189b">
         <name>uDMAChannelTransferSet</name>
         <value>0x2000cfa1</value>
         <object_component_ref idref="oc-a82"/>
      </symbol>
      <symbol id="sm-189c">
         <name>uDMAChannelAssign</name>
         <value>0x2000f9fd</value>
         <object_component_ref idref="oc-9e9"/>
      </symbol>
      <symbol id="sm-189d">
         <name>uDMAChannelAttributeDisable</name>
         <value>0x2000f341</value>
         <object_component_ref idref="oc-9ef"/>
      </symbol>
      <symbol id="sm-189e">
         <name>uDMAChannelEnable</name>
         <value>0x20010891</value>
         <object_component_ref idref="oc-a88"/>
      </symbol>
      <symbol id="sm-189f">
         <name>__TI_static_base__</name>
         <value>0x20011a00</value>
      </symbol>
      <symbol id="sm-18a2">
         <name>__mpu_init</name>
         <value>0x0</value>
      </symbol>
      <symbol id="sm-18a3">
         <name>_system_post_cinit</name>
         <value>0x0</value>
      </symbol>
   </symbol_table>
   <title>Link successful</title>
</link_info>
