******************************************************************************
                  TI ARM Linker PC v20.2.7                     
******************************************************************************
>> Linked Mon Jun  2 09:45:37 2025

OUTPUT FILE NAME:   <aws-rest-api-ssl-demo.out>
ENTRY POINT SYMBOL: "_c_int00_noargs"  address: 2001054d


MEMORY CONFIGURATION

         name            origin    length      used     unused   attr    fill
----------------------  --------  ---------  --------  --------  ----  --------
  SRAM_CODE             20004000   00013000  0000da78  00005588  RW X
  SRAM_DATA             20017000   00019000  00009ffa  0000f006  RW X


SEGMENT ALLOCATION MAP

run origin  load origin   length   init length attrs members
----------  ----------- ---------- ----------- ----- -------
20004000    20004000    0000da78   0000da78    r-x
  20004000    20004000    00000400   00000400    r-- .intvecs
  20004400    20004400    0000c8d4   0000c8d4    r-x .text
  20010cd4    20010cd4    00000cec   00000cec    r-- .const
  200119c0    200119c0    000000b8   000000b8    r-- .cinit
20017000    20017000    00008ffc   00000000    rw-
  20017000    20017000    00008000   00000000    rw- .sysmem
  2001f000    2001f000    00000e9e   00000000    rw- .bss
  2001fea0    2001fea0    0000015c   00000000    rw- .data
2002f000    2002f000    00001000   00000000    rw-
  2002f000    2002f000    00001000   00000000    rw- .stack


SECTION ALLOCATION MAP

 output                                  attributes/
section   page    origin      length       input sections
--------  ----  ----------  ----------   ----------------
.intvecs   0    20004000    00000400     
                  20004000    00000400     startup_ccs.obj (.intvecs)

.init_array 
*          0    20004000    00000000     UNINITIALIZED

.text      0    20004400    0000c8d4     
                  20004400    000021a8     main.obj (.text)
                  200065a8    00000ecc     network_utils.obj (.text)
                  20007474    00000b84     Adafruit_GFX.obj (.text)
                  20007ff8    00000a4e     rtsv7M4_T_le_eabi.lib : _printfi.c.obj (.text:__TI_printfi)
                  20008a46    00000002     driverlib.a : interrupt.obj (.text:IntDefaultHandler)
                  20008a48    00000590     simplelink.a : driver.obj (.text:_SlDrvMsgRead)
                  20008fd8    0000049e     Adafruit_OLED.obj (.text)
                  20009476    00000002     rtsv7M4_T_le_eabi.lib : _lock.c.obj (.text:_nop)
                  20009478    00000398     gpio_if.obj (.text)
                  20009810    00000334     gpio.obj (.text)
                  20009b44    000002a0     i2c_if.obj (.text)
                  20009de4    00000280     simplelink.a : wlan.obj (.text:sl_WlanConnect)
                  2000a064    0000027c     uart_if.obj (.text)
                  2000a2e0    00000270     systick_if.obj (.text)
                  2000a550    00000268     rtsv7M4_T_le_eabi.lib : _printfi.c.obj (.text:_pconv_a)
                  2000a7b8    00000248     simplelink.a : driver.obj (.text:_SlDrvRxHdrRead)
                  2000aa00    000001e4                  : driver.obj (.text:_SlDrvDataReadOp)
                  2000abe4    000001d0                  : driver.obj (.text:_SlDrvReleasePoolObj)
                  2000adb4    000001cc     rtsv7M4_T_le_eabi.lib : _printfi.c.obj (.text:_pconv_g)
                  2000af80    000001b6                           : fd_add_t2.asm.obj (.text)
                  2000b136    00000002                           : div0.asm.obj (.text)
                  2000b138    000001b4     simplelink.a : driver.obj (.text:_SlDrvDriverCBInit)
                  2000b2ec    0000019c                  : driver.obj (.text:_SlDrvMsgWrite)
                  2000b488    00000198     timer_if.obj (.text)
                  2000b620    00000190     simplelink.a : driver.obj (.text:_SlDrvWaitForPoolObj)
                  2000b7b0    0000018c                  : socket.obj (.text:sl_Connect)
                  2000b93c    00000178     driverlib.a : prcm.obj (.text:PRCMCC3200MCUInit)
                  2000bab4    00000170     simplelink.a : driver.obj (.text:_SlFindAndSetActiveObj)
                  2000bc24    00000150                  : driver.obj (.text:_SlDrvDataWriteOp)
                  2000bd74    00000148                  : cc_pal.obj (.text:spi_Open)
                  2000bebc    00000144                  : driver.obj (.text:_SlDrvMsgReadCmdCtx)
                  2000c000    00000144                  : netapp.obj (.text:sl_NetAppDnsGetHostByName)
                  2000c144    0000013c     rtsv7M4_T_le_eabi.lib : _printfi.c.obj (.text:_pconv_e)
                  2000c280    00000136                           : fd_div_t2.asm.obj (.text)
                  2000c3b6    00000002     --HOLE-- [fill = 0]
                  2000c3b8    00000134     simplelink.a : socket.obj (.text:sl_Send)
                  2000c4ec    00000130                  : driver.obj (.text:_SlDrvDriverCBDeinit)
                  2000c61c    00000130     rtsv7M4_T_le_eabi.lib : strtol.c.obj (.text:strtol)
                  2000c74c    00000120                           : _printfi.c.obj (.text:fcvt)
                  2000c86c    00000110                           : strtoul.c.obj (.text:strtoul)
                  2000c97c    00000108     pinmux.obj (.text)
                  2000ca84    00000104     simplelink.a : netapp.obj (.text:_SlDrvNetAppEventHandler)
                  2000cb88    00000100     rtsv7M4_T_le_eabi.lib : memory.c.obj (.text:aligned_alloc)
                  2000cc88    000000fc                           : fd_mul_t2.asm.obj (.text)
                  2000cd84    000000f0     simplelink.a : device.obj (.text:sl_Stop)
                  2000ce74    000000f0                  : cc_pal.obj (.text:spi_Read)
                  2000cf64    000000f0     driverlib.a : udma.obj (.text:uDMAChannelTransferSet)
                  2000d054    000000ec     simplelink.a : device.obj (.text:sl_Start)
                  2000d140    000000e8                  : driver.obj (.text:_SlAsyncEventGenericHandler)
                  2000d228    000000e8                  : driver.obj (.text:_SlDrvMsgReadSpawnCtx)
                  2000d310    000000e4     rtsv7M4_T_le_eabi.lib : memory.c.obj (.text:free)
                  2000d3f4    000000e4                           : memory.c.obj (.text:realloc)
                  2000d4d8    000000e4     simplelink.a : netapp.obj (.text:sl_NetAppMDNSRegisterUnregisterService)
                  2000d5bc    000000dc                  : driver.obj (.text:_SlDrvClassifyRxMsg)
                  2000d698    000000d0     rtsv7M4_T_le_eabi.lib : s_scalbn.c.obj (.text:scalbn)
                  2000d768    000000cc     simplelink.a : netapp.obj (.text:_sl_HandleAsync_DnsGetHostByService)
                  2000d834    000000cc                  : device.obj (.text:sl_DevGet)
                  2000d900    000000c4                  : driver.obj (.text:_SlRemoveFromList)
                  2000d9c4    000000c0                  : driver.obj (.text:_SlDrvCmdOp)
                  2000da84    000000b1     rtsv7M4_T_le_eabi.lib : _printfi.c.obj (.text:_ltostr)
                  2000db35    00000003     --HOLE-- [fill = 0]
                  2000db38    000000b0     simplelink.a : nonos.obj (.text:_SlNonOsSemGet)
                  2000dbe8    000000a8     driverlib.a : interrupt.obj (.text:IntDisable)
                  2000dc90    000000a8                 : interrupt.obj (.text:IntEnable)
                  2000dd38    000000a4     simplelink.a : driver.obj (.text:_SlDriverHandleError)
                  2000dddc    000000a0     driverlib.a : spi.obj (.text:SPIConfigSetExpClk)
                  2000de7c    000000a0     simplelink.a : socket.obj (.text:sl_Recv)
                  2000df1c    0000009c     rtsv7M4_T_le_eabi.lib : memcpy_t2.asm.obj (.text)
                  2000dfb8    0000009a     simplelink.a : device.obj (.text:_SlDrvDeviceEventHandler)
                  2000e052    00000002     --HOLE-- [fill = 0]
                  2000e054    00000098                  : device.obj (.text:sl_DevSet)
                  2000e0ec    00000098                  : netcfg.obj (.text:sl_NetCfgSet)
                  2000e184    00000098                  : socket.obj (.text:sl_SetSockOpt)
                  2000e21c    00000098                  : wlan.obj (.text:sl_WlanSet)
                  2000e2b4    00000098                  : cc_pal.obj (.text:spi_Write)
                  2000e34c    00000096     rtsv7M4_T_le_eabi.lib : ull_div_t2.asm.obj (.text)
                  2000e3e2    00000002     --HOLE-- [fill = 0]
                  2000e3e4    00000094     driverlib.a : prcm.obj (.text:PRCMPeripheralClockGet)
                  2000e478    00000090     simplelink.a : netapp.obj (.text:_sl_HandleAsync_DnsGetHostByName)
                  2000e508    00000090                  : netapp.obj (.text:_sl_HandleAsync_PingResponse)
                  2000e598    00000090                  : wlan.obj (.text:sl_WlanPolicySet)
                  2000e628    0000008c                  : cc_pal.obj (.text:SetupDMAReceive)
                  2000e6b4    0000008c                  : cc_pal.obj (.text:SetupDMASend)
                  2000e740    0000008c                  : driver.obj (.text:_SlDrvIsTimeoutExpired)
                  2000e7cc    0000008c                  : device.obj (.text:_sl_HandleAsync_InitComplete)
                  2000e858    0000008c                  : socket.obj (.text:sl_Socket)
                  2000e8e4    00000088     driverlib.a : pin.obj (.text:PinConfigSet)
                  2000e96c    00000086     rtsv7M4_T_le_eabi.lib : fd_cmp_t2.asm.obj (.text:__aeabi_cdcmple)
                  2000e9f2    00000086                           : fd_cmp_t2.asm.obj (.text:__aeabi_cdrcmple)
                  2000ea78    00000084     driverlib.a : i2c.obj (.text:I2CMasterInitExpClk)
                  2000eafc    00000084     simplelink.a : wlan.obj (.text:sl_WlanRxFilterSet)
                  2000eb80    00000080                  : socket.obj (.text:_sl_HandleAsync_Connect)
                  2000ec00    00000080                  : cc_pal.obj (.text:spi_Read_CPU)
                  2000ec80    00000080                  : cc_pal.obj (.text:spi_Write_CPU)
                  2000ed00    0000007a     rtsv7M4_T_le_eabi.lib : memset_t2.asm.obj (.text)
                  2000ed7a    00000002     --HOLE-- [fill = 0]
                  2000ed7c    00000078     simplelink.a : cc_pal.obj (.text:spi_Close)
                  2000edf4    00000076     driverlib.a : uart.obj (.text:UARTConfigSetExpClk)
                  2000ee6a    00000002     --HOLE-- [fill = 0]
                  2000ee6c    00000074     simplelink.a : nonos.obj (.text:_SlNonOsMainLoopTask)
                  2000eee0    00000070     driverlib.a : timer.obj (.text:TimerIntRegister)
                  2000ef50    00000070     rtsv7M4_T_le_eabi.lib : memory.c.obj (.text:split)
                  2000efc0    0000006e                           : _printfi.c.obj (.text:_mcpy)
                  2000f02e    00000002     --HOLE-- [fill = 0]
                  2000f030    0000006c     simplelink.a : driver.obj (.text:_SlDrvCmdSend)
                  2000f09c    0000006c                  : netapp.obj (.text:_sl_NetAppSendTokenValue)
                  2000f108    00000068     driverlib.a : timer.obj (.text:TimerIntUnregister)
                  2000f170    00000068     rtsv7M4_T_le_eabi.lib : copy_decompress_lzss.c.obj (.text:decompress:lzss:__TI_decompress_lzss)
                  2000f1d8    00000064     simplelink.a : nonos.obj (.text:_SlNonOsSpawn)
                  2000f23c    00000064                  : socket.obj (.text:_sl_HandleAsync_Accept)
                  2000f2a0    00000064                  : netapp.obj (.text:sl_NetAppMDNSUnRegisterService)
                  2000f304    00000064     driverlib.a : udma.obj (.text:uDMAChannelAttributeDisable)
                  2000f368    00000064                 : udma.obj (.text:uDMAChannelAttributeEnable)
                  2000f3cc    00000060     simplelink.a : socket.obj (.text:sl_Close)
                  2000f42c    00000060                  : wlan.obj (.text:sl_WlanProfileDel)
                  2000f48c    00000060                  : wlan.obj (.text:sl_WlanSetMode)
                  2000f4ec    0000005c     rtsv7M4_T_le_eabi.lib : s_frexp.c.obj (.text:frexp)
                  2000f548    00000058     driverlib.a : interrupt.obj (.text:IntPendClear)
                  2000f5a0    00000058                 : prcm.obj (.text:PRCMPeripheralReset)
                  2000f5f8    00000056     rtsv7M4_T_le_eabi.lib : _printfi.c.obj (.text:_pconv_f)
                  2000f64e    00000002     --HOLE-- [fill = 0]
                  2000f650    00000054     driverlib.a : interrupt.obj (.text:IntPrioritySet)
                  2000f6a4    00000054     simplelink.a : driver.obj (.text:_SlDrvRxIrqHandler)
                  2000f6f8    00000054     rtsv7M4_T_le_eabi.lib : _ltoa.c.obj (.text:__TI_ltoa)
                  2000f74c    00000054     simplelink.a : socket.obj (.text:_sl_HandleAsync_Select)
                  2000f7a0    00000052     rtsv7M4_T_le_eabi.lib : _printfi.c.obj (.text:_ecpy)
                  2000f7f2    00000002     --HOLE-- [fill = 0]
                  2000f7f4    00000050     simplelink.a : device.obj (.text:_sl_HandleAsync_Stop)
                  2000f844    0000004c     driverlib.a : spi.obj (.text:SPIIntEnable)
                  2000f890    0000004c                 : spi.obj (.text:SPIIntNumberGet)
                  2000f8dc    0000004c     simplelink.a : driver.obj (.text:_SlDrvProtectAsyncRespSetting)
                  2000f928    0000004c                  : socket.obj (.text:_sl_BuildAddress)
                  2000f974    0000004c     rtsv7M4_T_le_eabi.lib : atoi.c.obj (.text:atoi)
                  2000f9c0    0000004c     driverlib.a : udma.obj (.text:uDMAChannelAssign)
                  2000fa0c    00000048                 : spi.obj (.text:SPIIntClear)
                  2000fa54    00000048     simplelink.a : driver.obj (.text:_SlDrvBasicCmd)
                  2000fa9c    00000048     rtsv7M4_T_le_eabi.lib : fd_toi_t2.asm.obj (.text)
                  2000fae4    00000044     driverlib.a : spi.obj (.text:SPIDmaMaskGet)
                  2000fb28    00000044                 : timer.obj (.text:TimerConfigure)
                  2000fb6c    00000044     simplelink.a : driver.obj (.text:_SlDrvHandleHttpServerEvents)
                  2000fbb0    00000044                  : driver.obj (.text:_SlDrvSyncObjWaitTimeout)
                  2000fbf4    00000044     rtsv7M4_T_le_eabi.lib : autoinit.c.obj (.text:__TI_auto_init_nobinit_nopinit:__TI_auto_init_nobinit_nopinit)
                  2000fc38    00000044     simplelink.a : cc_pal.obj (.text:cc_SetupTransfer)
                  2000fc7c    00000042                  : socket.obj (.text:sl_Htonl)
                  2000fcbe    00000002     --HOLE-- [fill = 0]
                  2000fcc0    00000040     driverlib.a : pin.obj (.text:PinModeSet)
                  2000fd00    00000040     simplelink.a : driver.obj (.text:_SlDrvHandleNetAppEvents)
                  2000fd40    00000040                  : driver.obj (.text:_SlDrvHandleWlanEvents)
                  2000fd80    00000040                  : socket.obj (.text:_sl_TruncatePayloadByProtocol)
                  2000fdc0    00000040     rtsv7M4_T_le_eabi.lib : sprintf.c.obj (.text:sprintf)
                  2000fe00    00000040                           : strtok.c.obj (.text:strtok)
                  2000fe40    00000040                           : vsnprintf.c.obj (.text:vsnprintf)
                  2000fe80    0000003e     simplelink.a : cc_pal.obj (.text:NwpRegisterInterruptHandler)
                  2000febe    0000003e     rtsv7M4_T_le_eabi.lib : _printfi.c.obj (.text:_fcpy)
                  2000fefc    0000003c     simplelink.a : netapp.obj (.text:CopyPingResultsToReport)
                  2000ff38    0000003c     driverlib.a : prcm.obj (.text:PRCMPeripheralClkEnable)
                  2000ff74    0000003c     simplelink.a : cc_pal.obj (.text:simplelink_timerA2_start)
                  2000ffb0    0000003c                  : socket.obj (.text:sl_Htons)
                  2000ffec    0000003c     driverlib.a : udma.obj (.text:uDMAChannelControlSet)
                  20010028    00000038     simplelink.a : cc_pal.obj (.text:NwpPowerOff)
                  20010060    00000038                  : wlan.obj (.text:sl_WlanDisconnect)
                  20010098    00000034     driverlib.a : prcm.obj (.text:PRCMPeripheralStatusGet)
                  200100cc    00000034                 : spi.obj (.text:SPIFIFOLevelSet)
                  20010100    00000034     rtsv7M4_T_le_eabi.lib : rand.c.obj (.text:rand)
                  20010134    00000030     driverlib.a : pin.obj (.text:PinTypeGPIO)
                  20010164    00000030                 : uart.obj (.text:UARTDisable)
                  20010194    00000030     rtsv7M4_T_le_eabi.lib : vsnprintf.c.obj (.text:_outs)
                  200101c4    0000002e                           : i_tofd_t2.asm.obj (.text)
                  200101f2    0000002e                           : strncat.c.obj (.text:strncat)
                  20010220    0000002c     driverlib.a : i2c.obj (.text:I2CMasterErr)
                  2001024c    0000002c     simplelink.a : cc_pal.obj (.text:NwpPowerOn)
                  20010278    0000002c     driverlib.a : prcm.obj (.text:PRCMSysResetCauseGet)
                  200102a4    0000002c     simplelink.a : driver.obj (.text:_SlDrvObjGlobalLockWaitForever)
                  200102d0    0000002c                  : driver.obj (.text:_SlDrvProtectionObjLockWaitForever)
                  200102fc    0000002a     driverlib.a : timer.obj (.text:TimerLoadSet)
                  20010326    0000002a                 : timer.obj (.text:TimerPrescaleSet)
                  20010350    0000002a     rtsv7M4_T_le_eabi.lib : strspn.c.obj (.text:strspn)
                  2001037a    00000002     --HOLE-- [fill = 0]
                  2001037c    00000028     driverlib.a : interrupt.obj (.text:IntPriorityGroupingSet)
                  200103a4    00000028                 : prcm.obj (.text:PRCMPeripheralClkDisable)
                  200103cc    00000028     simplelink.a : driver.obj (.text:_SlDrvGlobalObjUnLock)
                  200103f4    00000028                  : driver.obj (.text:_SlDrvProtectionObjUnLock)
                  2001041c    00000028                  : driver.obj (.text:_SlDrvSyncObjWaitForever)
                  20010444    00000028     rtsv7M4_T_le_eabi.lib : memory.c.obj (.text:free_list_insert)
                  2001046c    00000028                           : memmov.c.obj (.text:memmove)
                  20010494    00000026     simplelink.a : driver.obj (.text:_SlDrvObjLockWaitForever)
                  200104ba    00000026     network_common.obj (.text)
                  200104e0    00000024     simplelink.a : cc_pal.obj (.text:DmaSpiSwIntHandler)
                  20010504    00000024     driverlib.a : interrupt.obj (.text:IntUnregister)
                  20010528    00000024                 : uart.obj (.text:UARTEnable)
                  2001054c    00000024     rtsv7M4_T_le_eabi.lib : boot_cortex_m.c.obj (.text:_c_int00_noargs:_c_int00_noargs)
                  20010570    00000024                           : strcspn.c.obj (.text:strcspn)
                  20010594    00000022     driverlib.a : i2c.obj (.text:I2CMasterSlaveAddrSet)
                  200105b6    00000022                 : spi.obj (.text:SPIReset)
                  200105d8    00000022                 : spi.obj (.text:SPIWordCountSet)
                  200105fa    00000002     --HOLE-- [fill = 0]
                  200105fc    00000020                 : interrupt.obj (.text:IntRegister)
                  2001061c    00000020     simplelink.a : cc_pal.obj (.text:NwpPrePowerOffTimout0)
                  2001063c    00000020     driverlib.a : spi.obj (.text:SPIDataGet)
                  2001065c    00000020     simplelink.a : cc_pal.obj (.text:TimerGetCurrentTimestamp)
                  2001067c    00000020                  : driver.obj (.text:_SlDrvObjUnLock)
                  2001069c    00000020                  : driver.obj (.text:_SlDrvSyncObjSignal)
                  200106bc    0000001e     driverlib.a : i2c.obj (.text:I2CMasterIntStatusEx)
                  200106da    0000001e                 : spi.obj (.text:SPIDataPut)
                  200106f8    0000001e                 : timer.obj (.text:TimerDisable)
                  20010716    0000001e                 : timer.obj (.text:TimerEnable)
                  20010734    0000001e                 : timer.obj (.text:TimerIntStatus)
                  20010752    0000001e                 : uart.obj (.text:UARTCharPut)
                  20010770    0000001e     simplelink.a : cc_pal.obj (.text:cc_UDMAChannelSelect)
                  2001078e    0000001e     rtsv7M4_T_le_eabi.lib : strcat.c.obj (.text:strcat)
                  200107ac    0000001c     driverlib.a : pin.obj (.text:PinTypeI2C)
                  200107c8    0000001c                 : timer.obj (.text:TimerValueGet)
                  200107e4    0000001c                 : uart.obj (.text:UARTCharGetNonBlocking)
                  20010800    0000001c     simplelink.a : driver.obj (.text:_SlDrvStartMeasureTimeout)
                  2001081c    0000001c     rtsv7M4_T_le_eabi.lib : memory.c.obj (.text:free_list_remove)
                  20010838    0000001c                           : memccpy.c.obj (.text:memccpy)
                  20010854    0000001c     driverlib.a : udma.obj (.text:uDMAChannelEnable)
                  20010870    0000001a                 : pin.obj (.text:PinTypeSPI)
                  2001088a    0000001a                 : pin.obj (.text:PinTypeUART)
                  200108a4    0000001a                 : spi.obj (.text:SPIDmaDisable)
                  200108be    0000001a                 : spi.obj (.text:SPIDmaEnable)
                  200108d8    0000001a                 : spi.obj (.text:SPIFIFODisable)
                  200108f2    0000001a                 : spi.obj (.text:SPIFIFOEnable)
                  2001090c    0000001a                 : spi.obj (.text:SPIIntUnregister)
                  20010926    00000018                 : i2c.obj (.text:I2CMasterIntEnableEx)
                  2001093e    00000018                 : spi.obj (.text:SPICSDisable)
                  20010956    00000018                 : spi.obj (.text:SPICSEnable)
                  2001096e    00000018                 : spi.obj (.text:SPIDisable)
                  20010986    00000018                 : spi.obj (.text:SPIEnable)
                  2001099e    00000002     --HOLE-- [fill = 0]
                  200109a0    00000018                 : systick.obj (.text:SysTickPeriodSet)
                  200109b8    00000018                 : timer.obj (.text:TimerIntDisable)
                  200109d0    00000018                 : timer.obj (.text:TimerIntEnable)
                  200109e8    00000018                 : uart.obj (.text:UARTCharsAvail)
                  20010a00    00000018                 : uart.obj (.text:UARTSpaceAvail)
                  20010a18    00000018     simplelink.a : nonos.obj (.text:_SlNonOsSemSet)
                  20010a30    00000018     rtsv7M4_T_le_eabi.lib : vsnprintf.c.obj (.text:_outc)
                  20010a48    00000018                           : sprintf.c.obj (.text:_outs)
                  20010a60    00000018     simplelink.a : device.obj (.text:_sl_GetStartResponseConvert)
                  20010a78    00000018     rtsv7M4_T_le_eabi.lib : strcmp.c.obj (.text:strcmp)
                  20010a90    00000016     driverlib.a : i2c.obj (.text:I2CMasterDataPut)
                  20010aa6    00000016                 : i2c.obj (.text:I2CMasterEnable)
                  20010abc    00000016                 : i2c.obj (.text:I2CMasterIntClear)
                  20010ad2    00000016                 : prcm.obj (.text:PRCMHIBRegRead)
                  20010ae8    00000016                 : prcm.obj (.text:PRCMHIBRegWrite)
                  20010afe    00000016                 : uart.obj (.text:UARTCharGet)
                  20010b14    00000016     simplelink.a : driver.obj (.text:_SlDrvMemZero)
                  20010b2a    00000016     rtsv7M4_T_le_eabi.lib : strchr.c.obj (.text:strchr)
                  20010b40    00000014     driverlib.a : cpu.obj (.text:CPUcpsid)
                  20010b54    00000014                 : cpu.obj (.text:CPUcpsie)
                  20010b68    00000014                 : interrupt.obj (.text:IntVTableBaseSet)
                  20010b7c    00000014     rtsv7M4_T_le_eabi.lib : strcpy.c.obj (.text:strcpy)
                  20010b90    00000014                           : strlen.c.obj (.text:strlen)
                  20010ba4    00000012     driverlib.a : i2c.obj (.text:I2CMasterControl)
                  20010bb6    00000012                 : i2c.obj (.text:I2CMasterTimeoutSet)
                  20010bc8    00000012                 : timer.obj (.text:TimerIntClear)
                  20010bda    00000012     rtsv7M4_T_le_eabi.lib : wcslen.c.obj (.text:wcslen)
                  20010bec    00000010     driverlib.a : systick.obj (.text:SysTickEnable)
                  20010bfc    00000010                 : systick.obj (.text:SysTickIntEnable)
                  20010c0c    00000010     simplelink.a : driver.obj (.text:_SlDrvDispatchHttpServerEvents)
                  20010c1c    0000000e     driverlib.a : i2c.obj (.text:I2CMasterDataGet)
                  20010c2a    0000000e     simplelink.a : driver.obj (.text:_SlDrvResetCmdExt)
                  20010c38    0000000e     rtsv7M4_T_le_eabi.lib : copy_decompress_none.c.obj (.text:decompress:none:__TI_decompress_none)
                  20010c46    0000000e     startup_ccs.obj (.text)
                  20010c54    0000000c     simplelink.a : cc_pal.obj (.text:NwpMaskInterrupt)
                  20010c60    0000000c                  : cc_pal.obj (.text:NwpUnMaskInterrupt)
                  20010c6c    0000000c     driverlib.a : systick.obj (.text:SysTickValueGet)
                  20010c78    0000000c     rtsv7M4_T_le_eabi.lib : s_copysign.c.obj (.text:copysign)
                  20010c84    0000000c                           : copy_zero_init.c.obj (.text:decompress:ZI:__TI_zero_init)
                  20010c90    0000000a     driverlib.a : interrupt.obj (.text:IntMasterDisable)
                  20010c9a    0000000a                 : interrupt.obj (.text:IntMasterEnable)
                  20010ca4    0000000a     rtsv7M4_T_le_eabi.lib : sprintf.c.obj (.text:_outc)
                  20010cae    00000002     --HOLE-- [fill = 0]
                  20010cb0    00000008                           : errno.c.obj (.text:__aeabi_errno_addr)
                  20010cb8    00000008                           : memory.c.obj (.text:malloc)
                  20010cc0    00000006     systick_if.obj (.text:SysCtlDelay)
                  20010cc6    00000006     driverlib.a : utils.obj (.text:UtilsDelay)
                  20010ccc    00000004     rtsv7M4_T_le_eabi.lib : pre_init.c.obj (.text:_system_pre_init)
                  20010cd0    00000004                           : exit.c.obj (.text:abort:abort)

.const     0    20010cd4    00000cec     
                  20010cd4    000004fb     Adafruit_GFX.obj (.const:.string:font)
                  200111cf    00000101     rtsv7M4_T_le_eabi.lib : ctype.c.obj (.const:.string:_ctypes_)
                  200112d0    00000100     main.obj (.const:.string:$P$T2$5)
                  200113d0    00000100     main.obj (.const:.string:$P$T3$6)
                  200114d0    00000100     driverlib.a : pin.obj (.const:g_ulPinToPadMap)
                  200115d0    000000d4                 : interrupt.obj (.const:g_pulRegs)
                  200116a4    000000a8                 : prcm.obj (.const:PRCM_PeriphRegsList)
                  2001174c    0000003c     simplelink.a : driver.obj (.const:OpcodeTranslateTable)
                  20011788    00000038                  : driver.obj (.const:_SlActionLookupTable)
                  200117c0    0000002c     network_utils.obj (.const:$P$T1$2)
                  200117ec    00000024     driverlib.a : spi.obj (.const:g_ppulSPIIntMap)
                  20011810    00000022     network_utils.obj (.const:.string:$P$T0$1)
                  20011832    00000002     --HOLE-- [fill = 0]
                  20011834    00000020     simplelink.a : driver.obj (.const:RxMsgClassLUT)
                  20011854    00000020     driverlib.a : interrupt.obj (.const:g_pulPriority)
                  20011874    00000018                 : interrupt.obj (.const:g_pulDisRegs)
                  2001188c    00000018                 : interrupt.obj (.const:g_pulEnRegs)
                  200118a4    00000018                 : interrupt.obj (.const:g_pulUnpendRegs)
                  200118bc    00000018                 : spi.obj (.const:g_ulSPIDmaMaskMap)
                  200118d4    00000014     simplelink.a : driver.obj (.const:$P$T0$1)
                  200118e8    00000014                  : nonos.obj (.const:$P$T0$1)
                  200118fc    00000014     network_utils.obj (.const:$P$T2$3)
                  20011910    00000010     simplelink.a : socket.obj (.const:.string:_SlPayloadByProtocolLUT)
                  20011920    0000000c     network_utils.obj (.const:$P$T4$5)
                  2001192c    0000000c     network_utils.obj (.const:.string:$P$T3$4)
                  20011938    00000009     main.obj (.const:.string:$P$T0$1)
                  20011941    00000008     simplelink.a : device.obj (.const:StartResponseLUT)
                  20011949    00000001     --HOLE-- [fill = 0]
                  2001194a    00000008     main.obj (.const:fish_colors$3)
                  20011952    00000002     --HOLE-- [fill = 0]
                  20011954    00000008     simplelink.a : driver.obj (.const:g_H2NCnysPattern)
                  2001195c    00000008                  : driver.obj (.const:g_H2NSyncPattern)
                  20011964    00000005     main.obj (.const:.string:$P$T1$4)
                  20011969    00000001     --HOLE-- [fill = 0]
                  2001196a    00000004     simplelink.a : wlan.obj (.const:$P$T0$1)
                  2001196e    00000004                  : socket.obj (.const:$P$T2$3)
                  20011972    00000004                  : device.obj (.const:_SlDeviceGetCmdCtrl)
                  20011976    00000004                  : device.obj (.const:_SlDeviceSetCmdCtrl)
                  2001197a    00000004                  : netapp.obj (.const:_SlGetHostByNameCtrl)
                  2001197e    00000004                  : netapp.obj (.const:_SlNetAppSendTokenValueCmdCtrl)
                  20011982    00000004                  : netcfg.obj (.const:_SlNetCfgSetCmdCtrl)
                  20011986    00000004                  : wlan.obj (.const:_SlPolicySetCmdCtrl)
                  2001198a    00000004                  : wlan.obj (.const:_SlProfileDelCmdCtrl)
                  2001198e    00000004                  : socket.obj (.const:_SlRecvCmdCtrl)
                  20011992    00000004                  : netapp.obj (.const:_SlRegisterServiceCtrl)
                  20011996    00000004                  : wlan.obj (.const:_SlRxFilterSetCmdCtrl)
                  2001199a    00000004                  : socket.obj (.const:_SlSendCmdCtrl)
                  2001199e    00000004                  : socket.obj (.const:_SlSetSockOptCmdCtrl)
                  200119a2    00000004                  : socket.obj (.const:_SlSockCloseCmdCtrl)
                  200119a6    00000004                  : socket.obj (.const:_SlSockSocketCmdCtrl)
                  200119aa    00000004                  : device.obj (.const:_SlStopCmdCtrl)
                  200119ae    00000004                  : wlan.obj (.const:_SlWlanCfgSetCmdCtrl)
                  200119b2    00000004                  : wlan.obj (.const:_SlWlanSetModeCmdCtrl)
                  200119b6    00000002     --HOLE-- [fill = 0]
                  200119b8    00000004                  : driver.obj (.const:httpServer_callbacks)
                  200119bc    00000004                  : driver.obj (.const:netApp_callbacks)

.cinit     0    200119c0    000000b8     
                  200119c0    00000092     (.cinit..data.load) [load image, compression = lzss]
                  20011a52    00000002     --HOLE-- [fill = 0]
                  20011a54    0000000c     (__TI_handler_table)
                  20011a60    00000008     (.cinit..bss.load) [load image, compression = zero_init]
                  20011a68    00000010     (__TI_cinit_table)

.sysmem    0    20017000    00008000     UNINITIALIZED
                  20017000    00000010     rtsv7M4_T_le_eabi.lib : memory.c.obj (.sysmem)
                  20017010    00007ff0     --HOLE--

.bss       0    2001f000    00000e9e     UNINITIALIZED
                  2001f000    000004fc     main.obj (.bss:remoteCodes)
                  2001f4fc    00000200     (.common:DATA1)
                  2001f6fc    00000168     simplelink.a : driver.obj (.bss:g_StatMem)
                  2001f864    00000118     main.obj (.bss:letterArray1)
                  2001f97c    00000118     main.obj (.bss:letterArray2)
                  2001fa94    00000118     main.obj (.bss:letterArray3)
                  2001fbac    00000118     main.obj (.bss:letterArray4)
                  2001fcc4    00000080     main.obj (.bss:UserMessage)
                  2001fd44    00000064     (.common:projectiles)
                  2001fda8    00000050     (.common:g_ucDinDout)
                  2001fdf8    0000002c     (.common:g_time)
                  2001fe24    00000024     (.common:g_ucConnectionSSID)
                  2001fe48    0000001c     main.obj (.bss)
                  2001fe64    00000010     systick_if.obj (.bss)
                  2001fe74    00000008     (.common:g_app_config)
                  2001fe7c    00000008     (.common:g_ucConnectionBSSID)
                  2001fe84    00000004     uart_if.obj (.bss)
                  2001fe88    00000004     (.common:g_Host)
                  2001fe8c    00000004     (.common:g_port)
                  2001fe90    00000004     (.common:g_ulClockRate)
                  2001fe94    00000004     (.common:previousintValue)
                  2001fe98    00000001     (.common:RxIrqCnt)
                  2001fe99    00000001     (.common:g_bDeviceRestartIsRequired)
                  2001fe9a    00000001     (.common:g_cDummy)
                  2001fe9b    00000001     (.common:g_ucLED1Pin)
                  2001fe9c    00000001     (.common:g_ucLED2Pin)
                  2001fe9d    00000001     (.common:g_ucLED3Pin)

.data      0    2001fea0    0000015c     UNINITIALIZED
                  2001fea0    0000003c     simplelink.a : nonos.obj (.data:g__SlNonOsCB)
                  2001fedc    00000024     main.obj (.data)
                  2001ff00    00000020     main.obj (.data:armor)
                  2001ff20    00000020     main.obj (.data:body)
                  2001ff40    00000020     main.obj (.data:mask)
                  2001ff60    00000015     Adafruit_GFX.obj (.data)
                  2001ff75    00000003     --HOLE--
                  2001ff78    00000014     gpio_if.obj (.data:ulReg)
                  2001ff8c    0000000d     simplelink.a : driver.obj (.data)
                  2001ff99    00000003     --HOLE--
                  2001ff9c    0000000c     gpio_if.obj (.data)
                  2001ffa8    0000000c     network_utils.obj (.data)
                  2001ffb4    0000000c     systick_if.obj (.data)
                  2001ffc0    00000009     simplelink.a : cc_pal.obj (.data)
                  2001ffc9    00000003     --HOLE--
                  2001ffcc    00000008     rtsv7M4_T_le_eabi.lib : _lock.c.obj (.data:$O1$$)
                  2001ffd4    00000008                           : memory.c.obj (.data:$O1$$)
                  2001ffdc    00000008     main.obj (.data:clown_1)
                  2001ffe4    00000008     main.obj (.data:clown_2)
                  2001ffec    00000004     rtsv7M4_T_le_eabi.lib : errno.c.obj (.data)
                  2001fff0    00000004                           : rand.c.obj (.data)
                  2001fff4    00000004                           : strtok.c.obj (.data)
                  2001fff8    00000004     simplelink.a : driver.obj (.data:wlan_callbacks)

.stack     0    2002f000    00001000     UNINITIALIZED
                  2002f000    00000004     rtsv7M4_T_le_eabi.lib : boot_cortex_m.c.obj (.stack)
                  2002f004    00000ffc     --HOLE--

__llvm_prf_cnts 
*          0    20017000    00000000     UNINITIALIZED

MODULE SUMMARY

       Module                       code    ro data   rw data
       ------                       ----    -------   -------
    .\
       main.obj                     8616    534       3316   
       Adafruit_GFX.obj             2948    1275      21     
       Adafruit_OLED.obj            1182    0         0      
       startup_ccs.obj              14      1024      0      
       gpio_if.obj                  920     0         35     
       gpio.obj                     820     0         0      
       i2c_if.obj                   672     0         0      
       systick_if.obj               630     0         32     
       uart_if.obj                  636     0         4      
       timer_if.obj                 408     0         0      
       pinmux.obj                   264     0         0      
       network_common.obj           38      0         0      
    +--+----------------------------+-------+---------+---------+
       Total:                       17148   2833      3408   
                                                             
    .\utils\
       network_utils.obj            3788    122       116    
    +--+----------------------------+-------+---------+---------+
       Total:                       3788    122       116    
                                                             
    C:/Users/standard/ti/ccs1250/cc3200-sdk/driverlib/ccs/Release/driverlib.a
       prcm.obj                     852     168       0      
       interrupt.obj                658     316       0      
       spi.obj                      860     60        0      
       udma.obj                     604     0         0      
       pin.obj                      328     256       0      
       timer.obj                    552     0         0      
       i2c.obj                      380     0         0      
       uart.obj                     330     0         0      
       systick.obj                  68      0         0      
       cpu.obj                      40      0         0      
       utils.obj                    6       0         0      
    +--+----------------------------+-------+---------+---------+
       Total:                       4678    800       0      
                                                             
    C:/Users/standard/ti/ccs1250/cc3200-sdk/simplelink/ccs/NON_OS/simplelink.a
       driver.obj                   7906    192       379    
       cc_pal.obj                   1820    0         90     
       socket.obj                   1830    40        0      
       netapp.obj                   1572    12        0      
       wlan.obj                     1316    24        0      
       device.obj                   1230    20        0      
       nonos.obj                    416     20        60     
       netcfg.obj                   152     4         0      
    +--+----------------------------+-------+---------+---------+
       Total:                       16242   312       529    
                                                             
    C:\Users\standard\ti\ccs1250\ccs\tools\compiler\ti-cgt-arm_20.2.7.LTS\lib\rtsv7M4_T_le_eabi.lib
       _printfi.c.obj               4835    0         0      
       memory.c.obj                 900     0         8      
       fd_add_t2.asm.obj            438     0         0      
       fd_div_t2.asm.obj            310     0         0      
       strtol.c.obj                 304     0         0      
       strtoul.c.obj                272     0         0      
       fd_cmp_t2.asm.obj            268     0         0      
       ctype.c.obj                  0       257       0      
       fd_mul_t2.asm.obj            252     0         0      
       s_scalbn.c.obj               208     0         0      
       memcpy_t2.asm.obj            156     0         0      
       ull_div_t2.asm.obj           150     0         0      
       vsnprintf.c.obj              136     0         0      
       memset_t2.asm.obj            122     0         0      
       copy_decompress_lzss.c.obj   104     0         0      
       sprintf.c.obj                98      0         0      
       s_frexp.c.obj                92      0         0      
       _ltoa.c.obj                  84      0         0      
       atoi.c.obj                   76      0         0      
       fd_toi_t2.asm.obj            72      0         0      
       autoinit.c.obj               68      0         0      
       strtok.c.obj                 64      0         4      
       rand.c.obj                   52      0         4      
       i_tofd_t2.asm.obj            46      0         0      
       strncat.c.obj                46      0         0      
       strspn.c.obj                 42      0         0      
       memmov.c.obj                 40      0         0      
       boot_cortex_m.c.obj          36      0         0      
       strcspn.c.obj                36      0         0      
       strcat.c.obj                 30      0         0      
       memccpy.c.obj                28      0         0      
       strcmp.c.obj                 24      0         0      
       strchr.c.obj                 22      0         0      
       strcpy.c.obj                 20      0         0      
       strlen.c.obj                 20      0         0      
       wcslen.c.obj                 18      0         0      
       copy_decompress_none.c.obj   14      0         0      
       copy_zero_init.c.obj         12      0         0      
       errno.c.obj                  8       0         4      
       s_copysign.c.obj             12      0         0      
       _lock.c.obj                  2       0         8      
       exit.c.obj                   4       0         0      
       pre_init.c.obj               4       0         0      
       div0.asm.obj                 2       0         0      
    +--+----------------------------+-------+---------+---------+
       Total:                       9527    257       28     
                                                             
       Heap:                        0       0         32768  
       Stack:                       0       0         4096   
       Linker Generated:            0       182       0      
    +--+----------------------------+-------+---------+---------+
       Grand Total:                 51383   4506      40945  


LINKER GENERATED COPY TABLES

__TI_cinit_table @ 20011a68 records: 2, size/record: 8, table size: 16
	.data: load addr=200119c0, load size=00000092 bytes, run addr=2001fea0, run size=0000015c bytes, compression=lzss
	.bss: load addr=20011a60, load size=00000008 bytes, run addr=2001f000, run size=00000e9e bytes, compression=zero_init


LINKER GENERATED HANDLER TABLE

__TI_handler_table @ 20011a54 records: 3, size/record: 4, table size: 12
	index: 0, handler: __TI_decompress_lzss
	index: 1, handler: __TI_decompress_none
	index: 2, handler: __TI_zero_init


GLOBAL SYMBOLS: SORTED ALPHABETICALLY BY Name 

address   name                                  
-------   ----                                  
20009061  Adafruit_Init                         
20004a83  BinaryToInt                           
20010cd1  C$$EXIT                               
20010b41  CPUcpsid                              
20010b55  CPUcpsie                              
2000a0a5  ClearTerm                             
200048ed  ClockHandler                          
200049a1  ClockInit                             
200091d7  Color565                              
2001f4fc  DATA1                                 
20004401  DisplayBuffer                         
200104e1  DmaSpiSwIntHandler                    
2000a0af  Error                                 
20009adb  GPIODMATriggerDisable                 
20009a83  GPIODMATriggerEnable                  
2000988f  GPIODirModeGet                        
20009859  GPIODirModeSet                        
20004921  GPIOHandler                           
200099ff  GPIOIntClear                          
200099c3  GPIOIntDisable                        
200099a9  GPIOIntEnable                         
20009a13  GPIOIntRegister                       
200099dd  GPIOIntStatus                         
20009943  GPIOIntTypeGet                        
200098c1  GPIOIntTypeSet                        
20009a31  GPIOIntUnregister                     
20009a4b  GPIOPinRead                           
20009a63  GPIOPinWrite                          
20009739  GPIO_IF_ConfigureNIntEnable           
200097c5  GPIO_IF_Get                           
200096f3  GPIO_IF_GetPortNPin                   
200094b5  GPIO_IF_LedConfigure                  
200095a7  GPIO_IF_LedOff                        
200094f3  GPIO_IF_LedOn                         
2000965b  GPIO_IF_LedStatus                     
200096c5  GPIO_IF_LedToggle                     
20009781  GPIO_IF_Set                           
2000a0e7  GetCmd                                
20010ba5  I2CMasterControl                      
20010c1d  I2CMasterDataGet                      
20010a91  I2CMasterDataPut                      
20010aa7  I2CMasterEnable                       
20010221  I2CMasterErr                          
2000ea79  I2CMasterInitExpClk                   
20010abd  I2CMasterIntClear                     
20010927  I2CMasterIntEnableEx                  
200106bd  I2CMasterIntStatusEx                  
20010595  I2CMasterSlaveAddrSet                 
20010bb7  I2CMasterTimeoutSet                   
20009dcf  I2C_IF_Close                          
20009d73  I2C_IF_Open                           
20009c71  I2C_IF_Read                           
20009d2d  I2C_IF_ReadFrom                       
20009bc1  I2C_IF_Write                          
2000a065  InitTerm                              
2000509d  InitUART1                             
2000dbe9  IntDisable                            
2000dc91  IntEnable                             
20010c91  IntMasterDisable                      
20010c9b  IntMasterEnable                       
2000f549  IntPendClear                          
2001037d  IntPriorityGroupingSet                
2000f651  IntPrioritySet                        
200105fd  IntRegister                           
20010505  IntUnregister                         
20010b69  IntVTableBaseSet                      
2000a083  Message                               
20010c55  NwpMaskInterrupt                      
20010029  NwpPowerOff                           
2001024d  NwpPowerOn                            
2001061d  NwpPrePowerOffTimout0                 
2000fe81  NwpRegisterInterruptHandler           
20010c61  NwpUnMaskInterrupt                    
2001174c  OpcodeTranslateTable                  
20007f23  Outstr                                
2000b93d  PRCMCC3200MCUInit                     
20010ad3  PRCMHIBRegRead                        
20010ae9  PRCMHIBRegWrite                       
200103a5  PRCMPeripheralClkDisable              
2000ff39  PRCMPeripheralClkEnable               
2000e3e5  PRCMPeripheralClockGet                
2000f5a1  PRCMPeripheralReset                   
20010099  PRCMPeripheralStatusGet               
20010279  PRCMSysResetCauseGet                  
2000477b  ParseNProcessCmd                      
200047ef  PerformIntTest                        
2000e8e5  PinConfigSet                          
200049cf  PinInit                               
2000fcc1  PinModeSet                            
2000c97d  PinMuxConfig                          
20010135  PinTypeGPIO                           
200107ad  PinTypeI2C                            
20010871  PinTypeSPI                            
2001088b  PinTypeUART                           
20004b6f  PrintBinaryToUART                     
20004449  ProcessReadCommand                    
200044cf  ProcessReadRegCommand                 
2000466b  ProcessWriteCommand                   
20004581  ProcessWriteRegCommand                
2000a225  Report                                
20010c47  ResetISR                              
2001fe98  RxIrqCnt                              
2001093f  SPICSDisable                          
20010957  SPICSEnable                           
2000dddd  SPIConfigSetExpClk                    
2001063d  SPIDataGet                            
200106db  SPIDataPut                            
2001096f  SPIDisable                            
200108a5  SPIDmaDisable                         
200108bf  SPIDmaEnable                          
20010987  SPIEnable                             
200108d9  SPIFIFODisable                        
200108f3  SPIFIFOEnable                         
200100cd  SPIFIFOLevelSet                       
2000fa0d  SPIIntClear                           
2000f845  SPIIntEnable                          
2001090d  SPIIntUnregister                      
200105b7  SPIReset                              
200105d9  SPIWordCountSet                       
2000677d  SimpleLinkGeneralEventHandler         
20006759  SimpleLinkHttpServerCallback          
200066b7  SimpleLinkNetAppEventHandler          
2000679d  SimpleLinkSockEventHandler            
200065a9  SimpleLinkWlanEventHandler            
20010cc1  SysCtlDelay                           
20010bed  SysTickEnable                         
2000a2e1  SysTickHandler                        
2000a36b  SysTickInit                           
20010bfd  SysTickIntEnable                      
200109a1  SysTickPeriodSet                      
20010c6d  SysTickValueGet                       
2000fb29  TimerConfigure                        
200106f9  TimerDisable                          
20010717  TimerEnable                           
2001065d  TimerGetCurrentTimestamp              
20010bc9  TimerIntClear                         
200109b9  TimerIntDisable                       
200109d1  TimerIntEnable                        
2000eee1  TimerIntRegister                      
20010735  TimerIntStatus                        
2000f109  TimerIntUnregister                    
200102fd  TimerLoadSet                          
20010327  TimerPrescaleSet                      
200107c9  TimerValueGet                         
2000b5d1  Timer_IF_DeInit                       
2000b605  Timer_IF_GetCount                     
2000b509  Timer_IF_Init                         
2000b53b  Timer_IF_IntSetup                     
2000b587  Timer_IF_InterruptClear               
2000b5eb  Timer_IF_ReLoad                       
2000b59f  Timer_IF_Start                        
2000b5c1  Timer_IF_Stop                         
2000a18d  TrimSpace                             
20010aff  UARTCharGet                           
200107e5  UARTCharGetNonBlocking                
20010753  UARTCharPut                           
200109e9  UARTCharsAvail                        
2000edf5  UARTConfigSetExpClk                   
20010165  UARTDisable                           
20010529  UARTEnable                            
20005131  UARTReceiveString                     
200050d5  UARTSendString                        
20010a01  UARTSpaceAvail                        
2000a503  UTUtilsDelay                          
2000a4f1  UTUtilsDelayCycles                    
2000a403  UTUtilsGetSysTime                     
2000a4ab  UTUtilsWaitForCount                   
20010cc7  UtilsDelay                            
20011788  _SlActionLookupTable                  
2000dd39  _SlDriverHandleError                  
2000fa55  _SlDrvBasicCmd                        
2000d9c5  _SlDrvCmdOp                           
2000f031  _SlDrvCmdSend                         
2000aa01  _SlDrvDataReadOp                      
2000bc25  _SlDrvDataWriteOp                     
2000dfb9  _SlDrvDeviceEventHandler              
20010c0d  _SlDrvDispatchHttpServerEvents        
2000c4ed  _SlDrvDriverCBDeinit                  
2000b139  _SlDrvDriverCBInit                    
200103cd  _SlDrvGlobalObjUnLock                 
2000fb6d  _SlDrvHandleHttpServerEvents          
2000fd01  _SlDrvHandleNetAppEvents              
2000fd41  _SlDrvHandleWlanEvents                
2000e741  _SlDrvIsTimeoutExpired                
20010b15  _SlDrvMemZero                         
2000d229  _SlDrvMsgReadSpawnCtx                 
2000ca85  _SlDrvNetAppEventHandler              
20010495  _SlDrvObjLockWaitForever              
2001067d  _SlDrvObjUnLock                       
2000f8dd  _SlDrvProtectAsyncRespSetting         
200102d1  _SlDrvProtectionObjLockWaitForever    
200103f5  _SlDrvProtectionObjUnLock             
2000abe5  _SlDrvReleasePoolObj                  
20010c2b  _SlDrvResetCmdExt                     
2000f6a5  _SlDrvRxIrqHandler                    
20010801  _SlDrvStartMeasureTimeout             
2001069d  _SlDrvSyncObjSignal                   
2001041d  _SlDrvSyncObjWaitForever              
2000fbb1  _SlDrvSyncObjWaitTimeout              
2000b621  _SlDrvWaitForPoolObj                  
2001197e  _SlNetAppSendTokenValueCmdCtrl        
2000ee6d  _SlNonOsMainLoopTask                  
2000db39  _SlNonOsSemGet                        
20010a19  _SlNonOsSemSet                        
2000f1d9  _SlNonOsSpawn                         
20030000  __STACK_END                           
00001000  __STACK_SIZE                          
00008000  __SYSMEM_SIZE                         
20011a68  __TI_CINIT_Base                       
20011a78  __TI_CINIT_Limit                      
20011a54  __TI_Handler_Table_Base               
20011a60  __TI_Handler_Table_Limit              
2000fbf5  __TI_auto_init_nobinit_nopinit        
2000f171  __TI_decompress_lzss                  
20010c39  __TI_decompress_none                  
2000f6f9  __TI_ltoa                             
ffffffff  __TI_pprof_out_hndl                   
20007ff9  __TI_printfi                          
ffffffff  __TI_prof_data_size                   
ffffffff  __TI_prof_data_start                  
200119c0  __TI_static_base__                    
20010c85  __TI_zero_init                        
2000e96d  __aeabi_cdcmpeq                       
2000e96d  __aeabi_cdcmple                       
2000e9f3  __aeabi_cdrcmple                      
2000fa9d  __aeabi_d2iz                          
2000af8b  __aeabi_dadd                          
2000c281  __aeabi_ddiv                          
2000cc89  __aeabi_dmul                          
2000af81  __aeabi_dsub                          
20010cb1  __aeabi_errno_addr                    
200101c5  __aeabi_i2d                           
2000b137  __aeabi_idiv0                         
2000b137  __aeabi_ldiv0                         
2000ed01  __aeabi_memclr                        
2000ed01  __aeabi_memclr4                       
2000ed01  __aeabi_memclr8                       
2000df1d  __aeabi_memcpy                        
2000df1d  __aeabi_memcpy4                       
2000df1d  __aeabi_memcpy8                       
2000ed03  __aeabi_memset                        
2000ed03  __aeabi_memset4                       
2000ed03  __aeabi_memset8                       
2000e34d  __aeabi_uldivmod                      
ffffffff  __binit__                             
ffffffff  __c_args__                            
UNDEFED   __mpu_init                            
2002f000  __stack                               
20017000  __start___llvm_prf_cnts               
20017000  __stop___llvm_prf_cnts                
2001054d  _c_int00_noargs                       
200111cf  _ctypes_                              
2001ffcc  _lock                                 
20009477  _nop                                  
2000f23d  _sl_HandleAsync_Accept                
2000eb81  _sl_HandleAsync_Connect               
2000e479  _sl_HandleAsync_DnsGetHostByName      
2000d769  _sl_HandleAsync_DnsGetHostByService   
2000e7cd  _sl_HandleAsync_InitComplete          
2000e509  _sl_HandleAsync_PingResponse          
2000f74d  _sl_HandleAsync_Select                
2000f7f5  _sl_HandleAsync_Stop                  
2000f09d  _sl_NetAppSendTokenValue              
20017000  _sys_memory                           
UNDEFED   _system_post_cinit                    
20010ccd  _system_pre_init                      
2001ffd0  _unlock                               
20010cd1  abort                                 
2000cb89  aligned_alloc                         
2000f975  atoi                                  
ffffffff  binit                                 
2000714d  connectToAccessPoint                  
20004b11  convertToInt                          
20004b81  convertToString                       
20010c79  copysign                              
20010c79  copysignl                             
2001ff60  cursor_x                              
2001ff64  cursor_y                              
200074bf  drawBitmap                            
20004fb1  drawBitmap1                           
20007dd7  drawChar                              
20007579  drawCircle                            
200076ad  drawCircleHelper                      
20009381  drawFastHLine                         
200092e5  drawFastVLine                         
200078f3  drawLine                              
2000941d  drawPixel                             
200079df  drawRect                              
20007a2d  drawRoundRect                         
20007b95  drawTriangle                          
2001ffec  errno                                 
200077cb  fillCircle                            
20007805  fillCircleHelper                      
2000922f  fillRect                              
20007b1b  fillRoundRect                         
20009219  fillScreen                            
20007bd7  fillTriangle                          
2000d311  free                                  
2000f4ed  frexp                                 
2000f4ed  frexpl                                
2001fe88  g_Host                                
2001ff8c  g_SlDeviceStatus                      
2001ffc0  g_SpiFd                               
2001fea0  g__SlNonOsCB                          
2001fe74  g_app_config                          
2001fe99  g_bDeviceRestartIsRequired            
2001fe9a  g_cDummy                              
2001ff90  g_pCB                                 
2001ffc4  g_pHostIntHdl                         
20004000  g_pfnVectors                          
2001fe8c  g_port                                
2001fdf8  g_time                                
2001fe7c  g_ucConnectionBSSID                   
2001fe24  g_ucConnectionSSID                    
2001ffc8  g_ucDMAEnabled                        
2001fda8  g_ucDinDout                           
2001fe9b  g_ucLED1Pin                           
2001fe9c  g_ucLED2Pin                           
2001fe9d  g_ucLED3Pin                           
2001ff9c  g_uiLED1Port                          
2001ffa0  g_uiLED2Port                          
2001ffa4  g_uiLED3Port                          
2001fe90  g_ulClockRate                         
2001ffb0  g_ulGatewayIP                         
2001ffac  g_ulPingPacketsRecv                   
2001ffa8  g_ulStatus                            
20009193  goTo                                  
20007fd7  height                                
2000945b  invert                                
2000d699  ldexp                                 
2000d699  ldexpl                                
20004d51  letterConversion                      
2000522d  main                                  
20010cb9  malloc                                
2000cb89  memalign                              
20010839  memccpy                               
2000df1d  memcpy                                
2001046d  memmove                               
2000ed09  memset                                
2001ff94  pPingCallBackFunc                     
20004a19  prepareArray                          
2001fe94  previousintValue                      
2001fd44  projectiles                           
20010101  rand                                  
2000d3f5  realloc                               
2000d699  scalbn                                
2000d699  scalbnl                               
20004bb9  setArray                              
20004c29  setArray1                             
20004c75  setArray2                             
20004cb9  setArray3                             
20004cfd  setArray4                             
20007f6f  setCursor                             
20007fa7  setTextColor                          
20007f87  setTextSize                           
20007fbf  setTextWrap                           
20007475  shiftBackgroundDown                   
2000ff75  simplelink_timerA2_start              
2000f3cd  sl_Close                              
2000b7b1  sl_Connect                            
2000d835  sl_DevGet                             
2000e055  sl_DevSet                             
2000fc7d  sl_Htonl                              
2000ffb1  sl_Htons                              
2000c001  sl_NetAppDnsGetHostByName             
2000d4d9  sl_NetAppMDNSRegisterUnregisterService
2000f2a1  sl_NetAppMDNSUnRegisterService        
2000e0ed  sl_NetCfgSet                          
200104bb  sl_Provisioning_HttpServerEventHdl    
200104c9  sl_Provisioning_NetAppEventHdl        
200104d5  sl_Provisioning_WlanEventHdl          
2000de7d  sl_Recv                               
2000c3b9  sl_Send                               
2000e185  sl_SetSockOpt                         
2000e859  sl_Socket                             
2000d055  sl_Start                              
2000cd85  sl_Stop                               
20009de5  sl_WlanConnect                        
20010061  sl_WlanDisconnect                     
2000e599  sl_WlanPolicySet                      
2000f42d  sl_WlanProfileDel                     
2000eafd  sl_WlanRxFilterSet                    
2000e21d  sl_WlanSet                            
2000f48d  sl_WlanSetMode                        
2000ed7d  spi_Close                             
2000bd75  spi_Open                              
2000ce75  spi_Read                              
2000e2b5  spi_Write                             
2000fdc1  sprintf                               
2001078f  strcat                                
20010b2b  strchr                                
20010a79  strcmp                                
20010b7d  strcpy                                
20010571  strcspn                               
20010b91  strlen                                
200101f3  strncat                               
20010351  strspn                                
2000fe01  strtok                                
2000c61d  strtol                                
2000c86d  strtoul                               
2001ff70  textbgcolor                           
2001ff6c  textcolor                             
2001ff68  textsize                              
20006f6d  tls_connect                           
2000f9c1  uDMAChannelAssign                     
2000f305  uDMAChannelAttributeDisable           
2000f369  uDMAChannelAttributeEnable            
2000ffed  uDMAChannelControlSet                 
20010855  uDMAChannelEnable                     
2000cf65  uDMAChannelTransferSet                
2000fe41  vsnprintf                             
20010bdb  wcslen                                
20007fd3  width                                 
2001ff74  wrap                                  
20008fd9  writeCommand                          
2000901d  writeData                             


GLOBAL SYMBOLS: SORTED BY Symbol Address 

address   name                                  
-------   ----                                  
00001000  __STACK_SIZE                          
00008000  __SYSMEM_SIZE                         
20004000  g_pfnVectors                          
20004401  DisplayBuffer                         
20004449  ProcessReadCommand                    
200044cf  ProcessReadRegCommand                 
20004581  ProcessWriteRegCommand                
2000466b  ProcessWriteCommand                   
2000477b  ParseNProcessCmd                      
200047ef  PerformIntTest                        
200048ed  ClockHandler                          
20004921  GPIOHandler                           
200049a1  ClockInit                             
200049cf  PinInit                               
20004a19  prepareArray                          
20004a83  BinaryToInt                           
20004b11  convertToInt                          
20004b6f  PrintBinaryToUART                     
20004b81  convertToString                       
20004bb9  setArray                              
20004c29  setArray1                             
20004c75  setArray2                             
20004cb9  setArray3                             
20004cfd  setArray4                             
20004d51  letterConversion                      
20004fb1  drawBitmap1                           
2000509d  InitUART1                             
200050d5  UARTSendString                        
20005131  UARTReceiveString                     
2000522d  main                                  
200065a9  SimpleLinkWlanEventHandler            
200066b7  SimpleLinkNetAppEventHandler          
20006759  SimpleLinkHttpServerCallback          
2000677d  SimpleLinkGeneralEventHandler         
2000679d  SimpleLinkSockEventHandler            
20006f6d  tls_connect                           
2000714d  connectToAccessPoint                  
20007475  shiftBackgroundDown                   
200074bf  drawBitmap                            
20007579  drawCircle                            
200076ad  drawCircleHelper                      
200077cb  fillCircle                            
20007805  fillCircleHelper                      
200078f3  drawLine                              
200079df  drawRect                              
20007a2d  drawRoundRect                         
20007b1b  fillRoundRect                         
20007b95  drawTriangle                          
20007bd7  fillTriangle                          
20007dd7  drawChar                              
20007f23  Outstr                                
20007f6f  setCursor                             
20007f87  setTextSize                           
20007fa7  setTextColor                          
20007fbf  setTextWrap                           
20007fd3  width                                 
20007fd7  height                                
20007ff9  __TI_printfi                          
20008fd9  writeCommand                          
2000901d  writeData                             
20009061  Adafruit_Init                         
20009193  goTo                                  
200091d7  Color565                              
20009219  fillScreen                            
2000922f  fillRect                              
200092e5  drawFastVLine                         
20009381  drawFastHLine                         
2000941d  drawPixel                             
2000945b  invert                                
20009477  _nop                                  
200094b5  GPIO_IF_LedConfigure                  
200094f3  GPIO_IF_LedOn                         
200095a7  GPIO_IF_LedOff                        
2000965b  GPIO_IF_LedStatus                     
200096c5  GPIO_IF_LedToggle                     
200096f3  GPIO_IF_GetPortNPin                   
20009739  GPIO_IF_ConfigureNIntEnable           
20009781  GPIO_IF_Set                           
200097c5  GPIO_IF_Get                           
20009859  GPIODirModeSet                        
2000988f  GPIODirModeGet                        
200098c1  GPIOIntTypeSet                        
20009943  GPIOIntTypeGet                        
200099a9  GPIOIntEnable                         
200099c3  GPIOIntDisable                        
200099dd  GPIOIntStatus                         
200099ff  GPIOIntClear                          
20009a13  GPIOIntRegister                       
20009a31  GPIOIntUnregister                     
20009a4b  GPIOPinRead                           
20009a63  GPIOPinWrite                          
20009a83  GPIODMATriggerEnable                  
20009adb  GPIODMATriggerDisable                 
20009bc1  I2C_IF_Write                          
20009c71  I2C_IF_Read                           
20009d2d  I2C_IF_ReadFrom                       
20009d73  I2C_IF_Open                           
20009dcf  I2C_IF_Close                          
20009de5  sl_WlanConnect                        
2000a065  InitTerm                              
2000a083  Message                               
2000a0a5  ClearTerm                             
2000a0af  Error                                 
2000a0e7  GetCmd                                
2000a18d  TrimSpace                             
2000a225  Report                                
2000a2e1  SysTickHandler                        
2000a36b  SysTickInit                           
2000a403  UTUtilsGetSysTime                     
2000a4ab  UTUtilsWaitForCount                   
2000a4f1  UTUtilsDelayCycles                    
2000a503  UTUtilsDelay                          
2000aa01  _SlDrvDataReadOp                      
2000abe5  _SlDrvReleasePoolObj                  
2000af81  __aeabi_dsub                          
2000af8b  __aeabi_dadd                          
2000b137  __aeabi_idiv0                         
2000b137  __aeabi_ldiv0                         
2000b139  _SlDrvDriverCBInit                    
2000b509  Timer_IF_Init                         
2000b53b  Timer_IF_IntSetup                     
2000b587  Timer_IF_InterruptClear               
2000b59f  Timer_IF_Start                        
2000b5c1  Timer_IF_Stop                         
2000b5d1  Timer_IF_DeInit                       
2000b5eb  Timer_IF_ReLoad                       
2000b605  Timer_IF_GetCount                     
2000b621  _SlDrvWaitForPoolObj                  
2000b7b1  sl_Connect                            
2000b93d  PRCMCC3200MCUInit                     
2000bc25  _SlDrvDataWriteOp                     
2000bd75  spi_Open                              
2000c001  sl_NetAppDnsGetHostByName             
2000c281  __aeabi_ddiv                          
2000c3b9  sl_Send                               
2000c4ed  _SlDrvDriverCBDeinit                  
2000c61d  strtol                                
2000c86d  strtoul                               
2000c97d  PinMuxConfig                          
2000ca85  _SlDrvNetAppEventHandler              
2000cb89  aligned_alloc                         
2000cb89  memalign                              
2000cc89  __aeabi_dmul                          
2000cd85  sl_Stop                               
2000ce75  spi_Read                              
2000cf65  uDMAChannelTransferSet                
2000d055  sl_Start                              
2000d229  _SlDrvMsgReadSpawnCtx                 
2000d311  free                                  
2000d3f5  realloc                               
2000d4d9  sl_NetAppMDNSRegisterUnregisterService
2000d699  ldexp                                 
2000d699  ldexpl                                
2000d699  scalbn                                
2000d699  scalbnl                               
2000d769  _sl_HandleAsync_DnsGetHostByService   
2000d835  sl_DevGet                             
2000d9c5  _SlDrvCmdOp                           
2000db39  _SlNonOsSemGet                        
2000dbe9  IntDisable                            
2000dc91  IntEnable                             
2000dd39  _SlDriverHandleError                  
2000dddd  SPIConfigSetExpClk                    
2000de7d  sl_Recv                               
2000df1d  __aeabi_memcpy                        
2000df1d  __aeabi_memcpy4                       
2000df1d  __aeabi_memcpy8                       
2000df1d  memcpy                                
2000dfb9  _SlDrvDeviceEventHandler              
2000e055  sl_DevSet                             
2000e0ed  sl_NetCfgSet                          
2000e185  sl_SetSockOpt                         
2000e21d  sl_WlanSet                            
2000e2b5  spi_Write                             
2000e34d  __aeabi_uldivmod                      
2000e3e5  PRCMPeripheralClockGet                
2000e479  _sl_HandleAsync_DnsGetHostByName      
2000e509  _sl_HandleAsync_PingResponse          
2000e599  sl_WlanPolicySet                      
2000e741  _SlDrvIsTimeoutExpired                
2000e7cd  _sl_HandleAsync_InitComplete          
2000e859  sl_Socket                             
2000e8e5  PinConfigSet                          
2000e96d  __aeabi_cdcmpeq                       
2000e96d  __aeabi_cdcmple                       
2000e9f3  __aeabi_cdrcmple                      
2000ea79  I2CMasterInitExpClk                   
2000eafd  sl_WlanRxFilterSet                    
2000eb81  _sl_HandleAsync_Connect               
2000ed01  __aeabi_memclr                        
2000ed01  __aeabi_memclr4                       
2000ed01  __aeabi_memclr8                       
2000ed03  __aeabi_memset                        
2000ed03  __aeabi_memset4                       
2000ed03  __aeabi_memset8                       
2000ed09  memset                                
2000ed7d  spi_Close                             
2000edf5  UARTConfigSetExpClk                   
2000ee6d  _SlNonOsMainLoopTask                  
2000eee1  TimerIntRegister                      
2000f031  _SlDrvCmdSend                         
2000f09d  _sl_NetAppSendTokenValue              
2000f109  TimerIntUnregister                    
2000f171  __TI_decompress_lzss                  
2000f1d9  _SlNonOsSpawn                         
2000f23d  _sl_HandleAsync_Accept                
2000f2a1  sl_NetAppMDNSUnRegisterService        
2000f305  uDMAChannelAttributeDisable           
2000f369  uDMAChannelAttributeEnable            
2000f3cd  sl_Close                              
2000f42d  sl_WlanProfileDel                     
2000f48d  sl_WlanSetMode                        
2000f4ed  frexp                                 
2000f4ed  frexpl                                
2000f549  IntPendClear                          
2000f5a1  PRCMPeripheralReset                   
2000f651  IntPrioritySet                        
2000f6a5  _SlDrvRxIrqHandler                    
2000f6f9  __TI_ltoa                             
2000f74d  _sl_HandleAsync_Select                
2000f7f5  _sl_HandleAsync_Stop                  
2000f845  SPIIntEnable                          
2000f8dd  _SlDrvProtectAsyncRespSetting         
2000f975  atoi                                  
2000f9c1  uDMAChannelAssign                     
2000fa0d  SPIIntClear                           
2000fa55  _SlDrvBasicCmd                        
2000fa9d  __aeabi_d2iz                          
2000fb29  TimerConfigure                        
2000fb6d  _SlDrvHandleHttpServerEvents          
2000fbb1  _SlDrvSyncObjWaitTimeout              
2000fbf5  __TI_auto_init_nobinit_nopinit        
2000fc7d  sl_Htonl                              
2000fcc1  PinModeSet                            
2000fd01  _SlDrvHandleNetAppEvents              
2000fd41  _SlDrvHandleWlanEvents                
2000fdc1  sprintf                               
2000fe01  strtok                                
2000fe41  vsnprintf                             
2000fe81  NwpRegisterInterruptHandler           
2000ff39  PRCMPeripheralClkEnable               
2000ff75  simplelink_timerA2_start              
2000ffb1  sl_Htons                              
2000ffed  uDMAChannelControlSet                 
20010029  NwpPowerOff                           
20010061  sl_WlanDisconnect                     
20010099  PRCMPeripheralStatusGet               
200100cd  SPIFIFOLevelSet                       
20010101  rand                                  
20010135  PinTypeGPIO                           
20010165  UARTDisable                           
200101c5  __aeabi_i2d                           
200101f3  strncat                               
20010221  I2CMasterErr                          
2001024d  NwpPowerOn                            
20010279  PRCMSysResetCauseGet                  
200102d1  _SlDrvProtectionObjLockWaitForever    
200102fd  TimerLoadSet                          
20010327  TimerPrescaleSet                      
20010351  strspn                                
2001037d  IntPriorityGroupingSet                
200103a5  PRCMPeripheralClkDisable              
200103cd  _SlDrvGlobalObjUnLock                 
200103f5  _SlDrvProtectionObjUnLock             
2001041d  _SlDrvSyncObjWaitForever              
2001046d  memmove                               
20010495  _SlDrvObjLockWaitForever              
200104bb  sl_Provisioning_HttpServerEventHdl    
200104c9  sl_Provisioning_NetAppEventHdl        
200104d5  sl_Provisioning_WlanEventHdl          
200104e1  DmaSpiSwIntHandler                    
20010505  IntUnregister                         
20010529  UARTEnable                            
2001054d  _c_int00_noargs                       
20010571  strcspn                               
20010595  I2CMasterSlaveAddrSet                 
200105b7  SPIReset                              
200105d9  SPIWordCountSet                       
200105fd  IntRegister                           
2001061d  NwpPrePowerOffTimout0                 
2001063d  SPIDataGet                            
2001065d  TimerGetCurrentTimestamp              
2001067d  _SlDrvObjUnLock                       
2001069d  _SlDrvSyncObjSignal                   
200106bd  I2CMasterIntStatusEx                  
200106db  SPIDataPut                            
200106f9  TimerDisable                          
20010717  TimerEnable                           
20010735  TimerIntStatus                        
20010753  UARTCharPut                           
2001078f  strcat                                
200107ad  PinTypeI2C                            
200107c9  TimerValueGet                         
200107e5  UARTCharGetNonBlocking                
20010801  _SlDrvStartMeasureTimeout             
20010839  memccpy                               
20010855  uDMAChannelEnable                     
20010871  PinTypeSPI                            
2001088b  PinTypeUART                           
200108a5  SPIDmaDisable                         
200108bf  SPIDmaEnable                          
200108d9  SPIFIFODisable                        
200108f3  SPIFIFOEnable                         
2001090d  SPIIntUnregister                      
20010927  I2CMasterIntEnableEx                  
2001093f  SPICSDisable                          
20010957  SPICSEnable                           
2001096f  SPIDisable                            
20010987  SPIEnable                             
200109a1  SysTickPeriodSet                      
200109b9  TimerIntDisable                       
200109d1  TimerIntEnable                        
200109e9  UARTCharsAvail                        
20010a01  UARTSpaceAvail                        
20010a19  _SlNonOsSemSet                        
20010a79  strcmp                                
20010a91  I2CMasterDataPut                      
20010aa7  I2CMasterEnable                       
20010abd  I2CMasterIntClear                     
20010ad3  PRCMHIBRegRead                        
20010ae9  PRCMHIBRegWrite                       
20010aff  UARTCharGet                           
20010b15  _SlDrvMemZero                         
20010b2b  strchr                                
20010b41  CPUcpsid                              
20010b55  CPUcpsie                              
20010b69  IntVTableBaseSet                      
20010b7d  strcpy                                
20010b91  strlen                                
20010ba5  I2CMasterControl                      
20010bb7  I2CMasterTimeoutSet                   
20010bc9  TimerIntClear                         
20010bdb  wcslen                                
20010bed  SysTickEnable                         
20010bfd  SysTickIntEnable                      
20010c0d  _SlDrvDispatchHttpServerEvents        
20010c1d  I2CMasterDataGet                      
20010c2b  _SlDrvResetCmdExt                     
20010c39  __TI_decompress_none                  
20010c47  ResetISR                              
20010c55  NwpMaskInterrupt                      
20010c61  NwpUnMaskInterrupt                    
20010c6d  SysTickValueGet                       
20010c79  copysign                              
20010c79  copysignl                             
20010c85  __TI_zero_init                        
20010c91  IntMasterDisable                      
20010c9b  IntMasterEnable                       
20010cb1  __aeabi_errno_addr                    
20010cb9  malloc                                
20010cc1  SysCtlDelay                           
20010cc7  UtilsDelay                            
20010ccd  _system_pre_init                      
20010cd1  C$$EXIT                               
20010cd1  abort                                 
200111cf  _ctypes_                              
2001174c  OpcodeTranslateTable                  
20011788  _SlActionLookupTable                  
2001197e  _SlNetAppSendTokenValueCmdCtrl        
200119c0  __TI_static_base__                    
20011a54  __TI_Handler_Table_Base               
20011a60  __TI_Handler_Table_Limit              
20011a68  __TI_CINIT_Base                       
20011a78  __TI_CINIT_Limit                      
20017000  __start___llvm_prf_cnts               
20017000  __stop___llvm_prf_cnts                
20017000  _sys_memory                           
2001f4fc  DATA1                                 
2001fd44  projectiles                           
2001fda8  g_ucDinDout                           
2001fdf8  g_time                                
2001fe24  g_ucConnectionSSID                    
2001fe74  g_app_config                          
2001fe7c  g_ucConnectionBSSID                   
2001fe88  g_Host                                
2001fe8c  g_port                                
2001fe90  g_ulClockRate                         
2001fe94  previousintValue                      
2001fe98  RxIrqCnt                              
2001fe99  g_bDeviceRestartIsRequired            
2001fe9a  g_cDummy                              
2001fe9b  g_ucLED1Pin                           
2001fe9c  g_ucLED2Pin                           
2001fe9d  g_ucLED3Pin                           
2001fea0  g__SlNonOsCB                          
2001ff60  cursor_x                              
2001ff64  cursor_y                              
2001ff68  textsize                              
2001ff6c  textcolor                             
2001ff70  textbgcolor                           
2001ff74  wrap                                  
2001ff8c  g_SlDeviceStatus                      
2001ff90  g_pCB                                 
2001ff94  pPingCallBackFunc                     
2001ff9c  g_uiLED1Port                          
2001ffa0  g_uiLED2Port                          
2001ffa4  g_uiLED3Port                          
2001ffa8  g_ulStatus                            
2001ffac  g_ulPingPacketsRecv                   
2001ffb0  g_ulGatewayIP                         
2001ffc0  g_SpiFd                               
2001ffc4  g_pHostIntHdl                         
2001ffc8  g_ucDMAEnabled                        
2001ffcc  _lock                                 
2001ffd0  _unlock                               
2001ffec  errno                                 
2002f000  __stack                               
20030000  __STACK_END                           
ffffffff  __TI_pprof_out_hndl                   
ffffffff  __TI_prof_data_size                   
ffffffff  __TI_prof_data_start                  
ffffffff  __binit__                             
ffffffff  __c_args__                            
ffffffff  binit                                 
UNDEFED   __mpu_init                            
UNDEFED   _system_post_cinit                    

[416 symbols]
