******************************************************************************
                  TI ARM Linker PC v20.2.7                     
******************************************************************************
>> Linked Sun Jun  1 17:48:40 2025

OUTPUT FILE NAME:   <aws-rest-api-ssl-demo.out>
ENTRY POINT SYMBOL: "_c_int00_noargs"  address: 20010589


MEMORY CONFIGURATION

         name            origin    length      used     unused   attr    fill
----------------------  --------  ---------  --------  --------  ----  --------
  SRAM_CODE             20004000   00013000  0000dab4  0000554c  RW X
  SRAM_DATA             20017000   00019000  00009ffa  0000f006  RW X


SEGMENT ALLOCATION MAP

run origin  load origin   length   init length attrs members
----------  ----------- ---------- ----------- ----- -------
20004000    20004000    0000dab8   0000dab8    r-x
  20004000    20004000    00000400   00000400    r-- .intvecs
  20004400    20004400    0000c910   0000c910    r-x .text
  20010d10    20010d10    00000cec   00000cec    r-- .const
  20011a00    20011a00    000000b8   000000b8    r-- .cinit
20017000    20017000    00008ffc   00000000    rw-
  20017000    20017000    00008000   00000000    rw- .sysmem
  2001f000    2001f000    00000e9e   00000000    rw- .bss
  2001fea0    2001fea0    0000015c   00000000    rw- .data
2002f000    2002f000    00001000   00000000    rw-
  2002f000    2002f000    00001000   00000000    rw- .stack


SECTION ALLOCATION MAP

 output                                  attributes/
section   page    origin      length       input sections
--------  ----  ----------  ----------   ----------------
.intvecs   0    20004000    00000400     
                  20004000    00000400     startup_ccs.obj (.intvecs)

.init_array 
*          0    20004000    00000000     UNINITIALIZED

.text      0    20004400    0000c910     
                  20004400    000021e4     main.obj (.text)
                  200065e4    00000ecc     network_utils.obj (.text)
                  200074b0    00000b84     Adafruit_GFX.obj (.text)
                  20008034    00000a4e     rtsv7M4_T_le_eabi.lib : _printfi.c.obj (.text:__TI_printfi)
                  20008a82    00000002     driverlib.a : interrupt.obj (.text:IntDefaultHandler)
                  20008a84    00000590     simplelink.a : driver.obj (.text:_SlDrvMsgRead)
                  20009014    0000049e     Adafruit_OLED.obj (.text)
                  200094b2    00000002     rtsv7M4_T_le_eabi.lib : _lock.c.obj (.text:_nop)
                  200094b4    00000398     gpio_if.obj (.text)
                  2000984c    00000334     gpio.obj (.text)
                  20009b80    000002a0     i2c_if.obj (.text)
                  20009e20    00000280     simplelink.a : wlan.obj (.text:sl_WlanConnect)
                  2000a0a0    0000027c     uart_if.obj (.text)
                  2000a31c    00000270     systick_if.obj (.text)
                  2000a58c    00000268     rtsv7M4_T_le_eabi.lib : _printfi.c.obj (.text:_pconv_a)
                  2000a7f4    00000248     simplelink.a : driver.obj (.text:_SlDrvRxHdrRead)
                  2000aa3c    000001e4                  : driver.obj (.text:_SlDrvDataReadOp)
                  2000ac20    000001d0                  : driver.obj (.text:_SlDrvReleasePoolObj)
                  2000adf0    000001cc     rtsv7M4_T_le_eabi.lib : _printfi.c.obj (.text:_pconv_g)
                  2000afbc    000001b6                           : fd_add_t2.asm.obj (.text)
                  2000b172    00000002                           : div0.asm.obj (.text)
                  2000b174    000001b4     simplelink.a : driver.obj (.text:_SlDrvDriverCBInit)
                  2000b328    0000019c                  : driver.obj (.text:_SlDrvMsgWrite)
                  2000b4c4    00000198     timer_if.obj (.text)
                  2000b65c    00000190     simplelink.a : driver.obj (.text:_SlDrvWaitForPoolObj)
                  2000b7ec    0000018c                  : socket.obj (.text:sl_Connect)
                  2000b978    00000178     driverlib.a : prcm.obj (.text:PRCMCC3200MCUInit)
                  2000baf0    00000170     simplelink.a : driver.obj (.text:_SlFindAndSetActiveObj)
                  2000bc60    00000150                  : driver.obj (.text:_SlDrvDataWriteOp)
                  2000bdb0    00000148                  : cc_pal.obj (.text:spi_Open)
                  2000bef8    00000144                  : driver.obj (.text:_SlDrvMsgReadCmdCtx)
                  2000c03c    00000144                  : netapp.obj (.text:sl_NetAppDnsGetHostByName)
                  2000c180    0000013c     rtsv7M4_T_le_eabi.lib : _printfi.c.obj (.text:_pconv_e)
                  2000c2bc    00000136                           : fd_div_t2.asm.obj (.text)
                  2000c3f2    00000002     --HOLE-- [fill = 0]
                  2000c3f4    00000134     simplelink.a : socket.obj (.text:sl_Send)
                  2000c528    00000130                  : driver.obj (.text:_SlDrvDriverCBDeinit)
                  2000c658    00000130     rtsv7M4_T_le_eabi.lib : strtol.c.obj (.text:strtol)
                  2000c788    00000120                           : _printfi.c.obj (.text:fcvt)
                  2000c8a8    00000110                           : strtoul.c.obj (.text:strtoul)
                  2000c9b8    00000108     pinmux.obj (.text)
                  2000cac0    00000104     simplelink.a : netapp.obj (.text:_SlDrvNetAppEventHandler)
                  2000cbc4    00000100     rtsv7M4_T_le_eabi.lib : memory.c.obj (.text:aligned_alloc)
                  2000ccc4    000000fc                           : fd_mul_t2.asm.obj (.text)
                  2000cdc0    000000f0     simplelink.a : device.obj (.text:sl_Stop)
                  2000ceb0    000000f0                  : cc_pal.obj (.text:spi_Read)
                  2000cfa0    000000f0     driverlib.a : udma.obj (.text:uDMAChannelTransferSet)
                  2000d090    000000ec     simplelink.a : device.obj (.text:sl_Start)
                  2000d17c    000000e8                  : driver.obj (.text:_SlAsyncEventGenericHandler)
                  2000d264    000000e8                  : driver.obj (.text:_SlDrvMsgReadSpawnCtx)
                  2000d34c    000000e4     rtsv7M4_T_le_eabi.lib : memory.c.obj (.text:free)
                  2000d430    000000e4                           : memory.c.obj (.text:realloc)
                  2000d514    000000e4     simplelink.a : netapp.obj (.text:sl_NetAppMDNSRegisterUnregisterService)
                  2000d5f8    000000dc                  : driver.obj (.text:_SlDrvClassifyRxMsg)
                  2000d6d4    000000d0     rtsv7M4_T_le_eabi.lib : s_scalbn.c.obj (.text:scalbn)
                  2000d7a4    000000cc     simplelink.a : netapp.obj (.text:_sl_HandleAsync_DnsGetHostByService)
                  2000d870    000000cc                  : device.obj (.text:sl_DevGet)
                  2000d93c    000000c4                  : driver.obj (.text:_SlRemoveFromList)
                  2000da00    000000c0                  : driver.obj (.text:_SlDrvCmdOp)
                  2000dac0    000000b1     rtsv7M4_T_le_eabi.lib : _printfi.c.obj (.text:_ltostr)
                  2000db71    00000003     --HOLE-- [fill = 0]
                  2000db74    000000b0     simplelink.a : nonos.obj (.text:_SlNonOsSemGet)
                  2000dc24    000000a8     driverlib.a : interrupt.obj (.text:IntDisable)
                  2000dccc    000000a8                 : interrupt.obj (.text:IntEnable)
                  2000dd74    000000a4     simplelink.a : driver.obj (.text:_SlDriverHandleError)
                  2000de18    000000a0     driverlib.a : spi.obj (.text:SPIConfigSetExpClk)
                  2000deb8    000000a0     simplelink.a : socket.obj (.text:sl_Recv)
                  2000df58    0000009c     rtsv7M4_T_le_eabi.lib : memcpy_t2.asm.obj (.text)
                  2000dff4    0000009a     simplelink.a : device.obj (.text:_SlDrvDeviceEventHandler)
                  2000e08e    00000002     --HOLE-- [fill = 0]
                  2000e090    00000098                  : device.obj (.text:sl_DevSet)
                  2000e128    00000098                  : netcfg.obj (.text:sl_NetCfgSet)
                  2000e1c0    00000098                  : socket.obj (.text:sl_SetSockOpt)
                  2000e258    00000098                  : wlan.obj (.text:sl_WlanSet)
                  2000e2f0    00000098                  : cc_pal.obj (.text:spi_Write)
                  2000e388    00000096     rtsv7M4_T_le_eabi.lib : ull_div_t2.asm.obj (.text)
                  2000e41e    00000002     --HOLE-- [fill = 0]
                  2000e420    00000094     driverlib.a : prcm.obj (.text:PRCMPeripheralClockGet)
                  2000e4b4    00000090     simplelink.a : netapp.obj (.text:_sl_HandleAsync_DnsGetHostByName)
                  2000e544    00000090                  : netapp.obj (.text:_sl_HandleAsync_PingResponse)
                  2000e5d4    00000090                  : wlan.obj (.text:sl_WlanPolicySet)
                  2000e664    0000008c                  : cc_pal.obj (.text:SetupDMAReceive)
                  2000e6f0    0000008c                  : cc_pal.obj (.text:SetupDMASend)
                  2000e77c    0000008c                  : driver.obj (.text:_SlDrvIsTimeoutExpired)
                  2000e808    0000008c                  : device.obj (.text:_sl_HandleAsync_InitComplete)
                  2000e894    0000008c                  : socket.obj (.text:sl_Socket)
                  2000e920    00000088     driverlib.a : pin.obj (.text:PinConfigSet)
                  2000e9a8    00000086     rtsv7M4_T_le_eabi.lib : fd_cmp_t2.asm.obj (.text:__aeabi_cdcmple)
                  2000ea2e    00000086                           : fd_cmp_t2.asm.obj (.text:__aeabi_cdrcmple)
                  2000eab4    00000084     driverlib.a : i2c.obj (.text:I2CMasterInitExpClk)
                  2000eb38    00000084     simplelink.a : wlan.obj (.text:sl_WlanRxFilterSet)
                  2000ebbc    00000080                  : socket.obj (.text:_sl_HandleAsync_Connect)
                  2000ec3c    00000080                  : cc_pal.obj (.text:spi_Read_CPU)
                  2000ecbc    00000080                  : cc_pal.obj (.text:spi_Write_CPU)
                  2000ed3c    0000007a     rtsv7M4_T_le_eabi.lib : memset_t2.asm.obj (.text)
                  2000edb6    00000002     --HOLE-- [fill = 0]
                  2000edb8    00000078     simplelink.a : cc_pal.obj (.text:spi_Close)
                  2000ee30    00000076     driverlib.a : uart.obj (.text:UARTConfigSetExpClk)
                  2000eea6    00000002     --HOLE-- [fill = 0]
                  2000eea8    00000074     simplelink.a : nonos.obj (.text:_SlNonOsMainLoopTask)
                  2000ef1c    00000070     driverlib.a : timer.obj (.text:TimerIntRegister)
                  2000ef8c    00000070     rtsv7M4_T_le_eabi.lib : memory.c.obj (.text:split)
                  2000effc    0000006e                           : _printfi.c.obj (.text:_mcpy)
                  2000f06a    00000002     --HOLE-- [fill = 0]
                  2000f06c    0000006c     simplelink.a : driver.obj (.text:_SlDrvCmdSend)
                  2000f0d8    0000006c                  : netapp.obj (.text:_sl_NetAppSendTokenValue)
                  2000f144    00000068     driverlib.a : timer.obj (.text:TimerIntUnregister)
                  2000f1ac    00000068     rtsv7M4_T_le_eabi.lib : copy_decompress_lzss.c.obj (.text:decompress:lzss:__TI_decompress_lzss)
                  2000f214    00000064     simplelink.a : nonos.obj (.text:_SlNonOsSpawn)
                  2000f278    00000064                  : socket.obj (.text:_sl_HandleAsync_Accept)
                  2000f2dc    00000064                  : netapp.obj (.text:sl_NetAppMDNSUnRegisterService)
                  2000f340    00000064     driverlib.a : udma.obj (.text:uDMAChannelAttributeDisable)
                  2000f3a4    00000064                 : udma.obj (.text:uDMAChannelAttributeEnable)
                  2000f408    00000060     simplelink.a : socket.obj (.text:sl_Close)
                  2000f468    00000060                  : wlan.obj (.text:sl_WlanProfileDel)
                  2000f4c8    00000060                  : wlan.obj (.text:sl_WlanSetMode)
                  2000f528    0000005c     rtsv7M4_T_le_eabi.lib : s_frexp.c.obj (.text:frexp)
                  2000f584    00000058     driverlib.a : interrupt.obj (.text:IntPendClear)
                  2000f5dc    00000058                 : prcm.obj (.text:PRCMPeripheralReset)
                  2000f634    00000056     rtsv7M4_T_le_eabi.lib : _printfi.c.obj (.text:_pconv_f)
                  2000f68a    00000002     --HOLE-- [fill = 0]
                  2000f68c    00000054     driverlib.a : interrupt.obj (.text:IntPrioritySet)
                  2000f6e0    00000054     simplelink.a : driver.obj (.text:_SlDrvRxIrqHandler)
                  2000f734    00000054     rtsv7M4_T_le_eabi.lib : _ltoa.c.obj (.text:__TI_ltoa)
                  2000f788    00000054     simplelink.a : socket.obj (.text:_sl_HandleAsync_Select)
                  2000f7dc    00000052     rtsv7M4_T_le_eabi.lib : _printfi.c.obj (.text:_ecpy)
                  2000f82e    00000002     --HOLE-- [fill = 0]
                  2000f830    00000050     simplelink.a : device.obj (.text:_sl_HandleAsync_Stop)
                  2000f880    0000004c     driverlib.a : spi.obj (.text:SPIIntEnable)
                  2000f8cc    0000004c                 : spi.obj (.text:SPIIntNumberGet)
                  2000f918    0000004c     simplelink.a : driver.obj (.text:_SlDrvProtectAsyncRespSetting)
                  2000f964    0000004c                  : socket.obj (.text:_sl_BuildAddress)
                  2000f9b0    0000004c     rtsv7M4_T_le_eabi.lib : atoi.c.obj (.text:atoi)
                  2000f9fc    0000004c     driverlib.a : udma.obj (.text:uDMAChannelAssign)
                  2000fa48    00000048                 : spi.obj (.text:SPIIntClear)
                  2000fa90    00000048     simplelink.a : driver.obj (.text:_SlDrvBasicCmd)
                  2000fad8    00000048     rtsv7M4_T_le_eabi.lib : fd_toi_t2.asm.obj (.text)
                  2000fb20    00000044     driverlib.a : spi.obj (.text:SPIDmaMaskGet)
                  2000fb64    00000044                 : timer.obj (.text:TimerConfigure)
                  2000fba8    00000044     simplelink.a : driver.obj (.text:_SlDrvHandleHttpServerEvents)
                  2000fbec    00000044                  : driver.obj (.text:_SlDrvSyncObjWaitTimeout)
                  2000fc30    00000044     rtsv7M4_T_le_eabi.lib : autoinit.c.obj (.text:__TI_auto_init_nobinit_nopinit:__TI_auto_init_nobinit_nopinit)
                  2000fc74    00000044     simplelink.a : cc_pal.obj (.text:cc_SetupTransfer)
                  2000fcb8    00000042                  : socket.obj (.text:sl_Htonl)
                  2000fcfa    00000002     --HOLE-- [fill = 0]
                  2000fcfc    00000040     driverlib.a : pin.obj (.text:PinModeSet)
                  2000fd3c    00000040     simplelink.a : driver.obj (.text:_SlDrvHandleNetAppEvents)
                  2000fd7c    00000040                  : driver.obj (.text:_SlDrvHandleWlanEvents)
                  2000fdbc    00000040                  : socket.obj (.text:_sl_TruncatePayloadByProtocol)
                  2000fdfc    00000040     rtsv7M4_T_le_eabi.lib : sprintf.c.obj (.text:sprintf)
                  2000fe3c    00000040                           : strtok.c.obj (.text:strtok)
                  2000fe7c    00000040                           : vsnprintf.c.obj (.text:vsnprintf)
                  2000febc    0000003e     simplelink.a : cc_pal.obj (.text:NwpRegisterInterruptHandler)
                  2000fefa    0000003e     rtsv7M4_T_le_eabi.lib : _printfi.c.obj (.text:_fcpy)
                  2000ff38    0000003c     simplelink.a : netapp.obj (.text:CopyPingResultsToReport)
                  2000ff74    0000003c     driverlib.a : prcm.obj (.text:PRCMPeripheralClkEnable)
                  2000ffb0    0000003c     simplelink.a : cc_pal.obj (.text:simplelink_timerA2_start)
                  2000ffec    0000003c                  : socket.obj (.text:sl_Htons)
                  20010028    0000003c     driverlib.a : udma.obj (.text:uDMAChannelControlSet)
                  20010064    00000038     simplelink.a : cc_pal.obj (.text:NwpPowerOff)
                  2001009c    00000038                  : wlan.obj (.text:sl_WlanDisconnect)
                  200100d4    00000034     driverlib.a : prcm.obj (.text:PRCMPeripheralStatusGet)
                  20010108    00000034                 : spi.obj (.text:SPIFIFOLevelSet)
                  2001013c    00000034     rtsv7M4_T_le_eabi.lib : rand.c.obj (.text:rand)
                  20010170    00000030     driverlib.a : pin.obj (.text:PinTypeGPIO)
                  200101a0    00000030                 : uart.obj (.text:UARTDisable)
                  200101d0    00000030     rtsv7M4_T_le_eabi.lib : vsnprintf.c.obj (.text:_outs)
                  20010200    0000002e                           : i_tofd_t2.asm.obj (.text)
                  2001022e    0000002e                           : strncat.c.obj (.text:strncat)
                  2001025c    0000002c     driverlib.a : i2c.obj (.text:I2CMasterErr)
                  20010288    0000002c     simplelink.a : cc_pal.obj (.text:NwpPowerOn)
                  200102b4    0000002c     driverlib.a : prcm.obj (.text:PRCMSysResetCauseGet)
                  200102e0    0000002c     simplelink.a : driver.obj (.text:_SlDrvObjGlobalLockWaitForever)
                  2001030c    0000002c                  : driver.obj (.text:_SlDrvProtectionObjLockWaitForever)
                  20010338    0000002a     driverlib.a : timer.obj (.text:TimerLoadSet)
                  20010362    0000002a                 : timer.obj (.text:TimerPrescaleSet)
                  2001038c    0000002a     rtsv7M4_T_le_eabi.lib : strspn.c.obj (.text:strspn)
                  200103b6    00000002     --HOLE-- [fill = 0]
                  200103b8    00000028     driverlib.a : interrupt.obj (.text:IntPriorityGroupingSet)
                  200103e0    00000028                 : prcm.obj (.text:PRCMPeripheralClkDisable)
                  20010408    00000028     simplelink.a : driver.obj (.text:_SlDrvGlobalObjUnLock)
                  20010430    00000028                  : driver.obj (.text:_SlDrvProtectionObjUnLock)
                  20010458    00000028                  : driver.obj (.text:_SlDrvSyncObjWaitForever)
                  20010480    00000028     rtsv7M4_T_le_eabi.lib : memory.c.obj (.text:free_list_insert)
                  200104a8    00000028                           : memmov.c.obj (.text:memmove)
                  200104d0    00000026     simplelink.a : driver.obj (.text:_SlDrvObjLockWaitForever)
                  200104f6    00000026     network_common.obj (.text)
                  2001051c    00000024     simplelink.a : cc_pal.obj (.text:DmaSpiSwIntHandler)
                  20010540    00000024     driverlib.a : interrupt.obj (.text:IntUnregister)
                  20010564    00000024                 : uart.obj (.text:UARTEnable)
                  20010588    00000024     rtsv7M4_T_le_eabi.lib : boot_cortex_m.c.obj (.text:_c_int00_noargs:_c_int00_noargs)
                  200105ac    00000024                           : strcspn.c.obj (.text:strcspn)
                  200105d0    00000022     driverlib.a : i2c.obj (.text:I2CMasterSlaveAddrSet)
                  200105f2    00000022                 : spi.obj (.text:SPIReset)
                  20010614    00000022                 : spi.obj (.text:SPIWordCountSet)
                  20010636    00000002     --HOLE-- [fill = 0]
                  20010638    00000020                 : interrupt.obj (.text:IntRegister)
                  20010658    00000020     simplelink.a : cc_pal.obj (.text:NwpPrePowerOffTimout0)
                  20010678    00000020     driverlib.a : spi.obj (.text:SPIDataGet)
                  20010698    00000020     simplelink.a : cc_pal.obj (.text:TimerGetCurrentTimestamp)
                  200106b8    00000020                  : driver.obj (.text:_SlDrvObjUnLock)
                  200106d8    00000020                  : driver.obj (.text:_SlDrvSyncObjSignal)
                  200106f8    0000001e     driverlib.a : i2c.obj (.text:I2CMasterIntStatusEx)
                  20010716    0000001e                 : spi.obj (.text:SPIDataPut)
                  20010734    0000001e                 : timer.obj (.text:TimerDisable)
                  20010752    0000001e                 : timer.obj (.text:TimerEnable)
                  20010770    0000001e                 : timer.obj (.text:TimerIntStatus)
                  2001078e    0000001e                 : uart.obj (.text:UARTCharPut)
                  200107ac    0000001e     simplelink.a : cc_pal.obj (.text:cc_UDMAChannelSelect)
                  200107ca    0000001e     rtsv7M4_T_le_eabi.lib : strcat.c.obj (.text:strcat)
                  200107e8    0000001c     driverlib.a : pin.obj (.text:PinTypeI2C)
                  20010804    0000001c                 : timer.obj (.text:TimerValueGet)
                  20010820    0000001c                 : uart.obj (.text:UARTCharGetNonBlocking)
                  2001083c    0000001c     simplelink.a : driver.obj (.text:_SlDrvStartMeasureTimeout)
                  20010858    0000001c     rtsv7M4_T_le_eabi.lib : memory.c.obj (.text:free_list_remove)
                  20010874    0000001c                           : memccpy.c.obj (.text:memccpy)
                  20010890    0000001c     driverlib.a : udma.obj (.text:uDMAChannelEnable)
                  200108ac    0000001a                 : pin.obj (.text:PinTypeSPI)
                  200108c6    0000001a                 : pin.obj (.text:PinTypeUART)
                  200108e0    0000001a                 : spi.obj (.text:SPIDmaDisable)
                  200108fa    0000001a                 : spi.obj (.text:SPIDmaEnable)
                  20010914    0000001a                 : spi.obj (.text:SPIFIFODisable)
                  2001092e    0000001a                 : spi.obj (.text:SPIFIFOEnable)
                  20010948    0000001a                 : spi.obj (.text:SPIIntUnregister)
                  20010962    00000018                 : i2c.obj (.text:I2CMasterIntEnableEx)
                  2001097a    00000018                 : spi.obj (.text:SPICSDisable)
                  20010992    00000018                 : spi.obj (.text:SPICSEnable)
                  200109aa    00000018                 : spi.obj (.text:SPIDisable)
                  200109c2    00000018                 : spi.obj (.text:SPIEnable)
                  200109da    00000002     --HOLE-- [fill = 0]
                  200109dc    00000018                 : systick.obj (.text:SysTickPeriodSet)
                  200109f4    00000018                 : timer.obj (.text:TimerIntDisable)
                  20010a0c    00000018                 : timer.obj (.text:TimerIntEnable)
                  20010a24    00000018                 : uart.obj (.text:UARTCharsAvail)
                  20010a3c    00000018                 : uart.obj (.text:UARTSpaceAvail)
                  20010a54    00000018     simplelink.a : nonos.obj (.text:_SlNonOsSemSet)
                  20010a6c    00000018     rtsv7M4_T_le_eabi.lib : vsnprintf.c.obj (.text:_outc)
                  20010a84    00000018                           : sprintf.c.obj (.text:_outs)
                  20010a9c    00000018     simplelink.a : device.obj (.text:_sl_GetStartResponseConvert)
                  20010ab4    00000018     rtsv7M4_T_le_eabi.lib : strcmp.c.obj (.text:strcmp)
                  20010acc    00000016     driverlib.a : i2c.obj (.text:I2CMasterDataPut)
                  20010ae2    00000016                 : i2c.obj (.text:I2CMasterEnable)
                  20010af8    00000016                 : i2c.obj (.text:I2CMasterIntClear)
                  20010b0e    00000016                 : prcm.obj (.text:PRCMHIBRegRead)
                  20010b24    00000016                 : prcm.obj (.text:PRCMHIBRegWrite)
                  20010b3a    00000016                 : uart.obj (.text:UARTCharGet)
                  20010b50    00000016     simplelink.a : driver.obj (.text:_SlDrvMemZero)
                  20010b66    00000016     rtsv7M4_T_le_eabi.lib : strchr.c.obj (.text:strchr)
                  20010b7c    00000014     driverlib.a : cpu.obj (.text:CPUcpsid)
                  20010b90    00000014                 : cpu.obj (.text:CPUcpsie)
                  20010ba4    00000014                 : interrupt.obj (.text:IntVTableBaseSet)
                  20010bb8    00000014     rtsv7M4_T_le_eabi.lib : strcpy.c.obj (.text:strcpy)
                  20010bcc    00000014                           : strlen.c.obj (.text:strlen)
                  20010be0    00000012     driverlib.a : i2c.obj (.text:I2CMasterControl)
                  20010bf2    00000012                 : i2c.obj (.text:I2CMasterTimeoutSet)
                  20010c04    00000012                 : timer.obj (.text:TimerIntClear)
                  20010c16    00000012     rtsv7M4_T_le_eabi.lib : wcslen.c.obj (.text:wcslen)
                  20010c28    00000010     driverlib.a : systick.obj (.text:SysTickEnable)
                  20010c38    00000010                 : systick.obj (.text:SysTickIntEnable)
                  20010c48    00000010     simplelink.a : driver.obj (.text:_SlDrvDispatchHttpServerEvents)
                  20010c58    0000000e     driverlib.a : i2c.obj (.text:I2CMasterDataGet)
                  20010c66    0000000e     simplelink.a : driver.obj (.text:_SlDrvResetCmdExt)
                  20010c74    0000000e     rtsv7M4_T_le_eabi.lib : copy_decompress_none.c.obj (.text:decompress:none:__TI_decompress_none)
                  20010c82    0000000e     startup_ccs.obj (.text)
                  20010c90    0000000c     simplelink.a : cc_pal.obj (.text:NwpMaskInterrupt)
                  20010c9c    0000000c                  : cc_pal.obj (.text:NwpUnMaskInterrupt)
                  20010ca8    0000000c     driverlib.a : systick.obj (.text:SysTickValueGet)
                  20010cb4    0000000c     rtsv7M4_T_le_eabi.lib : s_copysign.c.obj (.text:copysign)
                  20010cc0    0000000c                           : copy_zero_init.c.obj (.text:decompress:ZI:__TI_zero_init)
                  20010ccc    0000000a     driverlib.a : interrupt.obj (.text:IntMasterDisable)
                  20010cd6    0000000a                 : interrupt.obj (.text:IntMasterEnable)
                  20010ce0    0000000a     rtsv7M4_T_le_eabi.lib : sprintf.c.obj (.text:_outc)
                  20010cea    00000002     --HOLE-- [fill = 0]
                  20010cec    00000008                           : errno.c.obj (.text:__aeabi_errno_addr)
                  20010cf4    00000008                           : memory.c.obj (.text:malloc)
                  20010cfc    00000006     systick_if.obj (.text:SysCtlDelay)
                  20010d02    00000006     driverlib.a : utils.obj (.text:UtilsDelay)
                  20010d08    00000004     rtsv7M4_T_le_eabi.lib : pre_init.c.obj (.text:_system_pre_init)
                  20010d0c    00000004                           : exit.c.obj (.text:abort:abort)

.const     0    20010d10    00000cec     
                  20010d10    000004fb     Adafruit_GFX.obj (.const:.string:font)
                  2001120b    00000101     rtsv7M4_T_le_eabi.lib : ctype.c.obj (.const:.string:_ctypes_)
                  2001130c    00000100     main.obj (.const:.string:$P$T2$5)
                  2001140c    00000100     main.obj (.const:.string:$P$T3$6)
                  2001150c    00000100     driverlib.a : pin.obj (.const:g_ulPinToPadMap)
                  2001160c    000000d4                 : interrupt.obj (.const:g_pulRegs)
                  200116e0    000000a8                 : prcm.obj (.const:PRCM_PeriphRegsList)
                  20011788    0000003c     simplelink.a : driver.obj (.const:OpcodeTranslateTable)
                  200117c4    00000038                  : driver.obj (.const:_SlActionLookupTable)
                  200117fc    0000002c     network_utils.obj (.const:$P$T1$2)
                  20011828    00000024     driverlib.a : spi.obj (.const:g_ppulSPIIntMap)
                  2001184c    00000022     network_utils.obj (.const:.string:$P$T0$1)
                  2001186e    00000002     --HOLE-- [fill = 0]
                  20011870    00000020     simplelink.a : driver.obj (.const:RxMsgClassLUT)
                  20011890    00000020     driverlib.a : interrupt.obj (.const:g_pulPriority)
                  200118b0    00000018                 : interrupt.obj (.const:g_pulDisRegs)
                  200118c8    00000018                 : interrupt.obj (.const:g_pulEnRegs)
                  200118e0    00000018                 : interrupt.obj (.const:g_pulUnpendRegs)
                  200118f8    00000018                 : spi.obj (.const:g_ulSPIDmaMaskMap)
                  20011910    00000014     simplelink.a : driver.obj (.const:$P$T0$1)
                  20011924    00000014                  : nonos.obj (.const:$P$T0$1)
                  20011938    00000014     network_utils.obj (.const:$P$T2$3)
                  2001194c    00000010     simplelink.a : socket.obj (.const:.string:_SlPayloadByProtocolLUT)
                  2001195c    0000000c     network_utils.obj (.const:$P$T4$5)
                  20011968    0000000c     network_utils.obj (.const:.string:$P$T3$4)
                  20011974    00000009     main.obj (.const:.string:$P$T0$1)
                  2001197d    00000008     simplelink.a : device.obj (.const:StartResponseLUT)
                  20011985    00000001     --HOLE-- [fill = 0]
                  20011986    00000008     main.obj (.const:fish_colors$3)
                  2001198e    00000002     --HOLE-- [fill = 0]
                  20011990    00000008     simplelink.a : driver.obj (.const:g_H2NCnysPattern)
                  20011998    00000008                  : driver.obj (.const:g_H2NSyncPattern)
                  200119a0    00000005     main.obj (.const:.string:$P$T1$4)
                  200119a5    00000001     --HOLE-- [fill = 0]
                  200119a6    00000004     simplelink.a : wlan.obj (.const:$P$T0$1)
                  200119aa    00000004                  : socket.obj (.const:$P$T2$3)
                  200119ae    00000004                  : device.obj (.const:_SlDeviceGetCmdCtrl)
                  200119b2    00000004                  : device.obj (.const:_SlDeviceSetCmdCtrl)
                  200119b6    00000004                  : netapp.obj (.const:_SlGetHostByNameCtrl)
                  200119ba    00000004                  : netapp.obj (.const:_SlNetAppSendTokenValueCmdCtrl)
                  200119be    00000004                  : netcfg.obj (.const:_SlNetCfgSetCmdCtrl)
                  200119c2    00000004                  : wlan.obj (.const:_SlPolicySetCmdCtrl)
                  200119c6    00000004                  : wlan.obj (.const:_SlProfileDelCmdCtrl)
                  200119ca    00000004                  : socket.obj (.const:_SlRecvCmdCtrl)
                  200119ce    00000004                  : netapp.obj (.const:_SlRegisterServiceCtrl)
                  200119d2    00000004                  : wlan.obj (.const:_SlRxFilterSetCmdCtrl)
                  200119d6    00000004                  : socket.obj (.const:_SlSendCmdCtrl)
                  200119da    00000004                  : socket.obj (.const:_SlSetSockOptCmdCtrl)
                  200119de    00000004                  : socket.obj (.const:_SlSockCloseCmdCtrl)
                  200119e2    00000004                  : socket.obj (.const:_SlSockSocketCmdCtrl)
                  200119e6    00000004                  : device.obj (.const:_SlStopCmdCtrl)
                  200119ea    00000004                  : wlan.obj (.const:_SlWlanCfgSetCmdCtrl)
                  200119ee    00000004                  : wlan.obj (.const:_SlWlanSetModeCmdCtrl)
                  200119f2    00000002     --HOLE-- [fill = 0]
                  200119f4    00000004                  : driver.obj (.const:httpServer_callbacks)
                  200119f8    00000004                  : driver.obj (.const:netApp_callbacks)

.cinit     0    20011a00    000000b8     
                  20011a00    00000092     (.cinit..data.load) [load image, compression = lzss]
                  20011a92    00000002     --HOLE-- [fill = 0]
                  20011a94    0000000c     (__TI_handler_table)
                  20011aa0    00000008     (.cinit..bss.load) [load image, compression = zero_init]
                  20011aa8    00000010     (__TI_cinit_table)

.sysmem    0    20017000    00008000     UNINITIALIZED
                  20017000    00000010     rtsv7M4_T_le_eabi.lib : memory.c.obj (.sysmem)
                  20017010    00007ff0     --HOLE--

.bss       0    2001f000    00000e9e     UNINITIALIZED
                  2001f000    000004fc     main.obj (.bss:remoteCodes)
                  2001f4fc    00000200     (.common:DATA1)
                  2001f6fc    00000168     simplelink.a : driver.obj (.bss:g_StatMem)
                  2001f864    00000118     main.obj (.bss:letterArray1)
                  2001f97c    00000118     main.obj (.bss:letterArray2)
                  2001fa94    00000118     main.obj (.bss:letterArray3)
                  2001fbac    00000118     main.obj (.bss:letterArray4)
                  2001fcc4    00000080     main.obj (.bss:UserMessage)
                  2001fd44    00000064     (.common:projectiles)
                  2001fda8    00000050     (.common:g_ucDinDout)
                  2001fdf8    0000002c     (.common:g_time)
                  2001fe24    00000024     (.common:g_ucConnectionSSID)
                  2001fe48    0000001c     main.obj (.bss)
                  2001fe64    00000010     systick_if.obj (.bss)
                  2001fe74    00000008     (.common:g_app_config)
                  2001fe7c    00000008     (.common:g_ucConnectionBSSID)
                  2001fe84    00000004     uart_if.obj (.bss)
                  2001fe88    00000004     (.common:g_Host)
                  2001fe8c    00000004     (.common:g_port)
                  2001fe90    00000004     (.common:g_ulClockRate)
                  2001fe94    00000004     (.common:previousintValue)
                  2001fe98    00000001     (.common:RxIrqCnt)
                  2001fe99    00000001     (.common:g_bDeviceRestartIsRequired)
                  2001fe9a    00000001     (.common:g_cDummy)
                  2001fe9b    00000001     (.common:g_ucLED1Pin)
                  2001fe9c    00000001     (.common:g_ucLED2Pin)
                  2001fe9d    00000001     (.common:g_ucLED3Pin)

.data      0    2001fea0    0000015c     UNINITIALIZED
                  2001fea0    0000003c     simplelink.a : nonos.obj (.data:g__SlNonOsCB)
                  2001fedc    00000024     main.obj (.data)
                  2001ff00    00000020     main.obj (.data:armor)
                  2001ff20    00000020     main.obj (.data:body)
                  2001ff40    00000020     main.obj (.data:mask)
                  2001ff60    00000015     Adafruit_GFX.obj (.data)
                  2001ff75    00000003     --HOLE--
                  2001ff78    00000014     gpio_if.obj (.data:ulReg)
                  2001ff8c    0000000d     simplelink.a : driver.obj (.data)
                  2001ff99    00000003     --HOLE--
                  2001ff9c    0000000c     gpio_if.obj (.data)
                  2001ffa8    0000000c     network_utils.obj (.data)
                  2001ffb4    0000000c     systick_if.obj (.data)
                  2001ffc0    00000009     simplelink.a : cc_pal.obj (.data)
                  2001ffc9    00000003     --HOLE--
                  2001ffcc    00000008     rtsv7M4_T_le_eabi.lib : _lock.c.obj (.data:$O1$$)
                  2001ffd4    00000008                           : memory.c.obj (.data:$O1$$)
                  2001ffdc    00000008     main.obj (.data:clown_1)
                  2001ffe4    00000008     main.obj (.data:clown_2)
                  2001ffec    00000004     rtsv7M4_T_le_eabi.lib : errno.c.obj (.data)
                  2001fff0    00000004                           : rand.c.obj (.data)
                  2001fff4    00000004                           : strtok.c.obj (.data)
                  2001fff8    00000004     simplelink.a : driver.obj (.data:wlan_callbacks)

.stack     0    2002f000    00001000     UNINITIALIZED
                  2002f000    00000004     rtsv7M4_T_le_eabi.lib : boot_cortex_m.c.obj (.stack)
                  2002f004    00000ffc     --HOLE--

__llvm_prf_cnts 
*          0    20017000    00000000     UNINITIALIZED

MODULE SUMMARY

       Module                       code    ro data   rw data
       ------                       ----    -------   -------
    .\
       main.obj                     8676    534       3316   
       Adafruit_GFX.obj             2948    1275      21     
       Adafruit_OLED.obj            1182    0         0      
       startup_ccs.obj              14      1024      0      
       gpio_if.obj                  920     0         35     
       gpio.obj                     820     0         0      
       i2c_if.obj                   672     0         0      
       systick_if.obj               630     0         32     
       uart_if.obj                  636     0         4      
       timer_if.obj                 408     0         0      
       pinmux.obj                   264     0         0      
       network_common.obj           38      0         0      
    +--+----------------------------+-------+---------+---------+
       Total:                       17208   2833      3408   
                                                             
    .\utils\
       network_utils.obj            3788    122       116    
    +--+----------------------------+-------+---------+---------+
       Total:                       3788    122       116    
                                                             
    C:/Users/standard/ti/ccs1250/cc3200-sdk/driverlib/ccs/Release/driverlib.a
       prcm.obj                     852     168       0      
       interrupt.obj                658     316       0      
       spi.obj                      860     60        0      
       udma.obj                     604     0         0      
       pin.obj                      328     256       0      
       timer.obj                    552     0         0      
       i2c.obj                      380     0         0      
       uart.obj                     330     0         0      
       systick.obj                  68      0         0      
       cpu.obj                      40      0         0      
       utils.obj                    6       0         0      
    +--+----------------------------+-------+---------+---------+
       Total:                       4678    800       0      
                                                             
    C:/Users/standard/ti/ccs1250/cc3200-sdk/simplelink/ccs/NON_OS/simplelink.a
       driver.obj                   7906    192       379    
       cc_pal.obj                   1820    0         90     
       socket.obj                   1830    40        0      
       netapp.obj                   1572    12        0      
       wlan.obj                     1316    24        0      
       device.obj                   1230    20        0      
       nonos.obj                    416     20        60     
       netcfg.obj                   152     4         0      
    +--+----------------------------+-------+---------+---------+
       Total:                       16242   312       529    
                                                             
    C:\Users\standard\ti\ccs1250\ccs\tools\compiler\ti-cgt-arm_20.2.7.LTS\lib\rtsv7M4_T_le_eabi.lib
       _printfi.c.obj               4835    0         0      
       memory.c.obj                 900     0         8      
       fd_add_t2.asm.obj            438     0         0      
       fd_div_t2.asm.obj            310     0         0      
       strtol.c.obj                 304     0         0      
       strtoul.c.obj                272     0         0      
       fd_cmp_t2.asm.obj            268     0         0      
       ctype.c.obj                  0       257       0      
       fd_mul_t2.asm.obj            252     0         0      
       s_scalbn.c.obj               208     0         0      
       memcpy_t2.asm.obj            156     0         0      
       ull_div_t2.asm.obj           150     0         0      
       vsnprintf.c.obj              136     0         0      
       memset_t2.asm.obj            122     0         0      
       copy_decompress_lzss.c.obj   104     0         0      
       sprintf.c.obj                98      0         0      
       s_frexp.c.obj                92      0         0      
       _ltoa.c.obj                  84      0         0      
       atoi.c.obj                   76      0         0      
       fd_toi_t2.asm.obj            72      0         0      
       autoinit.c.obj               68      0         0      
       strtok.c.obj                 64      0         4      
       rand.c.obj                   52      0         4      
       i_tofd_t2.asm.obj            46      0         0      
       strncat.c.obj                46      0         0      
       strspn.c.obj                 42      0         0      
       memmov.c.obj                 40      0         0      
       boot_cortex_m.c.obj          36      0         0      
       strcspn.c.obj                36      0         0      
       strcat.c.obj                 30      0         0      
       memccpy.c.obj                28      0         0      
       strcmp.c.obj                 24      0         0      
       strchr.c.obj                 22      0         0      
       strcpy.c.obj                 20      0         0      
       strlen.c.obj                 20      0         0      
       wcslen.c.obj                 18      0         0      
       copy_decompress_none.c.obj   14      0         0      
       copy_zero_init.c.obj         12      0         0      
       errno.c.obj                  8       0         4      
       s_copysign.c.obj             12      0         0      
       _lock.c.obj                  2       0         8      
       exit.c.obj                   4       0         0      
       pre_init.c.obj               4       0         0      
       div0.asm.obj                 2       0         0      
    +--+----------------------------+-------+---------+---------+
       Total:                       9527    257       28     
                                                             
       Heap:                        0       0         32768  
       Stack:                       0       0         4096   
       Linker Generated:            0       182       0      
    +--+----------------------------+-------+---------+---------+
       Grand Total:                 51443   4506      40945  


LINKER GENERATED COPY TABLES

__TI_cinit_table @ 20011aa8 records: 2, size/record: 8, table size: 16
	.data: load addr=20011a00, load size=00000092 bytes, run addr=2001fea0, run size=0000015c bytes, compression=lzss
	.bss: load addr=20011aa0, load size=00000008 bytes, run addr=2001f000, run size=00000e9e bytes, compression=zero_init


LINKER GENERATED HANDLER TABLE

__TI_handler_table @ 20011a94 records: 3, size/record: 4, table size: 12
	index: 0, handler: __TI_decompress_lzss
	index: 1, handler: __TI_decompress_none
	index: 2, handler: __TI_zero_init


GLOBAL SYMBOLS: SORTED ALPHABETICALLY BY Name 

address   name                                  
-------   ----                                  
2000909d  Adafruit_Init                         
20004a83  BinaryToInt                           
20010d0d  C$$EXIT                               
20010b7d  CPUcpsid                              
20010b91  CPUcpsie                              
2000a0e1  ClearTerm                             
200048ed  ClockHandler                          
200049a1  ClockInit                             
20009213  Color565                              
2001f4fc  DATA1                                 
20004401  DisplayBuffer                         
2001051d  DmaSpiSwIntHandler                    
2000a0eb  Error                                 
20009b17  GPIODMATriggerDisable                 
20009abf  GPIODMATriggerEnable                  
200098cb  GPIODirModeGet                        
20009895  GPIODirModeSet                        
20004921  GPIOHandler                           
20009a3b  GPIOIntClear                          
200099ff  GPIOIntDisable                        
200099e5  GPIOIntEnable                         
20009a4f  GPIOIntRegister                       
20009a19  GPIOIntStatus                         
2000997f  GPIOIntTypeGet                        
200098fd  GPIOIntTypeSet                        
20009a6d  GPIOIntUnregister                     
20009a87  GPIOPinRead                           
20009a9f  GPIOPinWrite                          
20009775  GPIO_IF_ConfigureNIntEnable           
20009801  GPIO_IF_Get                           
2000972f  GPIO_IF_GetPortNPin                   
200094f1  GPIO_IF_LedConfigure                  
200095e3  GPIO_IF_LedOff                        
2000952f  GPIO_IF_LedOn                         
20009697  GPIO_IF_LedStatus                     
20009701  GPIO_IF_LedToggle                     
200097bd  GPIO_IF_Set                           
2000a123  GetCmd                                
20010be1  I2CMasterControl                      
20010c59  I2CMasterDataGet                      
20010acd  I2CMasterDataPut                      
20010ae3  I2CMasterEnable                       
2001025d  I2CMasterErr                          
2000eab5  I2CMasterInitExpClk                   
20010af9  I2CMasterIntClear                     
20010963  I2CMasterIntEnableEx                  
200106f9  I2CMasterIntStatusEx                  
200105d1  I2CMasterSlaveAddrSet                 
20010bf3  I2CMasterTimeoutSet                   
20009e0b  I2C_IF_Close                          
20009daf  I2C_IF_Open                           
20009cad  I2C_IF_Read                           
20009d69  I2C_IF_ReadFrom                       
20009bfd  I2C_IF_Write                          
2000a0a1  InitTerm                              
2000509d  InitUART1                             
2000dc25  IntDisable                            
2000dccd  IntEnable                             
20010ccd  IntMasterDisable                      
20010cd7  IntMasterEnable                       
2000f585  IntPendClear                          
200103b9  IntPriorityGroupingSet                
2000f68d  IntPrioritySet                        
20010639  IntRegister                           
20010541  IntUnregister                         
20010ba5  IntVTableBaseSet                      
2000a0bf  Message                               
20010c91  NwpMaskInterrupt                      
20010065  NwpPowerOff                           
20010289  NwpPowerOn                            
20010659  NwpPrePowerOffTimout0                 
2000febd  NwpRegisterInterruptHandler           
20010c9d  NwpUnMaskInterrupt                    
20011788  OpcodeTranslateTable                  
20007f5f  Outstr                                
2000b979  PRCMCC3200MCUInit                     
20010b0f  PRCMHIBRegRead                        
20010b25  PRCMHIBRegWrite                       
200103e1  PRCMPeripheralClkDisable              
2000ff75  PRCMPeripheralClkEnable               
2000e421  PRCMPeripheralClockGet                
2000f5dd  PRCMPeripheralReset                   
200100d5  PRCMPeripheralStatusGet               
200102b5  PRCMSysResetCauseGet                  
2000477b  ParseNProcessCmd                      
200047ef  PerformIntTest                        
2000e921  PinConfigSet                          
200049cf  PinInit                               
2000fcfd  PinModeSet                            
2000c9b9  PinMuxConfig                          
20010171  PinTypeGPIO                           
200107e9  PinTypeI2C                            
200108ad  PinTypeSPI                            
200108c7  PinTypeUART                           
20004b6f  PrintBinaryToUART                     
20004449  ProcessReadCommand                    
200044cf  ProcessReadRegCommand                 
2000466b  ProcessWriteCommand                   
20004581  ProcessWriteRegCommand                
2000a261  Report                                
20010c83  ResetISR                              
2001fe98  RxIrqCnt                              
2001097b  SPICSDisable                          
20010993  SPICSEnable                           
2000de19  SPIConfigSetExpClk                    
20010679  SPIDataGet                            
20010717  SPIDataPut                            
200109ab  SPIDisable                            
200108e1  SPIDmaDisable                         
200108fb  SPIDmaEnable                          
200109c3  SPIEnable                             
20010915  SPIFIFODisable                        
2001092f  SPIFIFOEnable                         
20010109  SPIFIFOLevelSet                       
2000fa49  SPIIntClear                           
2000f881  SPIIntEnable                          
20010949  SPIIntUnregister                      
200105f3  SPIReset                              
20010615  SPIWordCountSet                       
200067b9  SimpleLinkGeneralEventHandler         
20006795  SimpleLinkHttpServerCallback          
200066f3  SimpleLinkNetAppEventHandler          
200067d9  SimpleLinkSockEventHandler            
200065e5  SimpleLinkWlanEventHandler            
20010cfd  SysCtlDelay                           
20010c29  SysTickEnable                         
2000a31d  SysTickHandler                        
2000a3a7  SysTickInit                           
20010c39  SysTickIntEnable                      
200109dd  SysTickPeriodSet                      
20010ca9  SysTickValueGet                       
2000fb65  TimerConfigure                        
20010735  TimerDisable                          
20010753  TimerEnable                           
20010699  TimerGetCurrentTimestamp              
20010c05  TimerIntClear                         
200109f5  TimerIntDisable                       
20010a0d  TimerIntEnable                        
2000ef1d  TimerIntRegister                      
20010771  TimerIntStatus                        
2000f145  TimerIntUnregister                    
20010339  TimerLoadSet                          
20010363  TimerPrescaleSet                      
20010805  TimerValueGet                         
2000b60d  Timer_IF_DeInit                       
2000b641  Timer_IF_GetCount                     
2000b545  Timer_IF_Init                         
2000b577  Timer_IF_IntSetup                     
2000b5c3  Timer_IF_InterruptClear               
2000b627  Timer_IF_ReLoad                       
2000b5db  Timer_IF_Start                        
2000b5fd  Timer_IF_Stop                         
2000a1c9  TrimSpace                             
20010b3b  UARTCharGet                           
20010821  UARTCharGetNonBlocking                
2001078f  UARTCharPut                           
20010a25  UARTCharsAvail                        
2000ee31  UARTConfigSetExpClk                   
200101a1  UARTDisable                           
20010565  UARTEnable                            
20005131  UARTReceiveString                     
200050d5  UARTSendString                        
20010a3d  UARTSpaceAvail                        
2000a53f  UTUtilsDelay                          
2000a52d  UTUtilsDelayCycles                    
2000a43f  UTUtilsGetSysTime                     
2000a4e7  UTUtilsWaitForCount                   
20010d03  UtilsDelay                            
200117c4  _SlActionLookupTable                  
2000dd75  _SlDriverHandleError                  
2000fa91  _SlDrvBasicCmd                        
2000da01  _SlDrvCmdOp                           
2000f06d  _SlDrvCmdSend                         
2000aa3d  _SlDrvDataReadOp                      
2000bc61  _SlDrvDataWriteOp                     
2000dff5  _SlDrvDeviceEventHandler              
20010c49  _SlDrvDispatchHttpServerEvents        
2000c529  _SlDrvDriverCBDeinit                  
2000b175  _SlDrvDriverCBInit                    
20010409  _SlDrvGlobalObjUnLock                 
2000fba9  _SlDrvHandleHttpServerEvents          
2000fd3d  _SlDrvHandleNetAppEvents              
2000fd7d  _SlDrvHandleWlanEvents                
2000e77d  _SlDrvIsTimeoutExpired                
20010b51  _SlDrvMemZero                         
2000d265  _SlDrvMsgReadSpawnCtx                 
2000cac1  _SlDrvNetAppEventHandler              
200104d1  _SlDrvObjLockWaitForever              
200106b9  _SlDrvObjUnLock                       
2000f919  _SlDrvProtectAsyncRespSetting         
2001030d  _SlDrvProtectionObjLockWaitForever    
20010431  _SlDrvProtectionObjUnLock             
2000ac21  _SlDrvReleasePoolObj                  
20010c67  _SlDrvResetCmdExt                     
2000f6e1  _SlDrvRxIrqHandler                    
2001083d  _SlDrvStartMeasureTimeout             
200106d9  _SlDrvSyncObjSignal                   
20010459  _SlDrvSyncObjWaitForever              
2000fbed  _SlDrvSyncObjWaitTimeout              
2000b65d  _SlDrvWaitForPoolObj                  
200119ba  _SlNetAppSendTokenValueCmdCtrl        
2000eea9  _SlNonOsMainLoopTask                  
2000db75  _SlNonOsSemGet                        
20010a55  _SlNonOsSemSet                        
2000f215  _SlNonOsSpawn                         
20030000  __STACK_END                           
00001000  __STACK_SIZE                          
00008000  __SYSMEM_SIZE                         
20011aa8  __TI_CINIT_Base                       
20011ab8  __TI_CINIT_Limit                      
20011a94  __TI_Handler_Table_Base               
20011aa0  __TI_Handler_Table_Limit              
2000fc31  __TI_auto_init_nobinit_nopinit        
2000f1ad  __TI_decompress_lzss                  
20010c75  __TI_decompress_none                  
2000f735  __TI_ltoa                             
ffffffff  __TI_pprof_out_hndl                   
20008035  __TI_printfi                          
ffffffff  __TI_prof_data_size                   
ffffffff  __TI_prof_data_start                  
20011a00  __TI_static_base__                    
20010cc1  __TI_zero_init                        
2000e9a9  __aeabi_cdcmpeq                       
2000e9a9  __aeabi_cdcmple                       
2000ea2f  __aeabi_cdrcmple                      
2000fad9  __aeabi_d2iz                          
2000afc7  __aeabi_dadd                          
2000c2bd  __aeabi_ddiv                          
2000ccc5  __aeabi_dmul                          
2000afbd  __aeabi_dsub                          
20010ced  __aeabi_errno_addr                    
20010201  __aeabi_i2d                           
2000b173  __aeabi_idiv0                         
2000b173  __aeabi_ldiv0                         
2000ed3d  __aeabi_memclr                        
2000ed3d  __aeabi_memclr4                       
2000ed3d  __aeabi_memclr8                       
2000df59  __aeabi_memcpy                        
2000df59  __aeabi_memcpy4                       
2000df59  __aeabi_memcpy8                       
2000ed3f  __aeabi_memset                        
2000ed3f  __aeabi_memset4                       
2000ed3f  __aeabi_memset8                       
2000e389  __aeabi_uldivmod                      
ffffffff  __binit__                             
ffffffff  __c_args__                            
UNDEFED   __mpu_init                            
2002f000  __stack                               
20017000  __start___llvm_prf_cnts               
20017000  __stop___llvm_prf_cnts                
20010589  _c_int00_noargs                       
2001120b  _ctypes_                              
2001ffcc  _lock                                 
200094b3  _nop                                  
2000f279  _sl_HandleAsync_Accept                
2000ebbd  _sl_HandleAsync_Connect               
2000e4b5  _sl_HandleAsync_DnsGetHostByName      
2000d7a5  _sl_HandleAsync_DnsGetHostByService   
2000e809  _sl_HandleAsync_InitComplete          
2000e545  _sl_HandleAsync_PingResponse          
2000f789  _sl_HandleAsync_Select                
2000f831  _sl_HandleAsync_Stop                  
2000f0d9  _sl_NetAppSendTokenValue              
20017000  _sys_memory                           
UNDEFED   _system_post_cinit                    
20010d09  _system_pre_init                      
2001ffd0  _unlock                               
20010d0d  abort                                 
2000cbc5  aligned_alloc                         
2000f9b1  atoi                                  
ffffffff  binit                                 
20007189  connectToAccessPoint                  
20004b11  convertToInt                          
20004b81  convertToString                       
20010cb5  copysign                              
20010cb5  copysignl                             
2001ff60  cursor_x                              
2001ff64  cursor_y                              
200074fb  drawBitmap                            
20004fb1  drawBitmap1                           
20007e13  drawChar                              
200075b5  drawCircle                            
200076e9  drawCircleHelper                      
200093bd  drawFastHLine                         
20009321  drawFastVLine                         
2000792f  drawLine                              
20009459  drawPixel                             
20007a1b  drawRect                              
20007a69  drawRoundRect                         
20007bd1  drawTriangle                          
2001ffec  errno                                 
20007807  fillCircle                            
20007841  fillCircleHelper                      
2000926b  fillRect                              
20007b57  fillRoundRect                         
20009255  fillScreen                            
20007c13  fillTriangle                          
2000d34d  free                                  
2000f529  frexp                                 
2000f529  frexpl                                
2001fe88  g_Host                                
2001ff8c  g_SlDeviceStatus                      
2001ffc0  g_SpiFd                               
2001fea0  g__SlNonOsCB                          
2001fe74  g_app_config                          
2001fe99  g_bDeviceRestartIsRequired            
2001fe9a  g_cDummy                              
2001ff90  g_pCB                                 
2001ffc4  g_pHostIntHdl                         
20004000  g_pfnVectors                          
2001fe8c  g_port                                
2001fdf8  g_time                                
2001fe7c  g_ucConnectionBSSID                   
2001fe24  g_ucConnectionSSID                    
2001ffc8  g_ucDMAEnabled                        
2001fda8  g_ucDinDout                           
2001fe9b  g_ucLED1Pin                           
2001fe9c  g_ucLED2Pin                           
2001fe9d  g_ucLED3Pin                           
2001ff9c  g_uiLED1Port                          
2001ffa0  g_uiLED2Port                          
2001ffa4  g_uiLED3Port                          
2001fe90  g_ulClockRate                         
2001ffb0  g_ulGatewayIP                         
2001ffac  g_ulPingPacketsRecv                   
2001ffa8  g_ulStatus                            
200091cf  goTo                                  
20008013  height                                
20009497  invert                                
2000d6d5  ldexp                                 
2000d6d5  ldexpl                                
20004d51  letterConversion                      
2000522d  main                                  
20010cf5  malloc                                
2000cbc5  memalign                              
20010875  memccpy                               
2000df59  memcpy                                
200104a9  memmove                               
2000ed45  memset                                
2001ff94  pPingCallBackFunc                     
20004a19  prepareArray                          
2001fe94  previousintValue                      
2001fd44  projectiles                           
2001013d  rand                                  
2000d431  realloc                               
2000d6d5  scalbn                                
2000d6d5  scalbnl                               
20004bb9  setArray                              
20004c29  setArray1                             
20004c75  setArray2                             
20004cb9  setArray3                             
20004cfd  setArray4                             
20007fab  setCursor                             
20007fe3  setTextColor                          
20007fc3  setTextSize                           
20007ffb  setTextWrap                           
200074b1  shiftBackgroundDown                   
2000ffb1  simplelink_timerA2_start              
2000f409  sl_Close                              
2000b7ed  sl_Connect                            
2000d871  sl_DevGet                             
2000e091  sl_DevSet                             
2000fcb9  sl_Htonl                              
2000ffed  sl_Htons                              
2000c03d  sl_NetAppDnsGetHostByName             
2000d515  sl_NetAppMDNSRegisterUnregisterService
2000f2dd  sl_NetAppMDNSUnRegisterService        
2000e129  sl_NetCfgSet                          
200104f7  sl_Provisioning_HttpServerEventHdl    
20010505  sl_Provisioning_NetAppEventHdl        
20010511  sl_Provisioning_WlanEventHdl          
2000deb9  sl_Recv                               
2000c3f5  sl_Send                               
2000e1c1  sl_SetSockOpt                         
2000e895  sl_Socket                             
2000d091  sl_Start                              
2000cdc1  sl_Stop                               
20009e21  sl_WlanConnect                        
2001009d  sl_WlanDisconnect                     
2000e5d5  sl_WlanPolicySet                      
2000f469  sl_WlanProfileDel                     
2000eb39  sl_WlanRxFilterSet                    
2000e259  sl_WlanSet                            
2000f4c9  sl_WlanSetMode                        
2000edb9  spi_Close                             
2000bdb1  spi_Open                              
2000ceb1  spi_Read                              
2000e2f1  spi_Write                             
2000fdfd  sprintf                               
200107cb  strcat                                
20010b67  strchr                                
20010ab5  strcmp                                
20010bb9  strcpy                                
200105ad  strcspn                               
20010bcd  strlen                                
2001022f  strncat                               
2001038d  strspn                                
2000fe3d  strtok                                
2000c659  strtol                                
2000c8a9  strtoul                               
2001ff70  textbgcolor                           
2001ff6c  textcolor                             
2001ff68  textsize                              
20006fa9  tls_connect                           
2000f9fd  uDMAChannelAssign                     
2000f341  uDMAChannelAttributeDisable           
2000f3a5  uDMAChannelAttributeEnable            
20010029  uDMAChannelControlSet                 
20010891  uDMAChannelEnable                     
2000cfa1  uDMAChannelTransferSet                
2000fe7d  vsnprintf                             
20010c17  wcslen                                
2000800f  width                                 
2001ff74  wrap                                  
20009015  writeCommand                          
20009059  writeData                             


GLOBAL SYMBOLS: SORTED BY Symbol Address 

address   name                                  
-------   ----                                  
00001000  __STACK_SIZE                          
00008000  __SYSMEM_SIZE                         
20004000  g_pfnVectors                          
20004401  DisplayBuffer                         
20004449  ProcessReadCommand                    
200044cf  ProcessReadRegCommand                 
20004581  ProcessWriteRegCommand                
2000466b  ProcessWriteCommand                   
2000477b  ParseNProcessCmd                      
200047ef  PerformIntTest                        
200048ed  ClockHandler                          
20004921  GPIOHandler                           
200049a1  ClockInit                             
200049cf  PinInit                               
20004a19  prepareArray                          
20004a83  BinaryToInt                           
20004b11  convertToInt                          
20004b6f  PrintBinaryToUART                     
20004b81  convertToString                       
20004bb9  setArray                              
20004c29  setArray1                             
20004c75  setArray2                             
20004cb9  setArray3                             
20004cfd  setArray4                             
20004d51  letterConversion                      
20004fb1  drawBitmap1                           
2000509d  InitUART1                             
200050d5  UARTSendString                        
20005131  UARTReceiveString                     
2000522d  main                                  
200065e5  SimpleLinkWlanEventHandler            
200066f3  SimpleLinkNetAppEventHandler          
20006795  SimpleLinkHttpServerCallback          
200067b9  SimpleLinkGeneralEventHandler         
200067d9  SimpleLinkSockEventHandler            
20006fa9  tls_connect                           
20007189  connectToAccessPoint                  
200074b1  shiftBackgroundDown                   
200074fb  drawBitmap                            
200075b5  drawCircle                            
200076e9  drawCircleHelper                      
20007807  fillCircle                            
20007841  fillCircleHelper                      
2000792f  drawLine                              
20007a1b  drawRect                              
20007a69  drawRoundRect                         
20007b57  fillRoundRect                         
20007bd1  drawTriangle                          
20007c13  fillTriangle                          
20007e13  drawChar                              
20007f5f  Outstr                                
20007fab  setCursor                             
20007fc3  setTextSize                           
20007fe3  setTextColor                          
20007ffb  setTextWrap                           
2000800f  width                                 
20008013  height                                
20008035  __TI_printfi                          
20009015  writeCommand                          
20009059  writeData                             
2000909d  Adafruit_Init                         
200091cf  goTo                                  
20009213  Color565                              
20009255  fillScreen                            
2000926b  fillRect                              
20009321  drawFastVLine                         
200093bd  drawFastHLine                         
20009459  drawPixel                             
20009497  invert                                
200094b3  _nop                                  
200094f1  GPIO_IF_LedConfigure                  
2000952f  GPIO_IF_LedOn                         
200095e3  GPIO_IF_LedOff                        
20009697  GPIO_IF_LedStatus                     
20009701  GPIO_IF_LedToggle                     
2000972f  GPIO_IF_GetPortNPin                   
20009775  GPIO_IF_ConfigureNIntEnable           
200097bd  GPIO_IF_Set                           
20009801  GPIO_IF_Get                           
20009895  GPIODirModeSet                        
200098cb  GPIODirModeGet                        
200098fd  GPIOIntTypeSet                        
2000997f  GPIOIntTypeGet                        
200099e5  GPIOIntEnable                         
200099ff  GPIOIntDisable                        
20009a19  GPIOIntStatus                         
20009a3b  GPIOIntClear                          
20009a4f  GPIOIntRegister                       
20009a6d  GPIOIntUnregister                     
20009a87  GPIOPinRead                           
20009a9f  GPIOPinWrite                          
20009abf  GPIODMATriggerEnable                  
20009b17  GPIODMATriggerDisable                 
20009bfd  I2C_IF_Write                          
20009cad  I2C_IF_Read                           
20009d69  I2C_IF_ReadFrom                       
20009daf  I2C_IF_Open                           
20009e0b  I2C_IF_Close                          
20009e21  sl_WlanConnect                        
2000a0a1  InitTerm                              
2000a0bf  Message                               
2000a0e1  ClearTerm                             
2000a0eb  Error                                 
2000a123  GetCmd                                
2000a1c9  TrimSpace                             
2000a261  Report                                
2000a31d  SysTickHandler                        
2000a3a7  SysTickInit                           
2000a43f  UTUtilsGetSysTime                     
2000a4e7  UTUtilsWaitForCount                   
2000a52d  UTUtilsDelayCycles                    
2000a53f  UTUtilsDelay                          
2000aa3d  _SlDrvDataReadOp                      
2000ac21  _SlDrvReleasePoolObj                  
2000afbd  __aeabi_dsub                          
2000afc7  __aeabi_dadd                          
2000b173  __aeabi_idiv0                         
2000b173  __aeabi_ldiv0                         
2000b175  _SlDrvDriverCBInit                    
2000b545  Timer_IF_Init                         
2000b577  Timer_IF_IntSetup                     
2000b5c3  Timer_IF_InterruptClear               
2000b5db  Timer_IF_Start                        
2000b5fd  Timer_IF_Stop                         
2000b60d  Timer_IF_DeInit                       
2000b627  Timer_IF_ReLoad                       
2000b641  Timer_IF_GetCount                     
2000b65d  _SlDrvWaitForPoolObj                  
2000b7ed  sl_Connect                            
2000b979  PRCMCC3200MCUInit                     
2000bc61  _SlDrvDataWriteOp                     
2000bdb1  spi_Open                              
2000c03d  sl_NetAppDnsGetHostByName             
2000c2bd  __aeabi_ddiv                          
2000c3f5  sl_Send                               
2000c529  _SlDrvDriverCBDeinit                  
2000c659  strtol                                
2000c8a9  strtoul                               
2000c9b9  PinMuxConfig                          
2000cac1  _SlDrvNetAppEventHandler              
2000cbc5  aligned_alloc                         
2000cbc5  memalign                              
2000ccc5  __aeabi_dmul                          
2000cdc1  sl_Stop                               
2000ceb1  spi_Read                              
2000cfa1  uDMAChannelTransferSet                
2000d091  sl_Start                              
2000d265  _SlDrvMsgReadSpawnCtx                 
2000d34d  free                                  
2000d431  realloc                               
2000d515  sl_NetAppMDNSRegisterUnregisterService
2000d6d5  ldexp                                 
2000d6d5  ldexpl                                
2000d6d5  scalbn                                
2000d6d5  scalbnl                               
2000d7a5  _sl_HandleAsync_DnsGetHostByService   
2000d871  sl_DevGet                             
2000da01  _SlDrvCmdOp                           
2000db75  _SlNonOsSemGet                        
2000dc25  IntDisable                            
2000dccd  IntEnable                             
2000dd75  _SlDriverHandleError                  
2000de19  SPIConfigSetExpClk                    
2000deb9  sl_Recv                               
2000df59  __aeabi_memcpy                        
2000df59  __aeabi_memcpy4                       
2000df59  __aeabi_memcpy8                       
2000df59  memcpy                                
2000dff5  _SlDrvDeviceEventHandler              
2000e091  sl_DevSet                             
2000e129  sl_NetCfgSet                          
2000e1c1  sl_SetSockOpt                         
2000e259  sl_WlanSet                            
2000e2f1  spi_Write                             
2000e389  __aeabi_uldivmod                      
2000e421  PRCMPeripheralClockGet                
2000e4b5  _sl_HandleAsync_DnsGetHostByName      
2000e545  _sl_HandleAsync_PingResponse          
2000e5d5  sl_WlanPolicySet                      
2000e77d  _SlDrvIsTimeoutExpired                
2000e809  _sl_HandleAsync_InitComplete          
2000e895  sl_Socket                             
2000e921  PinConfigSet                          
2000e9a9  __aeabi_cdcmpeq                       
2000e9a9  __aeabi_cdcmple                       
2000ea2f  __aeabi_cdrcmple                      
2000eab5  I2CMasterInitExpClk                   
2000eb39  sl_WlanRxFilterSet                    
2000ebbd  _sl_HandleAsync_Connect               
2000ed3d  __aeabi_memclr                        
2000ed3d  __aeabi_memclr4                       
2000ed3d  __aeabi_memclr8                       
2000ed3f  __aeabi_memset                        
2000ed3f  __aeabi_memset4                       
2000ed3f  __aeabi_memset8                       
2000ed45  memset                                
2000edb9  spi_Close                             
2000ee31  UARTConfigSetExpClk                   
2000eea9  _SlNonOsMainLoopTask                  
2000ef1d  TimerIntRegister                      
2000f06d  _SlDrvCmdSend                         
2000f0d9  _sl_NetAppSendTokenValue              
2000f145  TimerIntUnregister                    
2000f1ad  __TI_decompress_lzss                  
2000f215  _SlNonOsSpawn                         
2000f279  _sl_HandleAsync_Accept                
2000f2dd  sl_NetAppMDNSUnRegisterService        
2000f341  uDMAChannelAttributeDisable           
2000f3a5  uDMAChannelAttributeEnable            
2000f409  sl_Close                              
2000f469  sl_WlanProfileDel                     
2000f4c9  sl_WlanSetMode                        
2000f529  frexp                                 
2000f529  frexpl                                
2000f585  IntPendClear                          
2000f5dd  PRCMPeripheralReset                   
2000f68d  IntPrioritySet                        
2000f6e1  _SlDrvRxIrqHandler                    
2000f735  __TI_ltoa                             
2000f789  _sl_HandleAsync_Select                
2000f831  _sl_HandleAsync_Stop                  
2000f881  SPIIntEnable                          
2000f919  _SlDrvProtectAsyncRespSetting         
2000f9b1  atoi                                  
2000f9fd  uDMAChannelAssign                     
2000fa49  SPIIntClear                           
2000fa91  _SlDrvBasicCmd                        
2000fad9  __aeabi_d2iz                          
2000fb65  TimerConfigure                        
2000fba9  _SlDrvHandleHttpServerEvents          
2000fbed  _SlDrvSyncObjWaitTimeout              
2000fc31  __TI_auto_init_nobinit_nopinit        
2000fcb9  sl_Htonl                              
2000fcfd  PinModeSet                            
2000fd3d  _SlDrvHandleNetAppEvents              
2000fd7d  _SlDrvHandleWlanEvents                
2000fdfd  sprintf                               
2000fe3d  strtok                                
2000fe7d  vsnprintf                             
2000febd  NwpRegisterInterruptHandler           
2000ff75  PRCMPeripheralClkEnable               
2000ffb1  simplelink_timerA2_start              
2000ffed  sl_Htons                              
20010029  uDMAChannelControlSet                 
20010065  NwpPowerOff                           
2001009d  sl_WlanDisconnect                     
200100d5  PRCMPeripheralStatusGet               
20010109  SPIFIFOLevelSet                       
2001013d  rand                                  
20010171  PinTypeGPIO                           
200101a1  UARTDisable                           
20010201  __aeabi_i2d                           
2001022f  strncat                               
2001025d  I2CMasterErr                          
20010289  NwpPowerOn                            
200102b5  PRCMSysResetCauseGet                  
2001030d  _SlDrvProtectionObjLockWaitForever    
20010339  TimerLoadSet                          
20010363  TimerPrescaleSet                      
2001038d  strspn                                
200103b9  IntPriorityGroupingSet                
200103e1  PRCMPeripheralClkDisable              
20010409  _SlDrvGlobalObjUnLock                 
20010431  _SlDrvProtectionObjUnLock             
20010459  _SlDrvSyncObjWaitForever              
200104a9  memmove                               
200104d1  _SlDrvObjLockWaitForever              
200104f7  sl_Provisioning_HttpServerEventHdl    
20010505  sl_Provisioning_NetAppEventHdl        
20010511  sl_Provisioning_WlanEventHdl          
2001051d  DmaSpiSwIntHandler                    
20010541  IntUnregister                         
20010565  UARTEnable                            
20010589  _c_int00_noargs                       
200105ad  strcspn                               
200105d1  I2CMasterSlaveAddrSet                 
200105f3  SPIReset                              
20010615  SPIWordCountSet                       
20010639  IntRegister                           
20010659  NwpPrePowerOffTimout0                 
20010679  SPIDataGet                            
20010699  TimerGetCurrentTimestamp              
200106b9  _SlDrvObjUnLock                       
200106d9  _SlDrvSyncObjSignal                   
200106f9  I2CMasterIntStatusEx                  
20010717  SPIDataPut                            
20010735  TimerDisable                          
20010753  TimerEnable                           
20010771  TimerIntStatus                        
2001078f  UARTCharPut                           
200107cb  strcat                                
200107e9  PinTypeI2C                            
20010805  TimerValueGet                         
20010821  UARTCharGetNonBlocking                
2001083d  _SlDrvStartMeasureTimeout             
20010875  memccpy                               
20010891  uDMAChannelEnable                     
200108ad  PinTypeSPI                            
200108c7  PinTypeUART                           
200108e1  SPIDmaDisable                         
200108fb  SPIDmaEnable                          
20010915  SPIFIFODisable                        
2001092f  SPIFIFOEnable                         
20010949  SPIIntUnregister                      
20010963  I2CMasterIntEnableEx                  
2001097b  SPICSDisable                          
20010993  SPICSEnable                           
200109ab  SPIDisable                            
200109c3  SPIEnable                             
200109dd  SysTickPeriodSet                      
200109f5  TimerIntDisable                       
20010a0d  TimerIntEnable                        
20010a25  UARTCharsAvail                        
20010a3d  UARTSpaceAvail                        
20010a55  _SlNonOsSemSet                        
20010ab5  strcmp                                
20010acd  I2CMasterDataPut                      
20010ae3  I2CMasterEnable                       
20010af9  I2CMasterIntClear                     
20010b0f  PRCMHIBRegRead                        
20010b25  PRCMHIBRegWrite                       
20010b3b  UARTCharGet                           
20010b51  _SlDrvMemZero                         
20010b67  strchr                                
20010b7d  CPUcpsid                              
20010b91  CPUcpsie                              
20010ba5  IntVTableBaseSet                      
20010bb9  strcpy                                
20010bcd  strlen                                
20010be1  I2CMasterControl                      
20010bf3  I2CMasterTimeoutSet                   
20010c05  TimerIntClear                         
20010c17  wcslen                                
20010c29  SysTickEnable                         
20010c39  SysTickIntEnable                      
20010c49  _SlDrvDispatchHttpServerEvents        
20010c59  I2CMasterDataGet                      
20010c67  _SlDrvResetCmdExt                     
20010c75  __TI_decompress_none                  
20010c83  ResetISR                              
20010c91  NwpMaskInterrupt                      
20010c9d  NwpUnMaskInterrupt                    
20010ca9  SysTickValueGet                       
20010cb5  copysign                              
20010cb5  copysignl                             
20010cc1  __TI_zero_init                        
20010ccd  IntMasterDisable                      
20010cd7  IntMasterEnable                       
20010ced  __aeabi_errno_addr                    
20010cf5  malloc                                
20010cfd  SysCtlDelay                           
20010d03  UtilsDelay                            
20010d09  _system_pre_init                      
20010d0d  C$$EXIT                               
20010d0d  abort                                 
2001120b  _ctypes_                              
20011788  OpcodeTranslateTable                  
200117c4  _SlActionLookupTable                  
200119ba  _SlNetAppSendTokenValueCmdCtrl        
20011a00  __TI_static_base__                    
20011a94  __TI_Handler_Table_Base               
20011aa0  __TI_Handler_Table_Limit              
20011aa8  __TI_CINIT_Base                       
20011ab8  __TI_CINIT_Limit                      
20017000  __start___llvm_prf_cnts               
20017000  __stop___llvm_prf_cnts                
20017000  _sys_memory                           
2001f4fc  DATA1                                 
2001fd44  projectiles                           
2001fda8  g_ucDinDout                           
2001fdf8  g_time                                
2001fe24  g_ucConnectionSSID                    
2001fe74  g_app_config                          
2001fe7c  g_ucConnectionBSSID                   
2001fe88  g_Host                                
2001fe8c  g_port                                
2001fe90  g_ulClockRate                         
2001fe94  previousintValue                      
2001fe98  RxIrqCnt                              
2001fe99  g_bDeviceRestartIsRequired            
2001fe9a  g_cDummy                              
2001fe9b  g_ucLED1Pin                           
2001fe9c  g_ucLED2Pin                           
2001fe9d  g_ucLED3Pin                           
2001fea0  g__SlNonOsCB                          
2001ff60  cursor_x                              
2001ff64  cursor_y                              
2001ff68  textsize                              
2001ff6c  textcolor                             
2001ff70  textbgcolor                           
2001ff74  wrap                                  
2001ff8c  g_SlDeviceStatus                      
2001ff90  g_pCB                                 
2001ff94  pPingCallBackFunc                     
2001ff9c  g_uiLED1Port                          
2001ffa0  g_uiLED2Port                          
2001ffa4  g_uiLED3Port                          
2001ffa8  g_ulStatus                            
2001ffac  g_ulPingPacketsRecv                   
2001ffb0  g_ulGatewayIP                         
2001ffc0  g_SpiFd                               
2001ffc4  g_pHostIntHdl                         
2001ffc8  g_ucDMAEnabled                        
2001ffcc  _lock                                 
2001ffd0  _unlock                               
2001ffec  errno                                 
2002f000  __stack                               
20030000  __STACK_END                           
ffffffff  __TI_pprof_out_hndl                   
ffffffff  __TI_prof_data_size                   
ffffffff  __TI_prof_data_start                  
ffffffff  __binit__                             
ffffffff  __c_args__                            
ffffffff  binit                                 
UNDEFED   __mpu_init                            
UNDEFED   _system_post_cinit                    

[416 symbols]
