<?xml version="1.0" encoding="ISO-8859-1" ?>
<link_info>
   <banner>TI ARM Linker PC v20.2.7.LTS</banner>
   <copyright>Copyright (c) 1996-2018 Texas Instruments Incorporated</copyright>
   <link_time>0x683fea17</link_time>
   <link_errors>0x0</link_errors>
   <output_file>aws-rest-api-ssl-demo.out</output_file>
   <entry_point>
      <name>_c_int00_noargs</name>
      <address>0x20010531</address>
   </entry_point>
   <input_file_list>
      <input_file id="fl-2">
         <path>.\</path>
         <kind>object</kind>
         <file>Adafruit_GFX.obj</file>
         <name>Adafruit_GFX.obj</name>
      </input_file>
      <input_file id="fl-3">
         <path>.\</path>
         <kind>object</kind>
         <file>Adafruit_OLED.obj</file>
         <name>Adafruit_OLED.obj</name>
      </input_file>
      <input_file id="fl-4">
         <path>.\</path>
         <kind>object</kind>
         <file>gpio.obj</file>
         <name>gpio.obj</name>
      </input_file>
      <input_file id="fl-5">
         <path>.\</path>
         <kind>object</kind>
         <file>gpio_if.obj</file>
         <name>gpio_if.obj</name>
      </input_file>
      <input_file id="fl-6">
         <path>.\</path>
         <kind>object</kind>
         <file>i2c_if.obj</file>
         <name>i2c_if.obj</name>
      </input_file>
      <input_file id="fl-7">
         <path>.\</path>
         <kind>object</kind>
         <file>main.obj</file>
         <name>main.obj</name>
      </input_file>
      <input_file id="fl-8">
         <path>.\</path>
         <kind>object</kind>
         <file>network_common.obj</file>
         <name>network_common.obj</name>
      </input_file>
      <input_file id="fl-9">
         <path>.\</path>
         <kind>object</kind>
         <file>oled_test.obj</file>
         <name>oled_test.obj</name>
      </input_file>
      <input_file id="fl-a">
         <path>.\</path>
         <kind>object</kind>
         <file>pinmux.obj</file>
         <name>pinmux.obj</name>
      </input_file>
      <input_file id="fl-b">
         <path>.\</path>
         <kind>object</kind>
         <file>startup_ccs.obj</file>
         <name>startup_ccs.obj</name>
      </input_file>
      <input_file id="fl-c">
         <path>.\</path>
         <kind>object</kind>
         <file>systick_if.obj</file>
         <name>systick_if.obj</name>
      </input_file>
      <input_file id="fl-d">
         <path>.\</path>
         <kind>object</kind>
         <file>timer_if.obj</file>
         <name>timer_if.obj</name>
      </input_file>
      <input_file id="fl-e">
         <path>.\</path>
         <kind>object</kind>
         <file>uart_if.obj</file>
         <name>uart_if.obj</name>
      </input_file>
      <input_file id="fl-f">
         <path>.\utils\</path>
         <kind>object</kind>
         <file>network_utils.obj</file>
         <name>network_utils.obj</name>
      </input_file>
      <input_file id="fl-15">
         <kind>object</kind>
         <file>&lt;internal&gt;</file>
         <name>&lt;internal&gt;</name>
      </input_file>
      <input_file id="fl-cb">
         <path>C:\Users\standard\ti\ccs1250\ccs\tools\compiler\ti-cgt-arm_20.2.7.LTS\lib\</path>
         <kind>archive</kind>
         <file>rtsv7M4_T_le_eabi.lib</file>
         <name>sprintf.c.obj</name>
      </input_file>
      <input_file id="fl-cc">
         <path>C:\Users\standard\ti\ccs1250\ccs\tools\compiler\ti-cgt-arm_20.2.7.LTS\lib\</path>
         <kind>archive</kind>
         <file>rtsv7M4_T_le_eabi.lib</file>
         <name>vsnprintf.c.obj</name>
      </input_file>
      <input_file id="fl-cd">
         <path>C:\Users\standard\ti\ccs1250\ccs\tools\compiler\ti-cgt-arm_20.2.7.LTS\lib\</path>
         <kind>archive</kind>
         <file>rtsv7M4_T_le_eabi.lib</file>
         <name>memcpy_t2.asm.obj</name>
      </input_file>
      <input_file id="fl-ce">
         <path>C:\Users\standard\ti\ccs1250\ccs\tools\compiler\ti-cgt-arm_20.2.7.LTS\lib\</path>
         <kind>archive</kind>
         <file>rtsv7M4_T_le_eabi.lib</file>
         <name>memset_t2.asm.obj</name>
      </input_file>
      <input_file id="fl-cf">
         <path>C:\Users\standard\ti\ccs1250\ccs\tools\compiler\ti-cgt-arm_20.2.7.LTS\lib\</path>
         <kind>archive</kind>
         <file>rtsv7M4_T_le_eabi.lib</file>
         <name>copy_zero_init.c.obj</name>
      </input_file>
      <input_file id="fl-d0">
         <path>C:\Users\standard\ti\ccs1250\ccs\tools\compiler\ti-cgt-arm_20.2.7.LTS\lib\</path>
         <kind>archive</kind>
         <file>rtsv7M4_T_le_eabi.lib</file>
         <name>copy_decompress_none.c.obj</name>
      </input_file>
      <input_file id="fl-d1">
         <path>C:\Users\standard\ti\ccs1250\ccs\tools\compiler\ti-cgt-arm_20.2.7.LTS\lib\</path>
         <kind>archive</kind>
         <file>rtsv7M4_T_le_eabi.lib</file>
         <name>copy_decompress_lzss.c.obj</name>
      </input_file>
      <input_file id="fl-d2">
         <path>C:\Users\standard\ti\ccs1250\ccs\tools\compiler\ti-cgt-arm_20.2.7.LTS\lib\</path>
         <kind>archive</kind>
         <file>rtsv7M4_T_le_eabi.lib</file>
         <name>memmov.c.obj</name>
      </input_file>
      <input_file id="fl-d3">
         <path>C:\Users\standard\ti\ccs1250\ccs\tools\compiler\ti-cgt-arm_20.2.7.LTS\lib\</path>
         <kind>archive</kind>
         <file>rtsv7M4_T_le_eabi.lib</file>
         <name>memory.c.obj</name>
      </input_file>
      <input_file id="fl-d4">
         <path>C:\Users\standard\ti\ccs1250\ccs\tools\compiler\ti-cgt-arm_20.2.7.LTS\lib\</path>
         <kind>archive</kind>
         <file>rtsv7M4_T_le_eabi.lib</file>
         <name>rand.c.obj</name>
      </input_file>
      <input_file id="fl-d5">
         <path>C:\Users\standard\ti\ccs1250\ccs\tools\compiler\ti-cgt-arm_20.2.7.LTS\lib\</path>
         <kind>archive</kind>
         <file>rtsv7M4_T_le_eabi.lib</file>
         <name>strcat.c.obj</name>
      </input_file>
      <input_file id="fl-d6">
         <path>C:\Users\standard\ti\ccs1250\ccs\tools\compiler\ti-cgt-arm_20.2.7.LTS\lib\</path>
         <kind>archive</kind>
         <file>rtsv7M4_T_le_eabi.lib</file>
         <name>strcmp.c.obj</name>
      </input_file>
      <input_file id="fl-d7">
         <path>C:\Users\standard\ti\ccs1250\ccs\tools\compiler\ti-cgt-arm_20.2.7.LTS\lib\</path>
         <kind>archive</kind>
         <file>rtsv7M4_T_le_eabi.lib</file>
         <name>strcpy.c.obj</name>
      </input_file>
      <input_file id="fl-d8">
         <path>C:\Users\standard\ti\ccs1250\ccs\tools\compiler\ti-cgt-arm_20.2.7.LTS\lib\</path>
         <kind>archive</kind>
         <file>rtsv7M4_T_le_eabi.lib</file>
         <name>strlen.c.obj</name>
      </input_file>
      <input_file id="fl-d9">
         <path>C:\Users\standard\ti\ccs1250\ccs\tools\compiler\ti-cgt-arm_20.2.7.LTS\lib\</path>
         <kind>archive</kind>
         <file>rtsv7M4_T_le_eabi.lib</file>
         <name>strncat.c.obj</name>
      </input_file>
      <input_file id="fl-da">
         <path>C:\Users\standard\ti\ccs1250\ccs\tools\compiler\ti-cgt-arm_20.2.7.LTS\lib\</path>
         <kind>archive</kind>
         <file>rtsv7M4_T_le_eabi.lib</file>
         <name>strtok.c.obj</name>
      </input_file>
      <input_file id="fl-db">
         <path>C:\Users\standard\ti\ccs1250\ccs\tools\compiler\ti-cgt-arm_20.2.7.LTS\lib\</path>
         <kind>archive</kind>
         <file>rtsv7M4_T_le_eabi.lib</file>
         <name>strtol.c.obj</name>
      </input_file>
      <input_file id="fl-dc">
         <path>C:\Users\standard\ti\ccs1250\ccs\tools\compiler\ti-cgt-arm_20.2.7.LTS\lib\</path>
         <kind>archive</kind>
         <file>rtsv7M4_T_le_eabi.lib</file>
         <name>strtoul.c.obj</name>
      </input_file>
      <input_file id="fl-dd">
         <path>C:\Users\standard\ti\ccs1250\ccs\tools\compiler\ti-cgt-arm_20.2.7.LTS\lib\</path>
         <kind>archive</kind>
         <file>rtsv7M4_T_le_eabi.lib</file>
         <name>boot_cortex_m.c.obj</name>
      </input_file>
      <input_file id="fl-de">
         <path>C:\Users\standard\ti\ccs1250\ccs\tools\compiler\ti-cgt-arm_20.2.7.LTS\lib\</path>
         <kind>archive</kind>
         <file>rtsv7M4_T_le_eabi.lib</file>
         <name>errno.c.obj</name>
      </input_file>
      <input_file id="fl-df">
         <path>C:\Users\standard\ti\ccs1250\ccs\tools\compiler\ti-cgt-arm_20.2.7.LTS\lib\</path>
         <kind>archive</kind>
         <file>rtsv7M4_T_le_eabi.lib</file>
         <name>_printfi.c.obj</name>
      </input_file>
      <input_file id="fl-e0">
         <path>C:\Users\standard\ti\ccs1250\ccs\tools\compiler\ti-cgt-arm_20.2.7.LTS\lib\</path>
         <kind>archive</kind>
         <file>rtsv7M4_T_le_eabi.lib</file>
         <name>fd_add_t2.asm.obj</name>
      </input_file>
      <input_file id="fl-e1">
         <path>C:\Users\standard\ti\ccs1250\ccs\tools\compiler\ti-cgt-arm_20.2.7.LTS\lib\</path>
         <kind>archive</kind>
         <file>rtsv7M4_T_le_eabi.lib</file>
         <name>fd_cmp_t2.asm.obj</name>
      </input_file>
      <input_file id="fl-e2">
         <path>C:\Users\standard\ti\ccs1250\ccs\tools\compiler\ti-cgt-arm_20.2.7.LTS\lib\</path>
         <kind>archive</kind>
         <file>rtsv7M4_T_le_eabi.lib</file>
         <name>fd_div_t2.asm.obj</name>
      </input_file>
      <input_file id="fl-e3">
         <path>C:\Users\standard\ti\ccs1250\ccs\tools\compiler\ti-cgt-arm_20.2.7.LTS\lib\</path>
         <kind>archive</kind>
         <file>rtsv7M4_T_le_eabi.lib</file>
         <name>fd_mul_t2.asm.obj</name>
      </input_file>
      <input_file id="fl-e4">
         <path>C:\Users\standard\ti\ccs1250\ccs\tools\compiler\ti-cgt-arm_20.2.7.LTS\lib\</path>
         <kind>archive</kind>
         <file>rtsv7M4_T_le_eabi.lib</file>
         <name>fd_toi_t2.asm.obj</name>
      </input_file>
      <input_file id="fl-e5">
         <path>C:\Users\standard\ti\ccs1250\ccs\tools\compiler\ti-cgt-arm_20.2.7.LTS\lib\</path>
         <kind>archive</kind>
         <file>rtsv7M4_T_le_eabi.lib</file>
         <name>i_tofd_t2.asm.obj</name>
      </input_file>
      <input_file id="fl-e6">
         <path>C:\Users\standard\ti\ccs1250\ccs\tools\compiler\ti-cgt-arm_20.2.7.LTS\lib\</path>
         <kind>archive</kind>
         <file>rtsv7M4_T_le_eabi.lib</file>
         <name>ull_div_t2.asm.obj</name>
      </input_file>
      <input_file id="fl-e7">
         <path>C:\Users\standard\ti\ccs1250\ccs\tools\compiler\ti-cgt-arm_20.2.7.LTS\lib\</path>
         <kind>archive</kind>
         <file>rtsv7M4_T_le_eabi.lib</file>
         <name>autoinit.c.obj</name>
      </input_file>
      <input_file id="fl-e8">
         <path>C:\Users\standard\ti\ccs1250\ccs\tools\compiler\ti-cgt-arm_20.2.7.LTS\lib\</path>
         <kind>archive</kind>
         <file>rtsv7M4_T_le_eabi.lib</file>
         <name>pre_init.c.obj</name>
      </input_file>
      <input_file id="fl-e9">
         <path>C:\Users\standard\ti\ccs1250\ccs\tools\compiler\ti-cgt-arm_20.2.7.LTS\lib\</path>
         <kind>archive</kind>
         <file>rtsv7M4_T_le_eabi.lib</file>
         <name>cpy_tbl.c.obj</name>
      </input_file>
      <input_file id="fl-ea">
         <path>C:\Users\standard\ti\ccs1250\ccs\tools\compiler\ti-cgt-arm_20.2.7.LTS\lib\</path>
         <kind>archive</kind>
         <file>rtsv7M4_T_le_eabi.lib</file>
         <name>exit.c.obj</name>
      </input_file>
      <input_file id="fl-eb">
         <path>C:\Users\standard\ti\ccs1250\ccs\tools\compiler\ti-cgt-arm_20.2.7.LTS\lib\</path>
         <kind>archive</kind>
         <file>rtsv7M4_T_le_eabi.lib</file>
         <name>_lock.c.obj</name>
      </input_file>
      <input_file id="fl-ec">
         <path>C:\Users\standard\ti\ccs1250\ccs\tools\compiler\ti-cgt-arm_20.2.7.LTS\lib\</path>
         <kind>archive</kind>
         <file>rtsv7M4_T_le_eabi.lib</file>
         <name>_ltoa.c.obj</name>
      </input_file>
      <input_file id="fl-ed">
         <path>C:\Users\standard\ti\ccs1250\ccs\tools\compiler\ti-cgt-arm_20.2.7.LTS\lib\</path>
         <kind>archive</kind>
         <file>rtsv7M4_T_le_eabi.lib</file>
         <name>args_main.c.obj</name>
      </input_file>
      <input_file id="fl-ee">
         <path>C:\Users\standard\ti\ccs1250\ccs\tools\compiler\ti-cgt-arm_20.2.7.LTS\lib\</path>
         <kind>archive</kind>
         <file>rtsv7M4_T_le_eabi.lib</file>
         <name>atoi.c.obj</name>
      </input_file>
      <input_file id="fl-ef">
         <path>C:\Users\standard\ti\ccs1250\ccs\tools\compiler\ti-cgt-arm_20.2.7.LTS\lib\</path>
         <kind>archive</kind>
         <file>rtsv7M4_T_le_eabi.lib</file>
         <name>ctype.c.obj</name>
      </input_file>
      <input_file id="fl-f0">
         <path>C:\Users\standard\ti\ccs1250\ccs\tools\compiler\ti-cgt-arm_20.2.7.LTS\lib\</path>
         <kind>archive</kind>
         <file>rtsv7M4_T_le_eabi.lib</file>
         <name>memccpy.c.obj</name>
      </input_file>
      <input_file id="fl-f1">
         <path>C:\Users\standard\ti\ccs1250\ccs\tools\compiler\ti-cgt-arm_20.2.7.LTS\lib\</path>
         <kind>archive</kind>
         <file>rtsv7M4_T_le_eabi.lib</file>
         <name>strchr.c.obj</name>
      </input_file>
      <input_file id="fl-f2">
         <path>C:\Users\standard\ti\ccs1250\ccs\tools\compiler\ti-cgt-arm_20.2.7.LTS\lib\</path>
         <kind>archive</kind>
         <file>rtsv7M4_T_le_eabi.lib</file>
         <name>strcspn.c.obj</name>
      </input_file>
      <input_file id="fl-f3">
         <path>C:\Users\standard\ti\ccs1250\ccs\tools\compiler\ti-cgt-arm_20.2.7.LTS\lib\</path>
         <kind>archive</kind>
         <file>rtsv7M4_T_le_eabi.lib</file>
         <name>strspn.c.obj</name>
      </input_file>
      <input_file id="fl-f4">
         <path>C:\Users\standard\ti\ccs1250\ccs\tools\compiler\ti-cgt-arm_20.2.7.LTS\lib\</path>
         <kind>archive</kind>
         <file>rtsv7M4_T_le_eabi.lib</file>
         <name>wcslen.c.obj</name>
      </input_file>
      <input_file id="fl-f5">
         <path>C:\Users\standard\ti\ccs1250\ccs\tools\compiler\ti-cgt-arm_20.2.7.LTS\lib\</path>
         <kind>archive</kind>
         <file>rtsv7M4_T_le_eabi.lib</file>
         <name>s_frexp.c.obj</name>
      </input_file>
      <input_file id="fl-f6">
         <path>C:\Users\standard\ti\ccs1250\ccs\tools\compiler\ti-cgt-arm_20.2.7.LTS\lib\</path>
         <kind>archive</kind>
         <file>rtsv7M4_T_le_eabi.lib</file>
         <name>s_scalbn.c.obj</name>
      </input_file>
      <input_file id="fl-f7">
         <path>C:\Users\standard\ti\ccs1250\ccs\tools\compiler\ti-cgt-arm_20.2.7.LTS\lib\</path>
         <kind>archive</kind>
         <file>rtsv7M4_T_le_eabi.lib</file>
         <name>div0.asm.obj</name>
      </input_file>
      <input_file id="fl-f8">
         <path>C:\Users\standard\ti\ccs1250\ccs\tools\compiler\ti-cgt-arm_20.2.7.LTS\lib\</path>
         <kind>archive</kind>
         <file>rtsv7M4_T_le_eabi.lib</file>
         <name>s_copysign.c.obj</name>
      </input_file>
      <input_file id="fl-f9">
         <path>C:\Users\standard\ti\ccs1250\cc3200-sdk\driverlib\ccs\Release\</path>
         <kind>archive</kind>
         <file>driverlib.a</file>
         <name>i2c.obj</name>
      </input_file>
      <input_file id="fl-fa">
         <path>C:\Users\standard\ti\ccs1250\cc3200-sdk\driverlib\ccs\Release\</path>
         <kind>archive</kind>
         <file>driverlib.a</file>
         <name>interrupt.obj</name>
      </input_file>
      <input_file id="fl-fb">
         <path>C:\Users\standard\ti\ccs1250\cc3200-sdk\driverlib\ccs\Release\</path>
         <kind>archive</kind>
         <file>driverlib.a</file>
         <name>pin.obj</name>
      </input_file>
      <input_file id="fl-fc">
         <path>C:\Users\standard\ti\ccs1250\cc3200-sdk\driverlib\ccs\Release\</path>
         <kind>archive</kind>
         <file>driverlib.a</file>
         <name>prcm.obj</name>
      </input_file>
      <input_file id="fl-fd">
         <path>C:\Users\standard\ti\ccs1250\cc3200-sdk\driverlib\ccs\Release\</path>
         <kind>archive</kind>
         <file>driverlib.a</file>
         <name>spi.obj</name>
      </input_file>
      <input_file id="fl-fe">
         <path>C:\Users\standard\ti\ccs1250\cc3200-sdk\driverlib\ccs\Release\</path>
         <kind>archive</kind>
         <file>driverlib.a</file>
         <name>systick.obj</name>
      </input_file>
      <input_file id="fl-ff">
         <path>C:\Users\standard\ti\ccs1250\cc3200-sdk\driverlib\ccs\Release\</path>
         <kind>archive</kind>
         <file>driverlib.a</file>
         <name>timer.obj</name>
      </input_file>
      <input_file id="fl-100">
         <path>C:\Users\standard\ti\ccs1250\cc3200-sdk\driverlib\ccs\Release\</path>
         <kind>archive</kind>
         <file>driverlib.a</file>
         <name>uart.obj</name>
      </input_file>
      <input_file id="fl-101">
         <path>C:\Users\standard\ti\ccs1250\cc3200-sdk\driverlib\ccs\Release\</path>
         <kind>archive</kind>
         <file>driverlib.a</file>
         <name>utils.obj</name>
      </input_file>
      <input_file id="fl-102">
         <path>C:\Users\standard\ti\ccs1250\cc3200-sdk\driverlib\ccs\Release\</path>
         <kind>archive</kind>
         <file>driverlib.a</file>
         <name>cpu.obj</name>
      </input_file>
      <input_file id="fl-103">
         <path>C:\Users\standard\ti\ccs1250\cc3200-sdk\driverlib\ccs\Release\</path>
         <kind>archive</kind>
         <file>driverlib.a</file>
         <name>flash.obj</name>
      </input_file>
      <input_file id="fl-104">
         <path>C:\Users\standard\ti\ccs1250\cc3200-sdk\simplelink\ccs\NON_OS\</path>
         <kind>archive</kind>
         <file>simplelink.a</file>
         <name>device.obj</name>
      </input_file>
      <input_file id="fl-105">
         <path>C:\Users\standard\ti\ccs1250\cc3200-sdk\simplelink\ccs\NON_OS\</path>
         <kind>archive</kind>
         <file>simplelink.a</file>
         <name>driver.obj</name>
      </input_file>
      <input_file id="fl-106">
         <path>C:\Users\standard\ti\ccs1250\cc3200-sdk\simplelink\ccs\NON_OS\</path>
         <kind>archive</kind>
         <file>simplelink.a</file>
         <name>netapp.obj</name>
      </input_file>
      <input_file id="fl-107">
         <path>C:\Users\standard\ti\ccs1250\cc3200-sdk\simplelink\ccs\NON_OS\</path>
         <kind>archive</kind>
         <file>simplelink.a</file>
         <name>netcfg.obj</name>
      </input_file>
      <input_file id="fl-108">
         <path>C:\Users\standard\ti\ccs1250\cc3200-sdk\simplelink\ccs\NON_OS\</path>
         <kind>archive</kind>
         <file>simplelink.a</file>
         <name>nonos.obj</name>
      </input_file>
      <input_file id="fl-109">
         <path>C:\Users\standard\ti\ccs1250\cc3200-sdk\simplelink\ccs\NON_OS\</path>
         <kind>archive</kind>
         <file>simplelink.a</file>
         <name>socket.obj</name>
      </input_file>
      <input_file id="fl-10a">
         <path>C:\Users\standard\ti\ccs1250\cc3200-sdk\simplelink\ccs\NON_OS\</path>
         <kind>archive</kind>
         <file>simplelink.a</file>
         <name>wlan.obj</name>
      </input_file>
      <input_file id="fl-10b">
         <path>C:\Users\standard\ti\ccs1250\cc3200-sdk\simplelink\ccs\NON_OS\</path>
         <kind>archive</kind>
         <file>simplelink.a</file>
         <name>cc_pal.obj</name>
      </input_file>
      <input_file id="fl-10c">
         <path>C:\Users\standard\ti\ccs1250\cc3200-sdk\driverlib\ccs\Release\</path>
         <kind>archive</kind>
         <file>driverlib.a</file>
         <name>udma.obj</name>
      </input_file>
   </input_file_list>
   <object_component_list>
      <object_component id="oc-12">
         <name>.intvecs</name>
         <load_address>0x20004000</load_address>
         <run_address>0x20004000</run_address>
         <size>0x400</size>
         <input_file_ref idref="fl-b"/>
      </object_component>
      <object_component id="oc-97">
         <name>.text</name>
         <load_address>0x20004400</load_address>
         <run_address>0x20004400</run_address>
         <size>0x21bc</size>
         <input_file_ref idref="fl-7"/>
      </object_component>
      <object_component id="oc-204">
         <name>.text</name>
         <load_address>0x200065bc</load_address>
         <run_address>0x200065bc</run_address>
         <size>0xecc</size>
         <input_file_ref idref="fl-f"/>
      </object_component>
      <object_component id="oc-1bf">
         <name>.text</name>
         <load_address>0x20007488</load_address>
         <run_address>0x20007488</run_address>
         <size>0xb84</size>
         <input_file_ref idref="fl-2"/>
      </object_component>
      <object_component id="oc-471">
         <name>.text:__TI_printfi</name>
         <load_address>0x2000800c</load_address>
         <run_address>0x2000800c</run_address>
         <size>0xa4e</size>
         <input_file_ref idref="fl-df"/>
      </object_component>
      <object_component id="oc-61d">
         <name>.text:IntDefaultHandler</name>
         <load_address>0x20008a5a</load_address>
         <run_address>0x20008a5a</run_address>
         <size>0x2</size>
         <input_file_ref idref="fl-fa"/>
      </object_component>
      <object_component id="oc-83c">
         <name>.text:_SlDrvMsgRead</name>
         <load_address>0x20008a5c</load_address>
         <run_address>0x20008a5c</run_address>
         <size>0x590</size>
         <input_file_ref idref="fl-105"/>
      </object_component>
      <object_component id="oc-15e">
         <name>.text</name>
         <load_address>0x20008fec</load_address>
         <run_address>0x20008fec</run_address>
         <size>0x49e</size>
         <input_file_ref idref="fl-3"/>
      </object_component>
      <object_component id="oc-681">
         <name>.text:_nop</name>
         <load_address>0x2000948a</load_address>
         <run_address>0x2000948a</run_address>
         <size>0x2</size>
         <input_file_ref idref="fl-eb"/>
      </object_component>
      <object_component id="oc-4e9">
         <name>.text</name>
         <load_address>0x2000948c</load_address>
         <run_address>0x2000948c</run_address>
         <size>0x398</size>
         <input_file_ref idref="fl-5"/>
      </object_component>
      <object_component id="oc-137">
         <name>.text</name>
         <load_address>0x20009824</load_address>
         <run_address>0x20009824</run_address>
         <size>0x334</size>
         <input_file_ref idref="fl-4"/>
      </object_component>
      <object_component id="oc-d1">
         <name>.text</name>
         <load_address>0x20009b58</load_address>
         <run_address>0x20009b58</run_address>
         <size>0x2a0</size>
         <input_file_ref idref="fl-6"/>
      </object_component>
      <object_component id="oc-4e3">
         <name>.text:sl_WlanConnect</name>
         <load_address>0x20009df8</load_address>
         <run_address>0x20009df8</run_address>
         <size>0x280</size>
         <input_file_ref idref="fl-10a"/>
      </object_component>
      <object_component id="oc-d7">
         <name>.text</name>
         <load_address>0x2000a078</load_address>
         <run_address>0x2000a078</run_address>
         <size>0x27c</size>
         <input_file_ref idref="fl-e"/>
      </object_component>
      <object_component id="oc-107">
         <name>.text</name>
         <load_address>0x2000a2f4</load_address>
         <run_address>0x2000a2f4</run_address>
         <size>0x270</size>
         <input_file_ref idref="fl-c"/>
      </object_component>
      <object_component id="oc-6b0">
         <name>.text:_pconv_a</name>
         <load_address>0x2000a564</load_address>
         <run_address>0x2000a564</run_address>
         <size>0x268</size>
         <input_file_ref idref="fl-df"/>
      </object_component>
      <object_component id="oc-98a">
         <name>.text:_SlDrvRxHdrRead</name>
         <load_address>0x2000a7cc</load_address>
         <run_address>0x2000a7cc</run_address>
         <size>0x248</size>
         <input_file_ref idref="fl-105"/>
      </object_component>
      <object_component id="oc-56b">
         <name>.text:_SlDrvDataReadOp</name>
         <load_address>0x2000aa14</load_address>
         <run_address>0x2000aa14</run_address>
         <size>0x1e4</size>
         <input_file_ref idref="fl-105"/>
      </object_component>
      <object_component id="oc-524">
         <name>.text:_SlDrvReleasePoolObj</name>
         <load_address>0x2000abf8</load_address>
         <run_address>0x2000abf8</run_address>
         <size>0x1d0</size>
         <input_file_ref idref="fl-105"/>
      </object_component>
      <object_component id="oc-69e">
         <name>.text:_pconv_g</name>
         <load_address>0x2000adc8</load_address>
         <run_address>0x2000adc8</run_address>
         <size>0x1cc</size>
         <input_file_ref idref="fl-df"/>
      </object_component>
      <object_component id="oc-886">
         <name>.text</name>
         <load_address>0x2000af94</load_address>
         <run_address>0x2000af94</run_address>
         <size>0x1b6</size>
         <input_file_ref idref="fl-e0"/>
      </object_component>
      <object_component id="oc-9ae">
         <name>.text</name>
         <load_address>0x2000b14a</load_address>
         <run_address>0x2000b14a</run_address>
         <size>0x2</size>
         <input_file_ref idref="fl-f7"/>
      </object_component>
      <object_component id="oc-6da">
         <name>.text:_SlDrvDriverCBInit</name>
         <load_address>0x2000b14c</load_address>
         <run_address>0x2000b14c</run_address>
         <size>0x1b4</size>
         <input_file_ref idref="fl-105"/>
      </object_component>
      <object_component id="oc-647">
         <name>.text:_SlDrvMsgWrite</name>
         <load_address>0x2000b300</load_address>
         <run_address>0x2000b300</run_address>
         <size>0x19c</size>
         <input_file_ref idref="fl-105"/>
      </object_component>
      <object_component id="oc-131">
         <name>.text</name>
         <load_address>0x2000b49c</load_address>
         <run_address>0x2000b49c</run_address>
         <size>0x198</size>
         <input_file_ref idref="fl-d"/>
      </object_component>
      <object_component id="oc-74b">
         <name>.text:_SlDrvWaitForPoolObj</name>
         <load_address>0x2000b634</load_address>
         <run_address>0x2000b634</run_address>
         <size>0x190</size>
         <input_file_ref idref="fl-105"/>
      </object_component>
      <object_component id="oc-511">
         <name>.text:sl_Connect</name>
         <load_address>0x2000b7c4</load_address>
         <run_address>0x2000b7c4</run_address>
         <size>0x18c</size>
         <input_file_ref idref="fl-109"/>
      </object_component>
      <object_component id="oc-12b">
         <name>.text:PRCMCC3200MCUInit</name>
         <load_address>0x2000b950</load_address>
         <run_address>0x2000b950</run_address>
         <size>0x178</size>
         <input_file_ref idref="fl-fc"/>
      </object_component>
      <object_component id="oc-99c">
         <name>.text:_SlFindAndSetActiveObj</name>
         <load_address>0x2000bac8</load_address>
         <run_address>0x2000bac8</run_address>
         <size>0x170</size>
         <input_file_ref idref="fl-105"/>
      </object_component>
      <object_component id="oc-557">
         <name>.text:_SlDrvDataWriteOp</name>
         <load_address>0x2000bc38</load_address>
         <run_address>0x2000bc38</run_address>
         <size>0x150</size>
         <input_file_ref idref="fl-105"/>
      </object_component>
      <object_component id="oc-6e0">
         <name>.text:spi_Open</name>
         <load_address>0x2000bd88</load_address>
         <run_address>0x2000bd88</run_address>
         <size>0x148</size>
         <input_file_ref idref="fl-10b"/>
      </object_component>
      <object_component id="oc-64d">
         <name>.text:_SlDrvMsgReadCmdCtx</name>
         <load_address>0x2000bed0</load_address>
         <run_address>0x2000bed0</run_address>
         <size>0x144</size>
         <input_file_ref idref="fl-105"/>
      </object_component>
      <object_component id="oc-4f3">
         <name>.text:sl_NetAppDnsGetHostByName</name>
         <load_address>0x2000c014</load_address>
         <run_address>0x2000c014</run_address>
         <size>0x144</size>
         <input_file_ref idref="fl-106"/>
      </object_component>
      <object_component id="oc-6aa">
         <name>.text:_pconv_e</name>
         <load_address>0x2000c158</load_address>
         <run_address>0x2000c158</run_address>
         <size>0x13c</size>
         <input_file_ref idref="fl-df"/>
      </object_component>
      <object_component id="oc-86c">
         <name>.text</name>
         <load_address>0x2000c294</load_address>
         <run_address>0x2000c294</run_address>
         <size>0x136</size>
         <input_file_ref idref="fl-e2"/>
      </object_component>
      <object_component id="oc-212">
         <name>.text:sl_Send</name>
         <load_address>0x2000c3cc</load_address>
         <run_address>0x2000c3cc</run_address>
         <size>0x134</size>
         <input_file_ref idref="fl-109"/>
      </object_component>
      <object_component id="oc-542">
         <name>.text:_SlDrvDriverCBDeinit</name>
         <load_address>0x2000c500</load_address>
         <run_address>0x2000c500</run_address>
         <size>0x130</size>
         <input_file_ref idref="fl-105"/>
      </object_component>
      <object_component id="oc-13d">
         <name>.text:strtol</name>
         <load_address>0x2000c630</load_address>
         <run_address>0x2000c630</run_address>
         <size>0x130</size>
         <input_file_ref idref="fl-db"/>
      </object_component>
      <object_component id="oc-898">
         <name>.text:fcvt</name>
         <load_address>0x2000c760</load_address>
         <run_address>0x2000c760</run_address>
         <size>0x120</size>
         <input_file_ref idref="fl-df"/>
      </object_component>
      <object_component id="oc-cb">
         <name>.text:strtoul</name>
         <load_address>0x2000c880</load_address>
         <run_address>0x2000c880</run_address>
         <size>0x110</size>
         <input_file_ref idref="fl-dc"/>
      </object_component>
      <object_component id="oc-a2e">
         <name>.text:_SlDrvNetAppEventHandler</name>
         <load_address>0x2000c990</load_address>
         <run_address>0x2000c990</run_address>
         <size>0x104</size>
         <input_file_ref idref="fl-106"/>
      </object_component>
      <object_component id="oc-5d9">
         <name>.text:aligned_alloc</name>
         <load_address>0x2000ca94</load_address>
         <run_address>0x2000ca94</run_address>
         <size>0x100</size>
         <input_file_ref idref="fl-d3"/>
      </object_component>
      <object_component id="oc-867">
         <name>.text</name>
         <load_address>0x2000cb94</load_address>
         <run_address>0x2000cb94</run_address>
         <size>0xfc</size>
         <input_file_ref idref="fl-e3"/>
      </object_component>
      <object_component id="oc-20a">
         <name>.text:sl_Stop</name>
         <load_address>0x2000cc90</load_address>
         <run_address>0x2000cc90</run_address>
         <size>0xf0</size>
         <input_file_ref idref="fl-104"/>
      </object_component>
      <object_component id="oc-996">
         <name>.text:spi_Read</name>
         <load_address>0x2000cd80</load_address>
         <run_address>0x2000cd80</run_address>
         <size>0xf0</size>
         <input_file_ref idref="fl-10b"/>
      </object_component>
      <object_component id="oc-a7b">
         <name>.text:uDMAChannelTransferSet</name>
         <load_address>0x2000ce70</load_address>
         <run_address>0x2000ce70</run_address>
         <size>0xf0</size>
         <input_file_ref idref="fl-10c"/>
      </object_component>
      <object_component id="oc-49a">
         <name>.text:sl_Start</name>
         <load_address>0x2000cf60</load_address>
         <run_address>0x2000cf60</run_address>
         <size>0xec</size>
         <input_file_ref idref="fl-104"/>
      </object_component>
      <object_component id="oc-842">
         <name>.text:_SlAsyncEventGenericHandler</name>
         <load_address>0x2000d04c</load_address>
         <run_address>0x2000d04c</run_address>
         <size>0xe8</size>
         <input_file_ref idref="fl-105"/>
      </object_component>
      <object_component id="oc-84f">
         <name>.text:_SlDrvMsgReadSpawnCtx</name>
         <load_address>0x2000d134</load_address>
         <run_address>0x2000d134</run_address>
         <size>0xe8</size>
         <input_file_ref idref="fl-105"/>
      </object_component>
      <object_component id="oc-302">
         <name>.text:free</name>
         <load_address>0x2000d21c</load_address>
         <run_address>0x2000d21c</run_address>
         <size>0xe4</size>
         <input_file_ref idref="fl-d3"/>
      </object_component>
      <object_component id="oc-2fc">
         <name>.text:realloc</name>
         <load_address>0x2000d300</load_address>
         <run_address>0x2000d300</run_address>
         <size>0xe4</size>
         <input_file_ref idref="fl-d3"/>
      </object_component>
      <object_component id="oc-729">
         <name>.text:sl_NetAppMDNSRegisterUnregisterService</name>
         <load_address>0x2000d3e4</load_address>
         <run_address>0x2000d3e4</run_address>
         <size>0xe4</size>
         <input_file_ref idref="fl-106"/>
      </object_component>
      <object_component id="oc-990">
         <name>.text:_SlDrvClassifyRxMsg</name>
         <load_address>0x2000d4c8</load_address>
         <run_address>0x2000d4c8</run_address>
         <size>0xdc</size>
         <input_file_ref idref="fl-105"/>
      </object_component>
      <object_component id="oc-1a1">
         <name>.text</name>
         <load_address>0x2000d5a4</load_address>
         <run_address>0x2000d5a4</run_address>
         <size>0xd8</size>
         <input_file_ref idref="fl-a"/>
      </object_component>
      <object_component id="oc-8ac">
         <name>.text:scalbn</name>
         <load_address>0x2000d67c</load_address>
         <run_address>0x2000d67c</run_address>
         <size>0xd0</size>
         <input_file_ref idref="fl-f6"/>
      </object_component>
      <object_component id="oc-aa6">
         <name>.text:_sl_HandleAsync_DnsGetHostByService</name>
         <load_address>0x2000d74c</load_address>
         <run_address>0x2000d74c</run_address>
         <size>0xcc</size>
         <input_file_ref idref="fl-106"/>
      </object_component>
      <object_component id="oc-4ac">
         <name>.text:sl_DevGet</name>
         <load_address>0x2000d818</load_address>
         <run_address>0x2000d818</run_address>
         <size>0xcc</size>
         <input_file_ref idref="fl-104"/>
      </object_component>
      <object_component id="oc-78e">
         <name>.text:_SlRemoveFromList</name>
         <load_address>0x2000d8e4</load_address>
         <run_address>0x2000d8e4</run_address>
         <size>0xc4</size>
         <input_file_ref idref="fl-105"/>
      </object_component>
      <object_component id="oc-40b">
         <name>.text:_SlDrvCmdOp</name>
         <load_address>0x2000d9a8</load_address>
         <run_address>0x2000d9a8</run_address>
         <size>0xc0</size>
         <input_file_ref idref="fl-105"/>
      </object_component>
      <object_component id="oc-693">
         <name>.text:_ltostr</name>
         <load_address>0x2000da68</load_address>
         <run_address>0x2000da68</run_address>
         <size>0xb1</size>
         <input_file_ref idref="fl-df"/>
      </object_component>
      <object_component id="oc-781">
         <name>.text:_SlNonOsSemGet</name>
         <load_address>0x2000db1c</load_address>
         <run_address>0x2000db1c</run_address>
         <size>0xb0</size>
         <input_file_ref idref="fl-108"/>
      </object_component>
      <object_component id="oc-395">
         <name>.text:IntDisable</name>
         <load_address>0x2000dbcc</load_address>
         <run_address>0x2000dbcc</run_address>
         <size>0xa8</size>
         <input_file_ref idref="fl-fa"/>
      </object_component>
      <object_component id="oc-125">
         <name>.text:IntEnable</name>
         <load_address>0x2000dc74</load_address>
         <run_address>0x2000dc74</run_address>
         <size>0xa8</size>
         <input_file_ref idref="fl-fa"/>
      </object_component>
      <object_component id="oc-787">
         <name>.text:_SlDriverHandleError</name>
         <load_address>0x2000dd1c</load_address>
         <run_address>0x2000dd1c</run_address>
         <size>0xa4</size>
         <input_file_ref idref="fl-105"/>
      </object_component>
      <object_component id="oc-1b3">
         <name>.text:SPIConfigSetExpClk</name>
         <load_address>0x2000ddc0</load_address>
         <run_address>0x2000ddc0</run_address>
         <size>0xa0</size>
         <input_file_ref idref="fl-fd"/>
      </object_component>
      <object_component id="oc-21e">
         <name>.text:sl_Recv</name>
         <load_address>0x2000de60</load_address>
         <run_address>0x2000de60</run_address>
         <size>0xa0</size>
         <input_file_ref idref="fl-109"/>
      </object_component>
      <object_component id="oc-3d">
         <name>.text</name>
         <load_address>0x2000df00</load_address>
         <run_address>0x2000df00</run_address>
         <size>0x9c</size>
         <input_file_ref idref="fl-cd"/>
      </object_component>
      <object_component id="oc-a8c">
         <name>.text:_SlDrvDeviceEventHandler</name>
         <load_address>0x2000df9c</load_address>
         <run_address>0x2000df9c</run_address>
         <size>0x9a</size>
         <input_file_ref idref="fl-104"/>
      </object_component>
      <object_component id="oc-197">
         <name>.text:sl_DevSet</name>
         <load_address>0x2000e038</load_address>
         <run_address>0x2000e038</run_address>
         <size>0x98</size>
         <input_file_ref idref="fl-104"/>
      </object_component>
      <object_component id="oc-4c4">
         <name>.text:sl_NetCfgSet</name>
         <load_address>0x2000e0d0</load_address>
         <run_address>0x2000e0d0</run_address>
         <size>0x98</size>
         <input_file_ref idref="fl-107"/>
      </object_component>
      <object_component id="oc-50b">
         <name>.text:sl_SetSockOpt</name>
         <load_address>0x2000e168</load_address>
         <run_address>0x2000e168</run_address>
         <size>0x98</size>
         <input_file_ref idref="fl-109"/>
      </object_component>
      <object_component id="oc-4ca">
         <name>.text:sl_WlanSet</name>
         <load_address>0x2000e200</load_address>
         <run_address>0x2000e200</run_address>
         <size>0x98</size>
         <input_file_ref idref="fl-10a"/>
      </object_component>
      <object_component id="oc-832">
         <name>.text:spi_Write</name>
         <load_address>0x2000e298</load_address>
         <run_address>0x2000e298</run_address>
         <size>0x98</size>
         <input_file_ref idref="fl-10b"/>
      </object_component>
      <object_component id="oc-860">
         <name>.text</name>
         <load_address>0x2000e330</load_address>
         <run_address>0x2000e330</run_address>
         <size>0x96</size>
         <input_file_ref idref="fl-e6"/>
      </object_component>
      <object_component id="oc-16d">
         <name>.text:PRCMPeripheralClockGet</name>
         <load_address>0x2000e3c8</load_address>
         <run_address>0x2000e3c8</run_address>
         <size>0x94</size>
         <input_file_ref idref="fl-fc"/>
      </object_component>
      <object_component id="oc-aa0">
         <name>.text:_sl_HandleAsync_DnsGetHostByName</name>
         <load_address>0x2000e45c</load_address>
         <run_address>0x2000e45c</run_address>
         <size>0x90</size>
         <input_file_ref idref="fl-106"/>
      </object_component>
      <object_component id="oc-a34">
         <name>.text:_sl_HandleAsync_PingResponse</name>
         <load_address>0x2000e4ec</load_address>
         <run_address>0x2000e4ec</run_address>
         <size>0x90</size>
         <input_file_ref idref="fl-106"/>
      </object_component>
      <object_component id="oc-4b2">
         <name>.text:sl_WlanPolicySet</name>
         <load_address>0x2000e57c</load_address>
         <run_address>0x2000e57c</run_address>
         <size>0x90</size>
         <input_file_ref idref="fl-10a"/>
      </object_component>
      <object_component id="oc-a3b">
         <name>.text:SetupDMAReceive</name>
         <load_address>0x2000e60c</load_address>
         <run_address>0x2000e60c</run_address>
         <size>0x8c</size>
         <input_file_ref idref="fl-10b"/>
      </object_component>
      <object_component id="oc-975">
         <name>.text:SetupDMASend</name>
         <load_address>0x2000e698</load_address>
         <run_address>0x2000e698</run_address>
         <size>0x8c</size>
         <input_file_ref idref="fl-10b"/>
      </object_component>
      <object_component id="oc-93c">
         <name>.text:_SlDrvIsTimeoutExpired</name>
         <load_address>0x2000e724</load_address>
         <run_address>0x2000e724</run_address>
         <size>0x8c</size>
         <input_file_ref idref="fl-105"/>
      </object_component>
      <object_component id="oc-ae4">
         <name>.text:_sl_HandleAsync_InitComplete</name>
         <load_address>0x2000e7b0</load_address>
         <run_address>0x2000e7b0</run_address>
         <size>0x8c</size>
         <input_file_ref idref="fl-104"/>
      </object_component>
      <object_component id="oc-505">
         <name>.text:sl_Socket</name>
         <load_address>0x2000e83c</load_address>
         <run_address>0x2000e83c</run_address>
         <size>0x8c</size>
         <input_file_ref idref="fl-109"/>
      </object_component>
      <object_component id="oc-66b">
         <name>.text:PinConfigSet</name>
         <load_address>0x2000e8c8</load_address>
         <run_address>0x2000e8c8</run_address>
         <size>0x88</size>
         <input_file_ref idref="fl-fb"/>
      </object_component>
      <object_component id="oc-699">
         <name>.text:__aeabi_cdcmple</name>
         <load_address>0x2000e950</load_address>
         <run_address>0x2000e950</run_address>
         <size>0x86</size>
         <input_file_ref idref="fl-e1"/>
      </object_component>
      <object_component id="oc-871">
         <name>.text:__aeabi_cdrcmple</name>
         <load_address>0x2000e9d6</load_address>
         <run_address>0x2000e9d6</run_address>
         <size>0x86</size>
         <input_file_ref idref="fl-e1"/>
      </object_component>
      <object_component id="oc-2d6">
         <name>.text:I2CMasterInitExpClk</name>
         <load_address>0x2000ea5c</load_address>
         <run_address>0x2000ea5c</run_address>
         <size>0x84</size>
         <input_file_ref idref="fl-f9"/>
      </object_component>
      <object_component id="oc-4d9">
         <name>.text:sl_WlanRxFilterSet</name>
         <load_address>0x2000eae0</load_address>
         <run_address>0x2000eae0</run_address>
         <size>0x84</size>
         <input_file_ref idref="fl-10a"/>
      </object_component>
      <object_component id="oc-ac8">
         <name>.text:_sl_HandleAsync_Connect</name>
         <load_address>0x2000eb64</load_address>
         <run_address>0x2000eb64</run_address>
         <size>0x80</size>
         <input_file_ref idref="fl-109"/>
      </object_component>
      <object_component id="oc-a41">
         <name>.text:spi_Read_CPU</name>
         <load_address>0x2000ebe4</load_address>
         <run_address>0x2000ebe4</run_address>
         <size>0x80</size>
         <input_file_ref idref="fl-10b"/>
      </object_component>
      <object_component id="oc-981">
         <name>.text:spi_Write_CPU</name>
         <load_address>0x2000ec64</load_address>
         <run_address>0x2000ec64</run_address>
         <size>0x80</size>
         <input_file_ref idref="fl-10b"/>
      </object_component>
      <object_component id="oc-8b">
         <name>.text</name>
         <load_address>0x2000ece4</load_address>
         <run_address>0x2000ece4</run_address>
         <size>0x7a</size>
         <input_file_ref idref="fl-ce"/>
      </object_component>
      <object_component id="oc-53c">
         <name>.text:spi_Close</name>
         <load_address>0x2000ed60</load_address>
         <run_address>0x2000ed60</run_address>
         <size>0x78</size>
         <input_file_ref idref="fl-10b"/>
      </object_component>
      <object_component id="oc-173">
         <name>.text:UARTConfigSetExpClk</name>
         <load_address>0x2000edd8</load_address>
         <run_address>0x2000edd8</run_address>
         <size>0x76</size>
         <input_file_ref idref="fl-100"/>
      </object_component>
      <object_component id="oc-4a0">
         <name>.text:_SlNonOsMainLoopTask</name>
         <load_address>0x2000ee50</load_address>
         <run_address>0x2000ee50</run_address>
         <size>0x74</size>
         <input_file_ref idref="fl-108"/>
      </object_component>
      <object_component id="oc-375">
         <name>.text:TimerIntRegister</name>
         <load_address>0x2000eec4</load_address>
         <run_address>0x2000eec4</run_address>
         <size>0x70</size>
         <input_file_ref idref="fl-ff"/>
      </object_component>
      <object_component id="oc-5e6">
         <name>.text:split</name>
         <load_address>0x2000ef34</load_address>
         <run_address>0x2000ef34</run_address>
         <size>0x70</size>
         <input_file_ref idref="fl-d3"/>
      </object_component>
      <object_component id="oc-891">
         <name>.text:_mcpy</name>
         <load_address>0x2000efa4</load_address>
         <run_address>0x2000efa4</run_address>
         <size>0x6e</size>
         <input_file_ref idref="fl-df"/>
      </object_component>
      <object_component id="oc-afc">
         <name>.text:_SlDrvCmdSend</name>
         <load_address>0x2000f014</load_address>
         <run_address>0x2000f014</run_address>
         <size>0x6c</size>
         <input_file_ref idref="fl-105"/>
      </object_component>
      <object_component id="oc-ab2">
         <name>.text:_sl_NetAppSendTokenValue</name>
         <load_address>0x2000f080</load_address>
         <run_address>0x2000f080</run_address>
         <size>0x6c</size>
         <input_file_ref idref="fl-106"/>
      </object_component>
      <object_component id="oc-381">
         <name>.text:TimerIntUnregister</name>
         <load_address>0x2000f0ec</load_address>
         <run_address>0x2000f0ec</run_address>
         <size>0x68</size>
         <input_file_ref idref="fl-ff"/>
      </object_component>
      <object_component id="oc-15">
         <name>.text:decompress:lzss:__TI_decompress_lzss</name>
         <load_address>0x2000f154</load_address>
         <run_address>0x2000f154</run_address>
         <size>0x68</size>
         <input_file_ref idref="fl-d1"/>
      </object_component>
      <object_component id="oc-848">
         <name>.text:_SlNonOsSpawn</name>
         <load_address>0x2000f1bc</load_address>
         <run_address>0x2000f1bc</run_address>
         <size>0x64</size>
         <input_file_ref idref="fl-108"/>
      </object_component>
      <object_component id="oc-ac2">
         <name>.text:_sl_HandleAsync_Accept</name>
         <load_address>0x2000f220</load_address>
         <run_address>0x2000f220</run_address>
         <size>0x64</size>
         <input_file_ref idref="fl-109"/>
      </object_component>
      <object_component id="oc-4d0">
         <name>.text:sl_NetAppMDNSUnRegisterService</name>
         <load_address>0x2000f284</load_address>
         <run_address>0x2000f284</run_address>
         <size>0x64</size>
         <input_file_ref idref="fl-106"/>
      </object_component>
      <object_component id="oc-9e8">
         <name>.text:uDMAChannelAttributeDisable</name>
         <load_address>0x2000f2e8</load_address>
         <run_address>0x2000f2e8</run_address>
         <size>0x64</size>
         <input_file_ref idref="fl-10c"/>
      </object_component>
      <object_component id="oc-a75">
         <name>.text:uDMAChannelAttributeEnable</name>
         <load_address>0x2000f34c</load_address>
         <run_address>0x2000f34c</run_address>
         <size>0x64</size>
         <input_file_ref idref="fl-10c"/>
      </object_component>
      <object_component id="oc-218">
         <name>.text:sl_Close</name>
         <load_address>0x2000f3b0</load_address>
         <run_address>0x2000f3b0</run_address>
         <size>0x60</size>
         <input_file_ref idref="fl-109"/>
      </object_component>
      <object_component id="oc-4b8">
         <name>.text:sl_WlanProfileDel</name>
         <load_address>0x2000f410</load_address>
         <run_address>0x2000f410</run_address>
         <size>0x60</size>
         <input_file_ref idref="fl-10a"/>
      </object_component>
      <object_component id="oc-4a6">
         <name>.text:sl_WlanSetMode</name>
         <load_address>0x2000f470</load_address>
         <run_address>0x2000f470</run_address>
         <size>0x60</size>
         <input_file_ref idref="fl-10a"/>
      </object_component>
      <object_component id="oc-8a6">
         <name>.text:frexp</name>
         <load_address>0x2000f4d0</load_address>
         <run_address>0x2000f4d0</run_address>
         <size>0x5c</size>
         <input_file_ref idref="fl-f5"/>
      </object_component>
      <object_component id="oc-79b">
         <name>.text:IntPendClear</name>
         <load_address>0x2000f52c</load_address>
         <run_address>0x2000f52c</run_address>
         <size>0x58</size>
         <input_file_ref idref="fl-fa"/>
      </object_component>
      <object_component id="oc-2c4">
         <name>.text:PRCMPeripheralReset</name>
         <load_address>0x2000f584</load_address>
         <run_address>0x2000f584</run_address>
         <size>0x58</size>
         <input_file_ref idref="fl-fc"/>
      </object_component>
      <object_component id="oc-6a4">
         <name>.text:_pconv_f</name>
         <load_address>0x2000f5dc</load_address>
         <run_address>0x2000f5dc</run_address>
         <size>0x56</size>
         <input_file_ref idref="fl-df"/>
      </object_component>
      <object_component id="oc-e9">
         <name>.text:IntPrioritySet</name>
         <load_address>0x2000f634</load_address>
         <run_address>0x2000f634</run_address>
         <size>0x54</size>
         <input_file_ref idref="fl-fa"/>
      </object_component>
      <object_component id="oc-6f2">
         <name>.text:_SlDrvRxIrqHandler</name>
         <load_address>0x2000f688</load_address>
         <run_address>0x2000f688</run_address>
         <size>0x54</size>
         <input_file_ref idref="fl-105"/>
      </object_component>
      <object_component id="oc-87b">
         <name>.text:__TI_ltoa</name>
         <load_address>0x2000f6dc</load_address>
         <run_address>0x2000f6dc</run_address>
         <size>0x54</size>
         <input_file_ref idref="fl-ec"/>
      </object_component>
      <object_component id="oc-ace">
         <name>.text:_sl_HandleAsync_Select</name>
         <load_address>0x2000f730</load_address>
         <run_address>0x2000f730</run_address>
         <size>0x54</size>
         <input_file_ref idref="fl-109"/>
      </object_component>
      <object_component id="oc-88b">
         <name>.text:_ecpy</name>
         <load_address>0x2000f784</load_address>
         <run_address>0x2000f784</run_address>
         <size>0x52</size>
         <input_file_ref idref="fl-df"/>
      </object_component>
      <object_component id="oc-ad4">
         <name>.text:_sl_HandleAsync_Stop</name>
         <load_address>0x2000f7d8</load_address>
         <run_address>0x2000f7d8</run_address>
         <size>0x50</size>
         <input_file_ref idref="fl-104"/>
      </object_component>
      <object_component id="oc-8ea">
         <name>.text:SPIIntEnable</name>
         <load_address>0x2000f828</load_address>
         <run_address>0x2000f828</run_address>
         <size>0x4c</size>
         <input_file_ref idref="fl-fd"/>
      </object_component>
      <object_component id="oc-955">
         <name>.text:SPIIntNumberGet</name>
         <load_address>0x2000f874</load_address>
         <run_address>0x2000f874</run_address>
         <size>0x4c</size>
         <input_file_ref idref="fl-fd"/>
      </object_component>
      <object_component id="oc-518">
         <name>.text:_SlDrvProtectAsyncRespSetting</name>
         <load_address>0x2000f8c0</load_address>
         <run_address>0x2000f8c0</run_address>
         <size>0x4c</size>
         <input_file_ref idref="fl-105"/>
      </object_component>
      <object_component id="oc-776">
         <name>.text:_sl_BuildAddress</name>
         <load_address>0x2000f90c</load_address>
         <run_address>0x2000f90c</run_address>
         <size>0x4c</size>
         <input_file_ref idref="fl-109"/>
      </object_component>
      <object_component id="oc-68d">
         <name>.text:atoi</name>
         <load_address>0x2000f958</load_address>
         <run_address>0x2000f958</run_address>
         <size>0x4c</size>
         <input_file_ref idref="fl-ee"/>
      </object_component>
      <object_component id="oc-9e2">
         <name>.text:uDMAChannelAssign</name>
         <load_address>0x2000f9a4</load_address>
         <run_address>0x2000f9a4</run_address>
         <size>0x4c</size>
         <input_file_ref idref="fl-10c"/>
      </object_component>
      <object_component id="oc-9f8">
         <name>.text:SPIIntClear</name>
         <load_address>0x2000f9f0</load_address>
         <run_address>0x2000f9f0</run_address>
         <size>0x48</size>
         <input_file_ref idref="fl-fd"/>
      </object_component>
      <object_component id="oc-714">
         <name>.text:_SlDrvBasicCmd</name>
         <load_address>0x2000fa38</load_address>
         <run_address>0x2000fa38</run_address>
         <size>0x48</size>
         <input_file_ref idref="fl-105"/>
      </object_component>
      <object_component id="oc-876">
         <name>.text</name>
         <load_address>0x2000fa80</load_address>
         <run_address>0x2000fa80</run_address>
         <size>0x48</size>
         <input_file_ref idref="fl-e4"/>
      </object_component>
      <object_component id="oc-9f1">
         <name>.text:SPIDmaMaskGet</name>
         <load_address>0x2000fac8</load_address>
         <run_address>0x2000fac8</run_address>
         <size>0x44</size>
         <input_file_ref idref="fl-fd"/>
      </object_component>
      <object_component id="oc-369">
         <name>.text:TimerConfigure</name>
         <load_address>0x2000fb0c</load_address>
         <run_address>0x2000fb0c</run_address>
         <size>0x44</size>
         <input_file_ref idref="fl-ff"/>
      </object_component>
      <object_component id="oc-af5">
         <name>.text:_SlDrvHandleHttpServerEvents</name>
         <load_address>0x2000fb50</load_address>
         <run_address>0x2000fb50</run_address>
         <size>0x44</size>
         <input_file_ref idref="fl-105"/>
      </object_component>
      <object_component id="oc-51e">
         <name>.text:_SlDrvSyncObjWaitTimeout</name>
         <load_address>0x2000fb94</load_address>
         <run_address>0x2000fb94</run_address>
         <size>0x44</size>
         <input_file_ref idref="fl-105"/>
      </object_component>
      <object_component id="oc-246">
         <name>.text:__TI_auto_init_nobinit_nopinit:__TI_auto_init_nobinit_nopinit</name>
         <load_address>0x2000fbd8</load_address>
         <run_address>0x2000fbd8</run_address>
         <size>0x44</size>
         <input_file_ref idref="fl-e7"/>
      </object_component>
      <object_component id="oc-a1b">
         <name>.text:cc_SetupTransfer</name>
         <load_address>0x2000fc1c</load_address>
         <run_address>0x2000fc1c</run_address>
         <size>0x44</size>
         <input_file_ref idref="fl-10b"/>
      </object_component>
      <object_component id="oc-4ff">
         <name>.text:sl_Htonl</name>
         <load_address>0x2000fc60</load_address>
         <run_address>0x2000fc60</run_address>
         <size>0x42</size>
         <input_file_ref idref="fl-109"/>
      </object_component>
      <object_component id="oc-671">
         <name>.text:PinModeSet</name>
         <load_address>0x2000fca4</load_address>
         <run_address>0x2000fca4</run_address>
         <size>0x40</size>
         <input_file_ref idref="fl-fb"/>
      </object_component>
      <object_component id="oc-a98">
         <name>.text:_SlDrvHandleNetAppEvents</name>
         <load_address>0x2000fce4</load_address>
         <run_address>0x2000fce4</run_address>
         <size>0x40</size>
         <input_file_ref idref="fl-105"/>
      </object_component>
      <object_component id="oc-a92">
         <name>.text:_SlDrvHandleWlanEvents</name>
         <load_address>0x2000fd24</load_address>
         <run_address>0x2000fd24</run_address>
         <size>0x40</size>
         <input_file_ref idref="fl-105"/>
      </object_component>
      <object_component id="oc-551">
         <name>.text:_sl_TruncatePayloadByProtocol</name>
         <load_address>0x2000fd64</load_address>
         <run_address>0x2000fd64</run_address>
         <size>0x40</size>
         <input_file_ref idref="fl-109"/>
      </object_component>
      <object_component id="oc-1dd">
         <name>.text:sprintf</name>
         <load_address>0x2000fda4</load_address>
         <run_address>0x2000fda4</run_address>
         <size>0x40</size>
         <input_file_ref idref="fl-cb"/>
      </object_component>
      <object_component id="oc-c5">
         <name>.text:strtok</name>
         <load_address>0x2000fde4</load_address>
         <run_address>0x2000fde4</run_address>
         <size>0x40</size>
         <input_file_ref idref="fl-da"/>
      </object_component>
      <object_component id="oc-2e4">
         <name>.text:vsnprintf</name>
         <load_address>0x2000fe24</load_address>
         <run_address>0x2000fe24</run_address>
         <size>0x40</size>
         <input_file_ref idref="fl-cc"/>
      </object_component>
      <object_component id="oc-52a">
         <name>.text:NwpRegisterInterruptHandler</name>
         <load_address>0x2000fe64</load_address>
         <run_address>0x2000fe64</run_address>
         <size>0x3e</size>
         <input_file_ref idref="fl-10b"/>
      </object_component>
      <object_component id="oc-89e">
         <name>.text:_fcpy</name>
         <load_address>0x2000fea2</load_address>
         <run_address>0x2000fea2</run_address>
         <size>0x3e</size>
         <input_file_ref idref="fl-df"/>
      </object_component>
      <object_component id="oc-ab9">
         <name>.text:CopyPingResultsToReport</name>
         <load_address>0x2000fee0</load_address>
         <run_address>0x2000fee0</run_address>
         <size>0x3c</size>
         <input_file_ref idref="fl-106"/>
      </object_component>
      <object_component id="oc-167">
         <name>.text:PRCMPeripheralClkEnable</name>
         <load_address>0x2000ff1c</load_address>
         <run_address>0x2000ff1c</run_address>
         <size>0x3c</size>
         <input_file_ref idref="fl-fc"/>
      </object_component>
      <object_component id="oc-a66">
         <name>.text:simplelink_timerA2_start</name>
         <load_address>0x2000ff58</load_address>
         <run_address>0x2000ff58</run_address>
         <size>0x3c</size>
         <input_file_ref idref="fl-10b"/>
      </object_component>
      <object_component id="oc-4f9">
         <name>.text:sl_Htons</name>
         <load_address>0x2000ff94</load_address>
         <run_address>0x2000ff94</run_address>
         <size>0x3c</size>
         <input_file_ref idref="fl-109"/>
      </object_component>
      <object_component id="oc-a6f">
         <name>.text:uDMAChannelControlSet</name>
         <load_address>0x2000ffd0</load_address>
         <run_address>0x2000ffd0</run_address>
         <size>0x3c</size>
         <input_file_ref idref="fl-10c"/>
      </object_component>
      <object_component id="oc-536">
         <name>.text:NwpPowerOff</name>
         <load_address>0x2001000c</load_address>
         <run_address>0x2001000c</run_address>
         <size>0x38</size>
         <input_file_ref idref="fl-10b"/>
      </object_component>
      <object_component id="oc-4be">
         <name>.text:sl_WlanDisconnect</name>
         <load_address>0x20010044</load_address>
         <run_address>0x20010044</run_address>
         <size>0x38</size>
         <input_file_ref idref="fl-10a"/>
      </object_component>
      <object_component id="oc-8d2">
         <name>.text:PRCMPeripheralStatusGet</name>
         <load_address>0x2001007c</load_address>
         <run_address>0x2001007c</run_address>
         <size>0x34</size>
         <input_file_ref idref="fl-fc"/>
      </object_component>
      <object_component id="oc-8e4">
         <name>.text:SPIFIFOLevelSet</name>
         <load_address>0x200100b0</load_address>
         <run_address>0x200100b0</run_address>
         <size>0x34</size>
         <input_file_ref idref="fl-fd"/>
      </object_component>
      <object_component id="oc-1d7">
         <name>.text:rand</name>
         <load_address>0x200100e4</load_address>
         <run_address>0x200100e4</run_address>
         <size>0x34</size>
         <input_file_ref idref="fl-d4"/>
      </object_component>
      <object_component id="oc-43c">
         <name>.text:PinTypeGPIO</name>
         <load_address>0x20010118</load_address>
         <run_address>0x20010118</run_address>
         <size>0x30</size>
         <input_file_ref idref="fl-fb"/>
      </object_component>
      <object_component id="oc-3f9">
         <name>.text:UARTDisable</name>
         <load_address>0x20010148</load_address>
         <run_address>0x20010148</run_address>
         <size>0x30</size>
         <input_file_ref idref="fl-100"/>
      </object_component>
      <object_component id="oc-5be">
         <name>.text:_outs</name>
         <load_address>0x20010178</load_address>
         <run_address>0x20010178</run_address>
         <size>0x30</size>
         <input_file_ref idref="fl-cc"/>
      </object_component>
      <object_component id="oc-881">
         <name>.text</name>
         <load_address>0x200101a8</load_address>
         <run_address>0x200101a8</run_address>
         <size>0x2e</size>
         <input_file_ref idref="fl-e5"/>
      </object_component>
      <object_component id="oc-1f8">
         <name>.text:strncat</name>
         <load_address>0x200101d6</load_address>
         <run_address>0x200101d6</run_address>
         <size>0x2e</size>
         <input_file_ref idref="fl-d9"/>
      </object_component>
      <object_component id="oc-2ac">
         <name>.text:I2CMasterErr</name>
         <load_address>0x20010204</load_address>
         <run_address>0x20010204</run_address>
         <size>0x2c</size>
         <input_file_ref idref="fl-f9"/>
      </object_component>
      <object_component id="oc-6e6">
         <name>.text:NwpPowerOn</name>
         <load_address>0x20010230</load_address>
         <run_address>0x20010230</run_address>
         <size>0x2c</size>
         <input_file_ref idref="fl-10b"/>
      </object_component>
      <object_component id="oc-356">
         <name>.text:PRCMSysResetCauseGet</name>
         <load_address>0x2001025c</load_address>
         <run_address>0x2001025c</run_address>
         <size>0x2c</size>
         <input_file_ref idref="fl-fc"/>
      </object_component>
      <object_component id="oc-63b">
         <name>.text:_SlDrvObjGlobalLockWaitForever</name>
         <load_address>0x20010288</load_address>
         <run_address>0x20010288</run_address>
         <size>0x2c</size>
         <input_file_ref idref="fl-105"/>
      </object_component>
      <object_component id="oc-751">
         <name>.text:_SlDrvProtectionObjLockWaitForever</name>
         <load_address>0x200102b4</load_address>
         <run_address>0x200102b4</run_address>
         <size>0x2c</size>
         <input_file_ref idref="fl-105"/>
      </object_component>
      <object_component id="oc-37b">
         <name>.text:TimerLoadSet</name>
         <load_address>0x200102e0</load_address>
         <run_address>0x200102e0</run_address>
         <size>0x2a</size>
         <input_file_ref idref="fl-ff"/>
      </object_component>
      <object_component id="oc-36f">
         <name>.text:TimerPrescaleSet</name>
         <load_address>0x2001030a</load_address>
         <run_address>0x2001030a</run_address>
         <size>0x2a</size>
         <input_file_ref idref="fl-ff"/>
      </object_component>
      <object_component id="oc-278">
         <name>.text:strspn</name>
         <load_address>0x20010334</load_address>
         <run_address>0x20010334</run_address>
         <size>0x2a</size>
         <input_file_ref idref="fl-f3"/>
      </object_component>
      <object_component id="oc-e3">
         <name>.text:IntPriorityGroupingSet</name>
         <load_address>0x20010360</load_address>
         <run_address>0x20010360</run_address>
         <size>0x28</size>
         <input_file_ref idref="fl-fa"/>
      </object_component>
      <object_component id="oc-2dc">
         <name>.text:PRCMPeripheralClkDisable</name>
         <load_address>0x20010388</load_address>
         <run_address>0x20010388</run_address>
         <size>0x28</size>
         <input_file_ref idref="fl-fc"/>
      </object_component>
      <object_component id="oc-641">
         <name>.text:_SlDrvGlobalObjUnLock</name>
         <load_address>0x200103b0</load_address>
         <run_address>0x200103b0</run_address>
         <size>0x28</size>
         <input_file_ref idref="fl-105"/>
      </object_component>
      <object_component id="oc-757">
         <name>.text:_SlDrvProtectionObjUnLock</name>
         <load_address>0x200103d8</load_address>
         <run_address>0x200103d8</run_address>
         <size>0x28</size>
         <input_file_ref idref="fl-105"/>
      </object_component>
      <object_component id="oc-75d">
         <name>.text:_SlDrvSyncObjWaitForever</name>
         <load_address>0x20010400</load_address>
         <run_address>0x20010400</run_address>
         <size>0x28</size>
         <input_file_ref idref="fl-105"/>
      </object_component>
      <object_component id="oc-5ed">
         <name>.text:free_list_insert</name>
         <load_address>0x20010428</load_address>
         <run_address>0x20010428</run_address>
         <size>0x28</size>
         <input_file_ref idref="fl-d3"/>
      </object_component>
      <object_component id="oc-2f0">
         <name>.text:memmove</name>
         <load_address>0x20010450</load_address>
         <run_address>0x20010450</run_address>
         <size>0x28</size>
         <input_file_ref idref="fl-d2"/>
      </object_component>
      <object_component id="oc-7d6">
         <name>.text:_SlDrvObjLockWaitForever</name>
         <load_address>0x20010478</load_address>
         <run_address>0x20010478</run_address>
         <size>0x26</size>
         <input_file_ref idref="fl-105"/>
      </object_component>
      <object_component id="oc-b13">
         <name>.text</name>
         <load_address>0x2001049e</load_address>
         <run_address>0x2001049e</run_address>
         <size>0x26</size>
         <input_file_ref idref="fl-8"/>
      </object_component>
      <object_component id="oc-8f1">
         <name>.text:DmaSpiSwIntHandler</name>
         <load_address>0x200104c4</load_address>
         <run_address>0x200104c4</run_address>
         <size>0x24</size>
         <input_file_ref idref="fl-10b"/>
      </object_component>
      <object_component id="oc-39b">
         <name>.text:IntUnregister</name>
         <load_address>0x200104e8</load_address>
         <run_address>0x200104e8</run_address>
         <size>0x24</size>
         <input_file_ref idref="fl-fa"/>
      </object_component>
      <object_component id="oc-179">
         <name>.text:UARTEnable</name>
         <load_address>0x2001050c</load_address>
         <run_address>0x2001050c</run_address>
         <size>0x24</size>
         <input_file_ref idref="fl-100"/>
      </object_component>
      <object_component id="oc-5b">
         <name>.text:_c_int00_noargs:_c_int00_noargs</name>
         <load_address>0x20010530</load_address>
         <run_address>0x20010530</run_address>
         <size>0x24</size>
         <input_file_ref idref="fl-dd"/>
      </object_component>
      <object_component id="oc-27e">
         <name>.text:strcspn</name>
         <load_address>0x20010554</load_address>
         <run_address>0x20010554</run_address>
         <size>0x24</size>
         <input_file_ref idref="fl-f2"/>
      </object_component>
      <object_component id="oc-2b2">
         <name>.text:I2CMasterSlaveAddrSet</name>
         <load_address>0x20010578</load_address>
         <run_address>0x20010578</run_address>
         <size>0x22</size>
         <input_file_ref idref="fl-f9"/>
      </object_component>
      <object_component id="oc-1a7">
         <name>.text:SPIReset</name>
         <load_address>0x2001059a</load_address>
         <run_address>0x2001059a</run_address>
         <size>0x22</size>
         <input_file_ref idref="fl-fd"/>
      </object_component>
      <object_component id="oc-97b">
         <name>.text:SPIWordCountSet</name>
         <load_address>0x200105bc</load_address>
         <run_address>0x200105bc</run_address>
         <size>0x22</size>
         <input_file_ref idref="fl-fd"/>
      </object_component>
      <object_component id="oc-38f">
         <name>.text:IntRegister</name>
         <load_address>0x200105e0</load_address>
         <run_address>0x200105e0</run_address>
         <size>0x20</size>
         <input_file_ref idref="fl-fa"/>
      </object_component>
      <object_component id="oc-530">
         <name>.text:NwpPrePowerOffTimout0</name>
         <load_address>0x20010600</load_address>
         <run_address>0x20010600</run_address>
         <size>0x20</size>
         <input_file_ref idref="fl-10b"/>
      </object_component>
      <object_component id="oc-3c1">
         <name>.text:SPIDataGet</name>
         <load_address>0x20010620</load_address>
         <run_address>0x20010620</run_address>
         <size>0x20</size>
         <input_file_ref idref="fl-fd"/>
      </object_component>
      <object_component id="oc-a04">
         <name>.text:TimerGetCurrentTimestamp</name>
         <load_address>0x20010640</load_address>
         <run_address>0x20010640</run_address>
         <size>0x20</size>
         <input_file_ref idref="fl-10b"/>
      </object_component>
      <object_component id="oc-7dc">
         <name>.text:_SlDrvObjUnLock</name>
         <load_address>0x20010660</load_address>
         <run_address>0x20010660</run_address>
         <size>0x20</size>
         <input_file_ref idref="fl-105"/>
      </object_component>
      <object_component id="oc-794">
         <name>.text:_SlDrvSyncObjSignal</name>
         <load_address>0x20010680</load_address>
         <run_address>0x20010680</run_address>
         <size>0x20</size>
         <input_file_ref idref="fl-105"/>
      </object_component>
      <object_component id="oc-2a6">
         <name>.text:I2CMasterIntStatusEx</name>
         <load_address>0x200106a0</load_address>
         <run_address>0x200106a0</run_address>
         <size>0x1e</size>
         <input_file_ref idref="fl-f9"/>
      </object_component>
      <object_component id="oc-3bb">
         <name>.text:SPIDataPut</name>
         <load_address>0x200106be</load_address>
         <run_address>0x200106be</run_address>
         <size>0x1e</size>
         <input_file_ref idref="fl-fd"/>
      </object_component>
      <object_component id="oc-10d">
         <name>.text:TimerDisable</name>
         <load_address>0x200106dc</load_address>
         <run_address>0x200106dc</run_address>
         <size>0x1e</size>
         <input_file_ref idref="fl-ff"/>
      </object_component>
      <object_component id="oc-101">
         <name>.text:TimerEnable</name>
         <load_address>0x200106fa</load_address>
         <run_address>0x200106fa</run_address>
         <size>0x1e</size>
         <input_file_ref idref="fl-ff"/>
      </object_component>
      <object_component id="oc-ef">
         <name>.text:TimerIntStatus</name>
         <load_address>0x20010718</load_address>
         <run_address>0x20010718</run_address>
         <size>0x1e</size>
         <input_file_ref idref="fl-ff"/>
      </object_component>
      <object_component id="oc-185">
         <name>.text:UARTCharPut</name>
         <load_address>0x20010736</load_address>
         <run_address>0x20010736</run_address>
         <size>0x1e</size>
         <input_file_ref idref="fl-100"/>
      </object_component>
      <object_component id="oc-8d8">
         <name>.text:cc_UDMAChannelSelect</name>
         <load_address>0x20010754</load_address>
         <run_address>0x20010754</run_address>
         <size>0x1e</size>
         <input_file_ref idref="fl-10b"/>
      </object_component>
      <object_component id="oc-1fe">
         <name>.text:strcat</name>
         <load_address>0x20010772</load_address>
         <run_address>0x20010772</run_address>
         <size>0x1e</size>
         <input_file_ref idref="fl-d5"/>
      </object_component>
      <object_component id="oc-448">
         <name>.text:PinTypeI2C</name>
         <load_address>0x20010790</load_address>
         <run_address>0x20010790</run_address>
         <size>0x1c</size>
         <input_file_ref idref="fl-fb"/>
      </object_component>
      <object_component id="oc-387">
         <name>.text:TimerValueGet</name>
         <load_address>0x200107ac</load_address>
         <run_address>0x200107ac</run_address>
         <size>0x1c</size>
         <input_file_ref idref="fl-ff"/>
      </object_component>
      <object_component id="oc-2ea">
         <name>.text:UARTCharGetNonBlocking</name>
         <load_address>0x200107c8</load_address>
         <run_address>0x200107c8</run_address>
         <size>0x1c</size>
         <input_file_ref idref="fl-100"/>
      </object_component>
      <object_component id="oc-936">
         <name>.text:_SlDrvStartMeasureTimeout</name>
         <load_address>0x200107e4</load_address>
         <run_address>0x200107e4</run_address>
         <size>0x1c</size>
         <input_file_ref idref="fl-105"/>
      </object_component>
      <object_component id="oc-5e0">
         <name>.text:free_list_remove</name>
         <load_address>0x20010800</load_address>
         <run_address>0x20010800</run_address>
         <size>0x1c</size>
         <input_file_ref idref="fl-d3"/>
      </object_component>
      <object_component id="oc-6b6">
         <name>.text:memccpy</name>
         <load_address>0x2001081c</load_address>
         <run_address>0x2001081c</run_address>
         <size>0x1c</size>
         <input_file_ref idref="fl-f0"/>
      </object_component>
      <object_component id="oc-a81">
         <name>.text:uDMAChannelEnable</name>
         <load_address>0x20010838</load_address>
         <run_address>0x20010838</run_address>
         <size>0x1c</size>
         <input_file_ref idref="fl-10c"/>
      </object_component>
      <object_component id="oc-442">
         <name>.text:PinTypeSPI</name>
         <load_address>0x20010854</load_address>
         <run_address>0x20010854</run_address>
         <size>0x1a</size>
         <input_file_ref idref="fl-fb"/>
      </object_component>
      <object_component id="oc-7b8">
         <name>.text:SPIDmaDisable</name>
         <load_address>0x2001086e</load_address>
         <run_address>0x2001086e</run_address>
         <size>0x1a</size>
         <input_file_ref idref="fl-fd"/>
      </object_component>
      <object_component id="oc-8de">
         <name>.text:SPIDmaEnable</name>
         <load_address>0x20010888</load_address>
         <run_address>0x20010888</run_address>
         <size>0x1a</size>
         <input_file_ref idref="fl-fd"/>
      </object_component>
      <object_component id="oc-7b2">
         <name>.text:SPIFIFODisable</name>
         <load_address>0x200108a2</load_address>
         <run_address>0x200108a2</run_address>
         <size>0x1a</size>
         <input_file_ref idref="fl-fd"/>
      </object_component>
      <object_component id="oc-1ad">
         <name>.text:SPIFIFOEnable</name>
         <load_address>0x200108bc</load_address>
         <run_address>0x200108bc</run_address>
         <size>0x1a</size>
         <input_file_ref idref="fl-fd"/>
      </object_component>
      <object_component id="oc-7ac">
         <name>.text:SPIIntUnregister</name>
         <load_address>0x200108d6</load_address>
         <run_address>0x200108d6</run_address>
         <size>0x1a</size>
         <input_file_ref idref="fl-fd"/>
      </object_component>
      <object_component id="oc-2d0">
         <name>.text:I2CMasterIntEnableEx</name>
         <load_address>0x200108f0</load_address>
         <run_address>0x200108f0</run_address>
         <size>0x18</size>
         <input_file_ref idref="fl-f9"/>
      </object_component>
      <object_component id="oc-3c7">
         <name>.text:SPICSDisable</name>
         <load_address>0x20010908</load_address>
         <run_address>0x20010908</run_address>
         <size>0x18</size>
         <input_file_ref idref="fl-fd"/>
      </object_component>
      <object_component id="oc-3b5">
         <name>.text:SPICSEnable</name>
         <load_address>0x20010920</load_address>
         <run_address>0x20010920</run_address>
         <size>0x18</size>
         <input_file_ref idref="fl-fd"/>
      </object_component>
      <object_component id="oc-7be">
         <name>.text:SPIDisable</name>
         <load_address>0x20010938</load_address>
         <run_address>0x20010938</run_address>
[...]
         <value>0x2001030b</value>
         <object_component_ref idref="oc-36f"/>
      </symbol>
      <symbol id="sm-fdc">
         <name>TimerIntEnable</name>
         <value>0x20010999</value>
         <object_component_ref idref="oc-fb"/>
      </symbol>
      <symbol id="sm-fdd">
         <name>TimerConfigure</name>
         <value>0x2000fb0d</value>
         <object_component_ref idref="oc-369"/>
      </symbol>
      <symbol id="sm-fde">
         <name>TimerIntClear</name>
         <value>0x20010b91</value>
         <object_component_ref idref="oc-f5"/>
      </symbol>
      <symbol id="sm-102d">
         <name>UARTConfigSetExpClk</name>
         <value>0x2000edd9</value>
         <object_component_ref idref="oc-173"/>
      </symbol>
      <symbol id="sm-102e">
         <name>UARTDisable</name>
         <value>0x20010149</value>
         <object_component_ref idref="oc-3f9"/>
      </symbol>
      <symbol id="sm-102f">
         <name>UARTCharsAvail</name>
         <value>0x200109b1</value>
         <object_component_ref idref="oc-191"/>
      </symbol>
      <symbol id="sm-1030">
         <name>UARTCharGetNonBlocking</name>
         <value>0x200107c9</value>
         <object_component_ref idref="oc-2ea"/>
      </symbol>
      <symbol id="sm-1031">
         <name>UARTCharPut</name>
         <value>0x20010737</value>
         <object_component_ref idref="oc-185"/>
      </symbol>
      <symbol id="sm-1032">
         <name>UARTEnable</name>
         <value>0x2001050d</value>
         <object_component_ref idref="oc-179"/>
      </symbol>
      <symbol id="sm-1033">
         <name>UARTSpaceAvail</name>
         <value>0x200109c9</value>
         <object_component_ref idref="oc-17f"/>
      </symbol>
      <symbol id="sm-1034">
         <name>UARTCharGet</name>
         <value>0x20010ac7</value>
         <object_component_ref idref="oc-18b"/>
      </symbol>
      <symbol id="sm-1038">
         <name>UtilsDelay</name>
         <value>0x20010c8f</value>
         <object_component_ref idref="oc-1f1"/>
      </symbol>
      <symbol id="sm-104a">
         <name>CPUcpsie</name>
         <value>0x20010b1d</value>
         <object_component_ref idref="oc-34b"/>
      </symbol>
      <symbol id="sm-104b">
         <name>CPUcpsid</name>
         <value>0x20010b09</value>
         <object_component_ref idref="oc-45b"/>
      </symbol>
      <symbol id="sm-1107">
         <name>_sl_HandleAsync_InitComplete</name>
         <value>0x2000e7b1</value>
         <object_component_ref idref="oc-ae4"/>
      </symbol>
      <symbol id="sm-1108">
         <name>_SlDrvDeviceEventHandler</name>
         <value>0x2000df9d</value>
         <object_component_ref idref="oc-a8c"/>
      </symbol>
      <symbol id="sm-1109">
         <name>_sl_HandleAsync_Stop</name>
         <value>0x2000f7d9</value>
         <object_component_ref idref="oc-ad4"/>
      </symbol>
      <symbol id="sm-110a">
         <name>sl_DevSet</name>
         <value>0x2000e039</value>
         <object_component_ref idref="oc-197"/>
      </symbol>
      <symbol id="sm-110b">
         <name>sl_Stop</name>
         <value>0x2000cc91</value>
         <object_component_ref idref="oc-20a"/>
      </symbol>
      <symbol id="sm-110c">
         <name>sl_Start</name>
         <value>0x2000cf61</value>
         <object_component_ref idref="oc-49a"/>
      </symbol>
      <symbol id="sm-110d">
         <name>sl_DevGet</name>
         <value>0x2000d819</value>
         <object_component_ref idref="oc-4ac"/>
      </symbol>
      <symbol id="sm-13fb">
         <name>RxIrqCnt</name>
         <value>0x2001fe98</value>
      </symbol>
      <symbol id="sm-13fc">
         <name>g_bDeviceRestartIsRequired</name>
         <value>0x2001fe99</value>
      </symbol>
      <symbol id="sm-13fd">
         <name>_SlDrvProtectionObjUnLock</name>
         <value>0x200103d9</value>
         <object_component_ref idref="oc-757"/>
      </symbol>
      <symbol id="sm-13fe">
         <name>_SlDrvBasicCmd</name>
         <value>0x2000fa39</value>
         <object_component_ref idref="oc-714"/>
      </symbol>
      <symbol id="sm-13ff">
         <name>_SlDrvObjUnLock</name>
         <value>0x20010661</value>
         <object_component_ref idref="oc-7dc"/>
      </symbol>
      <symbol id="sm-1400">
         <name>_SlDrvObjLockWaitForever</name>
         <value>0x20010479</value>
         <object_component_ref idref="oc-7d6"/>
      </symbol>
      <symbol id="sm-1401">
         <name>_SlDrvMsgReadSpawnCtx</name>
         <value>0x2000d135</value>
         <object_component_ref idref="oc-84f"/>
      </symbol>
      <symbol id="sm-1402">
         <name>_SlDrvDispatchHttpServerEvents</name>
         <value>0x20010bd5</value>
         <object_component_ref idref="oc-aac"/>
      </symbol>
      <symbol id="sm-1403">
         <name>_SlDrvHandleNetAppEvents</name>
         <value>0x2000fce5</value>
         <object_component_ref idref="oc-a98"/>
      </symbol>
      <symbol id="sm-1404">
         <name>_SlDriverHandleError</name>
         <value>0x2000dd1d</value>
         <object_component_ref idref="oc-787"/>
      </symbol>
      <symbol id="sm-1405">
         <name>_SlDrvDriverCBDeinit</name>
         <value>0x2000c501</value>
         <object_component_ref idref="oc-542"/>
      </symbol>
      <symbol id="sm-1406">
         <name>_SlDrvStartMeasureTimeout</name>
         <value>0x200107e5</value>
         <object_component_ref idref="oc-936"/>
      </symbol>
      <symbol id="sm-1407">
         <name>_SlDrvResetCmdExt</name>
         <value>0x20010bf3</value>
         <object_component_ref idref="oc-405"/>
      </symbol>
      <symbol id="sm-1408">
         <name>_SlDrvIsTimeoutExpired</name>
         <value>0x2000e725</value>
         <object_component_ref idref="oc-93c"/>
      </symbol>
      <symbol id="sm-1409">
         <name>_SlDrvProtectAsyncRespSetting</name>
         <value>0x2000f8c1</value>
         <object_component_ref idref="oc-518"/>
      </symbol>
      <symbol id="sm-140a">
         <name>_SlDrvReleasePoolObj</name>
         <value>0x2000abf9</value>
         <object_component_ref idref="oc-524"/>
      </symbol>
      <symbol id="sm-140b">
         <name>_SlDrvHandleWlanEvents</name>
         <value>0x2000fd25</value>
         <object_component_ref idref="oc-a92"/>
      </symbol>
      <symbol id="sm-140c">
         <name>OpcodeTranslateTable</name>
         <value>0x20011714</value>
         <object_component_ref idref="oc-9a3"/>
      </symbol>
      <symbol id="sm-140d">
         <name>pPingCallBackFunc</name>
         <value>0x2001ff94</value>
         <object_component_ref idref="oc-414"/>
      </symbol>
      <symbol id="sm-140e">
         <name>_SlDrvDriverCBInit</name>
         <value>0x2000b14d</value>
         <object_component_ref idref="oc-6da"/>
      </symbol>
      <symbol id="sm-140f">
         <name>g_pCB</name>
         <value>0x2001ff90</value>
         <object_component_ref idref="oc-414"/>
      </symbol>
      <symbol id="sm-1410">
         <name>_SlDrvProtectionObjLockWaitForever</name>
         <value>0x200102b5</value>
         <object_component_ref idref="oc-751"/>
      </symbol>
      <symbol id="sm-1411">
         <name>_SlDrvCmdOp</name>
         <value>0x2000d9a9</value>
         <object_component_ref idref="oc-40b"/>
      </symbol>
      <symbol id="sm-1412">
         <name>_SlDrvSyncObjWaitTimeout</name>
         <value>0x2000fb95</value>
         <object_component_ref idref="oc-51e"/>
      </symbol>
      <symbol id="sm-1413">
         <name>_SlDrvGlobalObjUnLock</name>
         <value>0x200103b1</value>
         <object_component_ref idref="oc-641"/>
      </symbol>
      <symbol id="sm-1414">
         <name>_SlDrvMemZero</name>
         <value>0x20010add</value>
         <object_component_ref idref="oc-634"/>
      </symbol>
      <symbol id="sm-1415">
         <name>_SlDrvWaitForPoolObj</name>
         <value>0x2000b635</value>
         <object_component_ref idref="oc-74b"/>
      </symbol>
      <symbol id="sm-1416">
         <name>_SlDrvSyncObjSignal</name>
         <value>0x20010681</value>
         <object_component_ref idref="oc-794"/>
      </symbol>
      <symbol id="sm-1417">
         <name>_SlDrvDataReadOp</name>
         <value>0x2000aa15</value>
         <object_component_ref idref="oc-56b"/>
      </symbol>
      <symbol id="sm-1418">
         <name>_SlDrvDataWriteOp</name>
         <value>0x2000bc39</value>
         <object_component_ref idref="oc-557"/>
      </symbol>
      <symbol id="sm-1419">
         <name>_SlDrvRxIrqHandler</name>
         <value>0x2000f689</value>
         <object_component_ref idref="oc-6f2"/>
      </symbol>
      <symbol id="sm-141a">
         <name>_SlDrvHandleHttpServerEvents</name>
         <value>0x2000fb51</value>
         <object_component_ref idref="oc-af5"/>
      </symbol>
      <symbol id="sm-141b">
         <name>_SlDrvSyncObjWaitForever</name>
         <value>0x20010401</value>
         <object_component_ref idref="oc-75d"/>
      </symbol>
      <symbol id="sm-141c">
         <name>g_SlDeviceStatus</name>
         <value>0x2001ff8c</value>
         <object_component_ref idref="oc-414"/>
      </symbol>
      <symbol id="sm-141d">
         <name>_SlDrvCmdSend</name>
         <value>0x2000f015</value>
         <object_component_ref idref="oc-afc"/>
      </symbol>
      <symbol id="sm-141e">
         <name>_SlActionLookupTable</name>
         <value>0x20011750</value>
         <object_component_ref idref="oc-a48"/>
      </symbol>
      <symbol id="sm-14c6">
         <name>sl_NetAppMDNSUnRegisterService</name>
         <value>0x2000f285</value>
         <object_component_ref idref="oc-4d0"/>
      </symbol>
      <symbol id="sm-14c7">
         <name>_SlNetAppSendTokenValueCmdCtrl</name>
         <value>0x20011946</value>
         <object_component_ref idref="oc-b02"/>
      </symbol>
      <symbol id="sm-14c8">
         <name>sl_NetAppDnsGetHostByName</name>
         <value>0x2000c015</value>
         <object_component_ref idref="oc-4f3"/>
      </symbol>
      <symbol id="sm-14c9">
         <name>_sl_HandleAsync_DnsGetHostByName</name>
         <value>0x2000e45d</value>
         <object_component_ref idref="oc-aa0"/>
      </symbol>
      <symbol id="sm-14ca">
         <name>_sl_HandleAsync_PingResponse</name>
         <value>0x2000e4ed</value>
         <object_component_ref idref="oc-a34"/>
      </symbol>
      <symbol id="sm-14cb">
         <name>_SlDrvNetAppEventHandler</name>
         <value>0x2000c991</value>
         <object_component_ref idref="oc-a2e"/>
      </symbol>
      <symbol id="sm-14cc">
         <name>_sl_HandleAsync_DnsGetHostByService</name>
         <value>0x2000d74d</value>
         <object_component_ref idref="oc-aa6"/>
      </symbol>
      <symbol id="sm-14cd">
         <name>_sl_NetAppSendTokenValue</name>
         <value>0x2000f081</value>
         <object_component_ref idref="oc-ab2"/>
      </symbol>
      <symbol id="sm-14ce">
         <name>sl_NetAppMDNSRegisterUnregisterService</name>
         <value>0x2000d3e5</value>
         <object_component_ref idref="oc-729"/>
      </symbol>
      <symbol id="sm-14f0">
         <name>sl_NetCfgSet</name>
         <value>0x2000e0d1</value>
         <object_component_ref idref="oc-4c4"/>
      </symbol>
      <symbol id="sm-1538">
         <name>_SlNonOsSemSet</name>
         <value>0x200109e1</value>
         <object_component_ref idref="oc-7c9"/>
      </symbol>
      <symbol id="sm-1539">
         <name>_SlNonOsSpawn</name>
         <value>0x2000f1bd</value>
         <object_component_ref idref="oc-848"/>
      </symbol>
      <symbol id="sm-153a">
         <name>_SlNonOsSemGet</name>
         <value>0x2000db1d</value>
         <object_component_ref idref="oc-781"/>
      </symbol>
      <symbol id="sm-153b">
         <name>_SlNonOsMainLoopTask</name>
         <value>0x2000ee51</value>
         <object_component_ref idref="oc-4a0"/>
      </symbol>
      <symbol id="sm-153c">
         <name>g__SlNonOsCB</name>
         <value>0x2001fea0</value>
         <object_component_ref idref="oc-6f9"/>
      </symbol>
      <symbol id="sm-163d">
         <name>sl_Recv</name>
         <value>0x2000de61</value>
         <object_component_ref idref="oc-21e"/>
      </symbol>
      <symbol id="sm-163e">
         <name>sl_Send</name>
         <value>0x2000c3cd</value>
         <object_component_ref idref="oc-212"/>
      </symbol>
      <symbol id="sm-163f">
         <name>_sl_HandleAsync_Connect</name>
         <value>0x2000eb65</value>
         <object_component_ref idref="oc-ac8"/>
      </symbol>
      <symbol id="sm-1640">
         <name>sl_Htonl</name>
         <value>0x2000fc61</value>
         <object_component_ref idref="oc-4ff"/>
      </symbol>
      <symbol id="sm-1641">
         <name>sl_Htons</name>
         <value>0x2000ff95</value>
         <object_component_ref idref="oc-4f9"/>
      </symbol>
      <symbol id="sm-1642">
         <name>sl_Connect</name>
         <value>0x2000b7c5</value>
         <object_component_ref idref="oc-511"/>
      </symbol>
      <symbol id="sm-1643">
         <name>sl_Socket</name>
         <value>0x2000e83d</value>
         <object_component_ref idref="oc-505"/>
      </symbol>
      <symbol id="sm-1644">
         <name>_sl_HandleAsync_Select</name>
         <value>0x2000f731</value>
         <object_component_ref idref="oc-ace"/>
      </symbol>
      <symbol id="sm-1645">
         <name>sl_Close</name>
         <value>0x2000f3b1</value>
         <object_component_ref idref="oc-218"/>
      </symbol>
      <symbol id="sm-1646">
         <name>_sl_HandleAsync_Accept</name>
         <value>0x2000f221</value>
         <object_component_ref idref="oc-ac2"/>
      </symbol>
      <symbol id="sm-1647">
         <name>sl_SetSockOpt</name>
         <value>0x2000e169</value>
         <object_component_ref idref="oc-50b"/>
      </symbol>
      <symbol id="sm-1701">
         <name>sl_WlanDisconnect</name>
         <value>0x20010045</value>
         <object_component_ref idref="oc-4be"/>
      </symbol>
      <symbol id="sm-1702">
         <name>sl_WlanPolicySet</name>
         <value>0x2000e57d</value>
         <object_component_ref idref="oc-4b2"/>
      </symbol>
      <symbol id="sm-1703">
         <name>sl_WlanProfileDel</name>
         <value>0x2000f411</value>
         <object_component_ref idref="oc-4b8"/>
      </symbol>
      <symbol id="sm-1704">
         <name>sl_WlanRxFilterSet</name>
         <value>0x2000eae1</value>
         <object_component_ref idref="oc-4d9"/>
      </symbol>
      <symbol id="sm-1705">
         <name>sl_WlanConnect</name>
         <value>0x20009df9</value>
         <object_component_ref idref="oc-4e3"/>
      </symbol>
      <symbol id="sm-1706">
         <name>sl_WlanSet</name>
         <value>0x2000e201</value>
         <object_component_ref idref="oc-4ca"/>
      </symbol>
      <symbol id="sm-1707">
         <name>sl_WlanSetMode</name>
         <value>0x2000f471</value>
         <object_component_ref idref="oc-4a6"/>
      </symbol>
      <symbol id="sm-1827">
         <name>g_ucDinDout</name>
         <value>0x2001fda8</value>
      </symbol>
      <symbol id="sm-1828">
         <name>g_cDummy</name>
         <value>0x2001fe9a</value>
      </symbol>
      <symbol id="sm-1829">
         <name>NwpMaskInterrupt</name>
         <value>0x20010c1d</value>
         <object_component_ref idref="oc-7a5"/>
      </symbol>
      <symbol id="sm-182a">
         <name>NwpPrePowerOffTimout0</name>
         <value>0x20010601</value>
         <object_component_ref idref="oc-530"/>
      </symbol>
      <symbol id="sm-182b">
         <name>NwpRegisterInterruptHandler</name>
         <value>0x2000fe65</value>
         <object_component_ref idref="oc-52a"/>
      </symbol>
      <symbol id="sm-182c">
         <name>g_pHostIntHdl</name>
         <value>0x2001ffc4</value>
         <object_component_ref idref="oc-7c4"/>
      </symbol>
      <symbol id="sm-182d">
         <name>simplelink_timerA2_start</name>
         <value>0x2000ff59</value>
         <object_component_ref idref="oc-a66"/>
      </symbol>
      <symbol id="sm-182e">
         <name>NwpUnMaskInterrupt</name>
         <value>0x20010c29</value>
         <object_component_ref idref="oc-8f8"/>
      </symbol>
      <symbol id="sm-182f">
         <name>NwpPowerOff</name>
         <value>0x2001000d</value>
         <object_component_ref idref="oc-536"/>
      </symbol>
      <symbol id="sm-1830">
         <name>TimerGetCurrentTimestamp</name>
         <value>0x20010641</value>
         <object_component_ref idref="oc-a04"/>
      </symbol>
      <symbol id="sm-1831">
         <name>spi_Read</name>
         <value>0x2000cd81</value>
         <object_component_ref idref="oc-996"/>
      </symbol>
      <symbol id="sm-1832">
         <name>DmaSpiSwIntHandler</name>
         <value>0x200104c5</value>
         <object_component_ref idref="oc-8f1"/>
      </symbol>
      <symbol id="sm-1833">
         <name>NwpPowerOn</name>
         <value>0x20010231</value>
         <object_component_ref idref="oc-6e6"/>
      </symbol>
      <symbol id="sm-1834">
         <name>spi_Close</name>
         <value>0x2000ed61</value>
         <object_component_ref idref="oc-53c"/>
      </symbol>
      <symbol id="sm-1835">
         <name>spi_Write</name>
         <value>0x2000e299</value>
         <object_component_ref idref="oc-832"/>
      </symbol>
      <symbol id="sm-1836">
         <name>spi_Open</name>
         <value>0x2000bd89</value>
         <object_component_ref idref="oc-6e0"/>
      </symbol>
      <symbol id="sm-1837">
         <name>g_ucDMAEnabled</name>
         <value>0x2001ffc8</value>
         <object_component_ref idref="oc-7c4"/>
      </symbol>
      <symbol id="sm-1838">
         <name>g_SpiFd</name>
         <value>0x2001ffc0</value>
         <object_component_ref idref="oc-7c4"/>
      </symbol>
      <symbol id="sm-188f">
         <name>uDMAChannelControlSet</name>
         <value>0x2000ffd1</value>
         <object_component_ref idref="oc-a6f"/>
      </symbol>
      <symbol id="sm-1890">
         <name>uDMAChannelAttributeEnable</name>
         <value>0x2000f34d</value>
         <object_component_ref idref="oc-a75"/>
      </symbol>
      <symbol id="sm-1891">
         <name>uDMAChannelTransferSet</name>
         <value>0x2000ce71</value>
         <object_component_ref idref="oc-a7b"/>
      </symbol>
      <symbol id="sm-1892">
         <name>uDMAChannelAssign</name>
         <value>0x2000f9a5</value>
         <object_component_ref idref="oc-9e2"/>
      </symbol>
      <symbol id="sm-1893">
         <name>uDMAChannelAttributeDisable</name>
         <value>0x2000f2e9</value>
         <object_component_ref idref="oc-9e8"/>
      </symbol>
      <symbol id="sm-1894">
         <name>uDMAChannelEnable</name>
         <value>0x20010839</value>
         <object_component_ref idref="oc-a81"/>
      </symbol>
      <symbol id="sm-1895">
         <name>__TI_static_base__</name>
         <value>0x20011988</value>
      </symbol>
      <symbol id="sm-1898">
         <name>__mpu_init</name>
         <value>0x0</value>
      </symbol>
      <symbol id="sm-1899">
         <name>_system_post_cinit</name>
         <value>0x0</value>
      </symbol>
   </symbol_table>
   <title>Link successful</title>
</link_info>
