******************************************************************************
                  TI ARM Linker PC v20.2.7                     
******************************************************************************
>> Linked Tue Jun  3 23:39:19 2025

OUTPUT FILE NAME:   <aws-rest-api-ssl-demo.out>
ENTRY POINT SYMBOL: "_c_int00_noargs"  address: 20010531


MEMORY CONFIGURATION

         name            origin    length      used     unused   attr    fill
----------------------  --------  ---------  --------  --------  ----  --------
  SRAM_CODE             20004000   00013000  0000da40  000055c0  RW X
  SRAM_DATA             20017000   00019000  00009ffa  0000f006  RW X


SEGMENT ALLOCATION MAP

run origin  load origin   length   init length attrs members
----------  ----------- ---------- ----------- ----- -------
20004000    20004000    0000da40   0000da40    r-x
  20004000    20004000    00000400   00000400    r-- .intvecs
  20004400    20004400    0000c89c   0000c89c    r-x .text
  20010c9c    20010c9c    00000cec   00000cec    r-- .const
  20011988    20011988    000000b8   000000b8    r-- .cinit
20017000    20017000    00008ffc   00000000    rw-
  20017000    20017000    00008000   00000000    rw- .sysmem
  2001f000    2001f000    00000e9e   00000000    rw- .bss
  2001fea0    2001fea0    0000015c   00000000    rw- .data
2002f000    2002f000    00001000   00000000    rw-
  2002f000    2002f000    00001000   00000000    rw- .stack


SECTION ALLOCATION MAP

 output                                  attributes/
section   page    origin      length       input sections
--------  ----  ----------  ----------   ----------------
.intvecs   0    20004000    00000400     
                  20004000    00000400     startup_ccs.obj (.intvecs)

.init_array 
*          0    20004000    00000000     UNINITIALIZED

.text      0    20004400    0000c89c     
                  20004400    000021bc     main.obj (.text)
                  200065bc    00000ecc     network_utils.obj (.text)
                  20007488    00000b84     Adafruit_GFX.obj (.text)
                  2000800c    00000a4e     rtsv7M4_T_le_eabi.lib : _printfi.c.obj (.text:__TI_printfi)
                  20008a5a    00000002     driverlib.a : interrupt.obj (.text:IntDefaultHandler)
                  20008a5c    00000590     simplelink.a : driver.obj (.text:_SlDrvMsgRead)
                  20008fec    0000049e     Adafruit_OLED.obj (.text)
                  2000948a    00000002     rtsv7M4_T_le_eabi.lib : _lock.c.obj (.text:_nop)
                  2000948c    00000398     gpio_if.obj (.text)
                  20009824    00000334     gpio.obj (.text)
                  20009b58    000002a0     i2c_if.obj (.text)
                  20009df8    00000280     simplelink.a : wlan.obj (.text:sl_WlanConnect)
                  2000a078    0000027c     uart_if.obj (.text)
                  2000a2f4    00000270     systick_if.obj (.text)
                  2000a564    00000268     rtsv7M4_T_le_eabi.lib : _printfi.c.obj (.text:_pconv_a)
                  2000a7cc    00000248     simplelink.a : driver.obj (.text:_SlDrvRxHdrRead)
                  2000aa14    000001e4                  : driver.obj (.text:_SlDrvDataReadOp)
                  2000abf8    000001d0                  : driver.obj (.text:_SlDrvReleasePoolObj)
                  2000adc8    000001cc     rtsv7M4_T_le_eabi.lib : _printfi.c.obj (.text:_pconv_g)
                  2000af94    000001b6                           : fd_add_t2.asm.obj (.text)
                  2000b14a    00000002                           : div0.asm.obj (.text)
                  2000b14c    000001b4     simplelink.a : driver.obj (.text:_SlDrvDriverCBInit)
                  2000b300    0000019c                  : driver.obj (.text:_SlDrvMsgWrite)
                  2000b49c    00000198     timer_if.obj (.text)
                  2000b634    00000190     simplelink.a : driver.obj (.text:_SlDrvWaitForPoolObj)
                  2000b7c4    0000018c                  : socket.obj (.text:sl_Connect)
                  2000b950    00000178     driverlib.a : prcm.obj (.text:PRCMCC3200MCUInit)
                  2000bac8    00000170     simplelink.a : driver.obj (.text:_SlFindAndSetActiveObj)
                  2000bc38    00000150                  : driver.obj (.text:_SlDrvDataWriteOp)
                  2000bd88    00000148                  : cc_pal.obj (.text:spi_Open)
                  2000bed0    00000144                  : driver.obj (.text:_SlDrvMsgReadCmdCtx)
                  2000c014    00000144                  : netapp.obj (.text:sl_NetAppDnsGetHostByName)
                  2000c158    0000013c     rtsv7M4_T_le_eabi.lib : _printfi.c.obj (.text:_pconv_e)
                  2000c294    00000136                           : fd_div_t2.asm.obj (.text)
                  2000c3ca    00000002     --HOLE-- [fill = 0]
                  2000c3cc    00000134     simplelink.a : socket.obj (.text:sl_Send)
                  2000c500    00000130                  : driver.obj (.text:_SlDrvDriverCBDeinit)
                  2000c630    00000130     rtsv7M4_T_le_eabi.lib : strtol.c.obj (.text:strtol)
                  2000c760    00000120                           : _printfi.c.obj (.text:fcvt)
                  2000c880    00000110                           : strtoul.c.obj (.text:strtoul)
                  2000c990    00000104     simplelink.a : netapp.obj (.text:_SlDrvNetAppEventHandler)
                  2000ca94    00000100     rtsv7M4_T_le_eabi.lib : memory.c.obj (.text:aligned_alloc)
                  2000cb94    000000fc                           : fd_mul_t2.asm.obj (.text)
                  2000cc90    000000f0     simplelink.a : device.obj (.text:sl_Stop)
                  2000cd80    000000f0                  : cc_pal.obj (.text:spi_Read)
                  2000ce70    000000f0     driverlib.a : udma.obj (.text:uDMAChannelTransferSet)
                  2000cf60    000000ec     simplelink.a : device.obj (.text:sl_Start)
                  2000d04c    000000e8                  : driver.obj (.text:_SlAsyncEventGenericHandler)
                  2000d134    000000e8                  : driver.obj (.text:_SlDrvMsgReadSpawnCtx)
                  2000d21c    000000e4     rtsv7M4_T_le_eabi.lib : memory.c.obj (.text:free)
                  2000d300    000000e4                           : memory.c.obj (.text:realloc)
                  2000d3e4    000000e4     simplelink.a : netapp.obj (.text:sl_NetAppMDNSRegisterUnregisterService)
                  2000d4c8    000000dc                  : driver.obj (.text:_SlDrvClassifyRxMsg)
                  2000d5a4    000000d8     pinmux.obj (.text)
                  2000d67c    000000d0     rtsv7M4_T_le_eabi.lib : s_scalbn.c.obj (.text:scalbn)
                  2000d74c    000000cc     simplelink.a : netapp.obj (.text:_sl_HandleAsync_DnsGetHostByService)
                  2000d818    000000cc                  : device.obj (.text:sl_DevGet)
                  2000d8e4    000000c4                  : driver.obj (.text:_SlRemoveFromList)
                  2000d9a8    000000c0                  : driver.obj (.text:_SlDrvCmdOp)
                  2000da68    000000b1     rtsv7M4_T_le_eabi.lib : _printfi.c.obj (.text:_ltostr)
                  2000db19    00000003     --HOLE-- [fill = 0]
                  2000db1c    000000b0     simplelink.a : nonos.obj (.text:_SlNonOsSemGet)
                  2000dbcc    000000a8     driverlib.a : interrupt.obj (.text:IntDisable)
                  2000dc74    000000a8                 : interrupt.obj (.text:IntEnable)
                  2000dd1c    000000a4     simplelink.a : driver.obj (.text:_SlDriverHandleError)
                  2000ddc0    000000a0     driverlib.a : spi.obj (.text:SPIConfigSetExpClk)
                  2000de60    000000a0     simplelink.a : socket.obj (.text:sl_Recv)
                  2000df00    0000009c     rtsv7M4_T_le_eabi.lib : memcpy_t2.asm.obj (.text)
                  2000df9c    0000009a     simplelink.a : device.obj (.text:_SlDrvDeviceEventHandler)
                  2000e036    00000002     --HOLE-- [fill = 0]
                  2000e038    00000098                  : device.obj (.text:sl_DevSet)
                  2000e0d0    00000098                  : netcfg.obj (.text:sl_NetCfgSet)
                  2000e168    00000098                  : socket.obj (.text:sl_SetSockOpt)
                  2000e200    00000098                  : wlan.obj (.text:sl_WlanSet)
                  2000e298    00000098                  : cc_pal.obj (.text:spi_Write)
                  2000e330    00000096     rtsv7M4_T_le_eabi.lib : ull_div_t2.asm.obj (.text)
                  2000e3c6    00000002     --HOLE-- [fill = 0]
                  2000e3c8    00000094     driverlib.a : prcm.obj (.text:PRCMPeripheralClockGet)
                  2000e45c    00000090     simplelink.a : netapp.obj (.text:_sl_HandleAsync_DnsGetHostByName)
                  2000e4ec    00000090                  : netapp.obj (.text:_sl_HandleAsync_PingResponse)
                  2000e57c    00000090                  : wlan.obj (.text:sl_WlanPolicySet)
                  2000e60c    0000008c                  : cc_pal.obj (.text:SetupDMAReceive)
                  2000e698    0000008c                  : cc_pal.obj (.text:SetupDMASend)
                  2000e724    0000008c                  : driver.obj (.text:_SlDrvIsTimeoutExpired)
                  2000e7b0    0000008c                  : device.obj (.text:_sl_HandleAsync_InitComplete)
                  2000e83c    0000008c                  : socket.obj (.text:sl_Socket)
                  2000e8c8    00000088     driverlib.a : pin.obj (.text:PinConfigSet)
                  2000e950    00000086     rtsv7M4_T_le_eabi.lib : fd_cmp_t2.asm.obj (.text:__aeabi_cdcmple)
                  2000e9d6    00000086                           : fd_cmp_t2.asm.obj (.text:__aeabi_cdrcmple)
                  2000ea5c    00000084     driverlib.a : i2c.obj (.text:I2CMasterInitExpClk)
                  2000eae0    00000084     simplelink.a : wlan.obj (.text:sl_WlanRxFilterSet)
                  2000eb64    00000080                  : socket.obj (.text:_sl_HandleAsync_Connect)
                  2000ebe4    00000080                  : cc_pal.obj (.text:spi_Read_CPU)
                  2000ec64    00000080                  : cc_pal.obj (.text:spi_Write_CPU)
                  2000ece4    0000007a     rtsv7M4_T_le_eabi.lib : memset_t2.asm.obj (.text)
                  2000ed5e    00000002     --HOLE-- [fill = 0]
                  2000ed60    00000078     simplelink.a : cc_pal.obj (.text:spi_Close)
                  2000edd8    00000076     driverlib.a : uart.obj (.text:UARTConfigSetExpClk)
                  2000ee4e    00000002     --HOLE-- [fill = 0]
                  2000ee50    00000074     simplelink.a : nonos.obj (.text:_SlNonOsMainLoopTask)
                  2000eec4    00000070     driverlib.a : timer.obj (.text:TimerIntRegister)
                  2000ef34    00000070     rtsv7M4_T_le_eabi.lib : memory.c.obj (.text:split)
                  2000efa4    0000006e                           : _printfi.c.obj (.text:_mcpy)
                  2000f012    00000002     --HOLE-- [fill = 0]
                  2000f014    0000006c     simplelink.a : driver.obj (.text:_SlDrvCmdSend)
                  2000f080    0000006c                  : netapp.obj (.text:_sl_NetAppSendTokenValue)
                  2000f0ec    00000068     driverlib.a : timer.obj (.text:TimerIntUnregister)
                  2000f154    00000068     rtsv7M4_T_le_eabi.lib : copy_decompress_lzss.c.obj (.text:decompress:lzss:__TI_decompress_lzss)
                  2000f1bc    00000064     simplelink.a : nonos.obj (.text:_SlNonOsSpawn)
                  2000f220    00000064                  : socket.obj (.text:_sl_HandleAsync_Accept)
                  2000f284    00000064                  : netapp.obj (.text:sl_NetAppMDNSUnRegisterService)
                  2000f2e8    00000064     driverlib.a : udma.obj (.text:uDMAChannelAttributeDisable)
                  2000f34c    00000064                 : udma.obj (.text:uDMAChannelAttributeEnable)
                  2000f3b0    00000060     simplelink.a : socket.obj (.text:sl_Close)
                  2000f410    00000060                  : wlan.obj (.text:sl_WlanProfileDel)
                  2000f470    00000060                  : wlan.obj (.text:sl_WlanSetMode)
                  2000f4d0    0000005c     rtsv7M4_T_le_eabi.lib : s_frexp.c.obj (.text:frexp)
                  2000f52c    00000058     driverlib.a : interrupt.obj (.text:IntPendClear)
                  2000f584    00000058                 : prcm.obj (.text:PRCMPeripheralReset)
                  2000f5dc    00000056     rtsv7M4_T_le_eabi.lib : _printfi.c.obj (.text:_pconv_f)
                  2000f632    00000002     --HOLE-- [fill = 0]
                  2000f634    00000054     driverlib.a : interrupt.obj (.text:IntPrioritySet)
                  2000f688    00000054     simplelink.a : driver.obj (.text:_SlDrvRxIrqHandler)
                  2000f6dc    00000054     rtsv7M4_T_le_eabi.lib : _ltoa.c.obj (.text:__TI_ltoa)
                  2000f730    00000054     simplelink.a : socket.obj (.text:_sl_HandleAsync_Select)
                  2000f784    00000052     rtsv7M4_T_le_eabi.lib : _printfi.c.obj (.text:_ecpy)
                  2000f7d6    00000002     --HOLE-- [fill = 0]
                  2000f7d8    00000050     simplelink.a : device.obj (.text:_sl_HandleAsync_Stop)
                  2000f828    0000004c     driverlib.a : spi.obj (.text:SPIIntEnable)
                  2000f874    0000004c                 : spi.obj (.text:SPIIntNumberGet)
                  2000f8c0    0000004c     simplelink.a : driver.obj (.text:_SlDrvProtectAsyncRespSetting)
                  2000f90c    0000004c                  : socket.obj (.text:_sl_BuildAddress)
                  2000f958    0000004c     rtsv7M4_T_le_eabi.lib : atoi.c.obj (.text:atoi)
                  2000f9a4    0000004c     driverlib.a : udma.obj (.text:uDMAChannelAssign)
                  2000f9f0    00000048                 : spi.obj (.text:SPIIntClear)
                  2000fa38    00000048     simplelink.a : driver.obj (.text:_SlDrvBasicCmd)
                  2000fa80    00000048     rtsv7M4_T_le_eabi.lib : fd_toi_t2.asm.obj (.text)
                  2000fac8    00000044     driverlib.a : spi.obj (.text:SPIDmaMaskGet)
                  2000fb0c    00000044                 : timer.obj (.text:TimerConfigure)
                  2000fb50    00000044     simplelink.a : driver.obj (.text:_SlDrvHandleHttpServerEvents)
                  2000fb94    00000044                  : driver.obj (.text:_SlDrvSyncObjWaitTimeout)
                  2000fbd8    00000044     rtsv7M4_T_le_eabi.lib : autoinit.c.obj (.text:__TI_auto_init_nobinit_nopinit:__TI_auto_init_nobinit_nopinit)
                  2000fc1c    00000044     simplelink.a : cc_pal.obj (.text:cc_SetupTransfer)
                  2000fc60    00000042                  : socket.obj (.text:sl_Htonl)
                  2000fca2    00000002     --HOLE-- [fill = 0]
                  2000fca4    00000040     driverlib.a : pin.obj (.text:PinModeSet)
                  2000fce4    00000040     simplelink.a : driver.obj (.text:_SlDrvHandleNetAppEvents)
                  2000fd24    00000040                  : driver.obj (.text:_SlDrvHandleWlanEvents)
                  2000fd64    00000040                  : socket.obj (.text:_sl_TruncatePayloadByProtocol)
                  2000fda4    00000040     rtsv7M4_T_le_eabi.lib : sprintf.c.obj (.text:sprintf)
                  2000fde4    00000040                           : strtok.c.obj (.text:strtok)
                  2000fe24    00000040                           : vsnprintf.c.obj (.text:vsnprintf)
                  2000fe64    0000003e     simplelink.a : cc_pal.obj (.text:NwpRegisterInterruptHandler)
                  2000fea2    0000003e     rtsv7M4_T_le_eabi.lib : _printfi.c.obj (.text:_fcpy)
                  2000fee0    0000003c     simplelink.a : netapp.obj (.text:CopyPingResultsToReport)
                  2000ff1c    0000003c     driverlib.a : prcm.obj (.text:PRCMPeripheralClkEnable)
                  2000ff58    0000003c     simplelink.a : cc_pal.obj (.text:simplelink_timerA2_start)
                  2000ff94    0000003c                  : socket.obj (.text:sl_Htons)
                  2000ffd0    0000003c     driverlib.a : udma.obj (.text:uDMAChannelControlSet)
                  2001000c    00000038     simplelink.a : cc_pal.obj (.text:NwpPowerOff)
                  20010044    00000038                  : wlan.obj (.text:sl_WlanDisconnect)
                  2001007c    00000034     driverlib.a : prcm.obj (.text:PRCMPeripheralStatusGet)
                  200100b0    00000034                 : spi.obj (.text:SPIFIFOLevelSet)
                  200100e4    00000034     rtsv7M4_T_le_eabi.lib : rand.c.obj (.text:rand)
                  20010118    00000030     driverlib.a : pin.obj (.text:PinTypeGPIO)
                  20010148    00000030                 : uart.obj (.text:UARTDisable)
                  20010178    00000030     rtsv7M4_T_le_eabi.lib : vsnprintf.c.obj (.text:_outs)
                  200101a8    0000002e                           : i_tofd_t2.asm.obj (.text)
                  200101d6    0000002e                           : strncat.c.obj (.text:strncat)
                  20010204    0000002c     driverlib.a : i2c.obj (.text:I2CMasterErr)
                  20010230    0000002c     simplelink.a : cc_pal.obj (.text:NwpPowerOn)
                  2001025c    0000002c     driverlib.a : prcm.obj (.text:PRCMSysResetCauseGet)
                  20010288    0000002c     simplelink.a : driver.obj (.text:_SlDrvObjGlobalLockWaitForever)
                  200102b4    0000002c                  : driver.obj (.text:_SlDrvProtectionObjLockWaitForever)
                  200102e0    0000002a     driverlib.a : timer.obj (.text:TimerLoadSet)
                  2001030a    0000002a                 : timer.obj (.text:TimerPrescaleSet)
                  20010334    0000002a     rtsv7M4_T_le_eabi.lib : strspn.c.obj (.text:strspn)
                  2001035e    00000002     --HOLE-- [fill = 0]
                  20010360    00000028     driverlib.a : interrupt.obj (.text:IntPriorityGroupingSet)
                  20010388    00000028                 : prcm.obj (.text:PRCMPeripheralClkDisable)
                  200103b0    00000028     simplelink.a : driver.obj (.text:_SlDrvGlobalObjUnLock)
                  200103d8    00000028                  : driver.obj (.text:_SlDrvProtectionObjUnLock)
                  20010400    00000028                  : driver.obj (.text:_SlDrvSyncObjWaitForever)
                  20010428    00000028     rtsv7M4_T_le_eabi.lib : memory.c.obj (.text:free_list_insert)
                  20010450    00000028                           : memmov.c.obj (.text:memmove)
                  20010478    00000026     simplelink.a : driver.obj (.text:_SlDrvObjLockWaitForever)
                  2001049e    00000026     network_common.obj (.text)
                  200104c4    00000024     simplelink.a : cc_pal.obj (.text:DmaSpiSwIntHandler)
                  200104e8    00000024     driverlib.a : interrupt.obj (.text:IntUnregister)
                  2001050c    00000024                 : uart.obj (.text:UARTEnable)
                  20010530    00000024     rtsv7M4_T_le_eabi.lib : boot_cortex_m.c.obj (.text:_c_int00_noargs:_c_int00_noargs)
                  20010554    00000024                           : strcspn.c.obj (.text:strcspn)
                  20010578    00000022     driverlib.a : i2c.obj (.text:I2CMasterSlaveAddrSet)
                  2001059a    00000022                 : spi.obj (.text:SPIReset)
                  200105bc    00000022                 : spi.obj (.text:SPIWordCountSet)
                  200105de    00000002     --HOLE-- [fill = 0]
                  200105e0    00000020                 : interrupt.obj (.text:IntRegister)
                  20010600    00000020     simplelink.a : cc_pal.obj (.text:NwpPrePowerOffTimout0)
                  20010620    00000020     driverlib.a : spi.obj (.text:SPIDataGet)
                  20010640    00000020     simplelink.a : cc_pal.obj (.text:TimerGetCurrentTimestamp)
                  20010660    00000020                  : driver.obj (.text:_SlDrvObjUnLock)
                  20010680    00000020                  : driver.obj (.text:_SlDrvSyncObjSignal)
                  200106a0    0000001e     driverlib.a : i2c.obj (.text:I2CMasterIntStatusEx)
                  200106be    0000001e                 : spi.obj (.text:SPIDataPut)
                  200106dc    0000001e                 : timer.obj (.text:TimerDisable)
                  200106fa    0000001e                 : timer.obj (.text:TimerEnable)
                  20010718    0000001e                 : timer.obj (.text:TimerIntStatus)
                  20010736    0000001e                 : uart.obj (.text:UARTCharPut)
                  20010754    0000001e     simplelink.a : cc_pal.obj (.text:cc_UDMAChannelSelect)
                  20010772    0000001e     rtsv7M4_T_le_eabi.lib : strcat.c.obj (.text:strcat)
                  20010790    0000001c     driverlib.a : pin.obj (.text:PinTypeI2C)
                  200107ac    0000001c                 : timer.obj (.text:TimerValueGet)
                  200107c8    0000001c                 : uart.obj (.text:UARTCharGetNonBlocking)
                  200107e4    0000001c     simplelink.a : driver.obj (.text:_SlDrvStartMeasureTimeout)
                  20010800    0000001c     rtsv7M4_T_le_eabi.lib : memory.c.obj (.text:free_list_remove)
                  2001081c    0000001c                           : memccpy.c.obj (.text:memccpy)
                  20010838    0000001c     driverlib.a : udma.obj (.text:uDMAChannelEnable)
                  20010854    0000001a                 : pin.obj (.text:PinTypeSPI)
                  2001086e    0000001a                 : spi.obj (.text:SPIDmaDisable)
                  20010888    0000001a                 : spi.obj (.text:SPIDmaEnable)
                  200108a2    0000001a                 : spi.obj (.text:SPIFIFODisable)
                  200108bc    0000001a                 : spi.obj (.text:SPIFIFOEnable)
                  200108d6    0000001a                 : spi.obj (.text:SPIIntUnregister)
                  200108f0    00000018                 : i2c.obj (.text:I2CMasterIntEnableEx)
                  20010908    00000018                 : spi.obj (.text:SPICSDisable)
                  20010920    00000018                 : spi.obj (.text:SPICSEnable)
                  20010938    00000018                 : spi.obj (.text:SPIDisable)
                  20010950    00000018                 : spi.obj (.text:SPIEnable)
                  20010968    00000018                 : systick.obj (.text:SysTickPeriodSet)
                  20010980    00000018                 : timer.obj (.text:TimerIntDisable)
                  20010998    00000018                 : timer.obj (.text:TimerIntEnable)
                  200109b0    00000018                 : uart.obj (.text:UARTCharsAvail)
                  200109c8    00000018                 : uart.obj (.text:UARTSpaceAvail)
                  200109e0    00000018     simplelink.a : nonos.obj (.text:_SlNonOsSemSet)
                  200109f8    00000018     rtsv7M4_T_le_eabi.lib : vsnprintf.c.obj (.text:_outc)
                  20010a10    00000018                           : sprintf.c.obj (.text:_outs)
                  20010a28    00000018     simplelink.a : device.obj (.text:_sl_GetStartResponseConvert)
                  20010a40    00000018     rtsv7M4_T_le_eabi.lib : strcmp.c.obj (.text:strcmp)
                  20010a58    00000016     driverlib.a : i2c.obj (.text:I2CMasterDataPut)
                  20010a6e    00000016                 : i2c.obj (.text:I2CMasterEnable)
                  20010a84    00000016                 : i2c.obj (.text:I2CMasterIntClear)
                  20010a9a    00000016                 : prcm.obj (.text:PRCMHIBRegRead)
                  20010ab0    00000016                 : prcm.obj (.text:PRCMHIBRegWrite)
                  20010ac6    00000016                 : uart.obj (.text:UARTCharGet)
                  20010adc    00000016     simplelink.a : driver.obj (.text:_SlDrvMemZero)
                  20010af2    00000016     rtsv7M4_T_le_eabi.lib : strchr.c.obj (.text:strchr)
                  20010b08    00000014     driverlib.a : cpu.obj (.text:CPUcpsid)
                  20010b1c    00000014                 : cpu.obj (.text:CPUcpsie)
                  20010b30    00000014                 : interrupt.obj (.text:IntVTableBaseSet)
                  20010b44    00000014     rtsv7M4_T_le_eabi.lib : strcpy.c.obj (.text:strcpy)
                  20010b58    00000014                           : strlen.c.obj (.text:strlen)
                  20010b6c    00000012     driverlib.a : i2c.obj (.text:I2CMasterControl)
                  20010b7e    00000012                 : i2c.obj (.text:I2CMasterTimeoutSet)
                  20010b90    00000012                 : timer.obj (.text:TimerIntClear)
                  20010ba2    00000012     rtsv7M4_T_le_eabi.lib : wcslen.c.obj (.text:wcslen)
                  20010bb4    00000010     driverlib.a : systick.obj (.text:SysTickEnable)
                  20010bc4    00000010                 : systick.obj (.text:SysTickIntEnable)
                  20010bd4    00000010     simplelink.a : driver.obj (.text:_SlDrvDispatchHttpServerEvents)
                  20010be4    0000000e     driverlib.a : i2c.obj (.text:I2CMasterDataGet)
                  20010bf2    0000000e     simplelink.a : driver.obj (.text:_SlDrvResetCmdExt)
                  20010c00    0000000e     rtsv7M4_T_le_eabi.lib : copy_decompress_none.c.obj (.text:decompress:none:__TI_decompress_none)
                  20010c0e    0000000e     startup_ccs.obj (.text)
                  20010c1c    0000000c     simplelink.a : cc_pal.obj (.text:NwpMaskInterrupt)
                  20010c28    0000000c                  : cc_pal.obj (.text:NwpUnMaskInterrupt)
                  20010c34    0000000c     driverlib.a : systick.obj (.text:SysTickValueGet)
                  20010c40    0000000c     rtsv7M4_T_le_eabi.lib : s_copysign.c.obj (.text:copysign)
                  20010c4c    0000000c                           : copy_zero_init.c.obj (.text:decompress:ZI:__TI_zero_init)
                  20010c58    0000000a     driverlib.a : interrupt.obj (.text:IntMasterDisable)
                  20010c62    0000000a                 : interrupt.obj (.text:IntMasterEnable)
                  20010c6c    0000000a     rtsv7M4_T_le_eabi.lib : sprintf.c.obj (.text:_outc)
                  20010c76    00000002     --HOLE-- [fill = 0]
                  20010c78    00000008                           : errno.c.obj (.text:__aeabi_errno_addr)
                  20010c80    00000008                           : memory.c.obj (.text:malloc)
                  20010c88    00000006     systick_if.obj (.text:SysCtlDelay)
                  20010c8e    00000006     driverlib.a : utils.obj (.text:UtilsDelay)
                  20010c94    00000004     rtsv7M4_T_le_eabi.lib : pre_init.c.obj (.text:_system_pre_init)
                  20010c98    00000004                           : exit.c.obj (.text:abort:abort)

.const     0    20010c9c    00000cec     
                  20010c9c    000004fb     Adafruit_GFX.obj (.const:.string:font)
                  20011197    00000101     rtsv7M4_T_le_eabi.lib : ctype.c.obj (.const:.string:_ctypes_)
                  20011298    00000100     main.obj (.const:.string:$P$T2$5)
                  20011398    00000100     main.obj (.const:.string:$P$T3$6)
                  20011498    00000100     driverlib.a : pin.obj (.const:g_ulPinToPadMap)
                  20011598    000000d4                 : interrupt.obj (.const:g_pulRegs)
                  2001166c    000000a8                 : prcm.obj (.const:PRCM_PeriphRegsList)
                  20011714    0000003c     simplelink.a : driver.obj (.const:OpcodeTranslateTable)
                  20011750    00000038                  : driver.obj (.const:_SlActionLookupTable)
                  20011788    0000002c     network_utils.obj (.const:$P$T1$2)
                  200117b4    00000024     driverlib.a : spi.obj (.const:g_ppulSPIIntMap)
                  200117d8    00000022     network_utils.obj (.const:.string:$P$T0$1)
                  200117fa    00000002     --HOLE-- [fill = 0]
                  200117fc    00000020     simplelink.a : driver.obj (.const:RxMsgClassLUT)
                  2001181c    00000020     driverlib.a : interrupt.obj (.const:g_pulPriority)
                  2001183c    00000018                 : interrupt.obj (.const:g_pulDisRegs)
                  20011854    00000018                 : interrupt.obj (.const:g_pulEnRegs)
                  2001186c    00000018                 : interrupt.obj (.const:g_pulUnpendRegs)
                  20011884    00000018                 : spi.obj (.const:g_ulSPIDmaMaskMap)
                  2001189c    00000014     simplelink.a : driver.obj (.const:$P$T0$1)
                  200118b0    00000014                  : nonos.obj (.const:$P$T0$1)
                  200118c4    00000014     network_utils.obj (.const:$P$T2$3)
                  200118d8    00000010     simplelink.a : socket.obj (.const:.string:_SlPayloadByProtocolLUT)
                  200118e8    0000000c     network_utils.obj (.const:$P$T4$5)
                  200118f4    0000000c     network_utils.obj (.const:.string:$P$T3$4)
                  20011900    00000009     main.obj (.const:.string:$P$T0$1)
                  20011909    00000008     simplelink.a : device.obj (.const:StartResponseLUT)
                  20011911    00000001     --HOLE-- [fill = 0]
                  20011912    00000008     main.obj (.const:fish_colors$3)
                  2001191a    00000002     --HOLE-- [fill = 0]
                  2001191c    00000008     simplelink.a : driver.obj (.const:g_H2NCnysPattern)
                  20011924    00000008                  : driver.obj (.const:g_H2NSyncPattern)
                  2001192c    00000005     main.obj (.const:.string:$P$T1$4)
                  20011931    00000001     --HOLE-- [fill = 0]
                  20011932    00000004     simplelink.a : wlan.obj (.const:$P$T0$1)
                  20011936    00000004                  : socket.obj (.const:$P$T2$3)
                  2001193a    00000004                  : device.obj (.const:_SlDeviceGetCmdCtrl)
                  2001193e    00000004                  : device.obj (.const:_SlDeviceSetCmdCtrl)
                  20011942    00000004                  : netapp.obj (.const:_SlGetHostByNameCtrl)
                  20011946    00000004                  : netapp.obj (.const:_SlNetAppSendTokenValueCmdCtrl)
                  2001194a    00000004                  : netcfg.obj (.const:_SlNetCfgSetCmdCtrl)
                  2001194e    00000004                  : wlan.obj (.const:_SlPolicySetCmdCtrl)
                  20011952    00000004                  : wlan.obj (.const:_SlProfileDelCmdCtrl)
                  20011956    00000004                  : socket.obj (.const:_SlRecvCmdCtrl)
                  2001195a    00000004                  : netapp.obj (.const:_SlRegisterServiceCtrl)
                  2001195e    00000004                  : wlan.obj (.const:_SlRxFilterSetCmdCtrl)
                  20011962    00000004                  : socket.obj (.const:_SlSendCmdCtrl)
                  20011966    00000004                  : socket.obj (.const:_SlSetSockOptCmdCtrl)
                  2001196a    00000004                  : socket.obj (.const:_SlSockCloseCmdCtrl)
                  2001196e    00000004                  : socket.obj (.const:_SlSockSocketCmdCtrl)
                  20011972    00000004                  : device.obj (.const:_SlStopCmdCtrl)
                  20011976    00000004                  : wlan.obj (.const:_SlWlanCfgSetCmdCtrl)
                  2001197a    00000004                  : wlan.obj (.const:_SlWlanSetModeCmdCtrl)
                  2001197e    00000002     --HOLE-- [fill = 0]
                  20011980    00000004                  : driver.obj (.const:httpServer_callbacks)
                  20011984    00000004                  : driver.obj (.const:netApp_callbacks)

.cinit     0    20011988    000000b8     
                  20011988    00000092     (.cinit..data.load) [load image, compression = lzss]
                  20011a1a    00000002     --HOLE-- [fill = 0]
                  20011a1c    0000000c     (__TI_handler_table)
                  20011a28    00000008     (.cinit..bss.load) [load image, compression = zero_init]
                  20011a30    00000010     (__TI_cinit_table)

.sysmem    0    20017000    00008000     UNINITIALIZED
                  20017000    00000010     rtsv7M4_T_le_eabi.lib : memory.c.obj (.sysmem)
                  20017010    00007ff0     --HOLE--

.bss       0    2001f000    00000e9e     UNINITIALIZED
                  2001f000    000004fc     main.obj (.bss:remoteCodes)
                  2001f4fc    00000200     (.common:DATA1)
                  2001f6fc    00000168     simplelink.a : driver.obj (.bss:g_StatMem)
                  2001f864    00000118     main.obj (.bss:letterArray1)
                  2001f97c    00000118     main.obj (.bss:letterArray2)
                  2001fa94    00000118     main.obj (.bss:letterArray3)
                  2001fbac    00000118     main.obj (.bss:letterArray4)
                  2001fcc4    00000080     main.obj (.bss:UserMessage)
                  2001fd44    00000064     (.common:projectiles)
                  2001fda8    00000050     (.common:g_ucDinDout)
                  2001fdf8    0000002c     (.common:g_time)
                  2001fe24    00000024     (.common:g_ucConnectionSSID)
                  2001fe48    0000001c     main.obj (.bss)
                  2001fe64    00000010     systick_if.obj (.bss)
                  2001fe74    00000008     (.common:g_app_config)
                  2001fe7c    00000008     (.common:g_ucConnectionBSSID)
                  2001fe84    00000004     uart_if.obj (.bss)
                  2001fe88    00000004     (.common:g_Host)
                  2001fe8c    00000004     (.common:g_port)
                  2001fe90    00000004     (.common:g_ulClockRate)
                  2001fe94    00000004     (.common:previousintValue)
                  2001fe98    00000001     (.common:RxIrqCnt)
                  2001fe99    00000001     (.common:g_bDeviceRestartIsRequired)
                  2001fe9a    00000001     (.common:g_cDummy)
                  2001fe9b    00000001     (.common:g_ucLED1Pin)
                  2001fe9c    00000001     (.common:g_ucLED2Pin)
                  2001fe9d    00000001     (.common:g_ucLED3Pin)

.data      0    2001fea0    0000015c     UNINITIALIZED
                  2001fea0    0000003c     simplelink.a : nonos.obj (.data:g__SlNonOsCB)
                  2001fedc    00000024     main.obj (.data)
                  2001ff00    00000020     main.obj (.data:armor)
                  2001ff20    00000020     main.obj (.data:body)
                  2001ff40    00000020     main.obj (.data:mask)
                  2001ff60    00000015     Adafruit_GFX.obj (.data)
                  2001ff75    00000003     --HOLE--
                  2001ff78    00000014     gpio_if.obj (.data:ulReg)
                  2001ff8c    0000000d     simplelink.a : driver.obj (.data)
                  2001ff99    00000003     --HOLE--
                  2001ff9c    0000000c     gpio_if.obj (.data)
                  2001ffa8    0000000c     network_utils.obj (.data)
                  2001ffb4    0000000c     systick_if.obj (.data)
                  2001ffc0    00000009     simplelink.a : cc_pal.obj (.data)
                  2001ffc9    00000003     --HOLE--
                  2001ffcc    00000008     rtsv7M4_T_le_eabi.lib : _lock.c.obj (.data:$O1$$)
                  2001ffd4    00000008                           : memory.c.obj (.data:$O1$$)
                  2001ffdc    00000008     main.obj (.data:clown_1)
                  2001ffe4    00000008     main.obj (.data:clown_2)
                  2001ffec    00000004     rtsv7M4_T_le_eabi.lib : errno.c.obj (.data)
                  2001fff0    00000004                           : rand.c.obj (.data)
                  2001fff4    00000004                           : strtok.c.obj (.data)
                  2001fff8    00000004     simplelink.a : driver.obj (.data:wlan_callbacks)

.stack     0    2002f000    00001000     UNINITIALIZED
                  2002f000    00000004     rtsv7M4_T_le_eabi.lib : boot_cortex_m.c.obj (.stack)
                  2002f004    00000ffc     --HOLE--

__llvm_prf_cnts 
*          0    20017000    00000000     UNINITIALIZED

MODULE SUMMARY

       Module                       code    ro data   rw data
       ------                       ----    -------   -------
    .\
       main.obj                     8636    534       3316   
       Adafruit_GFX.obj             2948    1275      21     
       Adafruit_OLED.obj            1182    0         0      
       startup_ccs.obj              14      1024      0      
       gpio_if.obj                  920     0         35     
       gpio.obj                     820     0         0      
       i2c_if.obj                   672     0         0      
       systick_if.obj               630     0         32     
       uart_if.obj                  636     0         4      
       timer_if.obj                 408     0         0      
       pinmux.obj                   216     0         0      
       network_common.obj           38      0         0      
    +--+----------------------------+-------+---------+---------+
       Total:                       17120   2833      3408   
                                                             
    .\utils\
       network_utils.obj            3788    122       116    
    +--+----------------------------+-------+---------+---------+
       Total:                       3788    122       116    
                                                             
    C:/Users/standard/ti/ccs1250/cc3200-sdk/driverlib/ccs/Release/driverlib.a
       prcm.obj                     852     168       0      
       interrupt.obj                658     316       0      
       spi.obj                      860     60        0      
       udma.obj                     604     0         0      
       pin.obj                      302     256       0      
       timer.obj                    552     0         0      
       i2c.obj                      380     0         0      
       uart.obj                     330     0         0      
       systick.obj                  68      0         0      
       cpu.obj                      40      0         0      
       utils.obj                    6       0         0      
    +--+----------------------------+-------+---------+---------+
       Total:                       4652    800       0      
                                                             
    C:/Users/standard/ti/ccs1250/cc3200-sdk/simplelink/ccs/NON_OS/simplelink.a
       driver.obj                   7906    192       379    
       cc_pal.obj                   1820    0         90     
       socket.obj                   1830    40        0      
       netapp.obj                   1572    12        0      
       wlan.obj                     1316    24        0      
       device.obj                   1230    20        0      
       nonos.obj                    416     20        60     
       netcfg.obj                   152     4         0      
    +--+----------------------------+-------+---------+---------+
       Total:                       16242   312       529    
                                                             
    C:\Users\standard\ti\ccs1250\ccs\tools\compiler\ti-cgt-arm_20.2.7.LTS\lib\rtsv7M4_T_le_eabi.lib
       _printfi.c.obj               4835    0         0      
       memory.c.obj                 900     0         8      
       fd_add_t2.asm.obj            438     0         0      
       fd_div_t2.asm.obj            310     0         0      
       strtol.c.obj                 304     0         0      
       strtoul.c.obj                272     0         0      
       fd_cmp_t2.asm.obj            268     0         0      
       ctype.c.obj                  0       257       0      
       fd_mul_t2.asm.obj            252     0         0      
       s_scalbn.c.obj               208     0         0      
       memcpy_t2.asm.obj            156     0         0      
       ull_div_t2.asm.obj           150     0         0      
       vsnprintf.c.obj              136     0         0      
       memset_t2.asm.obj            122     0         0      
       copy_decompress_lzss.c.obj   104     0         0      
       sprintf.c.obj                98      0         0      
       s_frexp.c.obj                92      0         0      
       _ltoa.c.obj                  84      0         0      
       atoi.c.obj                   76      0         0      
       fd_toi_t2.asm.obj            72      0         0      
       autoinit.c.obj               68      0         0      
       strtok.c.obj                 64      0         4      
       rand.c.obj                   52      0         4      
       i_tofd_t2.asm.obj            46      0         0      
       strncat.c.obj                46      0         0      
       strspn.c.obj                 42      0         0      
       memmov.c.obj                 40      0         0      
       boot_cortex_m.c.obj          36      0         0      
       strcspn.c.obj                36      0         0      
       strcat.c.obj                 30      0         0      
       memccpy.c.obj                28      0         0      
       strcmp.c.obj                 24      0         0      
       strchr.c.obj                 22      0         0      
       strcpy.c.obj                 20      0         0      
       strlen.c.obj                 20      0         0      
       wcslen.c.obj                 18      0         0      
       copy_decompress_none.c.obj   14      0         0      
       copy_zero_init.c.obj         12      0         0      
       errno.c.obj                  8       0         4      
       s_copysign.c.obj             12      0         0      
       _lock.c.obj                  2       0         8      
       exit.c.obj                   4       0         0      
       pre_init.c.obj               4       0         0      
       div0.asm.obj                 2       0         0      
    +--+----------------------------+-------+---------+---------+
       Total:                       9527    257       28     
                                                             
       Heap:                        0       0         32768  
       Stack:                       0       0         4096   
       Linker Generated:            0       182       0      
    +--+----------------------------+-------+---------+---------+
       Grand Total:                 51329   4506      40945  


LINKER GENERATED COPY TABLES

__TI_cinit_table @ 20011a30 records: 2, size/record: 8, table size: 16
	.data: load addr=20011988, load size=00000092 bytes, run addr=2001fea0, run size=0000015c bytes, compression=lzss
	.bss: load addr=20011a28, load size=00000008 bytes, run addr=2001f000, run size=00000e9e bytes, compression=zero_init


LINKER GENERATED HANDLER TABLE

__TI_handler_table @ 20011a1c records: 3, size/record: 4, table size: 12
	index: 0, handler: __TI_decompress_lzss
	index: 1, handler: __TI_decompress_none
	index: 2, handler: __TI_zero_init


GLOBAL SYMBOLS: SORTED ALPHABETICALLY BY Name 

address   name                                  
-------   ----                                  
20009075  Adafruit_Init                         
20004a83  BinaryToInt                           
20010c99  C$$EXIT                               
20010b09  CPUcpsid                              
20010b1d  CPUcpsie                              
2000a0b9  ClearTerm                             
200048ed  ClockHandler                          
200049a1  ClockInit                             
200091eb  Color565                              
2001f4fc  DATA1                                 
20004401  DisplayBuffer                         
200104c5  DmaSpiSwIntHandler                    
2000a0c3  Error                                 
20009aef  GPIODMATriggerDisable                 
20009a97  GPIODMATriggerEnable                  
200098a3  GPIODirModeGet                        
2000986d  GPIODirModeSet                        
20004921  GPIOHandler                           
20009a13  GPIOIntClear                          
200099d7  GPIOIntDisable                        
200099bd  GPIOIntEnable                         
20009a27  GPIOIntRegister                       
200099f1  GPIOIntStatus                         
20009957  GPIOIntTypeGet                        
200098d5  GPIOIntTypeSet                        
20009a45  GPIOIntUnregister                     
20009a5f  GPIOPinRead                           
20009a77  GPIOPinWrite                          
2000974d  GPIO_IF_ConfigureNIntEnable           
200097d9  GPIO_IF_Get                           
20009707  GPIO_IF_GetPortNPin                   
200094c9  GPIO_IF_LedConfigure                  
200095bb  GPIO_IF_LedOff                        
20009507  GPIO_IF_LedOn                         
2000966f  GPIO_IF_LedStatus                     
200096d9  GPIO_IF_LedToggle                     
20009795  GPIO_IF_Set                           
2000a0fb  GetCmd                                
20010b6d  I2CMasterControl                      
20010be5  I2CMasterDataGet                      
20010a59  I2CMasterDataPut                      
20010a6f  I2CMasterEnable                       
20010205  I2CMasterErr                          
2000ea5d  I2CMasterInitExpClk                   
20010a85  I2CMasterIntClear                     
200108f1  I2CMasterIntEnableEx                  
200106a1  I2CMasterIntStatusEx                  
20010579  I2CMasterSlaveAddrSet                 
20010b7f  I2CMasterTimeoutSet                   
20009de3  I2C_IF_Close                          
20009d87  I2C_IF_Open                           
20009c85  I2C_IF_Read                           
20009d41  I2C_IF_ReadFrom                       
20009bd5  I2C_IF_Write                          
2000a079  InitTerm                              
2000509d  InitUART1                             
2000dbcd  IntDisable                            
2000dc75  IntEnable                             
20010c59  IntMasterDisable                      
20010c63  IntMasterEnable                       
2000f52d  IntPendClear                          
20010361  IntPriorityGroupingSet                
2000f635  IntPrioritySet                        
200105e1  IntRegister                           
200104e9  IntUnregister                         
20010b31  IntVTableBaseSet                      
2000a097  Message                               
20010c1d  NwpMaskInterrupt                      
2001000d  NwpPowerOff                           
20010231  NwpPowerOn                            
20010601  NwpPrePowerOffTimout0                 
2000fe65  NwpRegisterInterruptHandler           
20010c29  NwpUnMaskInterrupt                    
20011714  OpcodeTranslateTable                  
20007f37  Outstr                                
2000b951  PRCMCC3200MCUInit                     
20010a9b  PRCMHIBRegRead                        
20010ab1  PRCMHIBRegWrite                       
20010389  PRCMPeripheralClkDisable              
2000ff1d  PRCMPeripheralClkEnable               
2000e3c9  PRCMPeripheralClockGet                
2000f585  PRCMPeripheralReset                   
2001007d  PRCMPeripheralStatusGet               
2001025d  PRCMSysResetCauseGet                  
2000477b  ParseNProcessCmd                      
200047ef  PerformIntTest                        
2000e8c9  PinConfigSet                          
200049cf  PinInit                               
2000fca5  PinModeSet                            
2000d5a5  PinMuxConfig                          
20010119  PinTypeGPIO                           
20010791  PinTypeI2C                            
20010855  PinTypeSPI                            
20004b6f  PrintBinaryToUART                     
20004449  ProcessReadCommand                    
200044cf  ProcessReadRegCommand                 
2000466b  ProcessWriteCommand                   
20004581  ProcessWriteRegCommand                
2000a239  Report                                
20010c0f  ResetISR                              
2001fe98  RxIrqCnt                              
20010909  SPICSDisable                          
20010921  SPICSEnable                           
2000ddc1  SPIConfigSetExpClk                    
20010621  SPIDataGet                            
200106bf  SPIDataPut                            
20010939  SPIDisable                            
2001086f  SPIDmaDisable                         
20010889  SPIDmaEnable                          
20010951  SPIEnable                             
200108a3  SPIFIFODisable                        
200108bd  SPIFIFOEnable                         
200100b1  SPIFIFOLevelSet                       
2000f9f1  SPIIntClear                           
2000f829  SPIIntEnable                          
200108d7  SPIIntUnregister                      
2001059b  SPIReset                              
200105bd  SPIWordCountSet                       
20006791  SimpleLinkGeneralEventHandler         
2000676d  SimpleLinkHttpServerCallback          
200066cb  SimpleLinkNetAppEventHandler          
200067b1  SimpleLinkSockEventHandler            
200065bd  SimpleLinkWlanEventHandler            
20010c89  SysCtlDelay                           
20010bb5  SysTickEnable                         
2000a2f5  SysTickHandler                        
2000a37f  SysTickInit                           
20010bc5  SysTickIntEnable                      
20010969  SysTickPeriodSet                      
20010c35  SysTickValueGet                       
2000fb0d  TimerConfigure                        
200106dd  TimerDisable                          
200106fb  TimerEnable                           
20010641  TimerGetCurrentTimestamp              
20010b91  TimerIntClear                         
20010981  TimerIntDisable                       
20010999  TimerIntEnable                        
2000eec5  TimerIntRegister                      
20010719  TimerIntStatus                        
2000f0ed  TimerIntUnregister                    
200102e1  TimerLoadSet                          
2001030b  TimerPrescaleSet                      
200107ad  TimerValueGet                         
2000b5e5  Timer_IF_DeInit                       
2000b619  Timer_IF_GetCount                     
2000b51d  Timer_IF_Init                         
2000b54f  Timer_IF_IntSetup                     
2000b59b  Timer_IF_InterruptClear               
2000b5ff  Timer_IF_ReLoad                       
2000b5b3  Timer_IF_Start                        
2000b5d5  Timer_IF_Stop                         
2000a1a1  TrimSpace                             
20010ac7  UARTCharGet                           
200107c9  UARTCharGetNonBlocking                
20010737  UARTCharPut                           
200109b1  UARTCharsAvail                        
2000edd9  UARTConfigSetExpClk                   
20010149  UARTDisable                           
2001050d  UARTEnable                            
20005131  UARTReceiveString                     
200050d5  UARTSendString                        
200109c9  UARTSpaceAvail                        
2000a517  UTUtilsDelay                          
2000a505  UTUtilsDelayCycles                    
2000a417  UTUtilsGetSysTime                     
2000a4bf  UTUtilsWaitForCount                   
20010c8f  UtilsDelay                            
20011750  _SlActionLookupTable                  
2000dd1d  _SlDriverHandleError                  
2000fa39  _SlDrvBasicCmd                        
2000d9a9  _SlDrvCmdOp                           
2000f015  _SlDrvCmdSend                         
2000aa15  _SlDrvDataReadOp                      
2000bc39  _SlDrvDataWriteOp                     
2000df9d  _SlDrvDeviceEventHandler              
20010bd5  _SlDrvDispatchHttpServerEvents        
2000c501  _SlDrvDriverCBDeinit                  
2000b14d  _SlDrvDriverCBInit                    
200103b1  _SlDrvGlobalObjUnLock                 
2000fb51  _SlDrvHandleHttpServerEvents          
2000fce5  _SlDrvHandleNetAppEvents              
2000fd25  _SlDrvHandleWlanEvents                
2000e725  _SlDrvIsTimeoutExpired                
20010add  _SlDrvMemZero                         
2000d135  _SlDrvMsgReadSpawnCtx                 
2000c991  _SlDrvNetAppEventHandler              
20010479  _SlDrvObjLockWaitForever              
20010661  _SlDrvObjUnLock                       
2000f8c1  _SlDrvProtectAsyncRespSetting         
200102b5  _SlDrvProtectionObjLockWaitForever    
200103d9  _SlDrvProtectionObjUnLock             
2000abf9  _SlDrvReleasePoolObj                  
20010bf3  _SlDrvResetCmdExt                     
2000f689  _SlDrvRxIrqHandler                    
200107e5  _SlDrvStartMeasureTimeout             
20010681  _SlDrvSyncObjSignal                   
20010401  _SlDrvSyncObjWaitForever              
2000fb95  _SlDrvSyncObjWaitTimeout              
2000b635  _SlDrvWaitForPoolObj                  
20011946  _SlNetAppSendTokenValueCmdCtrl        
2000ee51  _SlNonOsMainLoopTask                  
2000db1d  _SlNonOsSemGet                        
200109e1  _SlNonOsSemSet                        
2000f1bd  _SlNonOsSpawn                         
20030000  __STACK_END                           
00001000  __STACK_SIZE                          
00008000  __SYSMEM_SIZE                         
20011a30  __TI_CINIT_Base                       
20011a40  __TI_CINIT_Limit                      
20011a1c  __TI_Handler_Table_Base               
20011a28  __TI_Handler_Table_Limit              
2000fbd9  __TI_auto_init_nobinit_nopinit        
2000f155  __TI_decompress_lzss                  
20010c01  __TI_decompress_none                  
2000f6dd  __TI_ltoa                             
ffffffff  __TI_pprof_out_hndl                   
2000800d  __TI_printfi                          
ffffffff  __TI_prof_data_size                   
ffffffff  __TI_prof_data_start                  
20011988  __TI_static_base__                    
20010c4d  __TI_zero_init                        
2000e951  __aeabi_cdcmpeq                       
2000e951  __aeabi_cdcmple                       
2000e9d7  __aeabi_cdrcmple                      
2000fa81  __aeabi_d2iz                          
2000af9f  __aeabi_dadd                          
2000c295  __aeabi_ddiv                          
2000cb95  __aeabi_dmul                          
2000af95  __aeabi_dsub                          
20010c79  __aeabi_errno_addr                    
200101a9  __aeabi_i2d                           
2000b14b  __aeabi_idiv0                         
2000b14b  __aeabi_ldiv0                         
2000ece5  __aeabi_memclr                        
2000ece5  __aeabi_memclr4                       
2000ece5  __aeabi_memclr8                       
2000df01  __aeabi_memcpy                        
2000df01  __aeabi_memcpy4                       
2000df01  __aeabi_memcpy8                       
2000ece7  __aeabi_memset                        
2000ece7  __aeabi_memset4                       
2000ece7  __aeabi_memset8                       
2000e331  __aeabi_uldivmod                      
ffffffff  __binit__                             
ffffffff  __c_args__                            
UNDEFED   __mpu_init                            
2002f000  __stack                               
20017000  __start___llvm_prf_cnts               
20017000  __stop___llvm_prf_cnts                
20010531  _c_int00_noargs                       
20011197  _ctypes_                              
2001ffcc  _lock                                 
2000948b  _nop                                  
2000f221  _sl_HandleAsync_Accept                
2000eb65  _sl_HandleAsync_Connect               
2000e45d  _sl_HandleAsync_DnsGetHostByName      
2000d74d  _sl_HandleAsync_DnsGetHostByService   
2000e7b1  _sl_HandleAsync_InitComplete          
2000e4ed  _sl_HandleAsync_PingResponse          
2000f731  _sl_HandleAsync_Select                
2000f7d9  _sl_HandleAsync_Stop                  
2000f081  _sl_NetAppSendTokenValue              
20017000  _sys_memory                           
UNDEFED   _system_post_cinit                    
20010c95  _system_pre_init                      
2001ffd0  _unlock                               
20010c99  abort                                 
2000ca95  aligned_alloc                         
2000f959  atoi                                  
ffffffff  binit                                 
20007161  connectToAccessPoint                  
20004b11  convertToInt                          
20004b81  convertToString                       
20010c41  copysign                              
20010c41  copysignl                             
2001ff60  cursor_x                              
2001ff64  cursor_y                              
200074d3  drawBitmap                            
20004fb1  drawBitmap1                           
20007deb  drawChar                              
2000758d  drawCircle                            
200076c1  drawCircleHelper                      
20009395  drawFastHLine                         
200092f9  drawFastVLine                         
20007907  drawLine                              
20009431  drawPixel                             
200079f3  drawRect                              
20007a41  drawRoundRect                         
20007ba9  drawTriangle                          
2001ffec  errno                                 
200077df  fillCircle                            
20007819  fillCircleHelper                      
20009243  fillRect                              
20007b2f  fillRoundRect                         
2000922d  fillScreen                            
20007beb  fillTriangle                          
2000d21d  free                                  
2000f4d1  frexp                                 
2000f4d1  frexpl                                
2001fe88  g_Host                                
2001ff8c  g_SlDeviceStatus                      
2001ffc0  g_SpiFd                               
2001fea0  g__SlNonOsCB                          
2001fe74  g_app_config                          
2001fe99  g_bDeviceRestartIsRequired            
2001fe9a  g_cDummy                              
2001ff90  g_pCB                                 
2001ffc4  g_pHostIntHdl                         
20004000  g_pfnVectors                          
2001fe8c  g_port                                
2001fdf8  g_time                                
2001fe7c  g_ucConnectionBSSID                   
2001fe24  g_ucConnectionSSID                    
2001ffc8  g_ucDMAEnabled                        
2001fda8  g_ucDinDout                           
2001fe9b  g_ucLED1Pin                           
2001fe9c  g_ucLED2Pin                           
2001fe9d  g_ucLED3Pin                           
2001ff9c  g_uiLED1Port                          
2001ffa0  g_uiLED2Port                          
2001ffa4  g_uiLED3Port                          
2001fe90  g_ulClockRate                         
2001ffb0  g_ulGatewayIP                         
2001ffac  g_ulPingPacketsRecv                   
2001ffa8  g_ulStatus                            
200091a7  goTo                                  
20007feb  height                                
2000946f  invert                                
2000d67d  ldexp                                 
2000d67d  ldexpl                                
20004d51  letterConversion                      
2000522d  main                                  
20010c81  malloc                                
2000ca95  memalign                              
2001081d  memccpy                               
2000df01  memcpy                                
20010451  memmove                               
2000eced  memset                                
2001ff94  pPingCallBackFunc                     
20004a19  prepareArray                          
2001fe94  previousintValue                      
2001fd44  projectiles                           
200100e5  rand                                  
2000d301  realloc                               
2000d67d  scalbn                                
2000d67d  scalbnl                               
20004bb9  setArray                              
20004c29  setArray1                             
20004c75  setArray2                             
20004cb9  setArray3                             
20004cfd  setArray4                             
20007f83  setCursor                             
20007fbb  setTextColor                          
20007f9b  setTextSize                           
20007fd3  setTextWrap                           
20007489  shiftBackgroundDown                   
2000ff59  simplelink_timerA2_start              
2000f3b1  sl_Close                              
2000b7c5  sl_Connect                            
2000d819  sl_DevGet                             
2000e039  sl_DevSet                             
2000fc61  sl_Htonl                              
2000ff95  sl_Htons                              
2000c015  sl_NetAppDnsGetHostByName             
2000d3e5  sl_NetAppMDNSRegisterUnregisterService
2000f285  sl_NetAppMDNSUnRegisterService        
2000e0d1  sl_NetCfgSet                          
2001049f  sl_Provisioning_HttpServerEventHdl    
200104ad  sl_Provisioning_NetAppEventHdl        
200104b9  sl_Provisioning_WlanEventHdl          
2000de61  sl_Recv                               
2000c3cd  sl_Send                               
2000e169  sl_SetSockOpt                         
2000e83d  sl_Socket                             
2000cf61  sl_Start                              
2000cc91  sl_Stop                               
20009df9  sl_WlanConnect                        
20010045  sl_WlanDisconnect                     
2000e57d  sl_WlanPolicySet                      
2000f411  sl_WlanProfileDel                     
2000eae1  sl_WlanRxFilterSet                    
2000e201  sl_WlanSet                            
2000f471  sl_WlanSetMode                        
2000ed61  spi_Close                             
2000bd89  spi_Open                              
2000cd81  spi_Read                              
2000e299  spi_Write                             
2000fda5  sprintf                               
20010773  strcat                                
20010af3  strchr                                
20010a41  strcmp                                
20010b45  strcpy                                
20010555  strcspn                               
20010b59  strlen                                
200101d7  strncat                               
20010335  strspn                                
2000fde5  strtok                                
2000c631  strtol                                
2000c881  strtoul                               
2001ff70  textbgcolor                           
2001ff6c  textcolor                             
2001ff68  textsize                              
20006f81  tls_connect                           
2000f9a5  uDMAChannelAssign                     
2000f2e9  uDMAChannelAttributeDisable           
2000f34d  uDMAChannelAttributeEnable            
2000ffd1  uDMAChannelControlSet                 
20010839  uDMAChannelEnable                     
2000ce71  uDMAChannelTransferSet                
2000fe25  vsnprintf                             
20010ba3  wcslen                                
20007fe7  width                                 
2001ff74  wrap                                  
20008fed  writeCommand                          
20009031  writeData                             


GLOBAL SYMBOLS: SORTED BY Symbol Address 

address   name                                  
-------   ----                                  
00001000  __STACK_SIZE                          
00008000  __SYSMEM_SIZE                         
20004000  g_pfnVectors                          
20004401  DisplayBuffer                         
20004449  ProcessReadCommand                    
200044cf  ProcessReadRegCommand                 
20004581  ProcessWriteRegCommand                
2000466b  ProcessWriteCommand                   
2000477b  ParseNProcessCmd                      
200047ef  PerformIntTest                        
200048ed  ClockHandler                          
20004921  GPIOHandler                           
200049a1  ClockInit                             
200049cf  PinInit                               
20004a19  prepareArray                          
20004a83  BinaryToInt                           
20004b11  convertToInt                          
20004b6f  PrintBinaryToUART                     
20004b81  convertToString                       
20004bb9  setArray                              
20004c29  setArray1                             
20004c75  setArray2                             
20004cb9  setArray3                             
20004cfd  setArray4                             
20004d51  letterConversion                      
20004fb1  drawBitmap1                           
2000509d  InitUART1                             
200050d5  UARTSendString                        
20005131  UARTReceiveString                     
2000522d  main                                  
200065bd  SimpleLinkWlanEventHandler            
200066cb  SimpleLinkNetAppEventHandler          
2000676d  SimpleLinkHttpServerCallback          
20006791  SimpleLinkGeneralEventHandler         
200067b1  SimpleLinkSockEventHandler            
20006f81  tls_connect                           
20007161  connectToAccessPoint                  
20007489  shiftBackgroundDown                   
200074d3  drawBitmap                            
2000758d  drawCircle                            
200076c1  drawCircleHelper                      
200077df  fillCircle                            
20007819  fillCircleHelper                      
20007907  drawLine                              
200079f3  drawRect                              
20007a41  drawRoundRect                         
20007b2f  fillRoundRect                         
20007ba9  drawTriangle                          
20007beb  fillTriangle                          
20007deb  drawChar                              
20007f37  Outstr                                
20007f83  setCursor                             
20007f9b  setTextSize                           
20007fbb  setTextColor                          
20007fd3  setTextWrap                           
20007fe7  width                                 
20007feb  height                                
2000800d  __TI_printfi                          
20008fed  writeCommand                          
20009031  writeData                             
20009075  Adafruit_Init                         
200091a7  goTo                                  
200091eb  Color565                              
2000922d  fillScreen                            
20009243  fillRect                              
200092f9  drawFastVLine                         
20009395  drawFastHLine                         
20009431  drawPixel                             
2000946f  invert                                
2000948b  _nop                                  
200094c9  GPIO_IF_LedConfigure                  
20009507  GPIO_IF_LedOn                         
200095bb  GPIO_IF_LedOff                        
2000966f  GPIO_IF_LedStatus                     
200096d9  GPIO_IF_LedToggle                     
20009707  GPIO_IF_GetPortNPin                   
2000974d  GPIO_IF_ConfigureNIntEnable           
20009795  GPIO_IF_Set                           
200097d9  GPIO_IF_Get                           
2000986d  GPIODirModeSet                        
200098a3  GPIODirModeGet                        
200098d5  GPIOIntTypeSet                        
20009957  GPIOIntTypeGet                        
200099bd  GPIOIntEnable                         
200099d7  GPIOIntDisable                        
200099f1  GPIOIntStatus                         
20009a13  GPIOIntClear                          
20009a27  GPIOIntRegister                       
20009a45  GPIOIntUnregister                     
20009a5f  GPIOPinRead                           
20009a77  GPIOPinWrite                          
20009a97  GPIODMATriggerEnable                  
20009aef  GPIODMATriggerDisable                 
20009bd5  I2C_IF_Write                          
20009c85  I2C_IF_Read                           
20009d41  I2C_IF_ReadFrom                       
20009d87  I2C_IF_Open                           
20009de3  I2C_IF_Close                          
20009df9  sl_WlanConnect                        
2000a079  InitTerm                              
2000a097  Message                               
2000a0b9  ClearTerm                             
2000a0c3  Error                                 
2000a0fb  GetCmd                                
2000a1a1  TrimSpace                             
2000a239  Report                                
2000a2f5  SysTickHandler                        
2000a37f  SysTickInit                           
2000a417  UTUtilsGetSysTime                     
2000a4bf  UTUtilsWaitForCount                   
2000a505  UTUtilsDelayCycles                    
2000a517  UTUtilsDelay                          
2000aa15  _SlDrvDataReadOp                      
2000abf9  _SlDrvReleasePoolObj                  
2000af95  __aeabi_dsub                          
2000af9f  __aeabi_dadd                          
2000b14b  __aeabi_idiv0                         
2000b14b  __aeabi_ldiv0                         
2000b14d  _SlDrvDriverCBInit                    
2000b51d  Timer_IF_Init                         
2000b54f  Timer_IF_IntSetup                     
2000b59b  Timer_IF_InterruptClear               
2000b5b3  Timer_IF_Start                        
2000b5d5  Timer_IF_Stop                         
2000b5e5  Timer_IF_DeInit                       
2000b5ff  Timer_IF_ReLoad                       
2000b619  Timer_IF_GetCount                     
2000b635  _SlDrvWaitForPoolObj                  
2000b7c5  sl_Connect                            
2000b951  PRCMCC3200MCUInit                     
2000bc39  _SlDrvDataWriteOp                     
2000bd89  spi_Open                              
2000c015  sl_NetAppDnsGetHostByName             
2000c295  __aeabi_ddiv                          
2000c3cd  sl_Send                               
2000c501  _SlDrvDriverCBDeinit                  
2000c631  strtol                                
2000c881  strtoul                               
2000c991  _SlDrvNetAppEventHandler              
2000ca95  aligned_alloc                         
2000ca95  memalign                              
2000cb95  __aeabi_dmul                          
2000cc91  sl_Stop                               
2000cd81  spi_Read                              
2000ce71  uDMAChannelTransferSet                
2000cf61  sl_Start                              
2000d135  _SlDrvMsgReadSpawnCtx                 
2000d21d  free                                  
2000d301  realloc                               
2000d3e5  sl_NetAppMDNSRegisterUnregisterService
2000d5a5  PinMuxConfig                          
2000d67d  ldexp                                 
2000d67d  ldexpl                                
2000d67d  scalbn                                
2000d67d  scalbnl                               
2000d74d  _sl_HandleAsync_DnsGetHostByService   
2000d819  sl_DevGet                             
2000d9a9  _SlDrvCmdOp                           
2000db1d  _SlNonOsSemGet                        
2000dbcd  IntDisable                            
2000dc75  IntEnable                             
2000dd1d  _SlDriverHandleError                  
2000ddc1  SPIConfigSetExpClk                    
2000de61  sl_Recv                               
2000df01  __aeabi_memcpy                        
2000df01  __aeabi_memcpy4                       
2000df01  __aeabi_memcpy8                       
2000df01  memcpy                                
2000df9d  _SlDrvDeviceEventHandler              
2000e039  sl_DevSet                             
2000e0d1  sl_NetCfgSet                          
2000e169  sl_SetSockOpt                         
2000e201  sl_WlanSet                            
2000e299  spi_Write                             
2000e331  __aeabi_uldivmod                      
2000e3c9  PRCMPeripheralClockGet                
2000e45d  _sl_HandleAsync_DnsGetHostByName      
2000e4ed  _sl_HandleAsync_PingResponse          
2000e57d  sl_WlanPolicySet                      
2000e725  _SlDrvIsTimeoutExpired                
2000e7b1  _sl_HandleAsync_InitComplete          
2000e83d  sl_Socket                             
2000e8c9  PinConfigSet                          
2000e951  __aeabi_cdcmpeq                       
2000e951  __aeabi_cdcmple                       
2000e9d7  __aeabi_cdrcmple                      
2000ea5d  I2CMasterInitExpClk                   
2000eae1  sl_WlanRxFilterSet                    
2000eb65  _sl_HandleAsync_Connect               
2000ece5  __aeabi_memclr                        
2000ece5  __aeabi_memclr4                       
2000ece5  __aeabi_memclr8                       
2000ece7  __aeabi_memset                        
2000ece7  __aeabi_memset4                       
2000ece7  __aeabi_memset8                       
2000eced  memset                                
2000ed61  spi_Close                             
2000edd9  UARTConfigSetExpClk                   
2000ee51  _SlNonOsMainLoopTask                  
2000eec5  TimerIntRegister                      
2000f015  _SlDrvCmdSend                         
2000f081  _sl_NetAppSendTokenValue              
2000f0ed  TimerIntUnregister                    
2000f155  __TI_decompress_lzss                  
2000f1bd  _SlNonOsSpawn                         
2000f221  _sl_HandleAsync_Accept                
2000f285  sl_NetAppMDNSUnRegisterService        
2000f2e9  uDMAChannelAttributeDisable           
2000f34d  uDMAChannelAttributeEnable            
2000f3b1  sl_Close                              
2000f411  sl_WlanProfileDel                     
2000f471  sl_WlanSetMode                        
2000f4d1  frexp                                 
2000f4d1  frexpl                                
2000f52d  IntPendClear                          
2000f585  PRCMPeripheralReset                   
2000f635  IntPrioritySet                        
2000f689  _SlDrvRxIrqHandler                    
2000f6dd  __TI_ltoa                             
2000f731  _sl_HandleAsync_Select                
2000f7d9  _sl_HandleAsync_Stop                  
2000f829  SPIIntEnable                          
2000f8c1  _SlDrvProtectAsyncRespSetting         
2000f959  atoi                                  
2000f9a5  uDMAChannelAssign                     
2000f9f1  SPIIntClear                           
2000fa39  _SlDrvBasicCmd                        
2000fa81  __aeabi_d2iz                          
2000fb0d  TimerConfigure                        
2000fb51  _SlDrvHandleHttpServerEvents          
2000fb95  _SlDrvSyncObjWaitTimeout              
2000fbd9  __TI_auto_init_nobinit_nopinit        
2000fc61  sl_Htonl                              
2000fca5  PinModeSet                            
2000fce5  _SlDrvHandleNetAppEvents              
2000fd25  _SlDrvHandleWlanEvents                
2000fda5  sprintf                               
2000fde5  strtok                                
2000fe25  vsnprintf                             
2000fe65  NwpRegisterInterruptHandler           
2000ff1d  PRCMPeripheralClkEnable               
2000ff59  simplelink_timerA2_start              
2000ff95  sl_Htons                              
2000ffd1  uDMAChannelControlSet                 
2001000d  NwpPowerOff                           
20010045  sl_WlanDisconnect                     
2001007d  PRCMPeripheralStatusGet               
200100b1  SPIFIFOLevelSet                       
200100e5  rand                                  
20010119  PinTypeGPIO                           
20010149  UARTDisable                           
200101a9  __aeabi_i2d                           
200101d7  strncat                               
20010205  I2CMasterErr                          
20010231  NwpPowerOn                            
2001025d  PRCMSysResetCauseGet                  
200102b5  _SlDrvProtectionObjLockWaitForever    
200102e1  TimerLoadSet                          
2001030b  TimerPrescaleSet                      
20010335  strspn                                
20010361  IntPriorityGroupingSet                
20010389  PRCMPeripheralClkDisable              
200103b1  _SlDrvGlobalObjUnLock                 
200103d9  _SlDrvProtectionObjUnLock             
20010401  _SlDrvSyncObjWaitForever              
20010451  memmove                               
20010479  _SlDrvObjLockWaitForever              
2001049f  sl_Provisioning_HttpServerEventHdl    
200104ad  sl_Provisioning_NetAppEventHdl        
200104b9  sl_Provisioning_WlanEventHdl          
200104c5  DmaSpiSwIntHandler                    
200104e9  IntUnregister                         
2001050d  UARTEnable                            
20010531  _c_int00_noargs                       
20010555  strcspn                               
20010579  I2CMasterSlaveAddrSet                 
2001059b  SPIReset                              
200105bd  SPIWordCountSet                       
200105e1  IntRegister                           
20010601  NwpPrePowerOffTimout0                 
20010621  SPIDataGet                            
20010641  TimerGetCurrentTimestamp              
20010661  _SlDrvObjUnLock                       
20010681  _SlDrvSyncObjSignal                   
200106a1  I2CMasterIntStatusEx                  
200106bf  SPIDataPut                            
200106dd  TimerDisable                          
200106fb  TimerEnable                           
20010719  TimerIntStatus                        
20010737  UARTCharPut                           
20010773  strcat                                
20010791  PinTypeI2C                            
200107ad  TimerValueGet                         
200107c9  UARTCharGetNonBlocking                
200107e5  _SlDrvStartMeasureTimeout             
2001081d  memccpy                               
20010839  uDMAChannelEnable                     
20010855  PinTypeSPI                            
2001086f  SPIDmaDisable                         
20010889  SPIDmaEnable                          
200108a3  SPIFIFODisable                        
200108bd  SPIFIFOEnable                         
200108d7  SPIIntUnregister                      
200108f1  I2CMasterIntEnableEx                  
20010909  SPICSDisable                          
20010921  SPICSEnable                           
20010939  SPIDisable                            
20010951  SPIEnable                             
20010969  SysTickPeriodSet                      
20010981  TimerIntDisable                       
20010999  TimerIntEnable                        
200109b1  UARTCharsAvail                        
200109c9  UARTSpaceAvail                        
200109e1  _SlNonOsSemSet                        
20010a41  strcmp                                
20010a59  I2CMasterDataPut                      
20010a6f  I2CMasterEnable                       
20010a85  I2CMasterIntClear                     
20010a9b  PRCMHIBRegRead                        
20010ab1  PRCMHIBRegWrite                       
20010ac7  UARTCharGet                           
20010add  _SlDrvMemZero                         
20010af3  strchr                                
20010b09  CPUcpsid                              
20010b1d  CPUcpsie                              
20010b31  IntVTableBaseSet                      
20010b45  strcpy                                
20010b59  strlen                                
20010b6d  I2CMasterControl                      
20010b7f  I2CMasterTimeoutSet                   
20010b91  TimerIntClear                         
20010ba3  wcslen                                
20010bb5  SysTickEnable                         
20010bc5  SysTickIntEnable                      
20010bd5  _SlDrvDispatchHttpServerEvents        
20010be5  I2CMasterDataGet                      
20010bf3  _SlDrvResetCmdExt                     
20010c01  __TI_decompress_none                  
20010c0f  ResetISR                              
20010c1d  NwpMaskInterrupt                      
20010c29  NwpUnMaskInterrupt                    
20010c35  SysTickValueGet                       
20010c41  copysign                              
20010c41  copysignl                             
20010c4d  __TI_zero_init                        
20010c59  IntMasterDisable                      
20010c63  IntMasterEnable                       
20010c79  __aeabi_errno_addr                    
20010c81  malloc                                
20010c89  SysCtlDelay                           
20010c8f  UtilsDelay                            
20010c95  _system_pre_init                      
20010c99  C$$EXIT                               
20010c99  abort                                 
20011197  _ctypes_                              
20011714  OpcodeTranslateTable                  
20011750  _SlActionLookupTable                  
20011946  _SlNetAppSendTokenValueCmdCtrl        
20011988  __TI_static_base__                    
20011a1c  __TI_Handler_Table_Base               
20011a28  __TI_Handler_Table_Limit              
20011a30  __TI_CINIT_Base                       
20011a40  __TI_CINIT_Limit                      
20017000  __start___llvm_prf_cnts               
20017000  __stop___llvm_prf_cnts                
20017000  _sys_memory                           
2001f4fc  DATA1                                 
2001fd44  projectiles                           
2001fda8  g_ucDinDout                           
2001fdf8  g_time                                
2001fe24  g_ucConnectionSSID                    
2001fe74  g_app_config                          
2001fe7c  g_ucConnectionBSSID                   
2001fe88  g_Host                                
2001fe8c  g_port                                
2001fe90  g_ulClockRate                         
2001fe94  previousintValue                      
2001fe98  RxIrqCnt                              
2001fe99  g_bDeviceRestartIsRequired            
2001fe9a  g_cDummy                              
2001fe9b  g_ucLED1Pin                           
2001fe9c  g_ucLED2Pin                           
2001fe9d  g_ucLED3Pin                           
2001fea0  g__SlNonOsCB                          
2001ff60  cursor_x                              
2001ff64  cursor_y                              
2001ff68  textsize                              
2001ff6c  textcolor                             
2001ff70  textbgcolor                           
2001ff74  wrap                                  
2001ff8c  g_SlDeviceStatus                      
2001ff90  g_pCB                                 
2001ff94  pPingCallBackFunc                     
2001ff9c  g_uiLED1Port                          
2001ffa0  g_uiLED2Port                          
2001ffa4  g_uiLED3Port                          
2001ffa8  g_ulStatus                            
2001ffac  g_ulPingPacketsRecv                   
2001ffb0  g_ulGatewayIP                         
2001ffc0  g_SpiFd                               
2001ffc4  g_pHostIntHdl                         
2001ffc8  g_ucDMAEnabled                        
2001ffcc  _lock                                 
2001ffd0  _unlock                               
2001ffec  errno                                 
2002f000  __stack                               
20030000  __STACK_END                           
ffffffff  __TI_pprof_out_hndl                   
ffffffff  __TI_prof_data_size                   
ffffffff  __TI_prof_data_start                  
ffffffff  __binit__                             
ffffffff  __c_args__                            
ffffffff  binit                                 
UNDEFED   __mpu_init                            
UNDEFED   _system_post_cinit                    

[415 symbols]
