******************************************************************************
                  TI ARM Linker PC v20.2.7                     
******************************************************************************
>> Linked Fri May 30 22:55:45 2025

OUTPUT FILE NAME:   <aws-rest-api-ssl-demo.out>
ENTRY POINT SYMBOL: "_c_int00_noargs"  address: 200100a9


MEMORY CONFIGURATION

         name            origin    length      used     unused   attr    fill
----------------------  --------  ---------  --------  --------  ----  --------
  SRAM_CODE             20004000   00013000  0000d5d4  00005a2c  RW X
  SRAM_DATA             20017000   00019000  00009ffa  0000f006  RW X


SEGMENT ALLOCATION MAP

run origin  load origin   length   init length attrs members
----------  ----------- ---------- ----------- ----- -------
20004000    20004000    0000d5d8   0000d5d8    r-x
  20004000    20004000    00000400   00000400    r-- .intvecs
  20004400    20004400    0000c430   0000c430    r-x .text
  20010830    20010830    00000cec   00000cec    r-- .const
  20011520    20011520    000000b8   000000b8    r-- .cinit
20017000    20017000    00008ffc   00000000    rw-
  20017000    20017000    00008000   00000000    rw- .sysmem
  2001f000    2001f000    00000e9e   00000000    rw- .bss
  2001fea0    2001fea0    0000015c   00000000    rw- .data
2002f000    2002f000    00001000   00000000    rw-
  2002f000    2002f000    00001000   00000000    rw- .stack


SECTION ALLOCATION MAP

 output                                  attributes/
section   page    origin      length       input sections
--------  ----  ----------  ----------   ----------------
.intvecs   0    20004000    00000400     
                  20004000    00000400     startup_ccs.obj (.intvecs)

.init_array 
*          0    20004000    00000000     UNINITIALIZED

.text      0    20004400    0000c430     
                  20004400    00001d30     main.obj (.text)
                  20006130    00000ecc     network_utils.obj (.text)
                  20006ffc    00000b84     Adafruit_GFX.obj (.text)
                  20007b80    00000a4e     rtsv7M4_T_le_eabi.lib : _printfi.c.obj (.text:__TI_printfi)
                  200085ce    00000002     driverlib.a : interrupt.obj (.text:IntDefaultHandler)
                  200085d0    00000590     simplelink.a : driver.obj (.text:_SlDrvMsgRead)
                  20008b60    0000049e     Adafruit_OLED.obj (.text)
                  20008ffe    00000002     rtsv7M4_T_le_eabi.lib : _lock.c.obj (.text:_nop)
                  20009000    00000398     gpio_if.obj (.text)
                  20009398    00000334     gpio.obj (.text)
                  200096cc    000002a0     i2c_if.obj (.text)
                  2000996c    00000280     simplelink.a : wlan.obj (.text:sl_WlanConnect)
                  20009bec    0000027c     uart_if.obj (.text)
                  20009e68    00000270     systick_if.obj (.text)
                  2000a0d8    00000268     rtsv7M4_T_le_eabi.lib : _printfi.c.obj (.text:_pconv_a)
                  2000a340    00000248     simplelink.a : driver.obj (.text:_SlDrvRxHdrRead)
                  2000a588    000001e4                  : driver.obj (.text:_SlDrvDataReadOp)
                  2000a76c    000001d0                  : driver.obj (.text:_SlDrvReleasePoolObj)
                  2000a93c    000001cc     rtsv7M4_T_le_eabi.lib : _printfi.c.obj (.text:_pconv_g)
                  2000ab08    000001b6                           : fd_add_t2.asm.obj (.text)
                  2000acbe    00000002                           : div0.asm.obj (.text)
                  2000acc0    000001b4     simplelink.a : driver.obj (.text:_SlDrvDriverCBInit)
                  2000ae74    0000019c                  : driver.obj (.text:_SlDrvMsgWrite)
                  2000b010    00000198     timer_if.obj (.text)
                  2000b1a8    00000190     simplelink.a : driver.obj (.text:_SlDrvWaitForPoolObj)
                  2000b338    0000018c                  : socket.obj (.text:sl_Connect)
                  2000b4c4    00000178     driverlib.a : prcm.obj (.text:PRCMCC3200MCUInit)
                  2000b63c    00000170     simplelink.a : driver.obj (.text:_SlFindAndSetActiveObj)
                  2000b7ac    00000150                  : driver.obj (.text:_SlDrvDataWriteOp)
                  2000b8fc    00000148                  : cc_pal.obj (.text:spi_Open)
                  2000ba44    00000144                  : driver.obj (.text:_SlDrvMsgReadCmdCtx)
                  2000bb88    00000144                  : netapp.obj (.text:sl_NetAppDnsGetHostByName)
                  2000bccc    0000013c     rtsv7M4_T_le_eabi.lib : _printfi.c.obj (.text:_pconv_e)
                  2000be08    00000136                           : fd_div_t2.asm.obj (.text)
                  2000bf3e    00000002     --HOLE-- [fill = 0]
                  2000bf40    00000134     simplelink.a : socket.obj (.text:sl_Send)
                  2000c074    00000130                  : driver.obj (.text:_SlDrvDriverCBDeinit)
                  2000c1a4    00000130     rtsv7M4_T_le_eabi.lib : strtol.c.obj (.text:strtol)
                  2000c2d4    00000120                           : _printfi.c.obj (.text:fcvt)
                  2000c3f4    00000110                           : strtoul.c.obj (.text:strtoul)
                  2000c504    00000108     pinmux.obj (.text)
                  2000c60c    00000104     simplelink.a : netapp.obj (.text:_SlDrvNetAppEventHandler)
                  2000c710    00000100     rtsv7M4_T_le_eabi.lib : memory.c.obj (.text:aligned_alloc)
                  2000c810    000000fc                           : fd_mul_t2.asm.obj (.text)
                  2000c90c    000000f0     simplelink.a : device.obj (.text:sl_Stop)
                  2000c9fc    000000f0                  : cc_pal.obj (.text:spi_Read)
                  2000caec    000000f0     driverlib.a : udma.obj (.text:uDMAChannelTransferSet)
                  2000cbdc    000000ec     simplelink.a : device.obj (.text:sl_Start)
                  2000ccc8    000000e8                  : driver.obj (.text:_SlAsyncEventGenericHandler)
                  2000cdb0    000000e8                  : driver.obj (.text:_SlDrvMsgReadSpawnCtx)
                  2000ce98    000000e4     rtsv7M4_T_le_eabi.lib : memory.c.obj (.text:free)
                  2000cf7c    000000e4                           : memory.c.obj (.text:realloc)
                  2000d060    000000e4     simplelink.a : netapp.obj (.text:sl_NetAppMDNSRegisterUnregisterService)
                  2000d144    000000dc                  : driver.obj (.text:_SlDrvClassifyRxMsg)
                  2000d220    000000d0     rtsv7M4_T_le_eabi.lib : s_scalbn.c.obj (.text:scalbn)
                  2000d2f0    000000cc     simplelink.a : netapp.obj (.text:_sl_HandleAsync_DnsGetHostByService)
                  2000d3bc    000000cc                  : device.obj (.text:sl_DevGet)
                  2000d488    000000c4                  : driver.obj (.text:_SlRemoveFromList)
                  2000d54c    000000c0                  : driver.obj (.text:_SlDrvCmdOp)
                  2000d60c    000000b1     rtsv7M4_T_le_eabi.lib : _printfi.c.obj (.text:_ltostr)
                  2000d6bd    00000003     --HOLE-- [fill = 0]
                  2000d6c0    000000b0     simplelink.a : nonos.obj (.text:_SlNonOsSemGet)
                  2000d770    000000a8     driverlib.a : interrupt.obj (.text:IntDisable)
                  2000d818    000000a8                 : interrupt.obj (.text:IntEnable)
                  2000d8c0    000000a4     simplelink.a : driver.obj (.text:_SlDriverHandleError)
                  2000d964    000000a0     driverlib.a : spi.obj (.text:SPIConfigSetExpClk)
                  2000da04    000000a0     simplelink.a : socket.obj (.text:sl_Recv)
                  2000daa4    0000009c     rtsv7M4_T_le_eabi.lib : memcpy_t2.asm.obj (.text)
                  2000db40    0000009a     simplelink.a : device.obj (.text:_SlDrvDeviceEventHandler)
                  2000dbda    00000002     --HOLE-- [fill = 0]
                  2000dbdc    00000098                  : device.obj (.text:sl_DevSet)
                  2000dc74    00000098                  : netcfg.obj (.text:sl_NetCfgSet)
                  2000dd0c    00000098                  : socket.obj (.text:sl_SetSockOpt)
                  2000dda4    00000098                  : wlan.obj (.text:sl_WlanSet)
                  2000de3c    00000098                  : cc_pal.obj (.text:spi_Write)
                  2000ded4    00000096     rtsv7M4_T_le_eabi.lib : ull_div_t2.asm.obj (.text)
                  2000df6a    00000002     --HOLE-- [fill = 0]
                  2000df6c    00000094     driverlib.a : prcm.obj (.text:PRCMPeripheralClockGet)
                  2000e000    00000090     simplelink.a : netapp.obj (.text:_sl_HandleAsync_DnsGetHostByName)
                  2000e090    00000090                  : netapp.obj (.text:_sl_HandleAsync_PingResponse)
                  2000e120    00000090                  : wlan.obj (.text:sl_WlanPolicySet)
                  2000e1b0    0000008c                  : cc_pal.obj (.text:SetupDMAReceive)
                  2000e23c    0000008c                  : cc_pal.obj (.text:SetupDMASend)
                  2000e2c8    0000008c                  : driver.obj (.text:_SlDrvIsTimeoutExpired)
                  2000e354    0000008c                  : device.obj (.text:_sl_HandleAsync_InitComplete)
                  2000e3e0    0000008c                  : socket.obj (.text:sl_Socket)
                  2000e46c    00000088     driverlib.a : pin.obj (.text:PinConfigSet)
                  2000e4f4    00000086     rtsv7M4_T_le_eabi.lib : fd_cmp_t2.asm.obj (.text:__aeabi_cdcmple)
                  2000e57a    00000086                           : fd_cmp_t2.asm.obj (.text:__aeabi_cdrcmple)
                  2000e600    00000084     driverlib.a : i2c.obj (.text:I2CMasterInitExpClk)
                  2000e684    00000084     simplelink.a : wlan.obj (.text:sl_WlanRxFilterSet)
                  2000e708    00000080                  : socket.obj (.text:_sl_HandleAsync_Connect)
                  2000e788    00000080                  : cc_pal.obj (.text:spi_Read_CPU)
                  2000e808    00000080                  : cc_pal.obj (.text:spi_Write_CPU)
                  2000e888    0000007a     rtsv7M4_T_le_eabi.lib : memset_t2.asm.obj (.text)
                  2000e902    00000002     --HOLE-- [fill = 0]
                  2000e904    00000078     simplelink.a : cc_pal.obj (.text:spi_Close)
                  2000e97c    00000076     driverlib.a : uart.obj (.text:UARTConfigSetExpClk)
                  2000e9f2    00000002     --HOLE-- [fill = 0]
                  2000e9f4    00000074     simplelink.a : nonos.obj (.text:_SlNonOsMainLoopTask)
                  2000ea68    00000070     driverlib.a : timer.obj (.text:TimerIntRegister)
                  2000ead8    00000070     rtsv7M4_T_le_eabi.lib : memory.c.obj (.text:split)
                  2000eb48    0000006e                           : _printfi.c.obj (.text:_mcpy)
                  2000ebb6    00000002     --HOLE-- [fill = 0]
                  2000ebb8    0000006c     simplelink.a : driver.obj (.text:_SlDrvCmdSend)
                  2000ec24    0000006c                  : netapp.obj (.text:_sl_NetAppSendTokenValue)
                  2000ec90    00000068     driverlib.a : timer.obj (.text:TimerIntUnregister)
                  2000ecf8    00000068     rtsv7M4_T_le_eabi.lib : copy_decompress_lzss.c.obj (.text:decompress:lzss:__TI_decompress_lzss)
                  2000ed60    00000064     simplelink.a : nonos.obj (.text:_SlNonOsSpawn)
                  2000edc4    00000064                  : socket.obj (.text:_sl_HandleAsync_Accept)
                  2000ee28    00000064                  : netapp.obj (.text:sl_NetAppMDNSUnRegisterService)
                  2000ee8c    00000064     driverlib.a : udma.obj (.text:uDMAChannelAttributeDisable)
                  2000eef0    00000064                 : udma.obj (.text:uDMAChannelAttributeEnable)
                  2000ef54    00000060     simplelink.a : socket.obj (.text:sl_Close)
                  2000efb4    00000060                  : wlan.obj (.text:sl_WlanProfileDel)
                  2000f014    00000060                  : wlan.obj (.text:sl_WlanSetMode)
                  2000f074    0000005c     rtsv7M4_T_le_eabi.lib : s_frexp.c.obj (.text:frexp)
                  2000f0d0    00000058     driverlib.a : interrupt.obj (.text:IntPendClear)
                  2000f128    00000058                 : prcm.obj (.text:PRCMPeripheralReset)
                  2000f180    00000056     rtsv7M4_T_le_eabi.lib : _printfi.c.obj (.text:_pconv_f)
                  2000f1d6    00000002     --HOLE-- [fill = 0]
                  2000f1d8    00000054     driverlib.a : interrupt.obj (.text:IntPrioritySet)
                  2000f22c    00000054     simplelink.a : driver.obj (.text:_SlDrvRxIrqHandler)
                  2000f280    00000054     rtsv7M4_T_le_eabi.lib : _ltoa.c.obj (.text:__TI_ltoa)
                  2000f2d4    00000054     simplelink.a : socket.obj (.text:_sl_HandleAsync_Select)
                  2000f328    00000052     rtsv7M4_T_le_eabi.lib : _printfi.c.obj (.text:_ecpy)
                  2000f37a    00000002     --HOLE-- [fill = 0]
                  2000f37c    00000050     simplelink.a : device.obj (.text:_sl_HandleAsync_Stop)
                  2000f3cc    0000004c     driverlib.a : spi.obj (.text:SPIIntEnable)
                  2000f418    0000004c                 : spi.obj (.text:SPIIntNumberGet)
                  2000f464    0000004c     simplelink.a : driver.obj (.text:_SlDrvProtectAsyncRespSetting)
                  2000f4b0    0000004c                  : socket.obj (.text:_sl_BuildAddress)
                  2000f4fc    0000004c     rtsv7M4_T_le_eabi.lib : atoi.c.obj (.text:atoi)
                  2000f548    0000004c     driverlib.a : udma.obj (.text:uDMAChannelAssign)
                  2000f594    00000048                 : spi.obj (.text:SPIIntClear)
                  2000f5dc    00000048     simplelink.a : driver.obj (.text:_SlDrvBasicCmd)
                  2000f624    00000048     rtsv7M4_T_le_eabi.lib : fd_toi_t2.asm.obj (.text)
                  2000f66c    00000044     driverlib.a : spi.obj (.text:SPIDmaMaskGet)
                  2000f6b0    00000044                 : timer.obj (.text:TimerConfigure)
                  2000f6f4    00000044     simplelink.a : driver.obj (.text:_SlDrvHandleHttpServerEvents)
                  2000f738    00000044                  : driver.obj (.text:_SlDrvSyncObjWaitTimeout)
                  2000f77c    00000044     rtsv7M4_T_le_eabi.lib : autoinit.c.obj (.text:__TI_auto_init_nobinit_nopinit:__TI_auto_init_nobinit_nopinit)
                  2000f7c0    00000044     simplelink.a : cc_pal.obj (.text:cc_SetupTransfer)
                  2000f804    00000042                  : socket.obj (.text:sl_Htonl)
                  2000f846    00000002     --HOLE-- [fill = 0]
                  2000f848    00000040     driverlib.a : pin.obj (.text:PinModeSet)
                  2000f888    00000040     simplelink.a : driver.obj (.text:_SlDrvHandleNetAppEvents)
                  2000f8c8    00000040                  : driver.obj (.text:_SlDrvHandleWlanEvents)
                  2000f908    00000040                  : socket.obj (.text:_sl_TruncatePayloadByProtocol)
                  2000f948    00000040     rtsv7M4_T_le_eabi.lib : sprintf.c.obj (.text:sprintf)
                  2000f988    00000040                           : strtok.c.obj (.text:strtok)
                  2000f9c8    00000040                           : vsnprintf.c.obj (.text:vsnprintf)
                  2000fa08    0000003e     simplelink.a : cc_pal.obj (.text:NwpRegisterInterruptHandler)
                  2000fa46    0000003e     rtsv7M4_T_le_eabi.lib : _printfi.c.obj (.text:_fcpy)
                  2000fa84    0000003c     simplelink.a : netapp.obj (.text:CopyPingResultsToReport)
                  2000fac0    0000003c     driverlib.a : prcm.obj (.text:PRCMPeripheralClkEnable)
                  2000fafc    0000003c     simplelink.a : cc_pal.obj (.text:simplelink_timerA2_start)
                  2000fb38    0000003c                  : socket.obj (.text:sl_Htons)
                  2000fb74    0000003c     driverlib.a : udma.obj (.text:uDMAChannelControlSet)
                  2000fbb0    00000038     simplelink.a : cc_pal.obj (.text:NwpPowerOff)
                  2000fbe8    00000038                  : wlan.obj (.text:sl_WlanDisconnect)
                  2000fc20    00000034     driverlib.a : prcm.obj (.text:PRCMPeripheralStatusGet)
                  2000fc54    00000034                 : spi.obj (.text:SPIFIFOLevelSet)
                  2000fc88    00000034     rtsv7M4_T_le_eabi.lib : rand.c.obj (.text:rand)
                  2000fcbc    00000030     driverlib.a : pin.obj (.text:PinTypeGPIO)
                  2000fcec    00000030                 : uart.obj (.text:UARTDisable)
                  2000fd1c    00000030     rtsv7M4_T_le_eabi.lib : vsnprintf.c.obj (.text:_outs)
                  2000fd4c    0000002e                           : i_tofd_t2.asm.obj (.text)
                  2000fd7a    0000002c     driverlib.a : i2c.obj (.text:I2CMasterErr)
                  2000fda6    00000002     --HOLE-- [fill = 0]
                  2000fda8    0000002c     simplelink.a : cc_pal.obj (.text:NwpPowerOn)
                  2000fdd4    0000002c     driverlib.a : prcm.obj (.text:PRCMSysResetCauseGet)
                  2000fe00    0000002c     simplelink.a : driver.obj (.text:_SlDrvObjGlobalLockWaitForever)
                  2000fe2c    0000002c                  : driver.obj (.text:_SlDrvProtectionObjLockWaitForever)
                  2000fe58    0000002a     driverlib.a : timer.obj (.text:TimerLoadSet)
                  2000fe82    0000002a                 : timer.obj (.text:TimerPrescaleSet)
                  2000feac    0000002a     rtsv7M4_T_le_eabi.lib : strspn.c.obj (.text:strspn)
                  2000fed6    00000002     --HOLE-- [fill = 0]
                  2000fed8    00000028     driverlib.a : interrupt.obj (.text:IntPriorityGroupingSet)
                  2000ff00    00000028                 : prcm.obj (.text:PRCMPeripheralClkDisable)
                  2000ff28    00000028     simplelink.a : driver.obj (.text:_SlDrvGlobalObjUnLock)
                  2000ff50    00000028                  : driver.obj (.text:_SlDrvProtectionObjUnLock)
                  2000ff78    00000028                  : driver.obj (.text:_SlDrvSyncObjWaitForever)
                  2000ffa0    00000028     rtsv7M4_T_le_eabi.lib : memory.c.obj (.text:free_list_insert)
                  2000ffc8    00000028                           : memmov.c.obj (.text:memmove)
                  2000fff0    00000026     simplelink.a : driver.obj (.text:_SlDrvObjLockWaitForever)
                  20010016    00000026     network_common.obj (.text)
                  2001003c    00000024     simplelink.a : cc_pal.obj (.text:DmaSpiSwIntHandler)
                  20010060    00000024     driverlib.a : interrupt.obj (.text:IntUnregister)
                  20010084    00000024                 : uart.obj (.text:UARTEnable)
                  200100a8    00000024     rtsv7M4_T_le_eabi.lib : boot_cortex_m.c.obj (.text:_c_int00_noargs:_c_int00_noargs)
                  200100cc    00000024                           : strcspn.c.obj (.text:strcspn)
                  200100f0    00000022     driverlib.a : i2c.obj (.text:I2CMasterSlaveAddrSet)
                  20010112    00000022                 : spi.obj (.text:SPIReset)
                  20010134    00000022                 : spi.obj (.text:SPIWordCountSet)
                  20010156    00000002     --HOLE-- [fill = 0]
                  20010158    00000020                 : interrupt.obj (.text:IntRegister)
                  20010178    00000020     simplelink.a : cc_pal.obj (.text:NwpPrePowerOffTimout0)
                  20010198    00000020     driverlib.a : spi.obj (.text:SPIDataGet)
                  200101b8    00000020     simplelink.a : cc_pal.obj (.text:TimerGetCurrentTimestamp)
                  200101d8    00000020                  : driver.obj (.text:_SlDrvObjUnLock)
                  200101f8    00000020                  : driver.obj (.text:_SlDrvSyncObjSignal)
                  20010218    0000001e     driverlib.a : i2c.obj (.text:I2CMasterIntStatusEx)
                  20010236    0000001e                 : spi.obj (.text:SPIDataPut)
                  20010254    0000001e                 : timer.obj (.text:TimerDisable)
                  20010272    0000001e                 : timer.obj (.text:TimerEnable)
                  20010290    0000001e                 : timer.obj (.text:TimerIntStatus)
                  200102ae    0000001e                 : uart.obj (.text:UARTCharPut)
                  200102cc    0000001e     simplelink.a : cc_pal.obj (.text:cc_UDMAChannelSelect)
                  200102ea    0000001e     rtsv7M4_T_le_eabi.lib : strcat.c.obj (.text:strcat)
                  20010308    0000001c     driverlib.a : pin.obj (.text:PinTypeI2C)
                  20010324    0000001c                 : timer.obj (.text:TimerValueGet)
                  20010340    0000001c                 : uart.obj (.text:UARTCharGetNonBlocking)
                  2001035c    0000001c     simplelink.a : driver.obj (.text:_SlDrvStartMeasureTimeout)
                  20010378    0000001c     rtsv7M4_T_le_eabi.lib : memory.c.obj (.text:free_list_remove)
                  20010394    0000001c                           : memccpy.c.obj (.text:memccpy)
                  200103b0    0000001c     driverlib.a : udma.obj (.text:uDMAChannelEnable)
                  200103cc    0000001a                 : pin.obj (.text:PinTypeSPI)
                  200103e6    0000001a                 : pin.obj (.text:PinTypeUART)
                  20010400    0000001a                 : spi.obj (.text:SPIDmaDisable)
                  2001041a    0000001a                 : spi.obj (.text:SPIDmaEnable)
                  20010434    0000001a                 : spi.obj (.text:SPIFIFODisable)
                  2001044e    0000001a                 : spi.obj (.text:SPIFIFOEnable)
                  20010468    0000001a                 : spi.obj (.text:SPIIntUnregister)
                  20010482    00000018                 : i2c.obj (.text:I2CMasterIntEnableEx)
                  2001049a    00000018                 : spi.obj (.text:SPICSDisable)
                  200104b2    00000018                 : spi.obj (.text:SPICSEnable)
                  200104ca    00000018                 : spi.obj (.text:SPIDisable)
                  200104e2    00000018                 : spi.obj (.text:SPIEnable)
                  200104fa    00000002     --HOLE-- [fill = 0]
                  200104fc    00000018                 : systick.obj (.text:SysTickPeriodSet)
                  20010514    00000018                 : timer.obj (.text:TimerIntDisable)
                  2001052c    00000018                 : timer.obj (.text:TimerIntEnable)
                  20010544    00000018                 : uart.obj (.text:UARTCharsAvail)
                  2001055c    00000018                 : uart.obj (.text:UARTSpaceAvail)
                  20010574    00000018     simplelink.a : nonos.obj (.text:_SlNonOsSemSet)
                  2001058c    00000018     rtsv7M4_T_le_eabi.lib : vsnprintf.c.obj (.text:_outc)
                  200105a4    00000018                           : sprintf.c.obj (.text:_outs)
                  200105bc    00000018     simplelink.a : device.obj (.text:_sl_GetStartResponseConvert)
                  200105d4    00000018     rtsv7M4_T_le_eabi.lib : strcmp.c.obj (.text:strcmp)
                  200105ec    00000016     driverlib.a : i2c.obj (.text:I2CMasterDataPut)
                  20010602    00000016                 : i2c.obj (.text:I2CMasterEnable)
                  20010618    00000016                 : i2c.obj (.text:I2CMasterIntClear)
                  2001062e    00000016                 : prcm.obj (.text:PRCMHIBRegRead)
                  20010644    00000016                 : prcm.obj (.text:PRCMHIBRegWrite)
                  2001065a    00000016                 : uart.obj (.text:UARTCharGet)
                  20010670    00000016     simplelink.a : driver.obj (.text:_SlDrvMemZero)
                  20010686    00000016     rtsv7M4_T_le_eabi.lib : strchr.c.obj (.text:strchr)
                  2001069c    00000014     driverlib.a : cpu.obj (.text:CPUcpsid)
                  200106b0    00000014                 : cpu.obj (.text:CPUcpsie)
                  200106c4    00000014                 : interrupt.obj (.text:IntVTableBaseSet)
                  200106d8    00000014     rtsv7M4_T_le_eabi.lib : strcpy.c.obj (.text:strcpy)
                  200106ec    00000014                           : strlen.c.obj (.text:strlen)
                  20010700    00000012     driverlib.a : i2c.obj (.text:I2CMasterControl)
                  20010712    00000012                 : i2c.obj (.text:I2CMasterTimeoutSet)
                  20010724    00000012                 : timer.obj (.text:TimerIntClear)
                  20010736    00000012     rtsv7M4_T_le_eabi.lib : wcslen.c.obj (.text:wcslen)
                  20010748    00000010     driverlib.a : systick.obj (.text:SysTickEnable)
                  20010758    00000010                 : systick.obj (.text:SysTickIntEnable)
                  20010768    00000010     simplelink.a : driver.obj (.text:_SlDrvDispatchHttpServerEvents)
                  20010778    0000000e     driverlib.a : i2c.obj (.text:I2CMasterDataGet)
                  20010786    0000000e     simplelink.a : driver.obj (.text:_SlDrvResetCmdExt)
                  20010794    0000000e     rtsv7M4_T_le_eabi.lib : copy_decompress_none.c.obj (.text:decompress:none:__TI_decompress_none)
                  200107a2    0000000e     startup_ccs.obj (.text)
                  200107b0    0000000c     simplelink.a : cc_pal.obj (.text:NwpMaskInterrupt)
                  200107bc    0000000c                  : cc_pal.obj (.text:NwpUnMaskInterrupt)
                  200107c8    0000000c     driverlib.a : systick.obj (.text:SysTickValueGet)
                  200107d4    0000000c     rtsv7M4_T_le_eabi.lib : s_copysign.c.obj (.text:copysign)
                  200107e0    0000000c                           : copy_zero_init.c.obj (.text:decompress:ZI:__TI_zero_init)
                  200107ec    0000000a     driverlib.a : interrupt.obj (.text:IntMasterDisable)
                  200107f6    0000000a                 : interrupt.obj (.text:IntMasterEnable)
                  20010800    0000000a     rtsv7M4_T_le_eabi.lib : sprintf.c.obj (.text:_outc)
                  2001080a    00000002     --HOLE-- [fill = 0]
                  2001080c    00000008                           : errno.c.obj (.text:__aeabi_errno_addr)
                  20010814    00000008                           : memory.c.obj (.text:malloc)
                  2001081c    00000006     systick_if.obj (.text:SysCtlDelay)
                  20010822    00000006     driverlib.a : utils.obj (.text:UtilsDelay)
                  20010828    00000004     rtsv7M4_T_le_eabi.lib : pre_init.c.obj (.text:_system_pre_init)
                  2001082c    00000004                           : exit.c.obj (.text:abort:abort)

.const     0    20010830    00000cec     
                  20010830    000004fb     Adafruit_GFX.obj (.const:.string:font)
                  20010d2b    00000101     rtsv7M4_T_le_eabi.lib : ctype.c.obj (.const:.string:_ctypes_)
                  20010e2c    00000100     main.obj (.const:.string:$P$T2$5)
                  20010f2c    00000100     main.obj (.const:.string:$P$T3$6)
                  2001102c    00000100     driverlib.a : pin.obj (.const:g_ulPinToPadMap)
                  2001112c    000000d4                 : interrupt.obj (.const:g_pulRegs)
                  20011200    000000a8                 : prcm.obj (.const:PRCM_PeriphRegsList)
                  200112a8    0000003c     simplelink.a : driver.obj (.const:OpcodeTranslateTable)
                  200112e4    00000038                  : driver.obj (.const:_SlActionLookupTable)
                  2001131c    0000002c     network_utils.obj (.const:$P$T1$2)
                  20011348    00000024     driverlib.a : spi.obj (.const:g_ppulSPIIntMap)
                  2001136c    00000022     network_utils.obj (.const:.string:$P$T0$1)
                  2001138e    00000002     --HOLE-- [fill = 0]
                  20011390    00000020     simplelink.a : driver.obj (.const:RxMsgClassLUT)
                  200113b0    00000020     driverlib.a : interrupt.obj (.const:g_pulPriority)
                  200113d0    00000018                 : interrupt.obj (.const:g_pulDisRegs)
                  200113e8    00000018                 : interrupt.obj (.const:g_pulEnRegs)
                  20011400    00000018                 : interrupt.obj (.const:g_pulUnpendRegs)
                  20011418    00000018                 : spi.obj (.const:g_ulSPIDmaMaskMap)
                  20011430    00000014     simplelink.a : driver.obj (.const:$P$T0$1)
                  20011444    00000014                  : nonos.obj (.const:$P$T0$1)
                  20011458    00000014     network_utils.obj (.const:$P$T2$3)
                  2001146c    00000010     simplelink.a : socket.obj (.const:.string:_SlPayloadByProtocolLUT)
                  2001147c    0000000c     network_utils.obj (.const:$P$T4$5)
                  20011488    0000000c     network_utils.obj (.const:.string:$P$T3$4)
                  20011494    00000009     main.obj (.const:.string:$P$T0$1)
                  2001149d    00000008     simplelink.a : device.obj (.const:StartResponseLUT)
                  200114a5    00000001     --HOLE-- [fill = 0]
                  200114a6    00000008     main.obj (.const:fish_colors$3)
                  200114ae    00000002     --HOLE-- [fill = 0]
                  200114b0    00000008     simplelink.a : driver.obj (.const:g_H2NCnysPattern)
                  200114b8    00000008                  : driver.obj (.const:g_H2NSyncPattern)
                  200114c0    00000005     main.obj (.const:.string:$P$T1$4)
                  200114c5    00000001     --HOLE-- [fill = 0]
                  200114c6    00000004     simplelink.a : wlan.obj (.const:$P$T0$1)
                  200114ca    00000004                  : socket.obj (.const:$P$T2$3)
                  200114ce    00000004                  : device.obj (.const:_SlDeviceGetCmdCtrl)
                  200114d2    00000004                  : device.obj (.const:_SlDeviceSetCmdCtrl)
                  200114d6    00000004                  : netapp.obj (.const:_SlGetHostByNameCtrl)
                  200114da    00000004                  : netapp.obj (.const:_SlNetAppSendTokenValueCmdCtrl)
                  200114de    00000004                  : netcfg.obj (.const:_SlNetCfgSetCmdCtrl)
                  200114e2    00000004                  : wlan.obj (.const:_SlPolicySetCmdCtrl)
                  200114e6    00000004                  : wlan.obj (.const:_SlProfileDelCmdCtrl)
                  200114ea    00000004                  : socket.obj (.const:_SlRecvCmdCtrl)
                  200114ee    00000004                  : netapp.obj (.const:_SlRegisterServiceCtrl)
                  200114f2    00000004                  : wlan.obj (.const:_SlRxFilterSetCmdCtrl)
                  200114f6    00000004                  : socket.obj (.const:_SlSendCmdCtrl)
                  200114fa    00000004                  : socket.obj (.const:_SlSetSockOptCmdCtrl)
                  200114fe    00000004                  : socket.obj (.const:_SlSockCloseCmdCtrl)
                  20011502    00000004                  : socket.obj (.const:_SlSockSocketCmdCtrl)
                  20011506    00000004                  : device.obj (.const:_SlStopCmdCtrl)
                  2001150a    00000004                  : wlan.obj (.const:_SlWlanCfgSetCmdCtrl)
                  2001150e    00000004                  : wlan.obj (.const:_SlWlanSetModeCmdCtrl)
                  20011512    00000002     --HOLE-- [fill = 0]
                  20011514    00000004                  : driver.obj (.const:httpServer_callbacks)
                  20011518    00000004                  : driver.obj (.const:netApp_callbacks)

.cinit     0    20011520    000000b8     
                  20011520    00000092     (.cinit..data.load) [load image, compression = lzss]
                  200115b2    00000002     --HOLE-- [fill = 0]
                  200115b4    0000000c     (__TI_handler_table)
                  200115c0    00000008     (.cinit..bss.load) [load image, compression = zero_init]
                  200115c8    00000010     (__TI_cinit_table)

.sysmem    0    20017000    00008000     UNINITIALIZED
                  20017000    00000010     rtsv7M4_T_le_eabi.lib : memory.c.obj (.sysmem)
                  20017010    00007ff0     --HOLE--

.bss       0    2001f000    00000e9e     UNINITIALIZED
                  2001f000    000004fc     main.obj (.bss:remoteCodes)
                  2001f4fc    00000200     (.common:DATA1)
                  2001f6fc    00000168     simplelink.a : driver.obj (.bss:g_StatMem)
                  2001f864    00000118     main.obj (.bss:letterArray1)
                  2001f97c    00000118     main.obj (.bss:letterArray2)
                  2001fa94    00000118     main.obj (.bss:letterArray3)
                  2001fbac    00000118     main.obj (.bss:letterArray4)
                  2001fcc4    00000080     main.obj (.bss:UserMessage)
                  2001fd44    00000064     (.common:projectiles)
                  2001fda8    00000050     (.common:g_ucDinDout)
                  2001fdf8    0000002c     (.common:g_time)
                  2001fe24    00000024     (.common:g_ucConnectionSSID)
                  2001fe48    0000001c     main.obj (.bss)
                  2001fe64    00000010     systick_if.obj (.bss)
                  2001fe74    00000008     (.common:g_app_config)
                  2001fe7c    00000008     (.common:g_ucConnectionBSSID)
                  2001fe84    00000004     uart_if.obj (.bss)
                  2001fe88    00000004     (.common:g_Host)
                  2001fe8c    00000004     (.common:g_port)
                  2001fe90    00000004     (.common:g_ulClockRate)
                  2001fe94    00000004     (.common:previousintValue)
                  2001fe98    00000001     (.common:RxIrqCnt)
                  2001fe99    00000001     (.common:g_bDeviceRestartIsRequired)
                  2001fe9a    00000001     (.common:g_cDummy)
                  2001fe9b    00000001     (.common:g_ucLED1Pin)
                  2001fe9c    00000001     (.common:g_ucLED2Pin)
                  2001fe9d    00000001     (.common:g_ucLED3Pin)

.data      0    2001fea0    0000015c     UNINITIALIZED
                  2001fea0    0000003c     simplelink.a : nonos.obj (.data:g__SlNonOsCB)
                  2001fedc    00000024     main.obj (.data)
                  2001ff00    00000020     main.obj (.data:armor)
                  2001ff20    00000020     main.obj (.data:body)
                  2001ff40    00000020     main.obj (.data:mask)
                  2001ff60    00000015     Adafruit_GFX.obj (.data)
                  2001ff75    00000003     --HOLE--
                  2001ff78    00000014     gpio_if.obj (.data:ulReg)
                  2001ff8c    0000000d     simplelink.a : driver.obj (.data)
                  2001ff99    00000003     --HOLE--
                  2001ff9c    0000000c     gpio_if.obj (.data)
                  2001ffa8    0000000c     network_utils.obj (.data)
                  2001ffb4    0000000c     systick_if.obj (.data)
                  2001ffc0    00000009     simplelink.a : cc_pal.obj (.data)
                  2001ffc9    00000003     --HOLE--
                  2001ffcc    00000008     rtsv7M4_T_le_eabi.lib : _lock.c.obj (.data:$O1$$)
                  2001ffd4    00000008                           : memory.c.obj (.data:$O1$$)
                  2001ffdc    00000008     main.obj (.data:clown_1)
                  2001ffe4    00000008     main.obj (.data:clown_2)
                  2001ffec    00000004     rtsv7M4_T_le_eabi.lib : errno.c.obj (.data)
                  2001fff0    00000004                           : rand.c.obj (.data)
                  2001fff4    00000004                           : strtok.c.obj (.data)
                  2001fff8    00000004     simplelink.a : driver.obj (.data:wlan_callbacks)

.stack     0    2002f000    00001000     UNINITIALIZED
                  2002f000    00000004     rtsv7M4_T_le_eabi.lib : boot_cortex_m.c.obj (.stack)
                  2002f004    00000ffc     --HOLE--

__llvm_prf_cnts 
*          0    20017000    00000000     UNINITIALIZED

MODULE SUMMARY

       Module                       code    ro data   rw data
       ------                       ----    -------   -------
    .\
       main.obj                     7472    534       3316   
       Adafruit_GFX.obj             2948    1275      21     
       Adafruit_OLED.obj            1182    0         0      
       startup_ccs.obj              14      1024      0      
       gpio_if.obj                  920     0         35     
       gpio.obj                     820     0         0      
       i2c_if.obj                   672     0         0      
       systick_if.obj               630     0         32     
       uart_if.obj                  636     0         4      
       timer_if.obj                 408     0         0      
       pinmux.obj                   264     0         0      
       network_common.obj           38      0         0      
    +--+----------------------------+-------+---------+---------+
       Total:                       16004   2833      3408   
                                                             
    .\utils\
       network_utils.obj            3788    122       116    
    +--+----------------------------+-------+---------+---------+
       Total:                       3788    122       116    
                                                             
    C:/Users/standard/ti/ccs1250/cc3200-sdk/driverlib/ccs/Release/driverlib.a
       prcm.obj                     852     168       0      
       interrupt.obj                658     316       0      
       spi.obj                      860     60        0      
       udma.obj                     604     0         0      
       pin.obj                      328     256       0      
       timer.obj                    552     0         0      
       i2c.obj                      380     0         0      
       uart.obj                     330     0         0      
       systick.obj                  68      0         0      
       cpu.obj                      40      0         0      
       utils.obj                    6       0         0      
    +--+----------------------------+-------+---------+---------+
       Total:                       4678    800       0      
                                                             
    C:/Users/standard/ti/ccs1250/cc3200-sdk/simplelink/ccs/NON_OS/simplelink.a
       driver.obj                   7906    192       379    
       cc_pal.obj                   1820    0         90     
       socket.obj                   1830    40        0      
       netapp.obj                   1572    12        0      
       wlan.obj                     1316    24        0      
       device.obj                   1230    20        0      
       nonos.obj                    416     20        60     
       netcfg.obj                   152     4         0      
    +--+----------------------------+-------+---------+---------+
       Total:                       16242   312       529    
                                                             
    C:\Users\standard\ti\ccs1250\ccs\tools\compiler\ti-cgt-arm_20.2.7.LTS\lib\rtsv7M4_T_le_eabi.lib
       _printfi.c.obj               4835    0         0      
       memory.c.obj                 900     0         8      
       fd_add_t2.asm.obj            438     0         0      
       fd_div_t2.asm.obj            310     0         0      
       strtol.c.obj                 304     0         0      
       strtoul.c.obj                272     0         0      
       fd_cmp_t2.asm.obj            268     0         0      
       ctype.c.obj                  0       257       0      
       fd_mul_t2.asm.obj            252     0         0      
       s_scalbn.c.obj               208     0         0      
       memcpy_t2.asm.obj            156     0         0      
       ull_div_t2.asm.obj           150     0         0      
       vsnprintf.c.obj              136     0         0      
       memset_t2.asm.obj            122     0         0      
       copy_decompress_lzss.c.obj   104     0         0      
       sprintf.c.obj                98      0         0      
       s_frexp.c.obj                92      0         0      
       _ltoa.c.obj                  84      0         0      
       atoi.c.obj                   76      0         0      
       fd_toi_t2.asm.obj            72      0         0      
       autoinit.c.obj               68      0         0      
       strtok.c.obj                 64      0         4      
       rand.c.obj                   52      0         4      
       i_tofd_t2.asm.obj            46      0         0      
       strspn.c.obj                 42      0         0      
       memmov.c.obj                 40      0         0      
       boot_cortex_m.c.obj          36      0         0      
       strcspn.c.obj                36      0         0      
       strcat.c.obj                 30      0         0      
       memccpy.c.obj                28      0         0      
       strcmp.c.obj                 24      0         0      
       strchr.c.obj                 22      0         0      
       strcpy.c.obj                 20      0         0      
       strlen.c.obj                 20      0         0      
       wcslen.c.obj                 18      0         0      
       copy_decompress_none.c.obj   14      0         0      
       copy_zero_init.c.obj         12      0         0      
       errno.c.obj                  8       0         4      
       s_copysign.c.obj             12      0         0      
       _lock.c.obj                  2       0         8      
       exit.c.obj                   4       0         0      
       pre_init.c.obj               4       0         0      
       div0.asm.obj                 2       0         0      
    +--+----------------------------+-------+---------+---------+
       Total:                       9481    257       28     
                                                             
       Heap:                        0       0         32768  
       Stack:                       0       0         4096   
       Linker Generated:            0       182       0      
    +--+----------------------------+-------+---------+---------+
       Grand Total:                 50193   4506      40945  


LINKER GENERATED COPY TABLES

__TI_cinit_table @ 200115c8 records: 2, size/record: 8, table size: 16
	.data: load addr=20011520, load size=00000092 bytes, run addr=2001fea0, run size=0000015c bytes, compression=lzss
	.bss: load addr=200115c0, load size=00000008 bytes, run addr=2001f000, run size=00000e9e bytes, compression=zero_init


LINKER GENERATED HANDLER TABLE

__TI_handler_table @ 200115b4 records: 3, size/record: 4, table size: 12
	index: 0, handler: __TI_decompress_lzss
	index: 1, handler: __TI_decompress_none
	index: 2, handler: __TI_zero_init


GLOBAL SYMBOLS: SORTED ALPHABETICALLY BY Name 

address   name                                  
-------   ----                                  
20008be9  Adafruit_Init                         
20004a83  BinaryToInt                           
2001082d  C$$EXIT                               
2001069d  CPUcpsid                              
200106b1  CPUcpsie                              
20009c2d  ClearTerm                             
200048ed  ClockHandler                          
200049a1  ClockInit                             
20008d5f  Color565                              
2001f4fc  DATA1                                 
20004401  DisplayBuffer                         
2001003d  DmaSpiSwIntHandler                    
20009c37  Error                                 
20009663  GPIODMATriggerDisable                 
2000960b  GPIODMATriggerEnable                  
20009417  GPIODirModeGet                        
200093e1  GPIODirModeSet                        
20004921  GPIOHandler                           
20009587  GPIOIntClear                          
2000954b  GPIOIntDisable                        
20009531  GPIOIntEnable                         
2000959b  GPIOIntRegister                       
20009565  GPIOIntStatus                         
200094cb  GPIOIntTypeGet                        
20009449  GPIOIntTypeSet                        
200095b9  GPIOIntUnregister                     
200095d3  GPIOPinRead                           
200095eb  GPIOPinWrite                          
200092c1  GPIO_IF_ConfigureNIntEnable           
2000934d  GPIO_IF_Get                           
2000927b  GPIO_IF_GetPortNPin                   
2000903d  GPIO_IF_LedConfigure                  
2000912f  GPIO_IF_LedOff                        
2000907b  GPIO_IF_LedOn                         
200091e3  GPIO_IF_LedStatus                     
2000924d  GPIO_IF_LedToggle                     
20009309  GPIO_IF_Set                           
20009c6f  GetCmd                                
20010701  I2CMasterControl                      
20010779  I2CMasterDataGet                      
200105ed  I2CMasterDataPut                      
20010603  I2CMasterEnable                       
2000fd7b  I2CMasterErr                          
2000e601  I2CMasterInitExpClk                   
20010619  I2CMasterIntClear                     
20010483  I2CMasterIntEnableEx                  
20010219  I2CMasterIntStatusEx                  
200100f1  I2CMasterSlaveAddrSet                 
20010713  I2CMasterTimeoutSet                   
20009957  I2C_IF_Close                          
200098fb  I2C_IF_Open                           
200097f9  I2C_IF_Read                           
200098b5  I2C_IF_ReadFrom                       
20009749  I2C_IF_Write                          
20009bed  InitTerm                              
20005051  InitUART1                             
2000d771  IntDisable                            
2000d819  IntEnable                             
200107ed  IntMasterDisable                      
200107f7  IntMasterEnable                       
2000f0d1  IntPendClear                          
2000fed9  IntPriorityGroupingSet                
2000f1d9  IntPrioritySet                        
20010159  IntRegister                           
20010061  IntUnregister                         
200106c5  IntVTableBaseSet                      
20009c0b  Message                               
200107b1  NwpMaskInterrupt                      
2000fbb1  NwpPowerOff                           
2000fda9  NwpPowerOn                            
20010179  NwpPrePowerOffTimout0                 
2000fa09  NwpRegisterInterruptHandler           
200107bd  NwpUnMaskInterrupt                    
200112a8  OpcodeTranslateTable                  
20007aab  Outstr                                
2000b4c5  PRCMCC3200MCUInit                     
2001062f  PRCMHIBRegRead                        
20010645  PRCMHIBRegWrite                       
2000ff01  PRCMPeripheralClkDisable              
2000fac1  PRCMPeripheralClkEnable               
2000df6d  PRCMPeripheralClockGet                
2000f129  PRCMPeripheralReset                   
2000fc21  PRCMPeripheralStatusGet               
2000fdd5  PRCMSysResetCauseGet                  
2000477b  ParseNProcessCmd                      
200047ef  PerformIntTest                        
2000e46d  PinConfigSet                          
200049cf  PinInit                               
2000f849  PinModeSet                            
2000c505  PinMuxConfig                          
2000fcbd  PinTypeGPIO                           
20010309  PinTypeI2C                            
200103cd  PinTypeSPI                            
200103e7  PinTypeUART                           
20004b6f  PrintBinaryToUART                     
20004449  ProcessReadCommand                    
200044cf  ProcessReadRegCommand                 
2000466b  ProcessWriteCommand                   
20004581  ProcessWriteRegCommand                
20009dad  Report                                
200107a3  ResetISR                              
2001fe98  RxIrqCnt                              
2001049b  SPICSDisable                          
200104b3  SPICSEnable                           
2000d965  SPIConfigSetExpClk                    
20010199  SPIDataGet                            
20010237  SPIDataPut                            
200104cb  SPIDisable                            
20010401  SPIDmaDisable                         
2001041b  SPIDmaEnable                          
200104e3  SPIEnable                             
20010435  SPIFIFODisable                        
2001044f  SPIFIFOEnable                         
2000fc55  SPIFIFOLevelSet                       
2000f595  SPIIntClear                           
2000f3cd  SPIIntEnable                          
20010469  SPIIntUnregister                      
20010113  SPIReset                              
20010135  SPIWordCountSet                       
20006305  SimpleLinkGeneralEventHandler         
200062e1  SimpleLinkHttpServerCallback          
2000623f  SimpleLinkNetAppEventHandler          
20006325  SimpleLinkSockEventHandler            
20006131  SimpleLinkWlanEventHandler            
2001081d  SysCtlDelay                           
20010749  SysTickEnable                         
20009e69  SysTickHandler                        
20009ef3  SysTickInit                           
20010759  SysTickIntEnable                      
200104fd  SysTickPeriodSet                      
200107c9  SysTickValueGet                       
2000f6b1  TimerConfigure                        
20010255  TimerDisable                          
20010273  TimerEnable                           
200101b9  TimerGetCurrentTimestamp              
20010725  TimerIntClear                         
20010515  TimerIntDisable                       
2001052d  TimerIntEnable                        
2000ea69  TimerIntRegister                      
20010291  TimerIntStatus                        
2000ec91  TimerIntUnregister                    
2000fe59  TimerLoadSet                          
2000fe83  TimerPrescaleSet                      
20010325  TimerValueGet                         
2000b159  Timer_IF_DeInit                       
2000b18d  Timer_IF_GetCount                     
2000b091  Timer_IF_Init                         
2000b0c3  Timer_IF_IntSetup                     
2000b10f  Timer_IF_InterruptClear               
2000b173  Timer_IF_ReLoad                       
2000b127  Timer_IF_Start                        
2000b149  Timer_IF_Stop                         
20009d15  TrimSpace                             
2001065b  UARTCharGet                           
20010341  UARTCharGetNonBlocking                
200102af  UARTCharPut                           
20010545  UARTCharsAvail                        
2000e97d  UARTConfigSetExpClk                   
2000fced  UARTDisable                           
20010085  UARTEnable                            
200050f5  UARTReceiveString                     
20005099  UARTSendString                        
2001055d  UARTSpaceAvail                        
2000a08b  UTUtilsDelay                          
2000a079  UTUtilsDelayCycles                    
20009f8b  UTUtilsGetSysTime                     
2000a033  UTUtilsWaitForCount                   
20010823  UtilsDelay                            
200112e4  _SlActionLookupTable                  
2000d8c1  _SlDriverHandleError                  
2000f5dd  _SlDrvBasicCmd                        
2000d54d  _SlDrvCmdOp                           
2000ebb9  _SlDrvCmdSend                         
2000a589  _SlDrvDataReadOp                      
2000b7ad  _SlDrvDataWriteOp                     
2000db41  _SlDrvDeviceEventHandler              
20010769  _SlDrvDispatchHttpServerEvents        
2000c075  _SlDrvDriverCBDeinit                  
2000acc1  _SlDrvDriverCBInit                    
2000ff29  _SlDrvGlobalObjUnLock                 
2000f6f5  _SlDrvHandleHttpServerEvents          
2000f889  _SlDrvHandleNetAppEvents              
2000f8c9  _SlDrvHandleWlanEvents                
2000e2c9  _SlDrvIsTimeoutExpired                
20010671  _SlDrvMemZero                         
2000cdb1  _SlDrvMsgReadSpawnCtx                 
2000c60d  _SlDrvNetAppEventHandler              
2000fff1  _SlDrvObjLockWaitForever              
200101d9  _SlDrvObjUnLock                       
2000f465  _SlDrvProtectAsyncRespSetting         
2000fe2d  _SlDrvProtectionObjLockWaitForever    
2000ff51  _SlDrvProtectionObjUnLock             
2000a76d  _SlDrvReleasePoolObj                  
20010787  _SlDrvResetCmdExt                     
2000f22d  _SlDrvRxIrqHandler                    
2001035d  _SlDrvStartMeasureTimeout             
200101f9  _SlDrvSyncObjSignal                   
2000ff79  _SlDrvSyncObjWaitForever              
2000f739  _SlDrvSyncObjWaitTimeout              
2000b1a9  _SlDrvWaitForPoolObj                  
200114da  _SlNetAppSendTokenValueCmdCtrl        
2000e9f5  _SlNonOsMainLoopTask                  
2000d6c1  _SlNonOsSemGet                        
20010575  _SlNonOsSemSet                        
2000ed61  _SlNonOsSpawn                         
20030000  __STACK_END                           
00001000  __STACK_SIZE                          
00008000  __SYSMEM_SIZE                         
200115c8  __TI_CINIT_Base                       
200115d8  __TI_CINIT_Limit                      
200115b4  __TI_Handler_Table_Base               
200115c0  __TI_Handler_Table_Limit              
2000f77d  __TI_auto_init_nobinit_nopinit        
2000ecf9  __TI_decompress_lzss                  
20010795  __TI_decompress_none                  
2000f281  __TI_ltoa                             
ffffffff  __TI_pprof_out_hndl                   
20007b81  __TI_printfi                          
ffffffff  __TI_prof_data_size                   
ffffffff  __TI_prof_data_start                  
20011520  __TI_static_base__                    
200107e1  __TI_zero_init                        
2000e4f5  __aeabi_cdcmpeq                       
2000e4f5  __aeabi_cdcmple                       
2000e57b  __aeabi_cdrcmple                      
2000f625  __aeabi_d2iz                          
2000ab13  __aeabi_dadd                          
2000be09  __aeabi_ddiv                          
2000c811  __aeabi_dmul                          
2000ab09  __aeabi_dsub                          
2001080d  __aeabi_errno_addr                    
2000fd4d  __aeabi_i2d                           
2000acbf  __aeabi_idiv0                         
2000acbf  __aeabi_ldiv0                         
2000e889  __aeabi_memclr                        
2000e889  __aeabi_memclr4                       
2000e889  __aeabi_memclr8                       
2000daa5  __aeabi_memcpy                        
2000daa5  __aeabi_memcpy4                       
2000daa5  __aeabi_memcpy8                       
2000e88b  __aeabi_memset                        
2000e88b  __aeabi_memset4                       
2000e88b  __aeabi_memset8                       
2000ded5  __aeabi_uldivmod                      
ffffffff  __binit__                             
ffffffff  __c_args__                            
UNDEFED   __mpu_init                            
2002f000  __stack                               
20017000  __start___llvm_prf_cnts               
20017000  __stop___llvm_prf_cnts                
200100a9  _c_int00_noargs                       
20010d2b  _ctypes_                              
2001ffcc  _lock                                 
20008fff  _nop                                  
2000edc5  _sl_HandleAsync_Accept                
2000e709  _sl_HandleAsync_Connect               
2000e001  _sl_HandleAsync_DnsGetHostByName      
2000d2f1  _sl_HandleAsync_DnsGetHostByService   
2000e355  _sl_HandleAsync_InitComplete          
2000e091  _sl_HandleAsync_PingResponse          
2000f2d5  _sl_HandleAsync_Select                
2000f37d  _sl_HandleAsync_Stop                  
2000ec25  _sl_NetAppSendTokenValue              
20017000  _sys_memory                           
UNDEFED   _system_post_cinit                    
20010829  _system_pre_init                      
2001ffd0  _unlock                               
2001082d  abort                                 
2000c711  aligned_alloc                         
2000f4fd  atoi                                  
ffffffff  binit                                 
20006cd5  connectToAccessPoint                  
20004b11  convertToInt                          
20004b81  convertToString                       
200107d5  copysign                              
200107d5  copysignl                             
2001ff60  cursor_x                              
2001ff64  cursor_y                              
20007047  drawBitmap                            
20004f69  drawBitmap1                           
2000795f  drawChar                              
20007101  drawCircle                            
20007235  drawCircleHelper                      
20008f09  drawFastHLine                         
20008e6d  drawFastVLine                         
2000747b  drawLine                              
20008fa5  drawPixel                             
20007567  drawRect                              
200075b5  drawRoundRect                         
2000771d  drawTriangle                          
2001ffec  errno                                 
20007353  fillCircle                            
2000738d  fillCircleHelper                      
20008db7  fillRect                              
200076a3  fillRoundRect                         
20008da1  fillScreen                            
2000775f  fillTriangle                          
2000ce99  free                                  
2000f075  frexp                                 
2000f075  frexpl                                
2001fe88  g_Host                                
2001ff8c  g_SlDeviceStatus                      
2001ffc0  g_SpiFd                               
2001fea0  g__SlNonOsCB                          
2001fe74  g_app_config                          
2001fe99  g_bDeviceRestartIsRequired            
2001fe9a  g_cDummy                              
2001ff90  g_pCB                                 
2001ffc4  g_pHostIntHdl                         
20004000  g_pfnVectors                          
2001fe8c  g_port                                
2001fdf8  g_time                                
2001fe7c  g_ucConnectionBSSID                   
2001fe24  g_ucConnectionSSID                    
2001ffc8  g_ucDMAEnabled                        
2001fda8  g_ucDinDout                           
2001fe9b  g_ucLED1Pin                           
2001fe9c  g_ucLED2Pin                           
2001fe9d  g_ucLED3Pin                           
2001ff9c  g_uiLED1Port                          
2001ffa0  g_uiLED2Port                          
2001ffa4  g_uiLED3Port                          
2001fe90  g_ulClockRate                         
2001ffb0  g_ulGatewayIP                         
2001ffac  g_ulPingPacketsRecv                   
2001ffa8  g_ulStatus                            
20008d1b  goTo                                  
20007b5f  height                                
20008fe3  invert                                
2000d221  ldexp                                 
2000d221  ldexpl                                
20004d51  letterConversion                      
200051f9  main                                  
20010815  malloc                                
2000c711  memalign                              
20010395  memccpy                               
2000daa5  memcpy                                
2000ffc9  memmove                               
2000e891  memset                                
2001ff94  pPingCallBackFunc                     
20004a19  prepareArray                          
2001fe94  previousintValue                      
2001fd44  projectiles                           
2000fc89  rand                                  
2000cf7d  realloc                               
2000d221  scalbn                                
2000d221  scalbnl                               
20004bb9  setArray                              
20004c29  setArray1                             
20004c75  setArray2                             
20004cb9  setArray3                             
20004cfd  setArray4                             
20007af7  setCursor                             
20007b2f  setTextColor                          
20007b0f  setTextSize                           
20007b47  setTextWrap                           
20006ffd  shiftBackgroundDown                   
2000fafd  simplelink_timerA2_start              
2000ef55  sl_Close                              
2000b339  sl_Connect                            
2000d3bd  sl_DevGet                             
2000dbdd  sl_DevSet                             
2000f805  sl_Htonl                              
2000fb39  sl_Htons                              
2000bb89  sl_NetAppDnsGetHostByName             
2000d061  sl_NetAppMDNSRegisterUnregisterService
2000ee29  sl_NetAppMDNSUnRegisterService        
2000dc75  sl_NetCfgSet                          
20010017  sl_Provisioning_HttpServerEventHdl    
20010025  sl_Provisioning_NetAppEventHdl        
20010031  sl_Provisioning_WlanEventHdl          
2000da05  sl_Recv                               
2000bf41  sl_Send                               
2000dd0d  sl_SetSockOpt                         
2000e3e1  sl_Socket                             
2000cbdd  sl_Start                              
2000c90d  sl_Stop                               
2000996d  sl_WlanConnect                        
2000fbe9  sl_WlanDisconnect                     
2000e121  sl_WlanPolicySet                      
2000efb5  sl_WlanProfileDel                     
2000e685  sl_WlanRxFilterSet                    
2000dda5  sl_WlanSet                            
2000f015  sl_WlanSetMode                        
2000e905  spi_Close                             
2000b8fd  spi_Open                              
2000c9fd  spi_Read                              
2000de3d  spi_Write                             
2000f949  sprintf                               
200102eb  strcat                                
20010687  strchr                                
200105d5  strcmp                                
200106d9  strcpy                                
200100cd  strcspn                               
200106ed  strlen                                
2000fead  strspn                                
2000f989  strtok                                
2000c1a5  strtol                                
2000c3f5  strtoul                               
2001ff70  textbgcolor                           
2001ff6c  textcolor                             
2001ff68  textsize                              
20006af5  tls_connect                           
2000f549  uDMAChannelAssign                     
2000ee8d  uDMAChannelAttributeDisable           
2000eef1  uDMAChannelAttributeEnable            
2000fb75  uDMAChannelControlSet                 
200103b1  uDMAChannelEnable                     
2000caed  uDMAChannelTransferSet                
2000f9c9  vsnprintf                             
20010737  wcslen                                
20007b5b  width                                 
2001ff74  wrap                                  
20008b61  writeCommand                          
20008ba5  writeData                             


GLOBAL SYMBOLS: SORTED BY Symbol Address 

address   name                                  
-------   ----                                  
00001000  __STACK_SIZE                          
00008000  __SYSMEM_SIZE                         
20004000  g_pfnVectors                          
20004401  DisplayBuffer                         
20004449  ProcessReadCommand                    
200044cf  ProcessReadRegCommand                 
20004581  ProcessWriteRegCommand                
2000466b  ProcessWriteCommand                   
2000477b  ParseNProcessCmd                      
200047ef  PerformIntTest                        
200048ed  ClockHandler                          
20004921  GPIOHandler                           
200049a1  ClockInit                             
200049cf  PinInit                               
20004a19  prepareArray                          
20004a83  BinaryToInt                           
20004b11  convertToInt                          
20004b6f  PrintBinaryToUART                     
20004b81  convertToString                       
20004bb9  setArray                              
20004c29  setArray1                             
20004c75  setArray2                             
20004cb9  setArray3                             
20004cfd  setArray4                             
20004d51  letterConversion                      
20004f69  drawBitmap1                           
20005051  InitUART1                             
20005099  UARTSendString                        
200050f5  UARTReceiveString                     
200051f9  main                                  
20006131  SimpleLinkWlanEventHandler            
2000623f  SimpleLinkNetAppEventHandler          
200062e1  SimpleLinkHttpServerCallback          
20006305  SimpleLinkGeneralEventHandler         
20006325  SimpleLinkSockEventHandler            
20006af5  tls_connect                           
20006cd5  connectToAccessPoint                  
20006ffd  shiftBackgroundDown                   
20007047  drawBitmap                            
20007101  drawCircle                            
20007235  drawCircleHelper                      
20007353  fillCircle                            
2000738d  fillCircleHelper                      
2000747b  drawLine                              
20007567  drawRect                              
200075b5  drawRoundRect                         
200076a3  fillRoundRect                         
2000771d  drawTriangle                          
2000775f  fillTriangle                          
2000795f  drawChar                              
20007aab  Outstr                                
20007af7  setCursor                             
20007b0f  setTextSize                           
20007b2f  setTextColor                          
20007b47  setTextWrap                           
20007b5b  width                                 
20007b5f  height                                
20007b81  __TI_printfi                          
20008b61  writeCommand                          
20008ba5  writeData                             
20008be9  Adafruit_Init                         
20008d1b  goTo                                  
20008d5f  Color565                              
20008da1  fillScreen                            
20008db7  fillRect                              
20008e6d  drawFastVLine                         
20008f09  drawFastHLine                         
20008fa5  drawPixel                             
20008fe3  invert                                
20008fff  _nop                                  
2000903d  GPIO_IF_LedConfigure                  
2000907b  GPIO_IF_LedOn                         
2000912f  GPIO_IF_LedOff                        
200091e3  GPIO_IF_LedStatus                     
2000924d  GPIO_IF_LedToggle                     
2000927b  GPIO_IF_GetPortNPin                   
200092c1  GPIO_IF_ConfigureNIntEnable           
20009309  GPIO_IF_Set                           
2000934d  GPIO_IF_Get                           
200093e1  GPIODirModeSet                        
20009417  GPIODirModeGet                        
20009449  GPIOIntTypeSet                        
200094cb  GPIOIntTypeGet                        
20009531  GPIOIntEnable                         
2000954b  GPIOIntDisable                        
20009565  GPIOIntStatus                         
20009587  GPIOIntClear                          
2000959b  GPIOIntRegister                       
200095b9  GPIOIntUnregister                     
200095d3  GPIOPinRead                           
200095eb  GPIOPinWrite                          
2000960b  GPIODMATriggerEnable                  
20009663  GPIODMATriggerDisable                 
20009749  I2C_IF_Write                          
200097f9  I2C_IF_Read                           
200098b5  I2C_IF_ReadFrom                       
200098fb  I2C_IF_Open                           
20009957  I2C_IF_Close                          
2000996d  sl_WlanConnect                        
20009bed  InitTerm                              
20009c0b  Message                               
20009c2d  ClearTerm                             
20009c37  Error                                 
20009c6f  GetCmd                                
20009d15  TrimSpace                             
20009dad  Report                                
20009e69  SysTickHandler                        
20009ef3  SysTickInit                           
20009f8b  UTUtilsGetSysTime                     
2000a033  UTUtilsWaitForCount                   
2000a079  UTUtilsDelayCycles                    
2000a08b  UTUtilsDelay                          
2000a589  _SlDrvDataReadOp                      
2000a76d  _SlDrvReleasePoolObj                  
2000ab09  __aeabi_dsub                          
2000ab13  __aeabi_dadd                          
2000acbf  __aeabi_idiv0                         
2000acbf  __aeabi_ldiv0                         
2000acc1  _SlDrvDriverCBInit                    
2000b091  Timer_IF_Init                         
2000b0c3  Timer_IF_IntSetup                     
2000b10f  Timer_IF_InterruptClear               
2000b127  Timer_IF_Start                        
2000b149  Timer_IF_Stop                         
2000b159  Timer_IF_DeInit                       
2000b173  Timer_IF_ReLoad                       
2000b18d  Timer_IF_GetCount                     
2000b1a9  _SlDrvWaitForPoolObj                  
2000b339  sl_Connect                            
2000b4c5  PRCMCC3200MCUInit                     
2000b7ad  _SlDrvDataWriteOp                     
2000b8fd  spi_Open                              
2000bb89  sl_NetAppDnsGetHostByName             
2000be09  __aeabi_ddiv                          
2000bf41  sl_Send                               
2000c075  _SlDrvDriverCBDeinit                  
2000c1a5  strtol                                
2000c3f5  strtoul                               
2000c505  PinMuxConfig                          
2000c60d  _SlDrvNetAppEventHandler              
2000c711  aligned_alloc                         
2000c711  memalign                              
2000c811  __aeabi_dmul                          
2000c90d  sl_Stop                               
2000c9fd  spi_Read                              
2000caed  uDMAChannelTransferSet                
2000cbdd  sl_Start                              
2000cdb1  _SlDrvMsgReadSpawnCtx                 
2000ce99  free                                  
2000cf7d  realloc                               
2000d061  sl_NetAppMDNSRegisterUnregisterService
2000d221  ldexp                                 
2000d221  ldexpl                                
2000d221  scalbn                                
2000d221  scalbnl                               
2000d2f1  _sl_HandleAsync_DnsGetHostByService   
2000d3bd  sl_DevGet                             
2000d54d  _SlDrvCmdOp                           
2000d6c1  _SlNonOsSemGet                        
2000d771  IntDisable                            
2000d819  IntEnable                             
2000d8c1  _SlDriverHandleError                  
2000d965  SPIConfigSetExpClk                    
2000da05  sl_Recv                               
2000daa5  __aeabi_memcpy                        
2000daa5  __aeabi_memcpy4                       
2000daa5  __aeabi_memcpy8                       
2000daa5  memcpy                                
2000db41  _SlDrvDeviceEventHandler              
2000dbdd  sl_DevSet                             
2000dc75  sl_NetCfgSet                          
2000dd0d  sl_SetSockOpt                         
2000dda5  sl_WlanSet                            
2000de3d  spi_Write                             
2000ded5  __aeabi_uldivmod                      
2000df6d  PRCMPeripheralClockGet                
2000e001  _sl_HandleAsync_DnsGetHostByName      
2000e091  _sl_HandleAsync_PingResponse          
2000e121  sl_WlanPolicySet                      
2000e2c9  _SlDrvIsTimeoutExpired                
2000e355  _sl_HandleAsync_InitComplete          
2000e3e1  sl_Socket                             
2000e46d  PinConfigSet                          
2000e4f5  __aeabi_cdcmpeq                       
2000e4f5  __aeabi_cdcmple                       
2000e57b  __aeabi_cdrcmple                      
2000e601  I2CMasterInitExpClk                   
2000e685  sl_WlanRxFilterSet                    
2000e709  _sl_HandleAsync_Connect               
2000e889  __aeabi_memclr                        
2000e889  __aeabi_memclr4                       
2000e889  __aeabi_memclr8                       
2000e88b  __aeabi_memset                        
2000e88b  __aeabi_memset4                       
2000e88b  __aeabi_memset8                       
2000e891  memset                                
2000e905  spi_Close                             
2000e97d  UARTConfigSetExpClk                   
2000e9f5  _SlNonOsMainLoopTask                  
2000ea69  TimerIntRegister                      
2000ebb9  _SlDrvCmdSend                         
2000ec25  _sl_NetAppSendTokenValue              
2000ec91  TimerIntUnregister                    
2000ecf9  __TI_decompress_lzss                  
2000ed61  _SlNonOsSpawn                         
2000edc5  _sl_HandleAsync_Accept                
2000ee29  sl_NetAppMDNSUnRegisterService        
2000ee8d  uDMAChannelAttributeDisable           
2000eef1  uDMAChannelAttributeEnable            
2000ef55  sl_Close                              
2000efb5  sl_WlanProfileDel                     
2000f015  sl_WlanSetMode                        
2000f075  frexp                                 
2000f075  frexpl                                
2000f0d1  IntPendClear                          
2000f129  PRCMPeripheralReset                   
2000f1d9  IntPrioritySet                        
2000f22d  _SlDrvRxIrqHandler                    
2000f281  __TI_ltoa                             
2000f2d5  _sl_HandleAsync_Select                
2000f37d  _sl_HandleAsync_Stop                  
2000f3cd  SPIIntEnable                          
2000f465  _SlDrvProtectAsyncRespSetting         
2000f4fd  atoi                                  
2000f549  uDMAChannelAssign                     
2000f595  SPIIntClear                           
2000f5dd  _SlDrvBasicCmd                        
2000f625  __aeabi_d2iz                          
2000f6b1  TimerConfigure                        
2000f6f5  _SlDrvHandleHttpServerEvents          
2000f739  _SlDrvSyncObjWaitTimeout              
2000f77d  __TI_auto_init_nobinit_nopinit        
2000f805  sl_Htonl                              
2000f849  PinModeSet                            
2000f889  _SlDrvHandleNetAppEvents              
2000f8c9  _SlDrvHandleWlanEvents                
2000f949  sprintf                               
2000f989  strtok                                
2000f9c9  vsnprintf                             
2000fa09  NwpRegisterInterruptHandler           
2000fac1  PRCMPeripheralClkEnable               
2000fafd  simplelink_timerA2_start              
2000fb39  sl_Htons                              
2000fb75  uDMAChannelControlSet                 
2000fbb1  NwpPowerOff                           
2000fbe9  sl_WlanDisconnect                     
2000fc21  PRCMPeripheralStatusGet               
2000fc55  SPIFIFOLevelSet                       
2000fc89  rand                                  
2000fcbd  PinTypeGPIO                           
2000fced  UARTDisable                           
2000fd4d  __aeabi_i2d                           
2000fd7b  I2CMasterErr                          
2000fda9  NwpPowerOn                            
2000fdd5  PRCMSysResetCauseGet                  
2000fe2d  _SlDrvProtectionObjLockWaitForever    
2000fe59  TimerLoadSet                          
2000fe83  TimerPrescaleSet                      
2000fead  strspn                                
2000fed9  IntPriorityGroupingSet                
2000ff01  PRCMPeripheralClkDisable              
2000ff29  _SlDrvGlobalObjUnLock                 
2000ff51  _SlDrvProtectionObjUnLock             
2000ff79  _SlDrvSyncObjWaitForever              
2000ffc9  memmove                               
2000fff1  _SlDrvObjLockWaitForever              
20010017  sl_Provisioning_HttpServerEventHdl    
20010025  sl_Provisioning_NetAppEventHdl        
20010031  sl_Provisioning_WlanEventHdl          
2001003d  DmaSpiSwIntHandler                    
20010061  IntUnregister                         
20010085  UARTEnable                            
200100a9  _c_int00_noargs                       
200100cd  strcspn                               
200100f1  I2CMasterSlaveAddrSet                 
20010113  SPIReset                              
20010135  SPIWordCountSet                       
20010159  IntRegister                           
20010179  NwpPrePowerOffTimout0                 
20010199  SPIDataGet                            
200101b9  TimerGetCurrentTimestamp              
200101d9  _SlDrvObjUnLock                       
200101f9  _SlDrvSyncObjSignal                   
20010219  I2CMasterIntStatusEx                  
20010237  SPIDataPut                            
20010255  TimerDisable                          
20010273  TimerEnable                           
20010291  TimerIntStatus                        
200102af  UARTCharPut                           
200102eb  strcat                                
20010309  PinTypeI2C                            
20010325  TimerValueGet                         
20010341  UARTCharGetNonBlocking                
2001035d  _SlDrvStartMeasureTimeout             
20010395  memccpy                               
200103b1  uDMAChannelEnable                     
200103cd  PinTypeSPI                            
200103e7  PinTypeUART                           
20010401  SPIDmaDisable                         
2001041b  SPIDmaEnable                          
20010435  SPIFIFODisable                        
2001044f  SPIFIFOEnable                         
20010469  SPIIntUnregister                      
20010483  I2CMasterIntEnableEx                  
2001049b  SPICSDisable                          
200104b3  SPICSEnable                           
200104cb  SPIDisable                            
200104e3  SPIEnable                             
200104fd  SysTickPeriodSet                      
20010515  TimerIntDisable                       
2001052d  TimerIntEnable                        
20010545  UARTCharsAvail                        
2001055d  UARTSpaceAvail                        
20010575  _SlNonOsSemSet                        
200105d5  strcmp                                
200105ed  I2CMasterDataPut                      
20010603  I2CMasterEnable                       
20010619  I2CMasterIntClear                     
2001062f  PRCMHIBRegRead                        
20010645  PRCMHIBRegWrite                       
2001065b  UARTCharGet                           
20010671  _SlDrvMemZero                         
20010687  strchr                                
2001069d  CPUcpsid                              
200106b1  CPUcpsie                              
200106c5  IntVTableBaseSet                      
200106d9  strcpy                                
200106ed  strlen                                
20010701  I2CMasterControl                      
20010713  I2CMasterTimeoutSet                   
20010725  TimerIntClear                         
20010737  wcslen                                
20010749  SysTickEnable                         
20010759  SysTickIntEnable                      
20010769  _SlDrvDispatchHttpServerEvents        
20010779  I2CMasterDataGet                      
20010787  _SlDrvResetCmdExt                     
20010795  __TI_decompress_none                  
200107a3  ResetISR                              
200107b1  NwpMaskInterrupt                      
200107bd  NwpUnMaskInterrupt                    
200107c9  SysTickValueGet                       
200107d5  copysign                              
200107d5  copysignl                             
200107e1  __TI_zero_init                        
200107ed  IntMasterDisable                      
200107f7  IntMasterEnable                       
2001080d  __aeabi_errno_addr                    
20010815  malloc                                
2001081d  SysCtlDelay                           
20010823  UtilsDelay                            
20010829  _system_pre_init                      
2001082d  C$$EXIT                               
2001082d  abort                                 
20010d2b  _ctypes_                              
200112a8  OpcodeTranslateTable                  
200112e4  _SlActionLookupTable                  
200114da  _SlNetAppSendTokenValueCmdCtrl        
20011520  __TI_static_base__                    
200115b4  __TI_Handler_Table_Base               
200115c0  __TI_Handler_Table_Limit              
200115c8  __TI_CINIT_Base                       
200115d8  __TI_CINIT_Limit                      
20017000  __start___llvm_prf_cnts               
20017000  __stop___llvm_prf_cnts                
20017000  _sys_memory                           
2001f4fc  DATA1                                 
2001fd44  projectiles                           
2001fda8  g_ucDinDout                           
2001fdf8  g_time                                
2001fe24  g_ucConnectionSSID                    
2001fe74  g_app_config                          
2001fe7c  g_ucConnectionBSSID                   
2001fe88  g_Host                                
2001fe8c  g_port                                
2001fe90  g_ulClockRate                         
2001fe94  previousintValue                      
2001fe98  RxIrqCnt                              
2001fe99  g_bDeviceRestartIsRequired            
2001fe9a  g_cDummy                              
2001fe9b  g_ucLED1Pin                           
2001fe9c  g_ucLED2Pin                           
2001fe9d  g_ucLED3Pin                           
2001fea0  g__SlNonOsCB                          
2001ff60  cursor_x                              
2001ff64  cursor_y                              
2001ff68  textsize                              
2001ff6c  textcolor                             
2001ff70  textbgcolor                           
2001ff74  wrap                                  
2001ff8c  g_SlDeviceStatus                      
2001ff90  g_pCB                                 
2001ff94  pPingCallBackFunc                     
2001ff9c  g_uiLED1Port                          
2001ffa0  g_uiLED2Port                          
2001ffa4  g_uiLED3Port                          
2001ffa8  g_ulStatus                            
2001ffac  g_ulPingPacketsRecv                   
2001ffb0  g_ulGatewayIP                         
2001ffc0  g_SpiFd                               
2001ffc4  g_pHostIntHdl                         
2001ffc8  g_ucDMAEnabled                        
2001ffcc  _lock                                 
2001ffd0  _unlock                               
2001ffec  errno                                 
2002f000  __stack                               
20030000  __STACK_END                           
ffffffff  __TI_pprof_out_hndl                   
ffffffff  __TI_prof_data_size                   
ffffffff  __TI_prof_data_start                  
ffffffff  __binit__                             
ffffffff  __c_args__                            
ffffffff  binit                                 
UNDEFED   __mpu_init                            
UNDEFED   _system_post_cinit                    

[415 symbols]
