******************************************************************************
                  TI ARM Linker PC v20.2.7                     
******************************************************************************
>> Linked Fri May 30 18:15:23 2025

OUTPUT FILE NAME:   <i2c_demo.out>
ENTRY POINT SYMBOL: "_c_int00_noargs"  address: 20008e9d


MEMORY CONFIGURATION

         name            origin    length      used     unused   attr    fill
----------------------  --------  ---------  --------  --------  ----  --------
  SRAM_CODE             20004000   00013000  00005d12  0000d2ee  RW X
  SRAM_DATA             20017000   00019000  000010e4  00017f1c  RW X


SEGMENT ALLOCATION MAP

run origin  load origin   length   init length attrs members
----------  ----------- ---------- ----------- ----- -------
20004000    20004000    00005d18   00005d18    r-x
  20004000    20004000    00000400   00000400    r-- .intvecs
  20004400    20004400    00004ebe   00004ebe    r-x .text
  200092c0    200092c0    000009bc   000009bc    r-- .const
  20009c80    20009c80    00000098   00000098    r-- .cinit
20017000    20017000    000008e4   00000000    rw-
  20017000    20017000    00000800   00000000    rw- .sysmem
  20017800    20017800    000000a4   00000000    rw- .data
  200178a4    200178a4    00000040   00000000    rw- .bss
2002f800    2002f800    00000800   00000000    rw-
  2002f800    2002f800    00000800   00000000    rw- .stack


SECTION ALLOCATION MAP

 output                                  attributes/
section   page    origin      length       input sections
--------  ----  ----------  ----------   ----------------
.intvecs   0    20004000    00000400     
                  20004000    00000400     startup_ccs.obj (.intvecs)

.init_array 
*          0    20004000    00000000     UNINITIALIZED

.text      0    20004400    00004ebe     
                  20004400    00000b38     Adafruit_GFX.obj (.text)
                  20004f38    00000b1c     main.obj (.text)
                  20005a54    00000a4e     rtsv7M4_T_le_eabi.lib : _printfi.c.obj (.text:__TI_printfi)
                  200064a2    00000002                           : _lock.c.obj (.text:_nop)
                  200064a4    0000049e     Adafruit_OLED.obj (.text)
                  20006942    00000002     rtsv7M4_T_le_eabi.lib : div0.asm.obj (.text)
                  20006944    000002a0     i2c_if.obj (.text)
                  20006be4    0000027c     uart_if.obj (.text)
                  20006e60    00000268     rtsv7M4_T_le_eabi.lib : _printfi.c.obj (.text:_pconv_a)
                  200070c8    000001cc                           : _printfi.c.obj (.text:_pconv_g)
                  20007294    000001b6                           : fd_add_t2.asm.obj (.text)
                  2000744a    00000002     --HOLE-- [fill = 0]
                  2000744c    00000178     driverlib.a : prcm.obj (.text:PRCMCC3200MCUInit)
                  200075c4    0000013c     rtsv7M4_T_le_eabi.lib : _printfi.c.obj (.text:_pconv_e)
                  20007700    0000013c     pin_mux_config.obj (.text)
                  2000783c    00000136     rtsv7M4_T_le_eabi.lib : fd_div_t2.asm.obj (.text)
                  20007972    00000002     --HOLE-- [fill = 0]
                  20007974    00000120                           : _printfi.c.obj (.text:fcvt)
                  20007a94    00000110                           : strtoul.c.obj (.text:strtoul)
                  20007ba4    00000100                           : memory.c.obj (.text:aligned_alloc)
                  20007ca4    000000fc                           : fd_mul_t2.asm.obj (.text)
                  20007da0    000000e4                           : memory.c.obj (.text:free)
                  20007e84    000000e4                           : memory.c.obj (.text:realloc)
                  20007f68    000000d0                           : s_scalbn.c.obj (.text:scalbn)
                  20008038    000000b1                           : _printfi.c.obj (.text:_ltostr)
                  200080e9    00000003     --HOLE-- [fill = 0]
                  200080ec    000000a8     driverlib.a : interrupt.obj (.text:IntEnable)
                  20008194    000000a0                 : spi.obj (.text:SPIConfigSetExpClk)
                  20008234    0000009c     rtsv7M4_T_le_eabi.lib : memcpy_t2.asm.obj (.text)
                  200082d0    00000096                           : ull_div_t2.asm.obj (.text)
                  20008366    00000002     --HOLE-- [fill = 0]
                  20008368    00000094     driverlib.a : prcm.obj (.text:PRCMPeripheralClockGet)
                  200083fc    00000088                 : pin.obj (.text:PinConfigSet)
                  20008484    00000086     rtsv7M4_T_le_eabi.lib : fd_cmp_t2.asm.obj (.text:__aeabi_cdcmple)
                  2000850a    00000086                           : fd_cmp_t2.asm.obj (.text:__aeabi_cdrcmple)
                  20008590    00000084     driverlib.a : i2c.obj (.text:I2CMasterInitExpClk)
                  20008614    0000007a     rtsv7M4_T_le_eabi.lib : memset_t2.asm.obj (.text)
                  2000868e    00000076     driverlib.a : uart.obj (.text:UARTConfigSetExpClk)
                  20008704    00000070     rtsv7M4_T_le_eabi.lib : memory.c.obj (.text:split)
                  20008774    0000006e                           : _printfi.c.obj (.text:_mcpy)
                  200087e2    00000068                           : copy_decompress_lzss.c.obj (.text:decompress:lzss:__TI_decompress_lzss)
                  2000884a    00000002     --HOLE-- [fill = 0]
                  2000884c    0000005c                           : s_frexp.c.obj (.text:frexp)
                  200088a8    00000058     driverlib.a : prcm.obj (.text:PRCMPeripheralReset)
                  20008900    00000056     rtsv7M4_T_le_eabi.lib : _printfi.c.obj (.text:_pconv_f)
                  20008956    00000054                           : _ltoa.c.obj (.text:__TI_ltoa)
                  200089aa    00000052                           : _printfi.c.obj (.text:_ecpy)
                  200089fc    0000004c                           : atoi.c.obj (.text:atoi)
                  20008a48    00000048                           : fd_toi_t2.asm.obj (.text)
                  20008a90    00000044                           : autoinit.c.obj (.text:__TI_auto_init_nobinit_nopinit:__TI_auto_init_nobinit_nopinit)
                  20008ad4    00000040     driverlib.a : pin.obj (.text:PinModeSet)
                  20008b14    00000040     rtsv7M4_T_le_eabi.lib : sprintf.c.obj (.text:sprintf)
                  20008b54    00000040                           : strtok.c.obj (.text:strtok)
                  20008b94    00000040                           : vsnprintf.c.obj (.text:vsnprintf)
                  20008bd4    0000003e                           : _printfi.c.obj (.text:_fcpy)
                  20008c12    00000002     --HOLE-- [fill = 0]
                  20008c14    0000003c     driverlib.a : prcm.obj (.text:PRCMPeripheralClkEnable)
                  20008c50    00000036                 : gpio.obj (.text:GPIODirModeSet)
                  20008c86    00000002     --HOLE-- [fill = 0]
                  20008c88    00000034     rtsv7M4_T_le_eabi.lib : rand.c.obj (.text:rand)
                  20008cbc    00000030     driverlib.a : pin.obj (.text:PinTypeGPIO)
                  20008cec    00000030                 : uart.obj (.text:UARTDisable)
                  20008d1c    00000030     rtsv7M4_T_le_eabi.lib : vsnprintf.c.obj (.text:_outs)
                  20008d4c    0000002e                           : i_tofd_t2.asm.obj (.text)
                  20008d7a    0000002c     driverlib.a : i2c.obj (.text:I2CMasterErr)
                  20008da6    00000002     --HOLE-- [fill = 0]
                  20008da8    0000002c                 : prcm.obj (.text:PRCMSysResetCauseGet)
                  20008dd4    0000002a     rtsv7M4_T_le_eabi.lib : strspn.c.obj (.text:strspn)
                  20008dfe    00000002     --HOLE-- [fill = 0]
                  20008e00    00000028     driverlib.a : prcm.obj (.text:PRCMPeripheralClkDisable)
                  20008e28    00000028     rtsv7M4_T_le_eabi.lib : memory.c.obj (.text:free_list_insert)
                  20008e50    00000028                           : memmov.c.obj (.text:memmove)
                  20008e78    00000024     driverlib.a : uart.obj (.text:UARTEnable)
                  20008e9c    00000024     rtsv7M4_T_le_eabi.lib : boot_cortex_m.c.obj (.text:_c_int00_noargs:_c_int00_noargs)
                  20008ec0    00000024                           : strcspn.c.obj (.text:strcspn)
                  20008ee4    00000022     driverlib.a : i2c.obj (.text:I2CMasterSlaveAddrSet)
                  20008f06    00000022                 : spi.obj (.text:SPIReset)
                  20008f28    00000020                 : gpio.obj (.text:GPIOPinWrite)
                  20008f48    00000020                 : spi.obj (.text:SPIDataGet)
                  20008f68    0000001e                 : i2c.obj (.text:I2CMasterIntStatusEx)
                  20008f86    0000001e                 : spi.obj (.text:SPIDataPut)
                  20008fa4    0000001e                 : uart.obj (.text:UARTCharPut)
                  20008fc2    0000001c                 : pin.obj (.text:PinTypeI2C)
                  20008fde    0000001c                 : uart.obj (.text:UARTCharGetNonBlocking)
                  20008ffa    0000001c     rtsv7M4_T_le_eabi.lib : copy_zero_init.c.obj (.text:decompress:ZI:__TI_zero_init_nomemset:__TI_zero_init_nomemset)
                  20009016    00000002     --HOLE-- [fill = 0]
                  20009018    0000001c                           : memory.c.obj (.text:free_list_remove)
                  20009034    0000001c                           : memccpy.c.obj (.text:memccpy)
                  20009050    0000001a     driverlib.a : pin.obj (.text:PinTypeSPI)
                  2000906a    0000001a                 : pin.obj (.text:PinTypeUART)
                  20009084    0000001a                 : spi.obj (.text:SPIFIFOEnable)
                  2000909e    00000018                 : i2c.obj (.text:I2CMasterIntEnableEx)
                  200090b6    00000018                 : spi.obj (.text:SPICSDisable)
                  200090ce    00000018                 : spi.obj (.text:SPICSEnable)
                  200090e6    00000018                 : spi.obj (.text:SPIEnable)
                  200090fe    00000018                 : uart.obj (.text:UARTCharsAvail)
                  20009116    00000018     rtsv7M4_T_le_eabi.lib : vsnprintf.c.obj (.text:_outc)
                  2000912e    00000018                           : sprintf.c.obj (.text:_outs)
                  20009146    00000018                           : strcmp.c.obj (.text:strcmp)
                  2000915e    00000016     driverlib.a : i2c.obj (.text:I2CMasterDataPut)
                  20009174    00000016                 : i2c.obj (.text:I2CMasterEnable)
                  2000918a    00000016                 : i2c.obj (.text:I2CMasterIntClear)
                  200091a0    00000016                 : prcm.obj (.text:PRCMHIBRegRead)
                  200091b6    00000016                 : prcm.obj (.text:PRCMHIBRegWrite)
                  200091cc    00000016     rtsv7M4_T_le_eabi.lib : strchr.c.obj (.text:strchr)
                  200091e2    00000014     driverlib.a : cpu.obj (.text:CPUcpsie)
                  200091f6    00000002     --HOLE-- [fill = 0]
                  200091f8    00000014                 : interrupt.obj (.text:IntVTableBaseSet)
                  2000920c    00000014     rtsv7M4_T_le_eabi.lib : strlen.c.obj (.text:strlen)
                  20009220    00000012     driverlib.a : i2c.obj (.text:I2CMasterControl)
                  20009232    00000012                 : i2c.obj (.text:I2CMasterTimeoutSet)
                  20009244    00000012     rtsv7M4_T_le_eabi.lib : wcslen.c.obj (.text:wcslen)
                  20009256    0000000e     driverlib.a : i2c.obj (.text:I2CMasterDataGet)
                  20009264    0000000e     rtsv7M4_T_le_eabi.lib : copy_decompress_none.c.obj (.text:decompress:none:__TI_decompress_none)
                  20009272    0000000e     startup_ccs.obj (.text)
                  20009280    0000000c     rtsv7M4_T_le_eabi.lib : s_copysign.c.obj (.text:copysign)
                  2000928c    0000000a     driverlib.a : interrupt.obj (.text:IntMasterEnable)
                  20009296    0000000a     rtsv7M4_T_le_eabi.lib : sprintf.c.obj (.text:_outc)
                  200092a0    00000008                           : errno.c.obj (.text:__aeabi_errno_addr)
                  200092a8    00000008                           : memory.c.obj (.text:malloc)
                  200092b0    00000006     driverlib.a : utils.obj (.text:UtilsDelay)
                  200092b6    00000004     rtsv7M4_T_le_eabi.lib : pre_init.c.obj (.text:_system_pre_init)
                  200092ba    00000004                           : exit.c.obj (.text:abort:abort)

.const     0    200092c0    000009bc     
                  200092c0    000004fb     Adafruit_GFX.obj (.const:.string:font)
                  200097bb    00000101     rtsv7M4_T_le_eabi.lib : ctype.c.obj (.const:.string:_ctypes_)
                  200098bc    00000100     main.obj (.const:.string:$P$T0$2)
                  200099bc    00000100     main.obj (.const:.string:$P$T1$3)
                  20009abc    00000100     driverlib.a : pin.obj (.const:g_ulPinToPadMap)
                  20009bbc    000000a8                 : prcm.obj (.const:PRCM_PeriphRegsList)
                  20009c64    00000018                 : interrupt.obj (.const:g_pulEnRegs)

.cinit     0    20009c80    00000098     
                  20009c80    00000070     (.cinit..data.load) [load image, compression = lzss]
                  20009cf0    0000000c     (__TI_handler_table)
                  20009cfc    00000004     --HOLE-- [fill = 0]
                  20009d00    00000008     (.cinit..bss.load) [load image, compression = zero_init]
                  20009d08    00000010     (__TI_cinit_table)

.sysmem    0    20017000    00000800     UNINITIALIZED
                  20017000    00000010     rtsv7M4_T_le_eabi.lib : memory.c.obj (.sysmem)
                  20017010    000007f0     --HOLE--

.data      0    20017800    000000a4     UNINITIALIZED
                  20017800    00000020     main.obj (.data:armor)
                  20017820    00000020     main.obj (.data:body)
                  20017840    00000020     main.obj (.data:mask)
                  20017860    00000015     Adafruit_GFX.obj (.data)
                  20017875    00000003     --HOLE--
                  20017878    00000008     rtsv7M4_T_le_eabi.lib : _lock.c.obj (.data:$O1$$)
                  20017880    00000008                           : memory.c.obj (.data:$O1$$)
                  20017888    00000008     main.obj (.data:clown_1)
                  20017890    00000008     main.obj (.data:clown_2)
                  20017898    00000004     rtsv7M4_T_le_eabi.lib : errno.c.obj (.data)
                  2001789c    00000004                           : rand.c.obj (.data)
                  200178a0    00000004                           : strtok.c.obj (.data)

.bss       0    200178a4    00000040     UNINITIALIZED
                  200178a4    0000003c     (.common:projectiles)
                  200178e0    00000004     uart_if.obj (.bss)

.stack     0    2002f800    00000800     UNINITIALIZED
                  2002f800    00000004     rtsv7M4_T_le_eabi.lib : boot_cortex_m.c.obj (.stack)
                  2002f804    000007fc     --HOLE--

__llvm_prf_cnts 
*          0    20017000    00000000     UNINITIALIZED

MODULE SUMMARY

       Module                       code    ro data   rw data
       ------                       ----    -------   -------
    .\
       Adafruit_GFX.obj             2872    1275      21     
       main.obj                     2844    512       172    
       Adafruit_OLED.obj            1182    0         0      
       startup_ccs.obj              14      1024      0      
       i2c_if.obj                   672     0         0      
       uart_if.obj                  636     0         4      
       pin_mux_config.obj           316     0         0      
    +--+----------------------------+-------+---------+---------+
       Total:                       8536    2811      197    
                                                             
    C:/Users/standard/ti/ccs1250/cc3200-sdk/driverlib/ccs/Release/driverlib.a
       prcm.obj                     800     168       0      
       pin.obj                      328     256       0      
       i2c.obj                      380     0         0      
       spi.obj                      354     0         0      
       uart.obj                     284     0         0      
       interrupt.obj                198     24        0      
       gpio.obj                     86      0         0      
       cpu.obj                      20      0         0      
       utils.obj                    6       0         0      
    +--+----------------------------+-------+---------+---------+
       Total:                       2456    448       0      
                                                             
    C:\Users\standard\ti\ccs1250\ccs\tools\compiler\ti-cgt-arm_20.2.7.LTS\lib\rtsv7M4_T_le_eabi.lib
       _printfi.c.obj               4835    0         0      
       memory.c.obj                 900     0         8      
       fd_add_t2.asm.obj            438     0         0      
       fd_div_t2.asm.obj            310     0         0      
       strtoul.c.obj                272     0         0      
       fd_cmp_t2.asm.obj            268     0         0      
       ctype.c.obj                  0       257       0      
       fd_mul_t2.asm.obj            252     0         0      
       s_scalbn.c.obj               208     0         0      
       memcpy_t2.asm.obj            156     0         0      
       ull_div_t2.asm.obj           150     0         0      
       vsnprintf.c.obj              136     0         0      
       memset_t2.asm.obj            122     0         0      
       copy_decompress_lzss.c.obj   104     0         0      
       sprintf.c.obj                98      0         0      
       s_frexp.c.obj                92      0         0      
       _ltoa.c.obj                  84      0         0      
       atoi.c.obj                   76      0         0      
       fd_toi_t2.asm.obj            72      0         0      
       autoinit.c.obj               68      0         0      
       strtok.c.obj                 64      0         4      
       rand.c.obj                   52      0         4      
       i_tofd_t2.asm.obj            46      0         0      
       strspn.c.obj                 42      0         0      
       memmov.c.obj                 40      0         0      
       boot_cortex_m.c.obj          36      0         0      
       strcspn.c.obj                36      0         0      
       copy_zero_init.c.obj         28      0         0      
       memccpy.c.obj                28      0         0      
       strcmp.c.obj                 24      0         0      
       strchr.c.obj                 22      0         0      
       strlen.c.obj                 20      0         0      
       wcslen.c.obj                 18      0         0      
       copy_decompress_none.c.obj   14      0         0      
       errno.c.obj                  8       0         4      
       s_copysign.c.obj             12      0         0      
       _lock.c.obj                  2       0         8      
       exit.c.obj                   4       0         0      
       pre_init.c.obj               4       0         0      
       div0.asm.obj                 2       0         0      
    +--+----------------------------+-------+---------+---------+
       Total:                       9143    257       28     
                                                             
       Heap:                        0       0         2048   
       Stack:                       0       0         2048   
       Linker Generated:            0       148       0      
    +--+----------------------------+-------+---------+---------+
       Grand Total:                 20135   3664      4321   


LINKER GENERATED COPY TABLES

__TI_cinit_table @ 20009d08 records: 2, size/record: 8, table size: 16
	.data: load addr=20009c80, load size=00000070 bytes, run addr=20017800, run size=000000a4 bytes, compression=lzss
	.bss: load addr=20009d00, load size=00000008 bytes, run addr=200178a4, run size=00000040 bytes, compression=zero_init


LINKER GENERATED HANDLER TABLE

__TI_handler_table @ 20009cf0 records: 3, size/record: 4, table size: 12
	index: 0, handler: __TI_decompress_lzss
	index: 1, handler: __TI_decompress_none
	index: 2, handler: __TI_zero_init


GLOBAL SYMBOLS: SORTED ALPHABETICALLY BY Name 

address   name                          
-------   ----                          
2000652d  Adafruit_Init                 
200092bb  C$$EXIT                       
200091e3  CPUcpsie                      
20006c25  ClearTerm                     
200066a3  Color565                      
20004f39  DisplayBuffer                 
20006c2f  Error                         
20008c51  GPIODirModeSet                
20008f29  GPIOPinWrite                  
20006c67  GetCmd                        
20009221  I2CMasterControl              
20009257  I2CMasterDataGet              
2000915f  I2CMasterDataPut              
20009175  I2CMasterEnable               
20008d7b  I2CMasterErr                  
20008591  I2CMasterInitExpClk           
2000918b  I2CMasterIntClear             
2000909f  I2CMasterIntEnableEx          
20008f69  I2CMasterIntStatusEx          
20008ee5  I2CMasterSlaveAddrSet         
20009233  I2CMasterTimeoutSet           
20006bcf  I2C_IF_Close                  
20006b73  I2C_IF_Open                   
20006a71  I2C_IF_Read                   
20006b2d  I2C_IF_ReadFrom               
200069c1  I2C_IF_Write                  
20006be5  InitTerm                      
200080ed  IntEnable                     
2000928d  IntMasterEnable               
200091f9  IntVTableBaseSet              
20006c03  Message                       
20004e65  Outstr                        
2000744d  PRCMCC3200MCUInit             
200091a1  PRCMHIBRegRead                
200091b7  PRCMHIBRegWrite               
20008e01  PRCMPeripheralClkDisable      
20008c15  PRCMPeripheralClkEnable       
20008369  PRCMPeripheralClockGet        
200088a9  PRCMPeripheralReset           
20008da9  PRCMSysResetCauseGet          
200052b3  ParseNProcessCmd              
200083fd  PinConfigSet                  
20008ad5  PinModeSet                    
20007701  PinMuxConfig                  
20008cbd  PinTypeGPIO                   
20008fc3  PinTypeI2C                    
20009051  PinTypeSPI                    
2000906b  PinTypeUART                   
20004f81  ProcessReadCommand            
20005007  ProcessReadRegCommand         
200051a3  ProcessWriteCommand           
200050b9  ProcessWriteRegCommand        
20006da5  Report                        
20009273  ResetISR                      
200090b7  SPICSDisable                  
200090cf  SPICSEnable                   
20008195  SPIConfigSetExpClk            
20008f49  SPIDataGet                    
20008f87  SPIDataPut                    
200090e7  SPIEnable                     
20009085  SPIFIFOEnable                 
20008f07  SPIReset                      
20006d0d  TrimSpace                     
20008fdf  UARTCharGetNonBlocking        
20008fa5  UARTCharPut                   
200090ff  UARTCharsAvail                
2000868f  UARTConfigSetExpClk           
20008ced  UARTDisable                   
20008e79  UARTEnable                    
200092b1  UtilsDelay                    
20030000  __STACK_END                   
00000800  __STACK_SIZE                  
00000800  __SYSMEM_SIZE                 
20009d08  __TI_CINIT_Base               
20009d18  __TI_CINIT_Limit              
20009cf0  __TI_Handler_Table_Base       
20009cfc  __TI_Handler_Table_Limit      
20008a91  __TI_auto_init_nobinit_nopinit
200087e3  __TI_decompress_lzss          
20009265  __TI_decompress_none          
20008957  __TI_ltoa                     
ffffffff  __TI_pprof_out_hndl           
20005a55  __TI_printfi                  
ffffffff  __TI_prof_data_size           
ffffffff  __TI_prof_data_start          
20009c80  __TI_static_base__            
20008ffb  __TI_zero_init_nomemset       
20008485  __aeabi_cdcmpeq               
20008485  __aeabi_cdcmple               
2000850b  __aeabi_cdrcmple              
20008a49  __aeabi_d2iz                  
2000729f  __aeabi_dadd                  
2000783d  __aeabi_ddiv                  
20007ca5  __aeabi_dmul                  
20007295  __aeabi_dsub                  
200092a1  __aeabi_errno_addr            
20008d4d  __aeabi_i2d                   
20006943  __aeabi_idiv0                 
20006943  __aeabi_ldiv0                 
20008615  __aeabi_memclr                
20008615  __aeabi_memclr4               
20008615  __aeabi_memclr8               
20008235  __aeabi_memcpy                
20008235  __aeabi_memcpy4               
20008235  __aeabi_memcpy8               
20008617  __aeabi_memset                
20008617  __aeabi_memset4               
20008617  __aeabi_memset8               
200082d1  __aeabi_uldivmod              
ffffffff  __binit__                     
ffffffff  __c_args__                    
UNDEFED   __mpu_init                    
2002f800  __stack                       
20017000  __start___llvm_prf_cnts       
20017000  __stop___llvm_prf_cnts        
20008e9d  _c_int00_noargs               
200097bb  _ctypes_                      
20017878  _lock                         
200064a3  _nop                          
20017000  _sys_memory                   
UNDEFED   _system_post_cinit            
200092b7  _system_pre_init              
2001787c  _unlock                       
200092bb  abort                         
20007ba5  aligned_alloc                 
200089fd  atoi                          
ffffffff  binit                         
20009281  copysign                      
20009281  copysignl                     
20017860  cursor_x                      
20017864  cursor_y                      
20004401  drawBitmap                    
20004d19  drawChar                      
200044bb  drawCircle                    
200045ef  drawCircleHelper              
2000684d  drawFastHLine                 
200067b1  drawFastVLine                 
20004835  drawLine                      
200068e9  drawPixel                     
20004921  drawRect                      
2000496f  drawRoundRect                 
20004ad7  drawTriangle                  
20017898  errno                         
2000470d  fillCircle                    
20004747  fillCircleHelper              
200066fb  fillRect                      
20004a5d  fillRoundRect                 
200066e5  fillScreen                    
20004b19  fillTriangle                  
20007da1  free                          
2000884d  frexp                         
2000884d  frexpl                        
20004000  g_pfnVectors                  
2000665f  goTo                          
20004f19  height                        
20006927  invert                        
20007f69  ldexp                         
20007f69  ldexpl                        
200053d5  main                          
200092a9  malloc                        
20007ba5  memalign                      
20009035  memccpy                       
20008235  memcpy                        
20008e51  memmove                       
2000861d  memset                        
200178a4  projectiles                   
20008c89  rand                          
20007e85  realloc                       
20007f69  scalbn                        
20007f69  scalbnl                       
20004eb1  setCursor                     
20004ee9  setTextColor                  
20004ec9  setTextSize                   
20004f01  setTextWrap                   
20008b15  sprintf                       
200091cd  strchr                        
20009147  strcmp                        
20008ec1  strcspn                       
2000920d  strlen                        
20008dd5  strspn                        
20008b55  strtok                        
20007a95  strtoul                       
20017870  textbgcolor                   
2001786c  textcolor                     
20017868  textsize                      
20008b95  vsnprintf                     
20009245  wcslen                        
20004f15  width                         
20017874  wrap                          
200064a5  writeCommand                  
200064e9  writeData                     


GLOBAL SYMBOLS: SORTED BY Symbol Address 

address   name                          
-------   ----                          
00000800  __STACK_SIZE                  
00000800  __SYSMEM_SIZE                 
20004000  g_pfnVectors                  
20004401  drawBitmap                    
200044bb  drawCircle                    
200045ef  drawCircleHelper              
2000470d  fillCircle                    
20004747  fillCircleHelper              
20004835  drawLine                      
20004921  drawRect                      
2000496f  drawRoundRect                 
20004a5d  fillRoundRect                 
20004ad7  drawTriangle                  
20004b19  fillTriangle                  
20004d19  drawChar                      
20004e65  Outstr                        
20004eb1  setCursor                     
20004ec9  setTextSize                   
20004ee9  setTextColor                  
20004f01  setTextWrap                   
20004f15  width                         
20004f19  height                        
20004f39  DisplayBuffer                 
20004f81  ProcessReadCommand            
20005007  ProcessReadRegCommand         
200050b9  ProcessWriteRegCommand        
200051a3  ProcessWriteCommand           
200052b3  ParseNProcessCmd              
200053d5  main                          
20005a55  __TI_printfi                  
200064a3  _nop                          
200064a5  writeCommand                  
200064e9  writeData                     
2000652d  Adafruit_Init                 
2000665f  goTo                          
200066a3  Color565                      
200066e5  fillScreen                    
200066fb  fillRect                      
200067b1  drawFastVLine                 
2000684d  drawFastHLine                 
200068e9  drawPixel                     
20006927  invert                        
20006943  __aeabi_idiv0                 
20006943  __aeabi_ldiv0                 
200069c1  I2C_IF_Write                  
20006a71  I2C_IF_Read                   
20006b2d  I2C_IF_ReadFrom               
20006b73  I2C_IF_Open                   
20006bcf  I2C_IF_Close                  
20006be5  InitTerm                      
20006c03  Message                       
20006c25  ClearTerm                     
20006c2f  Error                         
20006c67  GetCmd                        
20006d0d  TrimSpace                     
20006da5  Report                        
20007295  __aeabi_dsub                  
2000729f  __aeabi_dadd                  
2000744d  PRCMCC3200MCUInit             
20007701  PinMuxConfig                  
2000783d  __aeabi_ddiv                  
20007a95  strtoul                       
20007ba5  aligned_alloc                 
20007ba5  memalign                      
20007ca5  __aeabi_dmul                  
20007da1  free                          
20007e85  realloc                       
20007f69  ldexp                         
20007f69  ldexpl                        
20007f69  scalbn                        
20007f69  scalbnl                       
200080ed  IntEnable                     
20008195  SPIConfigSetExpClk            
20008235  __aeabi_memcpy                
20008235  __aeabi_memcpy4               
20008235  __aeabi_memcpy8               
20008235  memcpy                        
200082d1  __aeabi_uldivmod              
20008369  PRCMPeripheralClockGet        
200083fd  PinConfigSet                  
20008485  __aeabi_cdcmpeq               
20008485  __aeabi_cdcmple               
2000850b  __aeabi_cdrcmple              
20008591  I2CMasterInitExpClk           
20008615  __aeabi_memclr                
20008615  __aeabi_memclr4               
20008615  __aeabi_memclr8               
20008617  __aeabi_memset                
20008617  __aeabi_memset4               
20008617  __aeabi_memset8               
2000861d  memset                        
2000868f  UARTConfigSetExpClk           
200087e3  __TI_decompress_lzss          
2000884d  frexp                         
2000884d  frexpl                        
200088a9  PRCMPeripheralReset           
20008957  __TI_ltoa                     
200089fd  atoi                          
20008a49  __aeabi_d2iz                  
20008a91  __TI_auto_init_nobinit_nopinit
20008ad5  PinModeSet                    
20008b15  sprintf                       
20008b55  strtok                        
20008b95  vsnprintf                     
20008c15  PRCMPeripheralClkEnable       
20008c51  GPIODirModeSet                
20008c89  rand                          
20008cbd  PinTypeGPIO                   
20008ced  UARTDisable                   
20008d4d  __aeabi_i2d                   
20008d7b  I2CMasterErr                  
20008da9  PRCMSysResetCauseGet          
20008dd5  strspn                        
20008e01  PRCMPeripheralClkDisable      
20008e51  memmove                       
20008e79  UARTEnable                    
20008e9d  _c_int00_noargs               
20008ec1  strcspn                       
20008ee5  I2CMasterSlaveAddrSet         
20008f07  SPIReset                      
20008f29  GPIOPinWrite                  
20008f49  SPIDataGet                    
20008f69  I2CMasterIntStatusEx          
20008f87  SPIDataPut                    
20008fa5  UARTCharPut                   
20008fc3  PinTypeI2C                    
20008fdf  UARTCharGetNonBlocking        
20008ffb  __TI_zero_init_nomemset       
20009035  memccpy                       
20009051  PinTypeSPI                    
2000906b  PinTypeUART                   
20009085  SPIFIFOEnable                 
2000909f  I2CMasterIntEnableEx          
200090b7  SPICSDisable                  
200090cf  SPICSEnable                   
200090e7  SPIEnable                     
200090ff  UARTCharsAvail                
20009147  strcmp                        
2000915f  I2CMasterDataPut              
20009175  I2CMasterEnable               
2000918b  I2CMasterIntClear             
200091a1  PRCMHIBRegRead                
200091b7  PRCMHIBRegWrite               
200091cd  strchr                        
200091e3  CPUcpsie                      
200091f9  IntVTableBaseSet              
2000920d  strlen                        
20009221  I2CMasterControl              
20009233  I2CMasterTimeoutSet           
20009245  wcslen                        
20009257  I2CMasterDataGet              
20009265  __TI_decompress_none          
20009273  ResetISR                      
20009281  copysign                      
20009281  copysignl                     
2000928d  IntMasterEnable               
200092a1  __aeabi_errno_addr            
200092a9  malloc                        
200092b1  UtilsDelay                    
200092b7  _system_pre_init              
200092bb  C$$EXIT                       
200092bb  abort                         
200097bb  _ctypes_                      
20009c80  __TI_static_base__            
20009cf0  __TI_Handler_Table_Base       
20009cfc  __TI_Handler_Table_Limit      
20009d08  __TI_CINIT_Base               
20009d18  __TI_CINIT_Limit              
20017000  __start___llvm_prf_cnts       
20017000  __stop___llvm_prf_cnts        
20017000  _sys_memory                   
20017860  cursor_x                      
20017864  cursor_y                      
20017868  textsize                      
2001786c  textcolor                     
20017870  textbgcolor                   
20017874  wrap                          
20017878  _lock                         
2001787c  _unlock                       
20017898  errno                         
200178a4  projectiles                   
2002f800  __stack                       
20030000  __STACK_END                   
ffffffff  __TI_pprof_out_hndl           
ffffffff  __TI_prof_data_size           
ffffffff  __TI_prof_data_start          
ffffffff  __binit__                     
ffffffff  __c_args__                    
ffffffff  binit                         
UNDEFED   __mpu_init                    
UNDEFED   _system_post_cinit            

[191 symbols]
