<?xml version="1.0" encoding="ISO-8859-1" ?>
<link_info>
   <banner>TI ARM Linker PC v20.2.7.LTS</banner>
   <copyright>Copyright (c) 1996-2018 Texas Instruments Incorporated</copyright>
   <link_time>0x683a7e3e</link_time>
   <link_errors>0x0</link_errors>
   <output_file>i2c_demo.out</output_file>
   <entry_point>
      <name>_c_int00_noargs</name>
      <address>0x20008fd5</address>
   </entry_point>
   <input_file_list>
      <input_file id="fl-2">
         <path>.\</path>
         <kind>object</kind>
         <file>Adafruit_GFX.obj</file>
         <name>Adafruit_GFX.obj</name>
      </input_file>
      <input_file id="fl-3">
         <path>.\</path>
         <kind>object</kind>
         <file>Adafruit_OLED.obj</file>
         <name>Adafruit_OLED.obj</name>
      </input_file>
      <input_file id="fl-4">
         <path>.\</path>
         <kind>object</kind>
         <file>i2c_if.obj</file>
         <name>i2c_if.obj</name>
      </input_file>
      <input_file id="fl-5">
         <path>.\</path>
         <kind>object</kind>
         <file>main.obj</file>
         <name>main.obj</name>
      </input_file>
      <input_file id="fl-6">
         <path>.\</path>
         <kind>object</kind>
         <file>oled_test.obj</file>
         <name>oled_test.obj</name>
      </input_file>
      <input_file id="fl-7">
         <path>.\</path>
         <kind>object</kind>
         <file>pin_mux_config.obj</file>
         <name>pin_mux_config.obj</name>
      </input_file>
      <input_file id="fl-8">
         <path>.\</path>
         <kind>object</kind>
         <file>startup_ccs.obj</file>
         <name>startup_ccs.obj</name>
      </input_file>
      <input_file id="fl-9">
         <path>.\</path>
         <kind>object</kind>
         <file>uart_if.obj</file>
         <name>uart_if.obj</name>
      </input_file>
      <input_file id="fl-e">
         <kind>object</kind>
         <file>&lt;internal&gt;</file>
         <name>&lt;internal&gt;</name>
      </input_file>
      <input_file id="fl-f">
         <path>C:\Users\standard\ti\ccs1250\cc3200-sdk\driverlib\ccs\Release\</path>
         <kind>archive</kind>
         <file>driverlib.a</file>
         <name>gpio.obj</name>
      </input_file>
      <input_file id="fl-10">
         <path>C:\Users\standard\ti\ccs1250\cc3200-sdk\driverlib\ccs\Release\</path>
         <kind>archive</kind>
         <file>driverlib.a</file>
         <name>i2c.obj</name>
      </input_file>
      <input_file id="fl-11">
         <path>C:\Users\standard\ti\ccs1250\cc3200-sdk\driverlib\ccs\Release\</path>
         <kind>archive</kind>
         <file>driverlib.a</file>
         <name>interrupt.obj</name>
      </input_file>
      <input_file id="fl-12">
         <path>C:\Users\standard\ti\ccs1250\cc3200-sdk\driverlib\ccs\Release\</path>
         <kind>archive</kind>
         <file>driverlib.a</file>
         <name>pin.obj</name>
      </input_file>
      <input_file id="fl-13">
         <path>C:\Users\standard\ti\ccs1250\cc3200-sdk\driverlib\ccs\Release\</path>
         <kind>archive</kind>
         <file>driverlib.a</file>
         <name>prcm.obj</name>
      </input_file>
      <input_file id="fl-14">
         <path>C:\Users\standard\ti\ccs1250\cc3200-sdk\driverlib\ccs\Release\</path>
         <kind>archive</kind>
         <file>driverlib.a</file>
         <name>spi.obj</name>
      </input_file>
      <input_file id="fl-15">
         <path>C:\Users\standard\ti\ccs1250\cc3200-sdk\driverlib\ccs\Release\</path>
         <kind>archive</kind>
         <file>driverlib.a</file>
         <name>uart.obj</name>
      </input_file>
      <input_file id="fl-16">
         <path>C:\Users\standard\ti\ccs1250\cc3200-sdk\driverlib\ccs\Release\</path>
         <kind>archive</kind>
         <file>driverlib.a</file>
         <name>utils.obj</name>
      </input_file>
      <input_file id="fl-17">
         <path>C:\Users\standard\ti\ccs1250\cc3200-sdk\driverlib\ccs\Release\</path>
         <kind>archive</kind>
         <file>driverlib.a</file>
         <name>cpu.obj</name>
      </input_file>
      <input_file id="fl-18">
         <path>C:\Users\standard\ti\ccs1250\cc3200-sdk\driverlib\ccs\Release\</path>
         <kind>archive</kind>
         <file>driverlib.a</file>
         <name>flash.obj</name>
      </input_file>
      <input_file id="fl-ce">
         <path>C:\Users\standard\ti\ccs1250\ccs\tools\compiler\ti-cgt-arm_20.2.7.LTS\lib\</path>
         <kind>archive</kind>
         <file>rtsv7M4_T_le_eabi.lib</file>
         <name>sprintf.c.obj</name>
      </input_file>
      <input_file id="fl-cf">
         <path>C:\Users\standard\ti\ccs1250\ccs\tools\compiler\ti-cgt-arm_20.2.7.LTS\lib\</path>
         <kind>archive</kind>
         <file>rtsv7M4_T_le_eabi.lib</file>
         <name>vsnprintf.c.obj</name>
      </input_file>
      <input_file id="fl-d0">
         <path>C:\Users\standard\ti\ccs1250\ccs\tools\compiler\ti-cgt-arm_20.2.7.LTS\lib\</path>
         <kind>archive</kind>
         <file>rtsv7M4_T_le_eabi.lib</file>
         <name>memcpy_t2.asm.obj</name>
      </input_file>
      <input_file id="fl-d1">
         <path>C:\Users\standard\ti\ccs1250\ccs\tools\compiler\ti-cgt-arm_20.2.7.LTS\lib\</path>
         <kind>archive</kind>
         <file>rtsv7M4_T_le_eabi.lib</file>
         <name>ull_div_t2.asm.obj</name>
      </input_file>
      <input_file id="fl-d2">
         <path>C:\Users\standard\ti\ccs1250\ccs\tools\compiler\ti-cgt-arm_20.2.7.LTS\lib\</path>
         <kind>archive</kind>
         <file>rtsv7M4_T_le_eabi.lib</file>
         <name>copy_zero_init.c.obj</name>
      </input_file>
      <input_file id="fl-d3">
         <path>C:\Users\standard\ti\ccs1250\ccs\tools\compiler\ti-cgt-arm_20.2.7.LTS\lib\</path>
         <kind>archive</kind>
         <file>rtsv7M4_T_le_eabi.lib</file>
         <name>copy_decompress_none.c.obj</name>
      </input_file>
      <input_file id="fl-d4">
         <path>C:\Users\standard\ti\ccs1250\ccs\tools\compiler\ti-cgt-arm_20.2.7.LTS\lib\</path>
         <kind>archive</kind>
         <file>rtsv7M4_T_le_eabi.lib</file>
         <name>copy_decompress_lzss.c.obj</name>
      </input_file>
      <input_file id="fl-d5">
         <path>C:\Users\standard\ti\ccs1250\ccs\tools\compiler\ti-cgt-arm_20.2.7.LTS\lib\</path>
         <kind>archive</kind>
         <file>rtsv7M4_T_le_eabi.lib</file>
         <name>memmov.c.obj</name>
      </input_file>
      <input_file id="fl-d6">
         <path>C:\Users\standard\ti\ccs1250\ccs\tools\compiler\ti-cgt-arm_20.2.7.LTS\lib\</path>
         <kind>archive</kind>
         <file>rtsv7M4_T_le_eabi.lib</file>
         <name>memory.c.obj</name>
      </input_file>
      <input_file id="fl-d7">
         <path>C:\Users\standard\ti\ccs1250\ccs\tools\compiler\ti-cgt-arm_20.2.7.LTS\lib\</path>
         <kind>archive</kind>
         <file>rtsv7M4_T_le_eabi.lib</file>
         <name>rand.c.obj</name>
      </input_file>
      <input_file id="fl-d8">
         <path>C:\Users\standard\ti\ccs1250\ccs\tools\compiler\ti-cgt-arm_20.2.7.LTS\lib\</path>
         <kind>archive</kind>
         <file>rtsv7M4_T_le_eabi.lib</file>
         <name>strcmp.c.obj</name>
      </input_file>
      <input_file id="fl-d9">
         <path>C:\Users\standard\ti\ccs1250\ccs\tools\compiler\ti-cgt-arm_20.2.7.LTS\lib\</path>
         <kind>archive</kind>
         <file>rtsv7M4_T_le_eabi.lib</file>
         <name>strlen.c.obj</name>
      </input_file>
      <input_file id="fl-da">
         <path>C:\Users\standard\ti\ccs1250\ccs\tools\compiler\ti-cgt-arm_20.2.7.LTS\lib\</path>
         <kind>archive</kind>
         <file>rtsv7M4_T_le_eabi.lib</file>
         <name>strtok.c.obj</name>
      </input_file>
      <input_file id="fl-db">
         <path>C:\Users\standard\ti\ccs1250\ccs\tools\compiler\ti-cgt-arm_20.2.7.LTS\lib\</path>
         <kind>archive</kind>
         <file>rtsv7M4_T_le_eabi.lib</file>
         <name>strtoul.c.obj</name>
      </input_file>
      <input_file id="fl-dc">
         <path>C:\Users\standard\ti\ccs1250\ccs\tools\compiler\ti-cgt-arm_20.2.7.LTS\lib\</path>
         <kind>archive</kind>
         <file>rtsv7M4_T_le_eabi.lib</file>
         <name>boot_cortex_m.c.obj</name>
      </input_file>
      <input_file id="fl-dd">
         <path>C:\Users\standard\ti\ccs1250\ccs\tools\compiler\ti-cgt-arm_20.2.7.LTS\lib\</path>
         <kind>archive</kind>
         <file>rtsv7M4_T_le_eabi.lib</file>
         <name>errno.c.obj</name>
      </input_file>
      <input_file id="fl-de">
         <path>C:\Users\standard\ti\ccs1250\ccs\tools\compiler\ti-cgt-arm_20.2.7.LTS\lib\</path>
         <kind>archive</kind>
         <file>rtsv7M4_T_le_eabi.lib</file>
         <name>_printfi.c.obj</name>
      </input_file>
      <input_file id="fl-df">
         <path>C:\Users\standard\ti\ccs1250\ccs\tools\compiler\ti-cgt-arm_20.2.7.LTS\lib\</path>
         <kind>archive</kind>
         <file>rtsv7M4_T_le_eabi.lib</file>
         <name>div0.asm.obj</name>
      </input_file>
      <input_file id="fl-e0">
         <path>C:\Users\standard\ti\ccs1250\ccs\tools\compiler\ti-cgt-arm_20.2.7.LTS\lib\</path>
         <kind>archive</kind>
         <file>rtsv7M4_T_le_eabi.lib</file>
         <name>fd_add_t2.asm.obj</name>
      </input_file>
      <input_file id="fl-e1">
         <path>C:\Users\standard\ti\ccs1250\ccs\tools\compiler\ti-cgt-arm_20.2.7.LTS\lib\</path>
         <kind>archive</kind>
         <file>rtsv7M4_T_le_eabi.lib</file>
         <name>fd_cmp_t2.asm.obj</name>
      </input_file>
      <input_file id="fl-e2">
         <path>C:\Users\standard\ti\ccs1250\ccs\tools\compiler\ti-cgt-arm_20.2.7.LTS\lib\</path>
         <kind>archive</kind>
         <file>rtsv7M4_T_le_eabi.lib</file>
         <name>fd_div_t2.asm.obj</name>
      </input_file>
      <input_file id="fl-e3">
         <path>C:\Users\standard\ti\ccs1250\ccs\tools\compiler\ti-cgt-arm_20.2.7.LTS\lib\</path>
         <kind>archive</kind>
         <file>rtsv7M4_T_le_eabi.lib</file>
         <name>fd_mul_t2.asm.obj</name>
      </input_file>
      <input_file id="fl-e4">
         <path>C:\Users\standard\ti\ccs1250\ccs\tools\compiler\ti-cgt-arm_20.2.7.LTS\lib\</path>
         <kind>archive</kind>
         <file>rtsv7M4_T_le_eabi.lib</file>
         <name>fd_toi_t2.asm.obj</name>
      </input_file>
      <input_file id="fl-e5">
         <path>C:\Users\standard\ti\ccs1250\ccs\tools\compiler\ti-cgt-arm_20.2.7.LTS\lib\</path>
         <kind>archive</kind>
         <file>rtsv7M4_T_le_eabi.lib</file>
         <name>i_tofd_t2.asm.obj</name>
      </input_file>
      <input_file id="fl-e6">
         <path>C:\Users\standard\ti\ccs1250\ccs\tools\compiler\ti-cgt-arm_20.2.7.LTS\lib\</path>
         <kind>archive</kind>
         <file>rtsv7M4_T_le_eabi.lib</file>
         <name>memset_t2.asm.obj</name>
      </input_file>
      <input_file id="fl-e7">
         <path>C:\Users\standard\ti\ccs1250\ccs\tools\compiler\ti-cgt-arm_20.2.7.LTS\lib\</path>
         <kind>archive</kind>
         <file>rtsv7M4_T_le_eabi.lib</file>
         <name>autoinit.c.obj</name>
      </input_file>
      <input_file id="fl-e8">
         <path>C:\Users\standard\ti\ccs1250\ccs\tools\compiler\ti-cgt-arm_20.2.7.LTS\lib\</path>
         <kind>archive</kind>
         <file>rtsv7M4_T_le_eabi.lib</file>
         <name>pre_init.c.obj</name>
      </input_file>
      <input_file id="fl-e9">
         <path>C:\Users\standard\ti\ccs1250\ccs\tools\compiler\ti-cgt-arm_20.2.7.LTS\lib\</path>
         <kind>archive</kind>
         <file>rtsv7M4_T_le_eabi.lib</file>
         <name>cpy_tbl.c.obj</name>
      </input_file>
      <input_file id="fl-ea">
         <path>C:\Users\standard\ti\ccs1250\ccs\tools\compiler\ti-cgt-arm_20.2.7.LTS\lib\</path>
         <kind>archive</kind>
         <file>rtsv7M4_T_le_eabi.lib</file>
         <name>exit.c.obj</name>
      </input_file>
      <input_file id="fl-eb">
         <path>C:\Users\standard\ti\ccs1250\ccs\tools\compiler\ti-cgt-arm_20.2.7.LTS\lib\</path>
         <kind>archive</kind>
         <file>rtsv7M4_T_le_eabi.lib</file>
         <name>_lock.c.obj</name>
      </input_file>
      <input_file id="fl-ec">
         <path>C:\Users\standard\ti\ccs1250\ccs\tools\compiler\ti-cgt-arm_20.2.7.LTS\lib\</path>
         <kind>archive</kind>
         <file>rtsv7M4_T_le_eabi.lib</file>
         <name>_ltoa.c.obj</name>
      </input_file>
      <input_file id="fl-ed">
         <path>C:\Users\standard\ti\ccs1250\ccs\tools\compiler\ti-cgt-arm_20.2.7.LTS\lib\</path>
         <kind>archive</kind>
         <file>rtsv7M4_T_le_eabi.lib</file>
         <name>args_main.c.obj</name>
      </input_file>
      <input_file id="fl-ee">
         <path>C:\Users\standard\ti\ccs1250\ccs\tools\compiler\ti-cgt-arm_20.2.7.LTS\lib\</path>
         <kind>archive</kind>
         <file>rtsv7M4_T_le_eabi.lib</file>
         <name>atoi.c.obj</name>
      </input_file>
      <input_file id="fl-ef">
         <path>C:\Users\standard\ti\ccs1250\ccs\tools\compiler\ti-cgt-arm_20.2.7.LTS\lib\</path>
         <kind>archive</kind>
         <file>rtsv7M4_T_le_eabi.lib</file>
         <name>ctype.c.obj</name>
      </input_file>
      <input_file id="fl-f0">
         <path>C:\Users\standard\ti\ccs1250\ccs\tools\compiler\ti-cgt-arm_20.2.7.LTS\lib\</path>
         <kind>archive</kind>
         <file>rtsv7M4_T_le_eabi.lib</file>
         <name>memccpy.c.obj</name>
      </input_file>
      <input_file id="fl-f1">
         <path>C:\Users\standard\ti\ccs1250\ccs\tools\compiler\ti-cgt-arm_20.2.7.LTS\lib\</path>
         <kind>archive</kind>
         <file>rtsv7M4_T_le_eabi.lib</file>
         <name>strchr.c.obj</name>
      </input_file>
      <input_file id="fl-f2">
         <path>C:\Users\standard\ti\ccs1250\ccs\tools\compiler\ti-cgt-arm_20.2.7.LTS\lib\</path>
         <kind>archive</kind>
         <file>rtsv7M4_T_le_eabi.lib</file>
         <name>strcspn.c.obj</name>
      </input_file>
      <input_file id="fl-f3">
         <path>C:\Users\standard\ti\ccs1250\ccs\tools\compiler\ti-cgt-arm_20.2.7.LTS\lib\</path>
         <kind>archive</kind>
         <file>rtsv7M4_T_le_eabi.lib</file>
         <name>strspn.c.obj</name>
      </input_file>
      <input_file id="fl-f4">
         <path>C:\Users\standard\ti\ccs1250\ccs\tools\compiler\ti-cgt-arm_20.2.7.LTS\lib\</path>
         <kind>archive</kind>
         <file>rtsv7M4_T_le_eabi.lib</file>
         <name>wcslen.c.obj</name>
      </input_file>
      <input_file id="fl-f5">
         <path>C:\Users\standard\ti\ccs1250\ccs\tools\compiler\ti-cgt-arm_20.2.7.LTS\lib\</path>
         <kind>archive</kind>
         <file>rtsv7M4_T_le_eabi.lib</file>
         <name>s_frexp.c.obj</name>
      </input_file>
      <input_file id="fl-f6">
         <path>C:\Users\standard\ti\ccs1250\ccs\tools\compiler\ti-cgt-arm_20.2.7.LTS\lib\</path>
         <kind>archive</kind>
         <file>rtsv7M4_T_le_eabi.lib</file>
         <name>s_scalbn.c.obj</name>
      </input_file>
      <input_file id="fl-f7">
         <path>C:\Users\standard\ti\ccs1250\ccs\tools\compiler\ti-cgt-arm_20.2.7.LTS\lib\</path>
         <kind>archive</kind>
         <file>rtsv7M4_T_le_eabi.lib</file>
         <name>s_copysign.c.obj</name>
      </input_file>
   </input_file_list>
   <object_component_list>
      <object_component id="oc-12">
         <name>.intvecs</name>
         <load_address>0x20004000</load_address>
         <run_address>0x20004000</run_address>
         <size>0x400</size>
         <input_file_ref idref="fl-8"/>
      </object_component>
      <object_component id="oc-97">
         <name>.text</name>
         <load_address>0x20004400</load_address>
         <run_address>0x20004400</run_address>
         <size>0xc08</size>
         <input_file_ref idref="fl-5"/>
      </object_component>
      <object_component id="oc-12b">
         <name>.text</name>
         <load_address>0x20005008</load_address>
         <run_address>0x20005008</run_address>
         <size>0xb84</size>
         <input_file_ref idref="fl-2"/>
      </object_component>
      <object_component id="oc-2d1">
         <name>.text:__TI_printfi</name>
         <load_address>0x20005b8c</load_address>
         <run_address>0x20005b8c</run_address>
         <size>0xa4e</size>
         <input_file_ref idref="fl-de"/>
      </object_component>
      <object_component id="oc-3c1">
         <name>.text:_nop</name>
         <load_address>0x200065da</load_address>
         <run_address>0x200065da</run_address>
         <size>0x2</size>
         <input_file_ref idref="fl-eb"/>
      </object_component>
      <object_component id="oc-11f">
         <name>.text</name>
         <load_address>0x200065dc</load_address>
         <run_address>0x200065dc</run_address>
         <size>0x49e</size>
         <input_file_ref idref="fl-3"/>
      </object_component>
      <object_component id="oc-4e6">
         <name>.text</name>
         <load_address>0x20006a7a</load_address>
         <run_address>0x20006a7a</run_address>
         <size>0x2</size>
         <input_file_ref idref="fl-df"/>
      </object_component>
      <object_component id="oc-d1">
         <name>.text</name>
         <load_address>0x20006a7c</load_address>
         <run_address>0x20006a7c</run_address>
         <size>0x2a0</size>
         <input_file_ref idref="fl-4"/>
      </object_component>
      <object_component id="oc-d7">
         <name>.text</name>
         <load_address>0x20006d1c</load_address>
         <run_address>0x20006d1c</run_address>
         <size>0x27c</size>
         <input_file_ref idref="fl-9"/>
      </object_component>
      <object_component id="oc-3f6">
         <name>.text:_pconv_a</name>
         <load_address>0x20006f98</load_address>
         <run_address>0x20006f98</run_address>
         <size>0x268</size>
         <input_file_ref idref="fl-de"/>
      </object_component>
      <object_component id="oc-3e4">
         <name>.text:_pconv_g</name>
         <load_address>0x20007200</load_address>
         <run_address>0x20007200</run_address>
         <size>0x1cc</size>
         <input_file_ref idref="fl-de"/>
      </object_component>
      <object_component id="oc-48b">
         <name>.text</name>
         <load_address>0x200073cc</load_address>
         <run_address>0x200073cc</run_address>
         <size>0x1b6</size>
         <input_file_ref idref="fl-e0"/>
      </object_component>
      <object_component id="oc-f5">
         <name>.text:PRCMCC3200MCUInit</name>
         <load_address>0x20007584</load_address>
         <run_address>0x20007584</run_address>
         <size>0x178</size>
         <input_file_ref idref="fl-13"/>
      </object_component>
      <object_component id="oc-3f0">
         <name>.text:_pconv_e</name>
         <load_address>0x200076fc</load_address>
         <run_address>0x200076fc</run_address>
         <size>0x13c</size>
         <input_file_ref idref="fl-de"/>
      </object_component>
      <object_component id="oc-fb">
         <name>.text</name>
         <load_address>0x20007838</load_address>
         <run_address>0x20007838</run_address>
         <size>0x13c</size>
         <input_file_ref idref="fl-7"/>
      </object_component>
      <object_component id="oc-471">
         <name>.text</name>
         <load_address>0x20007974</load_address>
         <run_address>0x20007974</run_address>
         <size>0x136</size>
         <input_file_ref idref="fl-e2"/>
      </object_component>
      <object_component id="oc-49d">
         <name>.text:fcvt</name>
         <load_address>0x20007aac</load_address>
         <run_address>0x20007aac</run_address>
         <size>0x120</size>
         <input_file_ref idref="fl-de"/>
      </object_component>
      <object_component id="oc-cb">
         <name>.text:strtoul</name>
         <load_address>0x20007bcc</load_address>
         <run_address>0x20007bcc</run_address>
         <size>0x110</size>
         <input_file_ref idref="fl-db"/>
      </object_component>
      <object_component id="oc-37d">
         <name>.text:aligned_alloc</name>
         <load_address>0x20007cdc</load_address>
         <run_address>0x20007cdc</run_address>
         <size>0x100</size>
         <input_file_ref idref="fl-d6"/>
      </object_component>
      <object_component id="oc-46c">
         <name>.text</name>
         <load_address>0x20007ddc</load_address>
         <run_address>0x20007ddc</run_address>
         <size>0xfc</size>
         <input_file_ref idref="fl-e3"/>
      </object_component>
      <object_component id="oc-23d">
         <name>.text:free</name>
         <load_address>0x20007ed8</load_address>
         <run_address>0x20007ed8</run_address>
         <size>0xe4</size>
         <input_file_ref idref="fl-d6"/>
      </object_component>
      <object_component id="oc-237">
         <name>.text:realloc</name>
         <load_address>0x20007fbc</load_address>
         <run_address>0x20007fbc</run_address>
         <size>0xe4</size>
         <input_file_ref idref="fl-d6"/>
      </object_component>
      <object_component id="oc-4b1">
         <name>.text:scalbn</name>
         <load_address>0x200080a0</load_address>
         <run_address>0x200080a0</run_address>
         <size>0xd0</size>
         <input_file_ref idref="fl-f6"/>
      </object_component>
      <object_component id="oc-3d9">
         <name>.text:_ltostr</name>
         <load_address>0x20008170</load_address>
         <run_address>0x20008170</run_address>
         <size>0xb1</size>
         <input_file_ref idref="fl-de"/>
      </object_component>
      <object_component id="oc-ef">
         <name>.text:IntEnable</name>
         <load_address>0x20008224</load_address>
         <run_address>0x20008224</run_address>
         <size>0xa8</size>
         <input_file_ref idref="fl-11"/>
      </object_component>
      <object_component id="oc-113">
         <name>.text:SPIConfigSetExpClk</name>
         <load_address>0x200082cc</load_address>
         <run_address>0x200082cc</run_address>
         <size>0xa0</size>
         <input_file_ref idref="fl-14"/>
      </object_component>
      <object_component id="oc-3d">
         <name>.text</name>
         <load_address>0x2000836c</load_address>
         <run_address>0x2000836c</run_address>
         <size>0x9c</size>
         <input_file_ref idref="fl-d0"/>
      </object_component>
      <object_component id="oc-465">
         <name>.text</name>
         <load_address>0x20008408</load_address>
         <run_address>0x20008408</run_address>
         <size>0x96</size>
         <input_file_ref idref="fl-d1"/>
      </object_component>
      <object_component id="oc-10d">
         <name>.text:PRCMPeripheralClockGet</name>
         <load_address>0x200084a0</load_address>
         <run_address>0x200084a0</run_address>
         <size>0x94</size>
         <input_file_ref idref="fl-13"/>
      </object_component>
      <object_component id="oc-3ae">
         <name>.text:PinConfigSet</name>
         <load_address>0x20008534</load_address>
         <run_address>0x20008534</run_address>
         <size>0x88</size>
         <input_file_ref idref="fl-12"/>
      </object_component>
      <object_component id="oc-3df">
         <name>.text:__aeabi_cdcmple</name>
         <load_address>0x200085bc</load_address>
         <run_address>0x200085bc</run_address>
         <size>0x86</size>
         <input_file_ref idref="fl-e1"/>
      </object_component>
      <object_component id="oc-476">
         <name>.text:__aeabi_cdrcmple</name>
         <load_address>0x20008642</load_address>
         <run_address>0x20008642</run_address>
         <size>0x86</size>
         <input_file_ref idref="fl-e1"/>
      </object_component>
      <object_component id="oc-1f4">
         <name>.text:I2CMasterInitExpClk</name>
         <load_address>0x200086c8</load_address>
         <run_address>0x200086c8</run_address>
         <size>0x84</size>
         <input_file_ref idref="fl-10"/>
      </object_component>
      <object_component id="oc-8b">
         <name>.text</name>
         <load_address>0x2000874c</load_address>
         <run_address>0x2000874c</run_address>
         <size>0x7a</size>
         <input_file_ref idref="fl-e6"/>
      </object_component>
      <object_component id="oc-207">
         <name>.text:UARTConfigSetExpClk</name>
         <load_address>0x200087c6</load_address>
         <run_address>0x200087c6</run_address>
         <size>0x76</size>
         <input_file_ref idref="fl-15"/>
      </object_component>
      <object_component id="oc-38a">
         <name>.text:split</name>
         <load_address>0x2000883c</load_address>
         <run_address>0x2000883c</run_address>
         <size>0x70</size>
         <input_file_ref idref="fl-d6"/>
      </object_component>
      <object_component id="oc-496">
         <name>.text:_mcpy</name>
         <load_address>0x200088ac</load_address>
         <run_address>0x200088ac</run_address>
         <size>0x6e</size>
         <input_file_ref idref="fl-de"/>
      </object_component>
      <object_component id="oc-15">
         <name>.text:decompress:lzss:__TI_decompress_lzss</name>
         <load_address>0x2000891a</load_address>
         <run_address>0x2000891a</run_address>
         <size>0x68</size>
         <input_file_ref idref="fl-d4"/>
      </object_component>
      <object_component id="oc-4ab">
         <name>.text:frexp</name>
         <load_address>0x20008984</load_address>
         <run_address>0x20008984</run_address>
         <size>0x5c</size>
         <input_file_ref idref="fl-f5"/>
      </object_component>
      <object_component id="oc-1e2">
         <name>.text:PRCMPeripheralReset</name>
         <load_address>0x200089e0</load_address>
         <run_address>0x200089e0</run_address>
         <size>0x58</size>
         <input_file_ref idref="fl-13"/>
      </object_component>
      <object_component id="oc-3ea">
         <name>.text:_pconv_f</name>
         <load_address>0x20008a38</load_address>
         <run_address>0x20008a38</run_address>
         <size>0x56</size>
         <input_file_ref idref="fl-de"/>
      </object_component>
      <object_component id="oc-480">
         <name>.text:__TI_ltoa</name>
         <load_address>0x20008a8e</load_address>
         <run_address>0x20008a8e</run_address>
         <size>0x54</size>
         <input_file_ref idref="fl-ec"/>
      </object_component>
      <object_component id="oc-490">
         <name>.text:_ecpy</name>
         <load_address>0x20008ae2</load_address>
         <run_address>0x20008ae2</run_address>
         <size>0x52</size>
         <input_file_ref idref="fl-de"/>
      </object_component>
      <object_component id="oc-3d3">
         <name>.text:atoi</name>
         <load_address>0x20008b34</load_address>
         <run_address>0x20008b34</run_address>
         <size>0x4c</size>
         <input_file_ref idref="fl-ee"/>
      </object_component>
      <object_component id="oc-47b">
         <name>.text</name>
         <load_address>0x20008b80</load_address>
         <run_address>0x20008b80</run_address>
         <size>0x48</size>
         <input_file_ref idref="fl-e4"/>
      </object_component>
      <object_component id="oc-15e">
         <name>.text:__TI_auto_init_nobinit_nopinit:__TI_auto_init_nobinit_nopinit</name>
         <load_address>0x20008bc8</load_address>
         <run_address>0x20008bc8</run_address>
         <size>0x44</size>
         <input_file_ref idref="fl-e7"/>
      </object_component>
      <object_component id="oc-278">
         <name>.text:PinModeSet</name>
         <load_address>0x20008c0c</load_address>
         <run_address>0x20008c0c</run_address>
         <size>0x40</size>
         <input_file_ref idref="fl-12"/>
      </object_component>
      <object_component id="oc-131">
         <name>.text:sprintf</name>
         <load_address>0x20008c4c</load_address>
         <run_address>0x20008c4c</run_address>
         <size>0x40</size>
         <input_file_ref idref="fl-ce"/>
      </object_component>
      <object_component id="oc-c5">
         <name>.text:strtok</name>
         <load_address>0x20008c8c</load_address>
         <run_address>0x20008c8c</run_address>
         <size>0x40</size>
         <input_file_ref idref="fl-da"/>
      </object_component>
      <object_component id="oc-213">
         <name>.text:vsnprintf</name>
         <load_address>0x20008ccc</load_address>
         <run_address>0x20008ccc</run_address>
         <size>0x40</size>
         <input_file_ref idref="fl-cf"/>
      </object_component>
      <object_component id="oc-4a3">
         <name>.text:_fcpy</name>
         <load_address>0x20008d0c</load_address>
         <run_address>0x20008d0c</run_address>
         <size>0x3e</size>
         <input_file_ref idref="fl-de"/>
      </object_component>
      <object_component id="oc-1dc">
         <name>.text:PRCMPeripheralClkEnable</name>
         <load_address>0x20008d4c</load_address>
         <run_address>0x20008d4c</run_address>
         <size>0x3c</size>
         <input_file_ref idref="fl-13"/>
      </object_component>
      <object_component id="oc-284">
         <name>.text:GPIODirModeSet</name>
         <load_address>0x20008d88</load_address>
         <run_address>0x20008d88</run_address>
         <size>0x36</size>
         <input_file_ref idref="fl-f"/>
      </object_component>
      <object_component id="oc-125">
         <name>.text:rand</name>
         <load_address>0x20008dc0</load_address>
         <run_address>0x20008dc0</run_address>
         <size>0x34</size>
         <input_file_ref idref="fl-d7"/>
      </object_component>
      <object_component id="oc-27e">
         <name>.text:PinTypeGPIO</name>
         <load_address>0x20008df4</load_address>
         <run_address>0x20008df4</run_address>
         <size>0x30</size>
         <input_file_ref idref="fl-12"/>
      </object_component>
      <object_component id="oc-351">
         <name>.text:UARTDisable</name>
         <load_address>0x20008e24</load_address>
         <run_address>0x20008e24</run_address>
         <size>0x30</size>
         <input_file_ref idref="fl-15"/>
      </object_component>
      <object_component id="oc-35f">
         <name>.text:_outs</name>
         <load_address>0x20008e54</load_address>
         <run_address>0x20008e54</run_address>
         <size>0x30</size>
         <input_file_ref idref="fl-cf"/>
      </object_component>
      <object_component id="oc-486">
         <name>.text</name>
         <load_address>0x20008e84</load_address>
         <run_address>0x20008e84</run_address>
         <size>0x2e</size>
         <input_file_ref idref="fl-e5"/>
      </object_component>
      <object_component id="oc-1c4">
         <name>.text:I2CMasterErr</name>
         <load_address>0x20008eb2</load_address>
         <run_address>0x20008eb2</run_address>
         <size>0x2c</size>
         <input_file_ref idref="fl-10"/>
      </object_component>
      <object_component id="oc-265">
         <name>.text:PRCMSysResetCauseGet</name>
         <load_address>0x20008ee0</load_address>
         <run_address>0x20008ee0</run_address>
         <size>0x2c</size>
         <input_file_ref idref="fl-13"/>
      </object_component>
      <object_component id="oc-190">
         <name>.text:strspn</name>
         <load_address>0x20008f0c</load_address>
         <run_address>0x20008f0c</run_address>
         <size>0x2a</size>
         <input_file_ref idref="fl-f3"/>
      </object_component>
      <object_component id="oc-1fa">
         <name>.text:PRCMPeripheralClkDisable</name>
         <load_address>0x20008f38</load_address>
         <run_address>0x20008f38</run_address>
         <size>0x28</size>
         <input_file_ref idref="fl-13"/>
      </object_component>
      <object_component id="oc-391">
         <name>.text:free_list_insert</name>
         <load_address>0x20008f60</load_address>
         <run_address>0x20008f60</run_address>
         <size>0x28</size>
         <input_file_ref idref="fl-d6"/>
      </object_component>
      <object_component id="oc-22b">
         <name>.text:memmove</name>
         <load_address>0x20008f88</load_address>
         <run_address>0x20008f88</run_address>
         <size>0x28</size>
         <input_file_ref idref="fl-d5"/>
      </object_component>
      <object_component id="oc-357">
         <name>.text:UARTEnable</name>
         <load_address>0x20008fb0</load_address>
         <run_address>0x20008fb0</run_address>
         <size>0x24</size>
         <input_file_ref idref="fl-15"/>
      </object_component>
      <object_component id="oc-5b">
         <name>.text:_c_int00_noargs:_c_int00_noargs</name>
         <load_address>0x20008fd4</load_address>
         <run_address>0x20008fd4</run_address>
         <size>0x24</size>
         <input_file_ref idref="fl-dc"/>
      </object_component>
      <object_component id="oc-196">
         <name>.text:strcspn</name>
         <load_address>0x20008ff8</load_address>
         <run_address>0x20008ff8</run_address>
         <size>0x24</size>
         <input_file_ref idref="fl-f2"/>
      </object_component>
      <object_component id="oc-1ca">
         <name>.text:I2CMasterSlaveAddrSet</name>
         <load_address>0x2000901c</load_address>
         <run_address>0x2000901c</run_address>
         <size>0x22</size>
         <input_file_ref idref="fl-10"/>
      </object_component>
      <object_component id="oc-101">
         <name>.text:SPIReset</name>
         <load_address>0x2000903e</load_address>
         <run_address>0x2000903e</run_address>
         <size>0x22</size>
         <input_file_ref idref="fl-14"/>
      </object_component>
      <object_component id="oc-2a2">
         <name>.text:GPIOPinWrite</name>
         <load_address>0x20009060</load_address>
         <run_address>0x20009060</run_address>
         <size>0x20</size>
         <input_file_ref idref="fl-f"/>
      </object_component>
      <object_component id="oc-2b4">
         <name>.text:SPIDataGet</name>
         <load_address>0x20009080</load_address>
         <run_address>0x20009080</run_address>
         <size>0x20</size>
         <input_file_ref idref="fl-14"/>
      </object_component>
      <object_component id="oc-1be">
         <name>.text:I2CMasterIntStatusEx</name>
         <load_address>0x200090a0</load_address>
         <run_address>0x200090a0</run_address>
         <size>0x1e</size>
         <input_file_ref idref="fl-10"/>
      </object_component>
      <object_component id="oc-2ae">
         <name>.text:SPIDataPut</name>
         <load_address>0x200090be</load_address>
         <run_address>0x200090be</run_address>
         <size>0x1e</size>
         <input_file_ref idref="fl-14"/>
      </object_component>
      <object_component id="oc-20d">
         <name>.text:UARTCharPut</name>
         <load_address>0x200090dc</load_address>
         <run_address>0x200090dc</run_address>
         <size>0x1e</size>
         <input_file_ref idref="fl-15"/>
      </object_component>
      <object_component id="oc-28a">
         <name>.text:PinTypeI2C</name>
         <load_address>0x200090fa</load_address>
         <run_address>0x200090fa</run_address>
         <size>0x1c</size>
         <input_file_ref idref="fl-12"/>
      </object_component>
      <object_component id="oc-21f">
         <name>.text:UARTCharGetNonBlocking</name>
         <load_address>0x20009116</load_address>
         <run_address>0x20009116</run_address>
         <size>0x1c</size>
         <input_file_ref idref="fl-15"/>
      </object_component>
      <object_component id="oc-49">
         <name>.text:decompress:ZI:__TI_zero_init_nomemset:__TI_zero_init_nomemset</name>
         <load_address>0x20009132</load_address>
         <run_address>0x20009132</run_address>
         <size>0x1c</size>
         <input_file_ref idref="fl-d2"/>
      </object_component>
      <object_component id="oc-384">
         <name>.text:free_list_remove</name>
         <load_address>0x20009150</load_address>
         <run_address>0x20009150</run_address>
         <size>0x1c</size>
         <input_file_ref idref="fl-d6"/>
      </object_component>
      <object_component id="oc-3fc">
         <name>.text:memccpy</name>
         <load_address>0x2000916c</load_address>
         <run_address>0x2000916c</run_address>
         <size>0x1c</size>
         <input_file_ref idref="fl-f0"/>
      </object_component>
      <object_component id="oc-290">
         <name>.text:PinTypeSPI</name>
         <load_address>0x20009188</load_address>
         <run_address>0x20009188</run_address>
         <size>0x1a</size>
         <input_file_ref idref="fl-12"/>
      </object_component>
      <object_component id="oc-296">
         <name>.text:PinTypeUART</name>
         <load_address>0x200091a2</load_address>
         <run_address>0x200091a2</run_address>
         <size>0x1a</size>
         <input_file_ref idref="fl-12"/>
      </object_component>
      <object_component id="oc-107">
         <name>.text:SPIFIFOEnable</name>
         <load_address>0x200091bc</load_address>
         <run_address>0x200091bc</run_address>
         <size>0x1a</size>
         <input_file_ref idref="fl-14"/>
      </object_component>
      <object_component id="oc-1ee">
         <name>.text:I2CMasterIntEnableEx</name>
         <load_address>0x200091d6</load_address>
         <run_address>0x200091d6</run_address>
         <size>0x18</size>
         <input_file_ref idref="fl-10"/>
      </object_component>
      <object_component id="oc-2ba">
         <name>.text:SPICSDisable</name>
         <load_address>0x200091ee</load_address>
         <run_address>0x200091ee</run_address>
         <size>0x18</size>
         <input_file_ref idref="fl-14"/>
      </object_component>
      <object_component id="oc-2a8">
         <name>.text:SPICSEnable</name>
         <load_address>0x20009206</load_address>
         <run_address>0x20009206</run_address>
         <size>0x18</size>
         <input_file_ref idref="fl-14"/>
      </object_component>
      <object_component id="oc-119">
         <name>.text:SPIEnable</name>
         <load_address>0x2000921e</load_address>
         <run_address>0x2000921e</run_address>
         <size>0x18</size>
         <input_file_ref idref="fl-14"/>
      </object_component>
      <object_component id="oc-219">
         <name>.text:UARTCharsAvail</name>
         <load_address>0x20009236</load_address>
         <run_address>0x20009236</run_address>
         <size>0x18</size>
         <input_file_ref idref="fl-15"/>
      </object_component>
      <object_component id="oc-365">
         <name>.text:_outc</name>
         <load_address>0x2000924e</load_address>
         <run_address>0x2000924e</run_address>
         <size>0x18</size>
         <input_file_ref idref="fl-cf"/>
      </object_component>
      <object_component id="oc-2d7">
         <name>.text:_outs</name>
         <load_address>0x20009266</load_address>
         <run_address>0x20009266</run_address>
         <size>0x18</size>
         <input_file_ref idref="fl-ce"/>
      </object_component>
      <object_component id="oc-dd">
         <name>.text:strcmp</name>
         <load_address>0x2000927e</load_address>
         <run_address>0x2000927e</run_address>
         <size>0x18</size>
         <input_file_ref idref="fl-d8"/>
      </object_component>
      <object_component id="oc-1d0">
         <name>.text:I2CMasterDataPut</name>
         <load_address>0x20009296</load_address>
         <run_address>0x20009296</run_address>
         <size>0x16</size>
         <input_file_ref idref="fl-10"/>
      </object_component>
      <object_component id="oc-1e8">
         <name>.text:I2CMasterEnable</name>
         <load_address>0x200092ac</load_address>
         <run_address>0x200092ac</run_address>
         <size>0x16</size>
         <input_file_ref idref="fl-10"/>
      </object_component>
      <object_component id="oc-1ac">
         <name>.text:I2CMasterIntClear</name>
         <load_address>0x200092c2</load_address>
         <run_address>0x200092c2</run_address>
         <size>0x16</size>
         <input_file_ref idref="fl-10"/>
      </object_component>
      <object_component id="oc-26b">
         <name>.text:PRCMHIBRegRead</name>
         <load_address>0x200092d8</load_address>
         <run_address>0x200092d8</run_address>
         <size>0x16</size>
         <input_file_ref idref="fl-13"/>
      </object_component>
      <object_component id="oc-271">
         <name>.text:PRCMHIBRegWrite</name>
         <load_address>0x200092ee</load_address>
         <run_address>0x200092ee</run_address>
         <size>0x16</size>
         <input_file_ref idref="fl-13"/>
      </object_component>
      <object_component id="oc-4b7">
         <name>.text:strchr</name>
         <load_address>0x20009304</load_address>
         <run_address>0x20009304</run_address>
         <size>0x16</size>
         <input_file_ref idref="fl-f1"/>
      </object_component>
      <object_component id="oc-255">
         <name>.text:CPUcpsie</name>
         <load_address>0x2000931a</load_address>
         <run_address>0x2000931a</run_address>
         <size>0x14</size>
         <input_file_ref idref="fl-17"/>
      </object_component>
      <object_component id="oc-e3">
         <name>.text:IntVTableBaseSet</name>
         <load_address>0x20009330</load_address>
         <run_address>0x20009330</run_address>
         <size>0x14</size>
         <input_file_ref idref="fl-11"/>
      </object_component>
      <object_component id="oc-225">
         <name>.text:strlen</name>
         <load_address>0x20009344</load_address>
         <run_address>0x20009344</run_address>
         <size>0x14</size>
         <input_file_ref idref="fl-d9"/>
      </object_component>
      <object_component id="oc-1b8">
         <name>.text:I2CMasterControl</name>
         <load_address>0x20009358</load_address>
         <run_address>0x20009358</run_address>
         <size>0x12</size>
         <input_file_ref idref="fl-10"/>
      </object_component>
      <object_component id="oc-1b2">
         <name>.text:I2CMasterTimeoutSet</name>
         <load_address>0x2000936a</load_address>
         <run_address>0x2000936a</run_address>
         <size>0x12</size>
         <input_file_ref idref="fl-10"/>
      </object_component>
      <object_component id="oc-402">
         <name>.text:wcslen</name>
         <load_address>0x2000937c</load_address>
         <run_address>0x2000937c</run_address>
         <size>0x12</size>
         <input_file_ref idref="fl-f4"/>
      </object_component>
      <object_component id="oc-1d6">
         <name>.text:I2CMasterDataGet</name>
         <load_address>0x2000938e</load_address>
         <run_address>0x2000938e</run_address>
         <size>0xe</size>
         <input_file_ref idref="fl-10"/>
      </object_component>
      <object_component id="oc-1b">
         <name>.text:decompress:none:__TI_decompress_none</name>
         <load_address>0x2000939c</load_address>
         <run_address>0x2000939c</run_address>
         <size>0xe</size>
         <input_file_ref idref="fl-d3"/>
      </object_component>
      <object_component id="oc-29">
         <name>.text</name>
         <load_address>0x200093aa</load_address>
         <run_address>0x200093aa</run_address>
         <size>0xe</size>
         <input_file_ref idref="fl-8"/>
      </object_component>
      <object_component id="oc-4ff">
         <name>.text:copysign</name>
         <load_address>0x200093b8</load_address>
         <run_address>0x200093b8</run_address>
         <size>0xc</size>
         <input_file_ref idref="fl-f7"/>
      </object_component>
      <object_component id="oc-e9">
         <name>.text:IntMasterEnable</name>
         <load_address>0x200093c4</load_address>
         <run_address>0x200093c4</run_address>
         <size>0xa</size>
         <input_file_ref idref="fl-11"/>
      </object_component>
      <object_component id="oc-2dd">
         <name>.text:_outc</name>
         <load_address>0x200093ce</load_address>
         <run_address>0x200093ce</run_address>
         <size>0xa</size>
         <input_file_ref idref="fl-ce"/>
      </object_component>
      <object_component id="oc-1a1">
         <name>.text:__aeabi_errno_addr</name>
         <load_address>0x200093d8</load_address>
         <run_address>0x200093d8</run_address>
         <size>0x8</size>
         <input_file_ref idref="fl-dd"/>
      </object_component>
      <object_component id="oc-231">
         <name>.text:malloc</name>
         <load_address>0x200093e0</load_address>
         <run_address>0x200093e0</run_address>
         <size>0x8</size>
         <input_file_ref idref="fl-d6"/>
      </object_component>
      <object_component id="oc-141">
         <name>.text:UtilsDelay</name>
         <load_address>0x200093e8</load_address>
         <run_address>0x200093e8</run_address>
         <size>0x6</size>
         <input_file_ref idref="fl-16"/>
      </object_component>
      <object_component id="oc-91">
         <name>.text:_system_pre_init</name>
         <load_address>0x200093ee</load_address>
         <run_address>0x200093ee</run_address>
         <size>0x4</size>
         <input_file_ref idref="fl-e8"/>
      </object_component>
      <object_component id="oc-152">
         <name>.text:abort:abort</name>
         <load_address>0x200093f2</load_address>
         <run_address>0x200093f2</run_address>
         <size>0x4</size>
         <input_file_ref idref="fl-ea"/>
      </object_component>
      <object_component id="oc-2c9">
         <name>.const:.string:font</name>
         <load_address>0x200093f8</load_address>
         <run_address>0x200093f8</run_address>
         <size>0x4fb</size>
         <input_file_ref idref="fl-2"/>
      </object_component>
      <object_component id="oc-1a7">
         <name>.const:.string:_ctypes_</name>
         <load_address>0x200098f3</load_address>
         <run_address>0x200098f3</run_address>
         <size>0x101</size>
         <input_file_ref idref="fl-ef"/>
      </object_component>
      <object_component id="oc-142">
         <name>.const:.string:$P$T0$3</name>
         <load_address>0x200099f4</load_address>
         <run_address>0x200099f4</run_address>
         <size>0x100</size>
         <input_file_ref idref="fl-5"/>
      </object_component>
      <object_component id="oc-145">
         <name>.const:.string:$P$T1$4</name>
         <load_address>0x20009af4</load_address>
         <run_address>0x20009af4</run_address>
         <size>0x100</size>
         <input_file_ref idref="fl-5"/>
      </object_component>
      <object_component id="oc-3aa">
         <name>.const:g_ulPinToPadMap</name>
         <load_address>0x20009bf4</load_address>
         <run_address>0x20009bf4</run_address>
         <size>0x100</size>
         <input_file_ref idref="fl-12"/>
      </object_component>
      <object_component id="oc-345">
         <name>.const:PRCM_PeriphRegsList</name>
         <load_address>0x20009cf4</load_address>
         <run_address>0x20009cf4</run_address>
         <size>0xa8</size>
         <input_file_ref idref="fl-13"/>
      </object_component>
      <object_component id="oc-261">
         <name>.const:g_pulEnRegs</name>
         <load_address>0x20009d9c</load_address>
         <run_address>0x20009d9c</run_address>
         <size>0x18</size>
         <input_file_ref idref="fl-11"/>
      </object_component>
      <object_component id="oc-13a">
         <name>.const:fish_colors$2</name>
         <load_address>0x20009db4</load_address>
         <run_address>0x20009db4</run_address>
         <size>0x8</size>
         <input_file_ref idref="fl-5"/>
      </object_component>
      <object_component id="oc-558">
         <name>.cinit..data.load</name>
         <load_address>0x20009dc0</load_address>
         <run_address>0x20009dc0</run_address>
         <size>0x70</size>
      </object_component>
      <object_component id="oc-556">
         <name>__TI_handler_table</name>
         <load_address>0x20009e30</load_address>
         <run_address>0x20009e30</run_address>
         <size>0xc</size>
      </object_component>
      <object_component id="oc-559">
         <name>.cinit..bss.load</name>
         <load_address>0x20009e40</load_address>
         <run_address>0x20009e40</run_address>
         <size>0x8</size>
      </object_component>
      <object_component id="oc-557">
         <name>__TI_cinit_table</name>
         <load_address>0x20009e48</load_address>
         <run_address>0x20009e48</run_address>
         <size>0x10</size>
      </object_component>
      <object_component id="oc-2cc">
         <name>.data</name>
         <load_address>0x20017860</load_address>
         <run_address>0x20017860</run_address>
         <size>0x15</size>
         <input_file_ref idref="fl-2"/>
      </object_component>
      <object_component id="oc-148">
         <name>.data:body</name>
         <load_address>0x20017820</load_address>
         <run_address>0x20017820</run_address>
         <size>0x20</size>
         <input_file_ref idref="fl-5"/>
      </object_component>
      <object_component id="oc-14b">
         <name>.data:mask</name>
         <load_address>0x20017840</load_address>
         <run_address>0x20017840</run_address>
         <size>0x20</size>
         <input_file_ref idref="fl-5"/>
      </object_component>
      <object_component id="oc-14e">
         <name>.data:armor</name>
         <load_address>0x20017800</load_address>
         <run_address>0x20017800</run_address>
         <size>0x20</size>
         <input_file_ref idref="fl-5"/>
      </object_component>
      <object_component id="oc-13b">
         <name>.data:clown_1</name>
         <load_address>0x20017888</load_address>
         <run_address>0x20017888</run_address>
         <size>0x8</size>
         <input_file_ref idref="fl-5"/>
      </object_component>
      <object_component id="oc-13e">
         <name>.data:clown_2</name>
         <load_address>0x20017890</load_address>
         <run_address>0x20017890</run_address>
         <size>0x8</size>
         <input_file_ref idref="fl-5"/>
      </object_component>
      <object_component id="oc-451">
         <name>.data:$O1$$</name>
         <load_address>0x20017880</load_address>
         <run_address>0x20017880</run_address>
         <size>0x8</size>
         <input_file_ref idref="fl-d6"/>
      </object_component>
      <object_component id="oc-2c5">
         <name>.data</name>
         <load_address>0x2001789c</load_address>
         <run_address>0x2001789c</run_address>
         <size>0x4</size>
         <input_file_ref idref="fl-d7"/>
      </object_component>
      <object_component id="oc-19c">
         <name>.data</name>
         <load_address>0x200178a0</load_address>
         <run_address>0x200178a0</run_address>
         <size>0x4</size>
         <input_file_ref idref="fl-da"/>
      </object_component>
      <object_component id="oc-32e">
         <name>.data</name>
         <load_address>0x20017898</load_address>
         <run_address>0x20017898</run_address>
         <size>0x4</size>
         <input_file_ref idref="fl-dd"/>
      </object_component>
      <object_component id="oc-2c2">
         <name>.data:$O1$$</name>
         <load_address>0x20017878</load_address>
         <run_address>0x20017878</run_address>
         <size>0x8</size>
         <input_file_ref idref="fl-eb"/>
      </object_component>
      <object_component id="oc-243">
         <name>.bss</name>
         <uninitialized>true</uninitialized>
         <run_address>0x20017908</run_address>
         <size>0x4</size>
         <input_file_ref idref="fl-9"/>
      </object_component>
      <object_component id="oc-137">
         <name>.common:projectiles</name>
         <uninitialized>true</uninitialized>
         <run_address>0x200178a4</run_address>
         <size>0x64</size>
      </object_component>
      <object_component id="oc-23">
         <name>.sysmem</name>
         <uninitialized>true</uninitialized>
         <run_address>0x20017000</run_address>
         <size>0x10</size>
         <input_file_ref idref="fl-d6"/>
      </object_component>
      <object_component id="oc-55c">
         <name>.sysmem</name>
         <uninitialized>true</uninitialized>
         <run_address>0x20017000</run_address>
         <size>0x0</size>
      </object_component>
      <object_component id="oc-26">
         <name>.stack</name>
         <uninitialized>true</uninitialized>
         <run_address>0x2002f800</run_address>
         <size>0x4</size>
         <input_file_ref idref="fl-dc"/>
      </object_component>
      <object_component id="oc-55b">
         <name>.stack</name>
         <uninitialized>true</uninitialized>
         <run_address>0x2002f800</run_address>
         <size>0x0</size>
      </object_component>
      <object_component id="oc-2d0">
         <name>.debug_info</name>
         <load_address>0x0</load_address>
         <run_address>0x0</run_address>
         <size>0x283</size>
         <input_file_ref idref="fl-2"/>
      </object_component>
      <object_component id="oc-2ca">
         <name>.debug_info</name>
         <load_address>0x283</load_address>
         <run_address>0x283</run_address>
         <size>0xcf</size>
         <input_file_ref idref="fl-2"/>
      </object_component>
      <object_component id="oc-2cd">
         <name>.debug_info</name>
         <load_address>0x352</load_address>
         <run_address>0x352</run_address>
         <size>0x17d</size>
         <input_file_ref idref="fl-2"/>
      </object_component>
      <object_component id="oc-12e">
         <name>.debug_info</name>
         <load_address>0x4cf</load_address>
         <run_address>0x4cf</run_address>
         <size>0x1779</size>
         <input_file_ref idref="fl-2"/>
      </object_component>
      <object_component id="oc-2f1">
         <name>.debug_info</name>
         <load_address>0x1c48</load_address>
         <run_address>0x1c48</run_address>
         <size>0x26b</size>
         <input_file_ref idref="fl-2"/>
      </object_component>
      <object_component id="oc-38">
         <name>.debug_info</name>
         <load_address>0x1eb3</load_address>
         <run_address>0x1eb3</run_address>
         <size>0x84</size>
         <input_file_ref idref="fl-2"/>
      </object_component>
      <object_component id="oc-39c">
         <name>.debug_info</name>
         <load_address>0x1f37</load_address>
         <run_address>0x1f37</run_address>
         <size>0x2a4</size>
         <input_file_ref idref="fl-2"/>
      </object_component>
      <object_component id="oc-2ec">
         <name>.debug_info</name>
         <load_address>0x21db</load_address>
         <run_address>0x21db</run_address>
         <size>0xbb</size>
         <input_file_ref idref="fl-2"/>
      </object_component>
      <object_component id="oc-248">
         <name>.debug_info</name>
         <load_address>0x2296</load_address>
         <run_address>0x2296</run_address>
         <size>0x2c</size>
         <input_file_ref idref="fl-2"/>
      </object_component>
      <object_component id="oc-2f6">
         <name>.debug_info</name>
         <load_address>0x22c2</load_address>
         <run_address>0x22c2</run_address>
         <size>0x35</size>
         <input_file_ref idref="fl-2"/>
      </object_component>
      <object_component id="oc-2c1">
         <name>.debug_info</name>
         <load_address>0x22f7</load_address>
         <run_address>0x22f7</run_address>
         <size>0x21e</size>
         <input_file_ref idref="fl-3"/>
      </object_component>
      <object_component id="oc-123">
         <name>.debug_info</name>
         <load_address>0x2515</load_address>
         <run_address>0x2515</run_address>
         <size>0xe56</size>
         <input_file_ref idref="fl-3"/>
      </object_component>
      <object_component id="oc-442">
         <name>.debug_info</name>
         <load_address>0x336b</load_address>
         <run_address>0x336b</run_address>
         <size>0x62</size>
         <input_file_ref idref="fl-3"/>
      </object_component>
      <object_component id="oc-25c">
         <name>.debug_info</name>
         <load_address>0x33cd</load_address>
         <run_address>0x33cd</run_address>
         <size>0x2c</size>
         <input_file_ref idref="fl-3"/>
      </object_component>
      <object_component id="oc-bc">
         <name>.debug_info</name>
         <load_address>0x33f9</load_address>
         <run_address>0x33f9</run_address>
         <size>0x2c</size>
         <input_file_ref idref="fl-3"/>
      </object_component>
      <object_component id="oc-206">
         <name>.debug_info</name>
         <load_address>0x3425</load_address>
         <run_address>0x3425</run_address>
         <size>0x4e3</size>
         <input_file_ref idref="fl-4"/>
      </object_component>
      <object_component id="oc-d2">
         <name>.debug_info</name>
         <load_address>0x3908</load_address>
         <run_address>0x3908</run_address>
         <size>0xc54</size>
         <input_file_ref idref="fl-4"/>
      </object_component>
      <object_component id="oc-24d">
         <name>.debug_info</name>
         <load_address>0x455c</load_address>
         <run_address>0x455c</run_address>
         <size>0x110</size>
         <input_file_ref idref="fl-4"/>
      </object_component>
      <object_component id="oc-201">
         <name>.debug_info</name>
         <load_address>0x466c</load_address>
         <run_address>0x466c</run_address>
         <size>0x8b</size>
         <input_file_ref idref="fl-4"/>
      </object_component>
      <object_component id="oc-138">
         <name>.debug_info</name>
         <load_address>0x46f7</load_address>
         <run_address>0x46f7</run_address>
         <size>0x765</size>
         <input_file_ref idref="fl-5"/>
      </object_component>
      <object_component id="oc-149">
         <name>.debug_info</name>
         <load_address>0x4e5c</load_address>
         <run_address>0x4e5c</run_address>
         <size>0xc8</size>
         <input_file_ref idref="fl-5"/>
      </object_component>
      <object_component id="oc-14c">
         <name>.debug_info</name>
         <load_address>0x4f24</load_address>
         <run_address>0x4f24</run_address>
         <size>0xc8</size>
         <input_file_ref idref="fl-5"/>
      </object_component>
      <object_component id="oc-14f">
         <name>.debug_info</name>
         <load_address>0x4fec</load_address>
         <run_address>0x4fec</run_address>
         <size>0xca</size>
         <input_file_ref idref="fl-5"/>
      </object_component>
      <object_component id="oc-13c">
         <name>.debug_info</name>
         <load_address>0x50b6</load_address>
         <run_address>0x50b6</run_address>
         <size>0xce</size>
         <input_file_ref idref="fl-5"/>
      </object_component>
      <object_component id="oc-13f">
         <name>.debug_info</name>
         <load_address>0x5184</load_address>
         <run_address>0x5184</run_address>
         <size>0xce</size>
         <input_file_ref idref="fl-5"/>
      </object_component>
      <object_component id="oc-143">
         <name>.debug_info</name>
         <load_address>0x5252</load_address>
         <run_address>0x5252</run_address>
         <size>0xce</size>
         <input_file_ref idref="fl-5"/>
      </object_component>
      <object_component id="oc-146">
         <name>.debug_info</name>
         <load_address>0x5320</load_address>
         <run_address>0x5320</run_address>
         <size>0xce</size>
         <input_file_ref idref="fl-5"/>
      </object_component>
      <object_component id="oc-99">
         <name>.debug_info</name>
         <load_address>0x53ee</load_address>
         <run_address>0x53ee</run_address>
         <size>0x137a</size>
         <input_file_ref idref="fl-5"/>
      </object_component>
      <object_component id="oc-2e7">
         <name>.debug_info</name>
         <load_address>0x6768</load_address>
         <run_address>0x6768</run_address>
         <size>0xa1</size>
         <input_file_ref idref="fl-5"/>
      </object_component>
      <object_component id="oc-fe">
         <name>.debug_info</name>
         <load_address>0x6809</load_address>
         <run_address>0x6809</run_address>
         <size>0x3dc</size>
         <input_file_ref idref="fl-7"/>
      </object_component>
      <object_component id="oc-31">
         <name>.debug_info</name>
         <load_address>0x6be5</load_address>
         <run_address>0x6be5</run_address>
         <size>0x194</size>
         <input_file_ref idref="fl-8"/>
      </object_component>
      <object_component id="oc-13">
         <name>.debug_info</name>
         <load_address>0x6d79</load_address>
         <run_address>0x6d79</run_address>
         <size>0x113</size>
         <input_file_ref idref="fl-8"/>
      </object_component>
      <object_component id="oc-2c">
         <name>.debug_info</name>
         <load_address>0x6e8c</load_address>
         <run_address>0x6e8c</run_address>
         <size>0x47a</size>
         <input_file_ref idref="fl-8"/>
      </object_component>
      <object_component id="oc-247">
         <name>.debug_info</name>
         <load_address>0x7306</load_address>
         <run_address>0x7306</run_address>
         <size>0x3df</size>
         <input_file_ref idref="fl-9"/>
      </object_component>
      <object_component id="oc-244">
         <name>.debug_info</name>
         <load_address>0x76e5</load_address>
         <run_address>0x76e5</run_address>
         <size>0x10a</size>
         <input_file_ref idref="fl-9"/>
      </object_component>
      <object_component id="oc-db">
         <name>.debug_info</name>
         <load_address>0x77ef</load_address>
         <run_address>0x77ef</run_address>
         <size>0x948</size>
         <input_file_ref idref="fl-9"/>
      </object_component>
      <object_component id="oc-286">
         <name>.debug_info</name>
         <load_address>0x8137</load_address>
         <run_address>0x8137</run_address>
         <size>0x1dd</size>
         <input_file_ref idref="fl-f"/>
      </object_component>
      <object_component id="oc-2a5">
         <name>.debug_info</name>
         <load_address>0x8314</load_address>
         <run_address>0x8314</run_address>
         <size>0x1d4</size>
         <input_file_ref idref="fl-f"/>
      </object_component>
      <object_component id="oc-4df">
         <name>.debug_info</name>
         <load_address>0x84e8</load_address>
         <run_address>0x84e8</run_address>
         <size>0x220</size>
         <input_file_ref idref="fl-10"/>
      </object_component>
      <object_component id="oc-1f6">
         <name>.debug_info</name>
         <load_address>0x8708</load_address>
         <run_address>0x8708</run_address>
         <size>0x242</size>
         <input_file_ref idref="fl-10"/>
      </object_component>
      <object_component id="oc-1ea">
         <name>.debug_info</name>
         <load_address>0x894a</load_address>
         <run_address>0x894a</run_address>
         <size>0x18d</size>
         <input_file_ref idref="fl-10"/>
      </object_component>
      <object_component id="oc-1f0">
         <name>.debug_info</name>
         <load_address>0x8ad7</load_address>
         <run_address>0x8ad7</run_address>
         <size>0x1da</size>
         <input_file_ref idref="fl-10"/>
      </object_component>
      <object_component id="oc-1bf">
         <name>.debug_info</name>
         <load_address>0x8cb1</load_address>
         <run_address>0x8cb1</run_address>
         <size>0x1ca</size>
         <input_file_ref idref="fl-10"/>
      </object_component>
      <object_component id="oc-1ad">
         <name>.debug_info</name>
         <load_address>0x8e7b</load_address>
         <run_address>0x8e7b</run_address>
         <size>0x191</size>
         <input_file_ref idref="fl-10"/>
      </object_component>
      <object_component id="oc-1cb">
         <name>.debug_info</name>
         <load_address>0x900c</load_address>
         <run_address>0x900c</run_address>
         <size>0x20f</size>
         <input_file_ref idref="fl-10"/>
      </object_component>
      <object_component id="oc-1ba">
         <name>.debug_info</name>
         <load_address>0x921b</load_address>
         <run_address>0x921b</run_address>
         <size>0x1be</size>
         <input_file_ref idref="fl-10"/>
      </object_component>
      <object_component id="oc-1c5">
         <name>.debug_info</name>
         <load_address>0x93d9</load_address>
         <run_address>0x93d9</run_address>
         <size>0x1a3</size>
         <input_file_ref idref="fl-10"/>
      </object_component>
      <object_component id="oc-1d1">
         <name>.debug_info</name>
         <load_address>0x957c</load_address>
         <run_address>0x957c</run_address>
         <size>0x1be</size>
         <input_file_ref idref="fl-10"/>
      </object_component>
      <object_component id="oc-1d7">
         <name>.debug_info</name>
         <load_address>0x973a</load_address>
         <run_address>0x973a</run_address>
         <size>0x193</size>
         <input_file_ref idref="fl-10"/>
      </object_component>
      <object_component id="oc-1b3">
         <name>.debug_info</name>
         <load_address>0x98cd</load_address>
         <run_address>0x98cd</run_address>
         <size>0x1cc</size>
         <input_file_ref idref="fl-10"/>
      </object_component>
      <object_component id="oc-519">
         <name>.debug_info</name>
         <load_address>0x9a99</load_address>
         <run_address>0x9a99</run_address>
         <size>0x26b</size>
         <input_file_ref idref="fl-10"/>
      </object_component>
      <object_component id="oc-439">
         <name>.debug_info</name>
         <load_address>0x9d04</load_address>
         <run_address>0x9d04</run_address>
         <size>0x297</size>
         <input_file_ref idref="fl-10"/>
      </object_component>
      <object_component id="oc-339">
         <name>.debug_info</name>
         <load_address>0x9f9b</load_address>
         <run_address>0x9f9b</run_address>
         <size>0xbb</size>
         <input_file_ref idref="fl-10"/>
      </object_component>
      <object_component id="oc-3a6">
         <name>.debug_info</name>
         <load_address>0xa056</load_address>
         <run_address>0xa056</run_address>
         <size>0x201</size>
         <input_file_ref idref="fl-11"/>
      </object_component>
      <object_component id="oc-262">
         <name>.debug_info</name>
         <load_address>0xa257</load_address>
         <run_address>0xa257</run_address>
         <size>0xf4</size>
         <input_file_ref idref="fl-11"/>
      </object_component>
      <object_component id="oc-eb">
         <name>.debug_info</name>
         <load_address>0xa34b</load_address>
         <run_address>0xa34b</run_address>
         <size>0x17c</size>
         <input_file_ref idref="fl-11"/>
      </object_component>
      <object_component id="oc-e4">
         <name>.debug_info</name>
         <load_address>0xa4c7</load_address>
         <run_address>0xa4c7</run_address>
         <size>0x1ae</size>
         <input_file_ref idref="fl-11"/>
      </object_component>
      <object_component id="oc-f1">
         <name>.debug_info</name>
         <load_address>0xa675</load_address>
         <run_address>0xa675</run_address>
         <size>0x19f</size>
         <input_file_ref idref="fl-11"/>
      </object_component>
      <object_component id="oc-45c">
         <name>.debug_info</name>
         <load_address>0xa814</load_address>
         <run_address>0xa814</run_address>
         <size>0x14e</size>
         <input_file_ref idref="fl-12"/>
      </object_component>
      <object_component id="oc-3ab">
         <name>.debug_info</name>
         <load_address>0xa962</load_address>
         <run_address>0xa962</run_address>
         <size>0xf6</size>
         <input_file_ref idref="fl-12"/>
      </object_component>
      <object_component id="oc-279">
         <name>.debug_info</name>
         <load_address>0xaa58</load_address>
         <run_address>0xaa58</run_address>
         <size>0x1bf</size>
         <input_file_ref idref="fl-12"/>
      </object_component>
      <object_component id="oc-3af">
         <name>.debug_info</name>
         <load_address>0xac17</load_address>
         <run_address>0xac17</run_address>
         <size>0x20d</size>
         <input_file_ref idref="fl-12"/>
      </object_component>
      <object_component id="oc-297">
         <name>.debug_info</name>
         <load_address>0xae24</load_address>
         <run_address>0xae24</run_address>
         <size>0x1d4</size>
         <input_file_ref idref="fl-12"/>
      </object_component>
      <object_component id="oc-28c">
         <name>.debug_info</name>
         <load_address>0xaff8</load_address>
         <run_address>0xaff8</run_address>
         <size>0x1d2</size>
         <input_file_ref idref="fl-12"/>
      </object_component>
      <object_component id="oc-293">
         <name>.debug_info</name>
         <load_address>0xb1ca</load_address>
         <run_address>0xb1ca</run_address>
         <size>0x1d2</size>
         <input_file_ref idref="fl-12"/>
      </object_component>
      <object_component id="oc-27f">
         <name>.debug_info</name>
         <load_address>0xb39c</load_address>
         <run_address>0xb39c</run_address>
         <size>0x222</size>
         <input_file_ref idref="fl-12"/>
      </object_component>
      <object_component id="oc-34a">
         <name>.debug_info</name>
         <load_address>0xb5be</load_address>
         <run_address>0xb5be</run_address>
         <size>0x25e</size>
         <input_file_ref idref="fl-13"/>
      </object_component>
      <object_component id="oc-346">
         <name>.debug_info</name>
         <load_address>0xb81c</load_address>
         <run_address>0xb81c</run_address>
         <size>0xff</size>
         <input_file_ref idref="fl-13"/>
      </object_component>
      <object_component id="oc-267">
         <name>.debug_info</name>
         <load_address>0xb91b</load_address>
         <run_address>0xb91b</run_address>
         <size>0x1a6</size>
         <input_file_ref idref="fl-13"/>
      </object_component>
      <object_component id="oc-1de">
         <name>.debug_info</name>
         <load_address>0xbac1</load_address>
         <run_address>0xbac1</run_address>
         <size>0x1eb</size>
         <input_file_ref idref="fl-13"/>
      </object_component>
      <object_component id="oc-1fc">
         <name>.debug_info</name>
         <load_address>0xbcac</load_address>
         <run_address>0xbcac</run_address>
         <size>0x1ed</size>
         <input_file_ref idref="fl-13"/>
      </object_component>
      <object_component id="oc-10f">
         <name>.debug_info</name>
         <load_address>0xbe99</load_address>
         <run_address>0xbe99</run_address>
         <size>0x216</size>
         <input_file_ref idref="fl-13"/>
      </object_component>
      <object_component id="oc-1e4">
         <name>.debug_info</name>
         <load_address>0xc0af</load_address>
         <run_address>0xc0af</run_address>
         <size>0x1c0</size>
         <input_file_ref idref="fl-13"/>
      </object_component>
      <object_component id="oc-f7">
         <name>.debug_info</name>
         <load_address>0xc26f</load_address>
         <run_address>0xc26f</run_address>
         <size>0x283</size>
         <input_file_ref idref="fl-13"/>
      </object_component>
      <object_component id="oc-26d">
         <name>.debug_info</name>
         <load_address>0xc4f2</load_address>
         <run_address>0xc4f2</run_address>
         <size>0x1bf</size>
         <input_file_ref idref="fl-13"/>
      </object_component>
      <object_component id="oc-273">
         <name>.debug_info</name>
         <load_address>0xc6b1</load_address>
         <run_address>0xc6b1</run_address>
         <size>0x1d4</size>
         <input_file_ref idref="fl-13"/>
      </object_component>
      <object_component id="oc-3bd">
         <name>.debug_info</name>
         <load_address>0xc885</load_address>
         <run_address>0xc885</run_address>
         <size>0x232</size>
         <input_file_ref idref="fl-14"/>
      </object_component>
      <object_component id="oc-11a">
         <name>.debug_info</name>
         <load_address>0xcab7</load_address>
         <run_address>0xcab7</run_address>
         <size>0x179</size>
         <input_file_ref idref="fl-14"/>
      </object_component>
      <object_component id="oc-102">
         <name>.debug_info</name>
         <load_address>0xcc30</load_address>
         <run_address>0xcc30</run_address>
         <size>0x177</size>
         <input_file_ref idref="fl-14"/>
      </object_component>
      <object_component id="oc-114">
         <name>.debug_info</name>
         <load_address>0xcda7</load_address>
         <run_address>0xcda7</run_address>
         <size>0x28e</size>
         <input_file_ref idref="fl-14"/>
      </object_component>
      <object_component id="oc-2b5">
         <name>.debug_info</name>
         <load_address>0xd035</load_address>
         <run_address>0xd035</run_address>
         <size>0x1aa</size>
         <input_file_ref idref="fl-14"/>
      </object_component>
      <object_component id="oc-2af">
         <name>.debug_info</name>
         <load_address>0xd1df</load_address>
         <run_address>0xd1df</run_address>
         <size>0x1a6</size>
         <input_file_ref idref="fl-14"/>
      </object_component>
      <object_component id="oc-108">
         <name>.debug_info</name>
         <load_address>0xd385</load_address>
         <run_address>0xd385</run_address>
         <size>0x1b0</size>
         <input_file_ref idref="fl-14"/>
      </object_component>
      <object_component id="oc-2a9">
         <name>.debug_info</name>
         <load_address>0xd535</load_address>
         <run_address>0xd535</run_address>
         <size>0x17d</size>
         <input_file_ref idref="fl-14"/>
      </object_component>
      <object_component id="oc-2bb">
         <name>.debug_info</name>
         <load_address>0xd6b2</load_address>
         <run_address>0xd6b2</run_address>
         <size>0x17f</size>
         <input_file_ref idref="fl-14"/>
      </object_component>
      <object_component id="oc-209">
         <name>.debug_info</name>
         <load_address>0xd831</load_address>
         <run_address>0xd831</run_address>
         <size>0x25c</size>
         <input_file_ref idref="fl-15"/>
      </object_component>
      <object_component id="oc-359">
         <name>.debug_info</name>
         <load_address>0xda8d</load_address>
         <run_address>0xda8d</run_address>
         <size>0x17e</size>
         <input_file_ref idref="fl-15"/>
      </object_component>
      <object_component id="oc-353">
         <name>.debug_info</name>
         <load_address>0xdc0b</load_address>
         <run_address>0xdc0b</run_address>
         <size>0x180</size>
         <input_file_ref idref="fl-15"/>
      </object_component>
      <object_component id="oc-21c">
         <name>.debug_info</name>
         <load_address>0xdd8b</load_address>
         <run_address>0xdd8b</run_address>
         <size>0x18a</size>
         <input_file_ref idref="fl-15"/>
      </object_component>
      <object_component id="oc-222">
         <name>.debug_info</name>
         <load_address>0xdf15</load_address>
         <run_address>0xdf15</run_address>
         <size>0x19a</size>
         <input_file_ref idref="fl-15"/>
      </object_component>
      <object_component id="oc-210">
         <name>.debug_info</name>
         <load_address>0xe0af</load_address>
         <run_address>0xe0af</run_address>
         <size>0x1ab</size>
         <input_file_ref idref="fl-15"/>
      </object_component>
      <object_component id="oc-256">
         <name>.debug_info</name>
         <load_address>0xe25a</load_address>
         <run_address>0xe25a</run_address>
         <size>0x14e</size>
         <input_file_ref idref="fl-17"/>
      </object_component>
      <object_component id="oc-2e4">
         <name>.debug_info</name>
         <load_address>0xe3a8</load_address>
         <run_address>0xe3a8</run_address>
         <size>0x205</size>
         <input_file_ref idref="fl-ce"/>
      </object_component>
      <object_component id="oc-132">
         <name>.debug_info</name>
         <load_address>0xe5ad</load_address>
         <run_address>0xe5ad</run_address>
         <size>0x1d1</size>
         <input_file_ref idref="fl-ce"/>
      </object_component>
      <object_component id="oc-2d9">
         <name>.debug_info</name>
         <load_address>0xe77e</load_address>
         <run_address>0xe77e</run_address>
         <size>0x18d</size>
         <input_file_ref idref="fl-ce"/>
      </object_component>
      <object_component id="oc-2e1">
         <name>.debug_info</name>
         <load_address>0xe90b</load_address>
         <run_address>0xe90b</run_address>
         <size>0x16d</size>
         <input_file_ref idref="fl-ce"/>
      </object_component>
      <object_component id="oc-36d">
         <name>.debug_info</name>
         <load_address>0xea78</load_address>
         <run_address>0xea78</run_address>
         <size>0x2c</size>
         <input_file_ref idref="fl-ce"/>
      </object_component>
      <object_component id="oc-36c">
         <name>.debug_info</name>
         <load_address>0xeaa4</load_address>
         <run_address>0xeaa4</run_address>
         <size>0x212</size>
         <input_file_ref idref="fl-cf"/>
      </object_component>
      <object_component id="oc-215">
         <name>.debug_info</name>
         <load_address>0xecb6</load_address>
         <run_address>0xecb6</run_address>
         <size>0x208</size>
         <input_file_ref idref="fl-cf"/>
      </object_component>
      <object_component id="oc-363">
         <name>.debug_info</name>
         <load_address>0xeebe</load_address>
         <run_address>0xeebe</run_address>
         <size>0x1c6</size>
         <input_file_ref idref="fl-cf"/>
[...]
      </symbol>
      <symbol id="sm-2ae">
         <name>Error</name>
         <value>0x20006d67</value>
         <object_component_ref idref="oc-d7"/>
      </symbol>
      <symbol id="sm-2af">
         <name>InitTerm</name>
         <value>0x20006d1d</value>
         <object_component_ref idref="oc-d7"/>
      </symbol>
      <symbol id="sm-2b0">
         <name>ClearTerm</name>
         <value>0x20006d5d</value>
         <object_component_ref idref="oc-d7"/>
      </symbol>
      <symbol id="sm-2b1">
         <name>TrimSpace</name>
         <value>0x20006e45</value>
         <object_component_ref idref="oc-d7"/>
      </symbol>
      <symbol id="sm-2c5">
         <name>GPIODirModeSet</name>
         <value>0x20008d89</value>
         <object_component_ref idref="oc-284"/>
      </symbol>
      <symbol id="sm-2c6">
         <name>GPIOPinWrite</name>
         <value>0x20009061</value>
         <object_component_ref idref="oc-2a2"/>
      </symbol>
      <symbol id="sm-33f">
         <name>I2CMasterDataPut</name>
         <value>0x20009297</value>
         <object_component_ref idref="oc-1d0"/>
      </symbol>
      <symbol id="sm-340">
         <name>I2CMasterInitExpClk</name>
         <value>0x200086c9</value>
         <object_component_ref idref="oc-1f4"/>
      </symbol>
      <symbol id="sm-341">
         <name>I2CMasterSlaveAddrSet</name>
         <value>0x2000901d</value>
         <object_component_ref idref="oc-1ca"/>
      </symbol>
      <symbol id="sm-342">
         <name>I2CMasterDataGet</name>
         <value>0x2000938f</value>
         <object_component_ref idref="oc-1d6"/>
      </symbol>
      <symbol id="sm-343">
         <name>I2CMasterIntEnableEx</name>
         <value>0x200091d7</value>
         <object_component_ref idref="oc-1ee"/>
      </symbol>
      <symbol id="sm-344">
         <name>I2CMasterErr</name>
         <value>0x20008eb3</value>
         <object_component_ref idref="oc-1c4"/>
      </symbol>
      <symbol id="sm-345">
         <name>I2CMasterTimeoutSet</name>
         <value>0x2000936b</value>
         <object_component_ref idref="oc-1b2"/>
      </symbol>
      <symbol id="sm-346">
         <name>I2CMasterControl</name>
         <value>0x20009359</value>
         <object_component_ref idref="oc-1b8"/>
      </symbol>
      <symbol id="sm-347">
         <name>I2CMasterEnable</name>
         <value>0x200092ad</value>
         <object_component_ref idref="oc-1e8"/>
      </symbol>
      <symbol id="sm-348">
         <name>I2CMasterIntStatusEx</name>
         <value>0x200090a1</value>
         <object_component_ref idref="oc-1be"/>
      </symbol>
      <symbol id="sm-349">
         <name>I2CMasterIntClear</name>
         <value>0x200092c3</value>
         <object_component_ref idref="oc-1ac"/>
      </symbol>
      <symbol id="sm-378">
         <name>IntVTableBaseSet</name>
         <value>0x20009331</value>
         <object_component_ref idref="oc-e3"/>
      </symbol>
      <symbol id="sm-379">
         <name>IntEnable</name>
         <value>0x20008225</value>
         <object_component_ref idref="oc-ef"/>
      </symbol>
      <symbol id="sm-37a">
         <name>IntMasterEnable</name>
         <value>0x200093c5</value>
         <object_component_ref idref="oc-e9"/>
      </symbol>
      <symbol id="sm-3c1">
         <name>PinTypeI2C</name>
         <value>0x200090fb</value>
         <object_component_ref idref="oc-28a"/>
      </symbol>
      <symbol id="sm-3c2">
         <name>PinTypeUART</name>
         <value>0x200091a3</value>
         <object_component_ref idref="oc-296"/>
      </symbol>
      <symbol id="sm-3c3">
         <name>PinTypeGPIO</name>
         <value>0x20008df5</value>
         <object_component_ref idref="oc-27e"/>
      </symbol>
      <symbol id="sm-3c4">
         <name>PinConfigSet</name>
         <value>0x20008535</value>
         <object_component_ref idref="oc-3ae"/>
      </symbol>
      <symbol id="sm-3c5">
         <name>PinTypeSPI</name>
         <value>0x20009189</value>
         <object_component_ref idref="oc-290"/>
      </symbol>
      <symbol id="sm-3c6">
         <name>PinModeSet</name>
         <value>0x20008c0d</value>
         <object_component_ref idref="oc-278"/>
      </symbol>
      <symbol id="sm-44c">
         <name>PRCMPeripheralReset</name>
         <value>0x200089e1</value>
         <object_component_ref idref="oc-1e2"/>
      </symbol>
      <symbol id="sm-44d">
         <name>PRCMPeripheralClkEnable</name>
         <value>0x20008d4d</value>
         <object_component_ref idref="oc-1dc"/>
      </symbol>
      <symbol id="sm-44e">
         <name>PRCMPeripheralClockGet</name>
         <value>0x200084a1</value>
         <object_component_ref idref="oc-10d"/>
      </symbol>
      <symbol id="sm-44f">
         <name>PRCMCC3200MCUInit</name>
         <value>0x20007585</value>
         <object_component_ref idref="oc-f5"/>
      </symbol>
      <symbol id="sm-450">
         <name>PRCMHIBRegWrite</name>
         <value>0x200092ef</value>
         <object_component_ref idref="oc-271"/>
      </symbol>
      <symbol id="sm-451">
         <name>PRCMSysResetCauseGet</name>
         <value>0x20008ee1</value>
         <object_component_ref idref="oc-265"/>
      </symbol>
      <symbol id="sm-452">
         <name>PRCMPeripheralClkDisable</name>
         <value>0x20008f39</value>
         <object_component_ref idref="oc-1fa"/>
      </symbol>
      <symbol id="sm-453">
         <name>PRCMHIBRegRead</name>
         <value>0x200092d9</value>
         <object_component_ref idref="oc-26b"/>
      </symbol>
      <symbol id="sm-4a0">
         <name>SPICSEnable</name>
         <value>0x20009207</value>
         <object_component_ref idref="oc-2a8"/>
      </symbol>
      <symbol id="sm-4a1">
         <name>SPIFIFOEnable</name>
         <value>0x200091bd</value>
         <object_component_ref idref="oc-107"/>
      </symbol>
      <symbol id="sm-4a2">
         <name>SPIDataPut</name>
         <value>0x200090bf</value>
         <object_component_ref idref="oc-2ae"/>
      </symbol>
      <symbol id="sm-4a3">
         <name>SPIEnable</name>
         <value>0x2000921f</value>
         <object_component_ref idref="oc-119"/>
      </symbol>
      <symbol id="sm-4a4">
         <name>SPIDataGet</name>
         <value>0x20009081</value>
         <object_component_ref idref="oc-2b4"/>
      </symbol>
      <symbol id="sm-4a5">
         <name>SPIConfigSetExpClk</name>
         <value>0x200082cd</value>
         <object_component_ref idref="oc-113"/>
      </symbol>
      <symbol id="sm-4a6">
         <name>SPIReset</name>
         <value>0x2000903f</value>
         <object_component_ref idref="oc-101"/>
      </symbol>
      <symbol id="sm-4a7">
         <name>SPICSDisable</name>
         <value>0x200091ef</value>
         <object_component_ref idref="oc-2ba"/>
      </symbol>
      <symbol id="sm-4e3">
         <name>UARTConfigSetExpClk</name>
         <value>0x200087c7</value>
         <object_component_ref idref="oc-207"/>
      </symbol>
      <symbol id="sm-4e4">
         <name>UARTDisable</name>
         <value>0x20008e25</value>
         <object_component_ref idref="oc-351"/>
      </symbol>
      <symbol id="sm-4e5">
         <name>UARTCharsAvail</name>
         <value>0x20009237</value>
         <object_component_ref idref="oc-219"/>
      </symbol>
      <symbol id="sm-4e6">
         <name>UARTCharGetNonBlocking</name>
         <value>0x20009117</value>
         <object_component_ref idref="oc-21f"/>
      </symbol>
      <symbol id="sm-4e7">
         <name>UARTCharPut</name>
         <value>0x200090dd</value>
         <object_component_ref idref="oc-20d"/>
      </symbol>
      <symbol id="sm-4e8">
         <name>UARTEnable</name>
         <value>0x20008fb1</value>
         <object_component_ref idref="oc-357"/>
      </symbol>
      <symbol id="sm-4ec">
         <name>UtilsDelay</name>
         <value>0x200093e9</value>
         <object_component_ref idref="oc-141"/>
      </symbol>
      <symbol id="sm-4f6">
         <name>CPUcpsie</name>
         <value>0x2000931b</value>
         <object_component_ref idref="oc-255"/>
      </symbol>
      <symbol id="sm-51e">
         <name>sprintf</name>
         <value>0x20008c4d</value>
         <object_component_ref idref="oc-131"/>
      </symbol>
      <symbol id="sm-548">
         <name>vsnprintf</name>
         <value>0x20008ccd</value>
         <object_component_ref idref="oc-213"/>
      </symbol>
      <symbol id="sm-563">
         <name>memcpy</name>
         <value>0x2000836d</value>
         <object_component_ref idref="oc-3d"/>
      </symbol>
      <symbol id="sm-564">
         <name>__aeabi_memcpy</name>
         <value>0x2000836d</value>
         <object_component_ref idref="oc-3d"/>
      </symbol>
      <symbol id="sm-565">
         <name>__aeabi_memcpy8</name>
         <value>0x2000836d</value>
         <object_component_ref idref="oc-3d"/>
      </symbol>
      <symbol id="sm-566">
         <name>__aeabi_memcpy4</name>
         <value>0x2000836d</value>
         <object_component_ref idref="oc-3d"/>
      </symbol>
      <symbol id="sm-573">
         <name>__aeabi_uldivmod</name>
         <value>0x20008409</value>
         <object_component_ref idref="oc-465"/>
      </symbol>
      <symbol id="sm-587">
         <name>__TI_zero_init_nomemset</name>
         <value>0x20009133</value>
         <object_component_ref idref="oc-49"/>
      </symbol>
      <symbol id="sm-59e">
         <name>__TI_decompress_none</name>
         <value>0x2000939d</value>
         <object_component_ref idref="oc-1b"/>
      </symbol>
      <symbol id="sm-5c1">
         <name>__TI_decompress_lzss</name>
         <value>0x2000891b</value>
         <object_component_ref idref="oc-15"/>
      </symbol>
      <symbol id="sm-5d2">
         <name>memmove</name>
         <value>0x20008f89</value>
         <object_component_ref idref="oc-22b"/>
      </symbol>
      <symbol id="sm-670">
         <name>_sys_memory</name>
         <value>0x20017000</value>
         <object_component_ref idref="oc-23"/>
      </symbol>
      <symbol id="sm-671">
         <name>free</name>
         <value>0x20007ed9</value>
         <object_component_ref idref="oc-23d"/>
      </symbol>
      <symbol id="sm-672">
         <name>realloc</name>
         <value>0x20007fbd</value>
         <object_component_ref idref="oc-237"/>
      </symbol>
      <symbol id="sm-673">
         <name>memalign</name>
         <value>0x20007cdd</value>
         <object_component_ref idref="oc-37d"/>
      </symbol>
      <symbol id="sm-674">
         <name>malloc</name>
         <value>0x200093e1</value>
         <object_component_ref idref="oc-231"/>
      </symbol>
      <symbol id="sm-675">
         <name>aligned_alloc</name>
         <value>0x20007cdd</value>
         <object_component_ref idref="oc-37d"/>
      </symbol>
      <symbol id="sm-68b">
         <name>rand</name>
         <value>0x20008dc1</value>
         <object_component_ref idref="oc-125"/>
      </symbol>
      <symbol id="sm-69a">
         <name>strcmp</name>
         <value>0x2000927f</value>
         <object_component_ref idref="oc-dd"/>
      </symbol>
      <symbol id="sm-6a8">
         <name>strlen</name>
         <value>0x20009345</value>
         <object_component_ref idref="oc-225"/>
      </symbol>
      <symbol id="sm-6c0">
         <name>strtok</name>
         <value>0x20008c8d</value>
         <object_component_ref idref="oc-c5"/>
      </symbol>
      <symbol id="sm-6e0">
         <name>strtoul</name>
         <value>0x20007bcd</value>
         <object_component_ref idref="oc-cb"/>
      </symbol>
      <symbol id="sm-6f2">
         <name>__stack</name>
         <value>0x2002f800</value>
         <object_component_ref idref="oc-26"/>
      </symbol>
      <symbol id="sm-6f3">
         <name>_c_int00_noargs</name>
         <value>0x20008fd5</value>
         <object_component_ref idref="oc-5b"/>
      </symbol>
      <symbol id="sm-709">
         <name>__aeabi_errno_addr</name>
         <value>0x200093d9</value>
         <object_component_ref idref="oc-1a1"/>
      </symbol>
      <symbol id="sm-70a">
         <name>errno</name>
         <value>0x20017898</value>
         <object_component_ref idref="oc-32e"/>
      </symbol>
      <symbol id="sm-86f">
         <name>__TI_printfi</name>
         <value>0x20005b8d</value>
         <object_component_ref idref="oc-2d1"/>
      </symbol>
      <symbol id="sm-879">
         <name>__aeabi_idiv0</name>
         <value>0x20006a7b</value>
         <object_component_ref idref="oc-4e6"/>
      </symbol>
      <symbol id="sm-87a">
         <name>__aeabi_ldiv0</name>
         <value>0x20006a7b</value>
         <object_component_ref idref="oc-4e6"/>
      </symbol>
      <symbol id="sm-891">
         <name>__aeabi_dsub</name>
         <value>0x200073cd</value>
         <object_component_ref idref="oc-48b"/>
      </symbol>
      <symbol id="sm-892">
         <name>__aeabi_dadd</name>
         <value>0x200073d7</value>
         <object_component_ref idref="oc-48b"/>
      </symbol>
      <symbol id="sm-8b4">
         <name>__aeabi_cdcmpeq</name>
         <value>0x200085bd</value>
         <object_component_ref idref="oc-3df"/>
      </symbol>
      <symbol id="sm-8b5">
         <name>__aeabi_cdcmple</name>
         <value>0x200085bd</value>
         <object_component_ref idref="oc-3df"/>
      </symbol>
      <symbol id="sm-8b6">
         <name>__aeabi_cdrcmple</name>
         <value>0x20008643</value>
         <object_component_ref idref="oc-476"/>
      </symbol>
      <symbol id="sm-8ca">
         <name>__aeabi_ddiv</name>
         <value>0x20007975</value>
         <object_component_ref idref="oc-471"/>
      </symbol>
      <symbol id="sm-8d5">
         <name>__aeabi_dmul</name>
         <value>0x20007ddd</value>
         <object_component_ref idref="oc-46c"/>
      </symbol>
      <symbol id="sm-8df">
         <name>__aeabi_d2iz</name>
         <value>0x20008b81</value>
         <object_component_ref idref="oc-47b"/>
      </symbol>
      <symbol id="sm-8e9">
         <name>__aeabi_i2d</name>
         <value>0x20008e85</value>
         <object_component_ref idref="oc-486"/>
      </symbol>
      <symbol id="sm-8f8">
         <name>__aeabi_memset</name>
         <value>0x2000874f</value>
         <object_component_ref idref="oc-8b"/>
      </symbol>
      <symbol id="sm-8f9">
         <name>memset</name>
         <value>0x20008755</value>
         <object_component_ref idref="oc-8b"/>
      </symbol>
      <symbol id="sm-8fa">
         <name>__aeabi_memset8</name>
         <value>0x2000874f</value>
         <object_component_ref idref="oc-8b"/>
      </symbol>
      <symbol id="sm-8fb">
         <name>__aeabi_memset4</name>
         <value>0x2000874f</value>
         <object_component_ref idref="oc-8b"/>
      </symbol>
      <symbol id="sm-8fc">
         <name>__aeabi_memclr8</name>
         <value>0x2000874d</value>
         <object_component_ref idref="oc-8b"/>
      </symbol>
      <symbol id="sm-8fd">
         <name>__aeabi_memclr4</name>
         <value>0x2000874d</value>
         <object_component_ref idref="oc-8b"/>
      </symbol>
      <symbol id="sm-8fe">
         <name>__aeabi_memclr</name>
         <value>0x2000874d</value>
         <object_component_ref idref="oc-8b"/>
      </symbol>
      <symbol id="sm-926">
         <name>__TI_auto_init_nobinit_nopinit</name>
         <value>0x20008bc9</value>
         <object_component_ref idref="oc-15e"/>
      </symbol>
      <symbol id="sm-930">
         <name>_system_pre_init</name>
         <value>0x200093ef</value>
         <object_component_ref idref="oc-91"/>
      </symbol>
      <symbol id="sm-93c">
         <name>C$$EXIT</name>
         <value>0x200093f3</value>
         <object_component_ref idref="oc-152"/>
      </symbol>
      <symbol id="sm-93d">
         <name>abort</name>
         <value>0x200093f3</value>
         <object_component_ref idref="oc-152"/>
      </symbol>
      <symbol id="sm-952">
         <name>_nop</name>
         <value>0x200065db</value>
         <object_component_ref idref="oc-3c1"/>
      </symbol>
      <symbol id="sm-953">
         <name>_lock</name>
         <value>0x20017878</value>
         <object_component_ref idref="oc-2c2"/>
      </symbol>
      <symbol id="sm-954">
         <name>_unlock</name>
         <value>0x2001787c</value>
         <object_component_ref idref="oc-2c2"/>
      </symbol>
      <symbol id="sm-963">
         <name>__TI_ltoa</name>
         <value>0x20008a8f</value>
         <object_component_ref idref="oc-480"/>
      </symbol>
      <symbol id="sm-97a">
         <name>atoi</name>
         <value>0x20008b35</value>
         <object_component_ref idref="oc-3d3"/>
      </symbol>
      <symbol id="sm-985">
         <name>_ctypes_</name>
         <value>0x200098f3</value>
         <object_component_ref idref="oc-1a7"/>
      </symbol>
      <symbol id="sm-995">
         <name>memccpy</name>
         <value>0x2000916d</value>
         <object_component_ref idref="oc-3fc"/>
      </symbol>
      <symbol id="sm-9a5">
         <name>strchr</name>
         <value>0x20009305</value>
         <object_component_ref idref="oc-4b7"/>
      </symbol>
      <symbol id="sm-9b6">
         <name>strcspn</name>
         <value>0x20008ff9</value>
         <object_component_ref idref="oc-196"/>
      </symbol>
      <symbol id="sm-9c8">
         <name>strspn</name>
         <value>0x20008f0d</value>
         <object_component_ref idref="oc-190"/>
      </symbol>
      <symbol id="sm-9e1">
         <name>wcslen</name>
         <value>0x2000937d</value>
         <object_component_ref idref="oc-402"/>
      </symbol>
      <symbol id="sm-a01">
         <name>frexpl</name>
         <value>0x20008985</value>
         <object_component_ref idref="oc-4ab"/>
      </symbol>
      <symbol id="sm-a02">
         <name>frexp</name>
         <value>0x20008985</value>
         <object_component_ref idref="oc-4ab"/>
      </symbol>
      <symbol id="sm-a20">
         <name>scalbn</name>
         <value>0x200080a1</value>
         <object_component_ref idref="oc-4b1"/>
      </symbol>
      <symbol id="sm-a21">
         <name>scalbnl</name>
         <value>0x200080a1</value>
         <object_component_ref idref="oc-4b1"/>
      </symbol>
      <symbol id="sm-a22">
         <name>ldexpl</name>
         <value>0x200080a1</value>
         <object_component_ref idref="oc-4b1"/>
      </symbol>
      <symbol id="sm-a23">
         <name>ldexp</name>
         <value>0x200080a1</value>
         <object_component_ref idref="oc-4b1"/>
      </symbol>
      <symbol id="sm-a2d">
         <name>copysign</name>
         <value>0x200093b9</value>
         <object_component_ref idref="oc-4ff"/>
      </symbol>
      <symbol id="sm-a2e">
         <name>copysignl</name>
         <value>0x200093b9</value>
         <object_component_ref idref="oc-4ff"/>
      </symbol>
      <symbol id="sm-a2f">
         <name>__TI_static_base__</name>
         <value>0x20009dc0</value>
      </symbol>
      <symbol id="sm-a32">
         <name>__mpu_init</name>
         <value>0x0</value>
      </symbol>
      <symbol id="sm-a33">
         <name>_system_post_cinit</name>
         <value>0x0</value>
      </symbol>
   </symbol_table>
   <title>Link successful</title>
</link_info>
